Archive member included because of file (symbol)

.\CortexM3\ARM_GCC_493\Debug\Cell Board.a(cyfitter_cfg.o)
                              .\CortexM3\ARM_GCC_493\Debug\Cm3Start.o (cyfitter_cfg)
.\CortexM3\ARM_GCC_493\Debug\Cell Board.a(CyBootAsmGnu.o)
                              .\CortexM3\ARM_GCC_493\Debug\Cell Board.a(cyfitter_cfg.o) (CyDelayCycles)
.\CortexM3\ARM_GCC_493\Debug\Cell Board.a(CyLib.o)
                              .\CortexM3\ARM_GCC_493\Debug\Cm3Start.o (CyResetStatus)
.\CortexM3\ARM_GCC_493\Debug\Cell Board.a(cyPm.o)
                              .\CortexM3\ARM_GCC_493\Debug\main.o (CyPmSaveClocks)
.\CortexM3\ARM_GCC_493\Debug\Cell Board.a(LED.o)
                              .\CortexM3\ARM_GCC_493\Debug\main.o (LED_Write)
.\CortexM3\ARM_GCC_493\Debug\Cell Board.a(Telit_RST.o)
                              .\CortexM3\ARM_GCC_493\Debug\modem.o (Telit_RST_Write)
.\CortexM3\ARM_GCC_493\Debug\Cell Board.a(Telit_ON.o)
                              .\CortexM3\ARM_GCC_493\Debug\modem.o (Telit_ON_Write)
.\CortexM3\ARM_GCC_493\Debug\Cell Board.a(Telit_UART.o)
                              .\CortexM3\ARM_GCC_493\Debug\modem.o (Telit_UART_Start)
.\CortexM3\ARM_GCC_493\Debug\Cell Board.a(Telit_UART_PM.o)
                              .\CortexM3\ARM_GCC_493\Debug\modem.o (Telit_UART_Sleep)
.\CortexM3\ARM_GCC_493\Debug\Cell Board.a(Telit_isr_rx.o)
                              .\CortexM3\ARM_GCC_493\Debug\modem.o (Telit_isr_rx_StartEx)
.\CortexM3\ARM_GCC_493\Debug\Cell Board.a(Telit_UART_IntClock.o)
                              .\CortexM3\ARM_GCC_493\Debug\Cell Board.a(Telit_UART.o) (Telit_UART_IntClock_Start)
.\CortexM3\ARM_GCC_493\Debug\Cell Board.a(sleep_isr.o)
                              .\CortexM3\ARM_GCC_493\Debug\main.o (sleep_isr_StartEx)
.\CortexM3\ARM_GCC_493\Debug\Cell Board.a(SleepTimer.o)
                              .\CortexM3\ARM_GCC_493\Debug\main.o (SleepTimer_Start)
.\CortexM3\ARM_GCC_493\Debug\Cell Board.a(CyFlash.o)
                              .\CortexM3\ARM_GCC_493\Debug\Cell Board.a(cyPm.o) (CyFlash_SetWaitCycles)
.\CortexM3\ARM_GCC_493\Debug\Cell Board.a(CySpc.o)
                              .\CortexM3\ARM_GCC_493\Debug\Cell Board.a(CyFlash.o) (CySpcStart)
c:/program files (x86)/cypress/psoc creator/3.3/psoc creator/import/gnu/arm/4.9.3/bin/../lib/gcc/arm-none-eabi/4.9.3/../../../../arm-none-eabi/lib/armv7-m\libg_nano.a(lib_a-errno.o)
                              .\CortexM3\ARM_GCC_493\Debug\Cm3Start.o (__errno)
c:/program files (x86)/cypress/psoc creator/3.3/psoc creator/import/gnu/arm/4.9.3/bin/../lib/gcc/arm-none-eabi/4.9.3/../../../../arm-none-eabi/lib/armv7-m\libg_nano.a(lib_a-exit.o)
                              c:/program files (x86)/cypress/psoc creator/3.3/psoc creator/import/gnu/arm/4.9.3/bin/../lib/gcc/arm-none-eabi/4.9.3/../../../../arm-none-eabi/lib/armv7-m/crt0.o (exit)
c:/program files (x86)/cypress/psoc creator/3.3/psoc creator/import/gnu/arm/4.9.3/bin/../lib/gcc/arm-none-eabi/4.9.3/../../../../arm-none-eabi/lib/armv7-m\libg_nano.a(lib_a-impure.o)
                              c:/program files (x86)/cypress/psoc creator/3.3/psoc creator/import/gnu/arm/4.9.3/bin/../lib/gcc/arm-none-eabi/4.9.3/../../../../arm-none-eabi/lib/armv7-m\libg_nano.a(lib_a-exit.o) (_global_impure_ptr)
c:/program files (x86)/cypress/psoc creator/3.3/psoc creator/import/gnu/arm/4.9.3/bin/../lib/gcc/arm-none-eabi/4.9.3/../../../../arm-none-eabi/lib/armv7-m\libg_nano.a(lib_a-init.o)
                              c:/program files (x86)/cypress/psoc creator/3.3/psoc creator/import/gnu/arm/4.9.3/bin/../lib/gcc/arm-none-eabi/4.9.3/../../../../arm-none-eabi/lib/armv7-m/crt0.o (__libc_init_array)
c:/program files (x86)/cypress/psoc creator/3.3/psoc creator/import/gnu/arm/4.9.3/bin/../lib/gcc/arm-none-eabi/4.9.3/../../../../arm-none-eabi/lib/armv7-m\libg_nano.a(lib_a-lcltime.o)
                              .\CortexM3\ARM_GCC_493\Debug\modem.o (localtime)
c:/program files (x86)/cypress/psoc creator/3.3/psoc creator/import/gnu/arm/4.9.3/bin/../lib/gcc/arm-none-eabi/4.9.3/../../../../arm-none-eabi/lib/armv7-m\libg_nano.a(lib_a-lcltime_r.o)
                              c:/program files (x86)/cypress/psoc creator/3.3/psoc creator/import/gnu/arm/4.9.3/bin/../lib/gcc/arm-none-eabi/4.9.3/../../../../arm-none-eabi/lib/armv7-m\libg_nano.a(lib_a-lcltime.o) (localtime_r)
c:/program files (x86)/cypress/psoc creator/3.3/psoc creator/import/gnu/arm/4.9.3/bin/../lib/gcc/arm-none-eabi/4.9.3/../../../../arm-none-eabi/lib/armv7-m\libg_nano.a(lib_a-malloc.o)
                              c:/program files (x86)/cypress/psoc creator/3.3/psoc creator/import/gnu/arm/4.9.3/bin/../lib/gcc/arm-none-eabi/4.9.3/../../../../arm-none-eabi/lib/armv7-m\libg_nano.a(lib_a-lcltime.o) (malloc)
c:/program files (x86)/cypress/psoc creator/3.3/psoc creator/import/gnu/arm/4.9.3/bin/../lib/gcc/arm-none-eabi/4.9.3/../../../../arm-none-eabi/lib/armv7-m\libg_nano.a(lib_a-memcpy.o)
[...]
Memory Configuration

Name             Origin             Length             Attributes
rom              0x00000000         0x00040000         xr
ram              0x1fff8000         0x00010000         xrw
*default*        0x00000000         0xffffffff

Linker script and memory map

LOAD c:/program files (x86)/cypress/psoc creator/3.3/psoc creator/import/gnu/arm/4.9.3/bin/../lib/gcc/arm-none-eabi/4.9.3/armv7-m/crti.o
LOAD c:/program files (x86)/cypress/psoc creator/3.3/psoc creator/import/gnu/arm/4.9.3/bin/../lib/gcc/arm-none-eabi/4.9.3/armv7-m/crtbegin.o
LOAD c:/program files (x86)/cypress/psoc creator/3.3/psoc creator/import/gnu/arm/4.9.3/bin/../lib/gcc/arm-none-eabi/4.9.3/../../../../arm-none-eabi/lib/armv7-m/crt0.o
START GROUP
LOAD .\CortexM3\ARM_GCC_493\Debug\main.o
LOAD .\CortexM3\ARM_GCC_493\Debug\utilities.o
LOAD .\CortexM3\ARM_GCC_493\Debug\modem.o
LOAD .\CortexM3\ARM_GCC_493\Debug\packet.o
LOAD .\CortexM3\ARM_GCC_493\Debug\cymetadata.o
LOAD .\CortexM3\ARM_GCC_493\Debug\Cm3Start.o
LOAD .\CortexM3\ARM_GCC_493\Debug\Cell Board.a
LOAD C:\Program Files (x86)\Cypress\PSoC Creator\3.3\PSoC Creator\psoc\content\cycomponentlibrary\CyComponentLibrary.cylib\CortexM3\ARM_GCC_493\Debug\CyComponentLibrary.a
END GROUP
START GROUP
LOAD c:/program files (x86)/cypress/psoc creator/3.3/psoc creator/import/gnu/arm/4.9.3/bin/../lib/gcc/arm-none-eabi/4.9.3/armv7-m\libgcc.a
LOAD c:/program files (x86)/cypress/psoc creator/3.3/psoc creator/import/gnu/arm/4.9.3/bin/../lib/gcc/arm-none-eabi/4.9.3/../../../../arm-none-eabi/lib/armv7-m\libg_nano.a
LOAD c:/program files (x86)/cypress/psoc creator/3.3/psoc creator/import/gnu/arm/4.9.3/bin/../lib/gcc/arm-none-eabi/4.9.3/../../../../arm-none-eabi/lib/armv7-m\libc_nano.a
END GROUP
START GROUP
LOAD c:/program files (x86)/cypress/psoc creator/3.3/psoc creator/import/gnu/arm/4.9.3/bin/../lib/gcc/arm-none-eabi/4.9.3/armv7-m\libgcc.a
LOAD c:/program files (x86)/cypress/psoc creator/3.3/psoc creator/import/gnu/arm/4.9.3/bin/../lib/gcc/arm-none-eabi/4.9.3/../../../../arm-none-eabi/lib/armv7-m\libc_nano.a
END GROUP
LOAD c:/program files (x86)/cypress/psoc creator/3.3/psoc creator/import/gnu/arm/4.9.3/bin/../lib/gcc/arm-none-eabi/4.9.3/armv7-m/crtend.o
LOAD c:/program files (x86)/cypress/psoc creator/3.3/psoc creator/import/gnu/arm/4.9.3/bin/../lib/gcc/arm-none-eabi/4.9.3/armv7-m/crtn.o
START GROUP
LOAD c:/program files (x86)/cypress/psoc creator/3.3/psoc creator/import/gnu/arm/4.9.3/bin/../lib/gcc/arm-none-eabi/4.9.3/armv7-m\libgcc.a
LOAD c:/program files (x86)/cypress/psoc creator/3.3/psoc creator/import/gnu/arm/4.9.3/bin/../lib/gcc/arm-none-eabi/4.9.3/../../../../arm-none-eabi/lib/armv7-m\libc.a
LOAD c:/program files (x86)/cypress/psoc creator/3.3/psoc creator/import/gnu/arm/4.9.3/bin/../lib/gcc/arm-none-eabi/4.9.3/../../../../arm-none-eabi/lib/armv7-m\libnosys.a
END GROUP
                0x00000000                CY_APPL_ORIGIN = 0x0
                0x00000100                CY_FLASH_ROW_SIZE = 0x100
                0x00000020                CY_ECC_ROW_SIZE = 0x20
                0x00000000                CY_EE_IN_BTLDR = 0x0
                0x00000000                CY_APPL_LOADABLE = 0x0
                0x00000800                CY_EE_SIZE = 0x800
                0x00000001                CY_APPL_NUM = 0x1
                0x00000001                CY_APPL_MAX = 0x1
                0x00000040                CY_METADATA_SIZE = 0x40
                0x1fff8748                PROVIDE (__cy_heap_start, _end)
                0x00000001                PROVIDE (__cy_region_num, ((__cy_regions_end - __cy_regions) / 0x10))
                0x20008000                PROVIDE (__cy_stack, (ORIGIN (ram) + 0x10000))
                0x20004000                PROVIDE (__cy_heap_end, (__cy_stack - 0x4000))

.cybootloader   0x00000000        0x0
 *(.cybootloader)
                0x00000000                appl1_start = CY_APPL_ORIGIN?CY_APPL_ORIGIN:ALIGN (CY_FLASH_ROW_SIZE)
                0x0001ff00                appl2_start = (appl1_start + ALIGN ((((0x40000 - appl1_start) - (0x2 * CY_FLASH_ROW_SIZE)) / 0x2), CY_FLASH_ROW_SIZE))
                0x00000000                appl_start = (CY_APPL_NUM == 0x1)?appl1_start:appl2_start
                0x00000000                ecc_offset = ((appl_start / CY_FLASH_ROW_SIZE) * CY_ECC_ROW_SIZE)
                0x00000000                ee_offset = (CY_APPL_LOADABLE && ! (CY_EE_IN_BTLDR))?((CY_EE_SIZE / CY_APPL_MAX) * (CY_APPL_NUM - 0x1)):0x0
                0x00000800                ee_size = (CY_APPL_LOADABLE && ! (CY_EE_IN_BTLDR))?(CY_EE_SIZE / CY_APPL_MAX):CY_EE_SIZE
                0x00000000                PROVIDE (CY_ECC_OFFSET, ecc_offset)

.text           0x00000000     0x34a2
 CREATE_OBJECT_SYMBOLS
                0x00000000                PROVIDE (__cy_interrupt_vector, RomVectors)
 *(.romvectors)
 .romvectors    0x00000000       0x10 .\CortexM3\ARM_GCC_493\Debug\Cm3Start.o
                0x00000000                RomVectors
                0x00000001                ASSERT ((. != __cy_interrupt_vector), No interrupt vector)
                0x00000001                ASSERT (CY_APPL_ORIGIN?(SIZEOF (.cybootloader) <= CY_APPL_ORIGIN):0x1, Wrong image location)
                0x00000010                PROVIDE (__cy_reset, Reset)
 *(.text.Reset)
 .text.Reset    0x00000010       0x18 .\CortexM3\ARM_GCC_493\Debug\Cm3Start.o
                0x00000010                Reset
                0x00000001                ASSERT ((. != __cy_reset), No reset code)
 *(.dma_init)
                0x00000001                ASSERT ((((appl_start + .) <= 0x10000) || 0x1), DMA Init must be within the first 64k of flash)
 *(.text .text.* .gnu.linkonce.t.*)
 .text          0x00000028       0x5c c:/program files (x86)/cypress/psoc creator/3.3/psoc creator/import/gnu/arm/4.9.3/bin/../lib/gcc/arm-none-eabi/4.9.3/armv7-m/crtbegin.o
 .text.main     0x00000084       0x60 .\CortexM3\ARM_GCC_493\Debug\main.o
                0x00000084                main
 .text.Wakeup_ISR
                0x000000e4       0x10 .\CortexM3\ARM_GCC_493\Debug\main.o
                0x000000e4                Wakeup_ISR
 .text.ScheduleSimpleTask
                0x000000f4       0x28 .\CortexM3\ARM_GCC_493\Debug\utilities.o
                0x000000f4                ScheduleSimpleTask
 .text.SimpleSchedulerTaskReady
                0x0000011c       0x30 .\CortexM3\ARM_GCC_493\Debug\utilities.o
                0x0000011c                SimpleSchedulerTaskReady
 .text.SleepCounterUpdate
                0x0000014c       0x1c .\CortexM3\ARM_GCC_493\Debug\utilities.o
                0x0000014c                SleepCounterUpdate
 .text.modem_rtc_alert_fired
                0x00000168       0x10 .\CortexM3\ARM_GCC_493\Debug\modem.o
                0x00000168                modem_rtc_alert_fired
 .text.modem_set_non_cyclic_sleep
                0x00000178       0x28 .\CortexM3\ARM_GCC_493\Debug\modem.o
                0x00000178                modem_set_non_cyclic_sleep
 .text.modem_start
                0x000001a0       0x38 .\CortexM3\ARM_GCC_493\Debug\modem.o
                0x000001a0                modem_start
 .text.at_write_command
                0x000001d8       0x78 .\CortexM3\ARM_GCC_493\Debug\modem.o
                0x000001d8                at_write_command
 .text.modem_power_on
                0x00000250       0x68 .\CortexM3\ARM_GCC_493\Debug\modem.o
                0x00000250                modem_power_on
 .text.hardware_specific_modem_setup
                0x000002b8       0x1c .\CortexM3\ARM_GCC_493\Debug\modem.o
                0x000002b8                hardware_specific_modem_setup
 .text.modem_get_rtc_time
                0x000002d4       0xac .\CortexM3\ARM_GCC_493\Debug\modem.o
                0x000002d4                modem_get_rtc_time
 .text.modem_set_next_repeating_minute_alarm
                0x00000380      0x118 .\CortexM3\ARM_GCC_493\Debug\modem.o
                0x00000380                modem_set_next_repeating_minute_alarm
 .text.modem_rtc_set_repeating_minute_alarm
                0x00000498       0x20 .\CortexM3\ARM_GCC_493\Debug\modem.o
                0x00000498                modem_rtc_set_repeating_minute_alarm
 .text.modem_set_flow_control
                0x000004b8       0x48 .\CortexM3\ARM_GCC_493\Debug\modem.o
                0x000004b8                modem_set_flow_control
 .text.modem_set_error_reports
                0x00000500       0x48 .\CortexM3\ARM_GCC_493\Debug\modem.o
                0x00000500                modem_set_error_reports
 .text.uart_string_reset
                0x00000548       0x24 .\CortexM3\ARM_GCC_493\Debug\modem.o
                0x00000548                uart_string_reset
 .text.Telit_isr_rx
                0x0000056c       0x48 .\CortexM3\ARM_GCC_493\Debug\modem.o
                0x0000056c                Telit_isr_rx
 .text.IntDefaultHandler
                0x000005b4        0x8 .\CortexM3\ARM_GCC_493\Debug\Cm3Start.o
                0x000005b4                IntDefaultHandler
 .text._sbrk    0x000005bc       0x54 .\CortexM3\ARM_GCC_493\Debug\Cm3Start.o
                0x000005bc                _sbrk
 .text.Start_c  0x00000610       0x98 .\CortexM3\ARM_GCC_493\Debug\Cm3Start.o
                0x00000610                Start_c
 .text.initialize_psoc
                0x000006a8       0x8c .\CortexM3\ARM_GCC_493\Debug\Cm3Start.o
                0x000006a8                initialize_psoc
 .text.CYMEMZERO
                0x00000734       0x1c .\CortexM3\ARM_GCC_493\Debug\Cell Board.a(cyfitter_cfg.o)
 .text.CYCONFIGCPY
                0x00000750       0x1c .\CortexM3\ARM_GCC_493\Debug\Cell Board.a(cyfitter_cfg.o)
 .text.CyClockStartupError
                0x0000076c        0xc .\CortexM3\ARM_GCC_493\Debug\Cell Board.a(cyfitter_cfg.o)
 .text.cfg_write_bytes32
                0x00000778       0x74 .\CortexM3\ARM_GCC_493\Debug\Cell Board.a(cyfitter_cfg.o)
 .text.ClockSetup
                0x000007ec      0x100 .\CortexM3\ARM_GCC_493\Debug\Cell Board.a(cyfitter_cfg.o)
 .text.AnalogSetDefault
                0x000008ec       0x44 .\CortexM3\ARM_GCC_493\Debug\Cell Board.a(cyfitter_cfg.o)
 .text.cyfitter_cfg
                0x00000930      0x144 .\CortexM3\ARM_GCC_493\Debug\Cell Board.a(cyfitter_cfg.o)
                0x00000930                cyfitter_cfg
 *fill*         0x00000a74        0x4 
 .text          0x00000a78       0x20 .\CortexM3\ARM_GCC_493\Debug\Cell Board.a(CyBootAsmGnu.o)
                0x00000a78                CyDelayCycles
                0x00000a88                CyEnterCriticalSection
                0x00000a90                CyExitCriticalSection
 .text.CyDelay  0x00000a98       0x44 .\CortexM3\ARM_GCC_493\Debug\Cell Board.a(CyLib.o)
                0x00000a98                CyDelay
 .text.CyPmReadStatus
                0x00000adc       0x58 .\CortexM3\ARM_GCC_493\Debug\Cell Board.a(cyPm.o)
                0x00000adc                CyPmReadStatus
 .text.LED_Write
                0x00000b34       0x38 .\CortexM3\ARM_GCC_493\Debug\Cell Board.a(LED.o)
                0x00000b34                LED_Write
 .text.LED_Read
                0x00000b6c       0x20 .\CortexM3\ARM_GCC_493\Debug\Cell Board.a(LED.o)
                0x00000b6c                LED_Read
 .text.Telit_RST_Write
                0x00000b8c       0x38 .\CortexM3\ARM_GCC_493\Debug\Cell Board.a(Telit_RST.o)
                0x00000b8c                Telit_RST_Write
 .text.Telit_ON_Write
                0x00000bc4       0x3c .\CortexM3\ARM_GCC_493\Debug\Cell Board.a(Telit_ON.o)
                0x00000bc4                Telit_ON_Write
 .text.Telit_UART_Start
                0x00000c00       0x20 .\CortexM3\ARM_GCC_493\Debug\Cell Board.a(Telit_UART.o)
                0x00000c00                Telit_UART_Start
 .text.Telit_UART_Init
                0x00000c20       0x40 .\CortexM3\ARM_GCC_493\Debug\Cell Board.a(Telit_UART.o)
                0x00000c20                Telit_UART_Init
 .text.Telit_UART_Enable
                0x00000c60       0x5c .\CortexM3\ARM_GCC_493\Debug\Cell Board.a(Telit_UART.o)
                0x00000c60                Telit_UART_Enable
 .text.Telit_UART_GetChar
                0x00000cbc       0x44 .\CortexM3\ARM_GCC_493\Debug\Cell Board.a(Telit_UART.o)
                0x00000cbc                Telit_UART_GetChar
 .text.Telit_UART_GetRxBufferSize
                0x00000d00       0x30 .\CortexM3\ARM_GCC_493\Debug\Cell Board.a(Telit_UART.o)
                0x00000d00                Telit_UART_GetRxBufferSize
 .text.Telit_UART_ClearRxBuffer
                0x00000d30       0x40 .\CortexM3\ARM_GCC_493\Debug\Cell Board.a(Telit_UART.o)
                0x00000d30                Telit_UART_ClearRxBuffer
 .text.Telit_UART_PutChar
                0x00000d70       0x34 .\CortexM3\ARM_GCC_493\Debug\Cell Board.a(Telit_UART.o)
                0x00000d70                Telit_UART_PutChar
 .text.Telit_UART_PutString
                0x00000da4       0x40 .\CortexM3\ARM_GCC_493\Debug\Cell Board.a(Telit_UART.o)
                0x00000da4                Telit_UART_PutString
 .text.Telit_isr_rx_StartEx
                0x00000de4       0x24 .\CortexM3\ARM_GCC_493\Debug\Cell Board.a(Telit_isr_rx.o)
                0x00000de4                Telit_isr_rx_StartEx
 .text.Telit_isr_rx_SetVector
                0x00000e08       0x24 .\CortexM3\ARM_GCC_493\Debug\Cell Board.a(Telit_isr_rx.o)
                0x00000e08                Telit_isr_rx_SetVector
 .text.Telit_isr_rx_SetPriority
                0x00000e2c       0x24 .\CortexM3\ARM_GCC_493\Debug\Cell Board.a(Telit_isr_rx.o)
                0x00000e2c                Telit_isr_rx_SetPriority
 .text.Telit_isr_rx_Enable
                0x00000e50       0x18 .\CortexM3\ARM_GCC_493\Debug\Cell Board.a(Telit_isr_rx.o)
                0x00000e50                Telit_isr_rx_Enable
 .text.Telit_isr_rx_Disable
                0x00000e68       0x18 .\CortexM3\ARM_GCC_493\Debug\Cell Board.a(Telit_isr_rx.o)
                0x00000e68                Telit_isr_rx_Disable
 .text.Telit_UART_IntClock_Start
                0x00000e80       0x34 .\CortexM3\ARM_GCC_493\Debug\Cell Board.a(Telit_UART_IntClock.o)
                0x00000e80                Telit_UART_IntClock_Start
 .text.sleep_isr_StartEx
                0x00000eb4       0x24 .\CortexM3\ARM_GCC_493\Debug\Cell Board.a(sleep_isr.o)
                0x00000eb4                sleep_isr_StartEx
 .text.sleep_isr_SetVector
                0x00000ed8       0x24 .\CortexM3\ARM_GCC_493\Debug\Cell Board.a(sleep_isr.o)
                0x00000ed8                sleep_isr_SetVector
 .text.sleep_isr_SetPriority
                0x00000efc       0x24 .\CortexM3\ARM_GCC_493\Debug\Cell Board.a(sleep_isr.o)
                0x00000efc                sleep_isr_SetPriority
 .text.sleep_isr_Enable
                0x00000f20       0x18 .\CortexM3\ARM_GCC_493\Debug\Cell Board.a(sleep_isr.o)
                0x00000f20                sleep_isr_Enable
 .text.sleep_isr_Disable
                0x00000f38       0x18 .\CortexM3\ARM_GCC_493\Debug\Cell Board.a(sleep_isr.o)
                0x00000f38                sleep_isr_Disable
 .text.SleepTimer_Start
                0x00000f50       0x20 .\CortexM3\ARM_GCC_493\Debug\Cell Board.a(SleepTimer.o)
                0x00000f50                SleepTimer_Start
 .text.SleepTimer_Init
                0x00000f70       0x10 .\CortexM3\ARM_GCC_493\Debug\Cell Board.a(SleepTimer.o)
                0x00000f70                SleepTimer_Init
 .text.SleepTimer_Enable
                0x00000f80       0x74 .\CortexM3\ARM_GCC_493\Debug\Cell Board.a(SleepTimer.o)
                0x00000f80                SleepTimer_Enable
 .text.SleepTimer_EnableInt
                0x00000ff4       0x30 .\CortexM3\ARM_GCC_493\Debug\Cell Board.a(SleepTimer.o)
                0x00000ff4                SleepTimer_EnableInt
 .text.SleepTimer_SetInterval
                0x00001024       0x48 .\CortexM3\ARM_GCC_493\Debug\Cell Board.a(SleepTimer.o)
                0x00001024                SleepTimer_SetInterval
 .text.SleepTimer_GetStatus
                0x0000106c       0x10 .\CortexM3\ARM_GCC_493\Debug\Cell Board.a(SleepTimer.o)
                0x0000106c                SleepTimer_GetStatus
 .text.__errno  0x0000107c        0xc c:/program files (x86)/cypress/psoc creator/3.3/psoc creator/import/gnu/arm/4.9.3/bin/../lib/gcc/arm-none-eabi/4.9.3/../../../../arm-none-eabi/lib/armv7-m\libg_nano.a(lib_a-errno.o)
                0x0000107c                __errno
 .text.__libc_init_array
                0x00001088       0x4c c:/program files (x86)/cypress/psoc creator/3.3/psoc creator/import/gnu/arm/4.9.3/bin/../lib/gcc/arm-none-eabi/4.9.3/../../../../arm-none-eabi/lib/armv7-m\libg_nano.a(lib_a-init.o)
                0x00001088                __libc_init_array
 .text.localtime
                0x000010d4       0x24 c:/program files (x86)/cypress/psoc creator/3.3/psoc creator/import/gnu/arm/4.9.3/bin/../lib/gcc/arm-none-eabi/4.9.3/../../../../arm-none-eabi/lib/armv7-m\libg_nano.a(lib_a-lcltime.o)
                0x000010d4                localtime
 .text.localtime_r
                0x000010f8      0x1c8 c:/program files (x86)/cypress/psoc creator/3.3/psoc creator/import/gnu/arm/4.9.3/bin/../lib/gcc/arm-none-eabi/4.9.3/../../../../arm-none-eabi/lib/armv7-m\libg_nano.a(lib_a-lcltime_r.o)
                0x000010f8                localtime_r
 .text.malloc   0x000012c0       0x10 c:/program files (x86)/cypress/psoc creator/3.3/psoc creator/import/gnu/arm/4.9.3/bin/../lib/gcc/arm-none-eabi/4.9.3/../../../../arm-none-eabi/lib/armv7-m\libg_nano.a(lib_a-malloc.o)
                0x000012c0                malloc
 .text.memcpy   0x000012d0       0x16 c:/program files (x86)/cypress/psoc creator/3.3/psoc creator/import/gnu/arm/4.9.3/bin/../lib/gcc/arm-none-eabi/4.9.3/../../../../arm-none-eabi/lib/armv7-m\libg_nano.a(lib_a-memcpy.o)
                0x000012d0                memcpy
 .text.memset   0x000012e6       0x10 c:/program files (x86)/cypress/psoc creator/3.3/psoc creator/import/gnu/arm/4.9.3/bin/../lib/gcc/arm-none-eabi/4.9.3/../../../../arm-none-eabi/lib/armv7-m\libg_nano.a(lib_a-memset.o)
                0x000012e6                memset
 *fill*         0x000012f6        0x2 
 .text.validate_structure
                0x000012f8      0x1ac c:/program files (x86)/cypress/psoc creator/3.3/psoc creator/import/gnu/arm/4.9.3/bin/../lib/gcc/arm-none-eabi/4.9.3/../../../../arm-none-eabi/lib/armv7-m\libg_nano.a(lib_a-mktime.o)
 .text.mktime   0x000014a4      0x2f4 c:/program files (x86)/cypress/psoc creator/3.3/psoc creator/import/gnu/arm/4.9.3/bin/../lib/gcc/arm-none-eabi/4.9.3/../../../../arm-none-eabi/lib/armv7-m\libg_nano.a(lib_a-mktime.o)
                0x000014a4                mktime
 .text._free_r  0x00001798       0x88 c:/program files (x86)/cypress/psoc creator/3.3/psoc creator/import/gnu/arm/4.9.3/bin/../lib/gcc/arm-none-eabi/4.9.3/../../../../arm-none-eabi/lib/armv7-m\libg_nano.a(lib_a-nano-freer.o)
                0x00001798                _free_r
 .text._malloc_r
                0x00001820       0xac c:/program files (x86)/cypress/psoc creator/3.3/psoc creator/import/gnu/arm/4.9.3/bin/../lib/gcc/arm-none-eabi/4.9.3/../../../../arm-none-eabi/lib/armv7-m\libg_nano.a(lib_a-nano-mallocr.o)
                0x00001820                _malloc_r
 .text._sbrk_r  0x000018cc       0x20 c:/program files (x86)/cypress/psoc creator/3.3/psoc creator/import/gnu/arm/4.9.3/bin/../lib/gcc/arm-none-eabi/4.9.3/../../../../arm-none-eabi/lib/armv7-m\libg_nano.a(lib_a-sbrkr.o)
                0x000018cc                _sbrk_r
 .text.sprintf  0x000018ec       0x48 c:/program files (x86)/cypress/psoc creator/3.3/psoc creator/import/gnu/arm/4.9.3/bin/../lib/gcc/arm-none-eabi/4.9.3/../../../../arm-none-eabi/lib/armv7-m\libg_nano.a(lib_a-sprintf.o)
                0x000018ec                siprintf
                0x000018ec                sprintf
 .text.strcpy   0x00001934       0x10 c:/program files (x86)/cypress/psoc creator/3.3/psoc creator/import/gnu/arm/4.9.3/bin/../lib/gcc/arm-none-eabi/4.9.3/../../../../arm-none-eabi/lib/armv7-m\libg_nano.a(lib_a-strcpy.o)
                0x00001934                strcpy
 .text.iso_year_adjust
                0x00001944       0xc0 c:/program files (x86)/cypress/psoc creator/3.3/psoc creator/import/gnu/arm/4.9.3/bin/../lib/gcc/arm-none-eabi/4.9.3/../../../../arm-none-eabi/lib/armv7-m\libg_nano.a(lib_a-strftime.o)
 .text.strftime
                0x00001a04      0x85c c:/program files (x86)/cypress/psoc creator/3.3/psoc creator/import/gnu/arm/4.9.3/bin/../lib/gcc/arm-none-eabi/4.9.3/../../../../arm-none-eabi/lib/armv7-m\libg_nano.a(lib_a-strftime.o)
                0x00001a04                strftime
 .text.strlen   0x00002260       0x10 c:/program files (x86)/cypress/psoc creator/3.3/psoc creator/import/gnu/arm/4.9.3/bin/../lib/gcc/arm-none-eabi/4.9.3/../../../../arm-none-eabi/lib/armv7-m\libg_nano.a(lib_a-strlen.o)
                0x00002260                strlen
 .text.is_leap_year
                0x00002270       0x2c c:/program files (x86)/cypress/psoc creator/3.3/psoc creator/import/gnu/arm/4.9.3/bin/../lib/gcc/arm-none-eabi/4.9.3/../../../../arm-none-eabi/lib/armv7-m\libg_nano.a(lib_a-strptime.o)
 .text.first_day
                0x0000229c       0x2e c:/program files (x86)/cypress/psoc creator/3.3/psoc creator/import/gnu/arm/4.9.3/bin/../lib/gcc/arm-none-eabi/4.9.3/../../../../arm-none-eabi/lib/armv7-m\libg_nano.a(lib_a-strptime.o)
 .text.match_string
                0x000022ca       0x34 c:/program files (x86)/cypress/psoc creator/3.3/psoc creator/import/gnu/arm/4.9.3/bin/../lib/gcc/arm-none-eabi/4.9.3/../../../../arm-none-eabi/lib/armv7-m\libg_nano.a(lib_a-strptime.o)
 *fill*         0x000022fe        0x2 
 .text.strptime
                0x00002300      0x548 c:/program files (x86)/cypress/psoc creator/3.3/psoc creator/import/gnu/arm/4.9.3/bin/../lib/gcc/arm-none-eabi/4.9.3/../../../../arm-none-eabi/lib/armv7-m\libg_nano.a(lib_a-strptime.o)
                0x00002300                strptime
 .text.strstr   0x00002848       0x30 c:/program files (x86)/cypress/psoc creator/3.3/psoc creator/import/gnu/arm/4.9.3/bin/../lib/gcc/arm-none-eabi/4.9.3/../../../../arm-none-eabi/lib/armv7-m\libg_nano.a(lib_a-strstr.o)
                0x00002848                strstr
 .text._strtol_r
                0x00002878      0x10c c:/program files (x86)/cypress/psoc creator/3.3/psoc creator/import/gnu/arm/4.9.3/bin/../lib/gcc/arm-none-eabi/4.9.3/../../../../arm-none-eabi/lib/armv7-m\libg_nano.a(lib_a-strtol.o)
                0x00002878                _strtol_r
 .text.strtol   0x00002984       0x1c c:/program files (x86)/cypress/psoc creator/3.3/psoc creator/import/gnu/arm/4.9.3/bin/../lib/gcc/arm-none-eabi/4.9.3/../../../../arm-none-eabi/lib/armv7-m\libg_nano.a(lib_a-strtol.o)
                0x00002984                strtol
 .text._strtoul_r
                0x000029a0       0xf8 c:/program files (x86)/cypress/psoc creator/3.3/psoc creator/import/gnu/arm/4.9.3/bin/../lib/gcc/arm-none-eabi/4.9.3/../../../../arm-none-eabi/lib/armv7-m\libg_nano.a(lib_a-strtoul.o)
                0x000029a0                _strtoul_r
 .text.strtoul  0x00002a98       0x1c c:/program files (x86)/cypress/psoc creator/3.3/psoc creator/import/gnu/arm/4.9.3/bin/../lib/gcc/arm-none-eabi/4.9.3/../../../../arm-none-eabi/lib/armv7-m\libg_nano.a(lib_a-strtoul.o)
                0x00002a98                strtoul
 .text.__get_current_time_locale
                0x00002ab4       0x20 c:/program files (x86)/cypress/psoc creator/3.3/psoc creator/import/gnu/arm/4.9.3/bin/../lib/gcc/arm-none-eabi/4.9.3/../../../../arm-none-eabi/lib/armv7-m\libg_nano.a(lib_a-timelocal.o)
                0x00002ab4                __get_current_time_locale
 .text.__tzcalc_limits
                0x00002ad4      0x148 c:/program files (x86)/cypress/psoc creator/3.3/psoc creator/import/gnu/arm/4.9.3/bin/../lib/gcc/arm-none-eabi/4.9.3/../../../../arm-none-eabi/lib/armv7-m\libg_nano.a(lib_a-tzcalc_limits.o)
                0x00002ad4                __tzcalc_limits
 .text.__tz_lock
                0x00002c1c        0x2 c:/program files (x86)/cypress/psoc creator/3.3/psoc creator/import/gnu/arm/4.9.3/bin/../lib/gcc/arm-none-eabi/4.9.3/../../../../arm-none-eabi/lib/armv7-m\libg_nano.a(lib_a-tzlock.o)
                0x00002c1c                __tz_lock
 .text.__tz_unlock
                0x00002c1e        0x2 c:/program files (x86)/cypress/psoc creator/3.3/psoc creator/import/gnu/arm/4.9.3/bin/../lib/gcc/arm-none-eabi/4.9.3/../../../../arm-none-eabi/lib/armv7-m\libg_nano.a(lib_a-tzlock.o)
                0x00002c1e                __tz_unlock
 .text.abs      0x00002c20        0x8 c:/program files (x86)/cypress/psoc creator/3.3/psoc creator/import/gnu/arm/4.9.3/bin/../lib/gcc/arm-none-eabi/4.9.3/../../../../arm-none-eabi/lib/armv7-m\libg_nano.a(lib_a-abs.o)
                0x00002c20                abs
 .text.div      0x00002c28       0x28 c:/program files (x86)/cypress/psoc creator/3.3/psoc creator/import/gnu/arm/4.9.3/bin/../lib/gcc/arm-none-eabi/4.9.3/../../../../arm-none-eabi/lib/armv7-m\libg_nano.a(lib_a-div.o)
                0x00002c28                div
 .text.__gettzinfo
                0x00002c50        0x8 c:/program files (x86)/cypress/psoc creator/3.3/psoc creator/import/gnu/arm/4.9.3/bin/../lib/gcc/arm-none-eabi/4.9.3/../../../../arm-none-eabi/lib/armv7-m\libg_nano.a(lib_a-gettzinfo.o)
                0x00002c50                __gettzinfo
 .text.gmtime_r
                0x00002c58      0x124 c:/program files (x86)/cypress/psoc creator/3.3/psoc creator/import/gnu/arm/4.9.3/bin/../lib/gcc/arm-none-eabi/4.9.3/../../../../arm-none-eabi/lib/armv7-m\libg_nano.a(lib_a-gmtime_r.o)
                0x00002c58                gmtime_r
 .text.labs     0x00002d7c        0x8 c:/program files (x86)/cypress/psoc creator/3.3/psoc creator/import/gnu/arm/4.9.3/bin/../lib/gcc/arm-none-eabi/4.9.3/../../../../arm-none-eabi/lib/armv7-m\libg_nano.a(lib_a-labs.o)
                0x00002d7c                labs
 .text.__ssputs_r
                0x00002d84       0xb2 c:/program files (x86)/cypress/psoc creator/3.3/psoc creator/import/gnu/arm/4.9.3/bin/../lib/gcc/arm-none-eabi/4.9.3/../../../../arm-none-eabi/lib/armv7-m\libg_nano.a(lib_a-nano-svfprintf.o)
                0x00002d84                __ssputs_r
 *fill*         0x00002e36        0x2 
 .text._svfprintf_r
                0x00002e38      0x1e4 c:/program files (x86)/cypress/psoc creator/3.3/psoc creator/import/gnu/arm/4.9.3/bin/../lib/gcc/arm-none-eabi/4.9.3/../../../../arm-none-eabi/lib/armv7-m\libg_nano.a(lib_a-nano-svfprintf.o)
                0x00002e38                _svfiprintf_r
                0x00002e38                _svfprintf_r
 .text._printf_common
                0x0000301c       0xea c:/program files (x86)/cypress/psoc creator/3.3/psoc creator/import/gnu/arm/4.9.3/bin/../lib/gcc/arm-none-eabi/4.9.3/../../../../arm-none-eabi/lib/armv7-m\libg_nano.a(lib_a-nano-vfprintf_i.o)
                0x0000301c                _printf_common
 *fill*         0x00003106        0x2 
 .text._printf_i
                0x00003108      0x240 c:/program files (x86)/cypress/psoc creator/3.3/psoc creator/import/gnu/arm/4.9.3/bin/../lib/gcc/arm-none-eabi/4.9.3/../../../../arm-none-eabi/lib/armv7-m\libg_nano.a(lib_a-nano-vfprintf_i.o)
                0x00003108                _printf_i
 .text.snprintf
                0x00003348       0x64 c:/program files (x86)/cypress/psoc creator/3.3/psoc creator/import/gnu/arm/4.9.3/bin/../lib/gcc/arm-none-eabi/4.9.3/../../../../arm-none-eabi/lib/armv7-m\libg_nano.a(lib_a-snprintf.o)
                0x00003348                sniprintf
                0x00003348                snprintf
 .text.strncasecmp
                0x000033ac       0x44 c:/program files (x86)/cypress/psoc creator/3.3/psoc creator/import/gnu/arm/4.9.3/bin/../lib/gcc/arm-none-eabi/4.9.3/../../../../arm-none-eabi/lib/armv7-m\libg_nano.a(lib_a-strncasecmp.o)
                0x000033ac                strncasecmp
 .text.memchr   0x000033f0       0x1c c:/program files (x86)/cypress/psoc creator/3.3/psoc creator/import/gnu/arm/4.9.3/bin/../lib/gcc/arm-none-eabi/4.9.3/../../../../arm-none-eabi/lib/armv7-m\libg_nano.a(lib_a-memchr.o)
                0x000033f0                memchr
 .text.memmove  0x0000340c       0x36 c:/program files (x86)/cypress/psoc creator/3.3/psoc creator/import/gnu/arm/4.9.3/bin/../lib/gcc/arm-none-eabi/4.9.3/../../../../arm-none-eabi/lib/armv7-m\libg_nano.a(lib_a-memmove.o)
                0x0000340c                memmove
 .text._realloc_r
                0x00003442       0x4c c:/program files (x86)/cypress/psoc creator/3.3/psoc creator/import/gnu/arm/4.9.3/bin/../lib/gcc/arm-none-eabi/4.9.3/../../../../arm-none-eabi/lib/armv7-m\libg_nano.a(lib_a-nano-reallocr.o)
                0x00003442                _realloc_r
 .text._malloc_usable_size_r
                0x0000348e       0x14 c:/program files (x86)/cypress/psoc creator/3.3/psoc creator/import/gnu/arm/4.9.3/bin/../lib/gcc/arm-none-eabi/4.9.3/../../../../arm-none-eabi/lib/armv7-m\libg_nano.a(lib_a-nano-msizer.o)
                0x0000348e                _malloc_usable_size_r
 *(.plt)
 *(.gnu.warning)
 *(.glue_7t)
 .glue_7t       0x00000000        0x0 linker stubs
 *(.glue_7)
 .glue_7        0x00000000        0x0 linker stubs
 *(.vfp11_veneer)
 .vfp11_veneer  0x00000000        0x0 linker stubs
 *(.bootloader)
 *(.ARM.extab* .gnu.linkonce.armextab.*)
 *(.gcc_except_table)

.v4_bx          0x000034a4        0x0
 .v4_bx         0x00000000        0x0 linker stubs

.iplt           0x000034a4        0x0
 .iplt          0x00000000        0x0 c:/program files (x86)/cypress/psoc creator/3.3/psoc creator/import/gnu/arm/4.9.3/bin/../lib/gcc/arm-none-eabi/4.9.3/armv7-m/crtbegin.o

.eh_frame_hdr
 *(.eh_frame_hdr)

.eh_frame       0x000034a4        0x4
 *(.eh_frame)
 .eh_frame      0x000034a4        0x0 c:/program files (x86)/cypress/psoc creator/3.3/psoc creator/import/gnu/arm/4.9.3/bin/../lib/gcc/arm-none-eabi/4.9.3/armv7-m/crtbegin.o
 .eh_frame      0x000034a4        0x0 c:/program files (x86)/cypress/psoc creator/3.3/psoc creator/import/gnu/arm/4.9.3/bin/../lib/gcc/arm-none-eabi/4.9.3/../../../../arm-none-eabi/lib/armv7-m\libg_nano.a(lib_a-strcmp.o)
                                 0x28 (size before relaxing)
 .eh_frame      0x000034a4        0x4 c:/program files (x86)/cypress/psoc creator/3.3/psoc creator/import/gnu/arm/4.9.3/bin/../lib/gcc/arm-none-eabi/4.9.3/armv7-m/crtend.o
                0x000034a8                PROVIDE (__exidx_start, .)

.ARM.exidx
 *(.ARM.exidx* .gnu.linkonce.armexidx.*)
                0x000034a8                __exidx_end = .

.rodata         0x000034a8      0x940
 *(.rodata .rodata.* .gnu.linkonce.r.*)
 .rodata        0x000034a8      0x41c .\CortexM3\ARM_GCC_493\Debug\modem.o
 .rodata        0x000038c4       0x30 .\CortexM3\ARM_GCC_493\Debug\Cell Board.a(cyfitter_cfg.o)
 .rodata.str1.1
                0x000038f4        0x2 c:/program files (x86)/cypress/psoc creator/3.3/psoc creator/import/gnu/arm/4.9.3/bin/../lib/gcc/arm-none-eabi/4.9.3/../../../../arm-none-eabi/lib/armv7-m\libg_nano.a(lib_a-impure.o)
 *fill*         0x000038f6        0x2 
 .rodata._DAYS_BEFORE_MONTH
                0x000038f8       0x30 c:/program files (x86)/cypress/psoc creator/3.3/psoc creator/import/gnu/arm/4.9.3/bin/../lib/gcc/arm-none-eabi/4.9.3/../../../../arm-none-eabi/lib/armv7-m\libg_nano.a(lib_a-mktime.o)
 .rodata.DAYS_IN_MONTH
                0x00003928       0x30 c:/program files (x86)/cypress/psoc creator/3.3/psoc creator/import/gnu/arm/4.9.3/bin/../lib/gcc/arm-none-eabi/4.9.3/../../../../arm-none-eabi/lib/armv7-m\libg_nano.a(lib_a-mktime.o)
 .rodata.__month_lengths
                0x00003958       0x60 c:/program files (x86)/cypress/psoc creator/3.3/psoc creator/import/gnu/arm/4.9.3/bin/../lib/gcc/arm-none-eabi/4.9.3/../../../../arm-none-eabi/lib/armv7-m\libg_nano.a(lib_a-month_lengths.o)
                0x00003958                __month_lengths
 .rodata.str1.1
                0x000039b8       0x56 c:/program files (x86)/cypress/psoc creator/3.3/psoc creator/import/gnu/arm/4.9.3/bin/../lib/gcc/arm-none-eabi/4.9.3/../../../../arm-none-eabi/lib/armv7-m\libg_nano.a(lib_a-strftime.o)
                                 0x66 (size before relaxing)
 *fill*         0x00003a0e        0x2 
 .rodata._DAYS_BEFORE_MONTH
                0x00003a10       0x30 c:/program files (x86)/cypress/psoc creator/3.3/psoc creator/import/gnu/arm/4.9.3/bin/../lib/gcc/arm-none-eabi/4.9.3/../../../../arm-none-eabi/lib/armv7-m\libg_nano.a(lib_a-strptime.o)
 .rodata.str1.1
                0x00003a40       0x18 c:/program files (x86)/cypress/psoc creator/3.3/psoc creator/import/gnu/arm/4.9.3/bin/../lib/gcc/arm-none-eabi/4.9.3/../../../../arm-none-eabi/lib/armv7-m\libg_nano.a(lib_a-strptime.o)
 .rodata.str1.1
                0x00003a58      0x121 c:/program files (x86)/cypress/psoc creator/3.3/psoc creator/import/gnu/arm/4.9.3/bin/../lib/gcc/arm-none-eabi/4.9.3/../../../../arm-none-eabi/lib/armv7-m\libg_nano.a(lib_a-timelocal.o)
                                0x134 (size before relaxing)
 *fill*         0x00003b79        0x3 
 .rodata._C_time_locale
                0x00003b7c       0xfc c:/program files (x86)/cypress/psoc creator/3.3/psoc creator/import/gnu/arm/4.9.3/bin/../lib/gcc/arm-none-eabi/4.9.3/../../../../arm-none-eabi/lib/armv7-m\libg_nano.a(lib_a-timelocal.o)
 .rodata.str1.1
                0x00003c78        0x4 c:/program files (x86)/cypress/psoc creator/3.3/psoc creator/import/gnu/arm/4.9.3/bin/../lib/gcc/arm-none-eabi/4.9.3/../../../../arm-none-eabi/lib/armv7-m\libg_nano.a(lib_a-tzvars.o)
 .rodata._ctype_
                0x00003c7c      0x101 c:/program files (x86)/cypress/psoc creator/3.3/psoc creator/import/gnu/arm/4.9.3/bin/../lib/gcc/arm-none-eabi/4.9.3/../../../../arm-none-eabi/lib/armv7-m\libg_nano.a(lib_a-ctype_.o)
                0x00003c7c                _ctype_
 .rodata.str1.1
                0x00003d7d       0x11 c:/program files (x86)/cypress/psoc creator/3.3/psoc creator/import/gnu/arm/4.9.3/bin/../lib/gcc/arm-none-eabi/4.9.3/../../../../arm-none-eabi/lib/armv7-m\libg_nano.a(lib_a-nano-svfprintf.o)
 .rodata.str1.1
                0x00003d8e       0x22 c:/program files (x86)/cypress/psoc creator/3.3/psoc creator/import/gnu/arm/4.9.3/bin/../lib/gcc/arm-none-eabi/4.9.3/../../../../arm-none-eabi/lib/armv7-m\libg_nano.a(lib_a-nano-vfprintf_i.o)
                0x00003db0                . = ALIGN (0x4)
 *(.init)
 .init          0x00003db0        0x4 c:/program files (x86)/cypress/psoc creator/3.3/psoc creator/import/gnu/arm/4.9.3/bin/../lib/gcc/arm-none-eabi/4.9.3/armv7-m/crti.o
                0x00003db0                _init
 .init          0x00003db4        0x8 c:/program files (x86)/cypress/psoc creator/3.3/psoc creator/import/gnu/arm/4.9.3/bin/../lib/gcc/arm-none-eabi/4.9.3/armv7-m/crtn.o
                0x00003dbc                . = ALIGN (0x4)
                0x00003dbc                __preinit_array_start = .
 *(.preinit_array)
                0x00003dbc                __preinit_array_end = .
                0x00003dbc                . = ALIGN (0x4)
                0x00003dbc                __init_array_start = .
 *(SORT(.init_array.*))
 *(.init_array)
 .init_array    0x00003dbc        0x4 c:/program files (x86)/cypress/psoc creator/3.3/psoc creator/import/gnu/arm/4.9.3/bin/../lib/gcc/arm-none-eabi/4.9.3/armv7-m/crtbegin.o
 .init_array    0x00003dc0        0x4 .\CortexM3\ARM_GCC_493\Debug\Cm3Start.o
                0x00003dc4                __init_array_end = .
                0x00003dc4                . = ALIGN (0x4)
 *(.fini)
 .fini          0x00003dc4        0x4 c:/program files (x86)/cypress/psoc creator/3.3/psoc creator/import/gnu/arm/4.9.3/bin/../lib/gcc/arm-none-eabi/4.9.3/armv7-m/crti.o
                0x00003dc4                _fini
 .fini          0x00003dc8        0x8 c:/program files (x86)/cypress/psoc creator/3.3/psoc creator/import/gnu/arm/4.9.3/bin/../lib/gcc/arm-none-eabi/4.9.3/armv7-m/crtn.o
                0x00003dd0                . = ALIGN (0x4)
                0x00003dd0                __fini_array_start = .
 *(.fini_array)
 .fini_array    0x00003dd0        0x4 c:/program files (x86)/cypress/psoc creator/3.3/psoc creator/import/gnu/arm/4.9.3/bin/../lib/gcc/arm-none-eabi/4.9.3/armv7-m/crtbegin.o
 *(SORT(.fini_array.*))
                0x00003dd4                __fini_array_end = .
                0x00003dd4                . = ALIGN (0x4)
 *crtbegin.o(.ctors)
 *(EXCLUDE_FILE(*crtend.o) .ctors)
 *(SORT(.ctors.*))
 *crtend.o(.ctors)
                0x00003dd4                . = ALIGN (0x4)
 *crtbegin.o(.dtors)
 *(EXCLUDE_FILE(*crtend.o) .dtors)
 *(SORT(.dtors.*))
 *crtend.o(.dtors)
                0x00003dd4                . = ALIGN (0x4)
                0x00003dd4                __cy_regions = .
                0x00003dd4        0x4 LONG 0x3de8 __cy_region_init_ram
                0x00003dd8        0x4 LONG 0x1fff8108 __cy_region_start_data
                0x00003ddc        0x4 LONG 0xc8 __cy_region_init_size_ram
                0x00003de0        0x4 LONG 0x578 __cy_region_zero_size_ram
                0x00003de4                __cy_regions_end = .
                0x00003de8                . = ALIGN (0x8)
 *fill*         0x00003de4        0x4 
                0x00003de8                _etext = .

.ramvectors     0x1fff8000      0x100
                0x1fff8000                __cy_region_start_ram = .
 *(.ramvectors)
 .ramvectors    0x1fff8000      0x100 .\CortexM3\ARM_GCC_493\Debug\Cm3Start.o
                0x1fff8000                CyRamVectors

.noinit         0x1fff8100        0x5
 *(.noinit)
 .noinit        0x1fff8100        0x4 .\CortexM3\ARM_GCC_493\Debug\Cm3Start.o
 .noinit        0x1fff8104        0x1 .\CortexM3\ARM_GCC_493\Debug\Cell Board.a(CyLib.o)
                0x1fff8104                CyResetStatus

.data           0x1fff8108       0xc8 load address 0x00003de8
                0x1fff8108                __cy_region_start_data = .
 *(.jcr)
 .jcr           0x1fff8108        0x0 c:/program files (x86)/cypress/psoc creator/3.3/psoc creator/import/gnu/arm/4.9.3/bin/../lib/gcc/arm-none-eabi/4.9.3/armv7-m/crtbegin.o
 .jcr           0x1fff8108        0x4 c:/program files (x86)/cypress/psoc creator/3.3/psoc creator/import/gnu/arm/4.9.3/bin/../lib/gcc/arm-none-eabi/4.9.3/armv7-m/crtend.o
 *(.got.plt)
 *(.got)
 *(.shdata)
 *(.data .data.* .gnu.linkonce.d.*)
 .data          0x1fff810c        0x4 .\CortexM3\ARM_GCC_493\Debug\Cm3Start.o
 .data          0x1fff8110       0x10 .\CortexM3\ARM_GCC_493\Debug\Cell Board.a(CyLib.o)
                0x1fff8110                cydelay_freq_hz
                0x1fff8114                cydelay_freq_khz
                0x1fff8118                cydelay_freq_mhz
                0x1fff811c                cydelay_32k_ms
 .data.impure_data
                0x1fff8120       0x60 c:/program files (x86)/cypress/psoc creator/3.3/psoc creator/import/gnu/arm/4.9.3/bin/../lib/gcc/arm-none-eabi/4.9.3/../../../../arm-none-eabi/lib/armv7-m\libg_nano.a(lib_a-impure.o)
 .data._impure_ptr
                0x1fff8180        0x4 c:/program files (x86)/cypress/psoc creator/3.3/psoc creator/import/gnu/arm/4.9.3/bin/../lib/gcc/arm-none-eabi/4.9.3/../../../../arm-none-eabi/lib/armv7-m\libg_nano.a(lib_a-impure.o)
                0x1fff8180                _impure_ptr
 .data._tzname  0x1fff8184        0x8 c:/program files (x86)/cypress/psoc creator/3.3/psoc creator/import/gnu/arm/4.9.3/bin/../lib/gcc/arm-none-eabi/4.9.3/../../../../arm-none-eabi/lib/armv7-m\libg_nano.a(lib_a-tzvars.o)
                0x1fff8184                _tzname
 .data.__ctype_ptr__
                0x1fff818c        0x4 c:/program files (x86)/cypress/psoc creator/3.3/psoc creator/import/gnu/arm/4.9.3/bin/../lib/gcc/arm-none-eabi/4.9.3/../../../../arm-none-eabi/lib/armv7-m\libg_nano.a(lib_a-ctype_.o)
                0x1fff818c                __ctype_ptr__
 .data.tzinfo   0x1fff8190       0x40 c:/program files (x86)/cypress/psoc creator/3.3/psoc creator/import/gnu/arm/4.9.3/bin/../lib/gcc/arm-none-eabi/4.9.3/../../../../arm-none-eabi/lib/armv7-m\libg_nano.a(lib_a-gettzinfo.o)
                0x1fff81d0                . = ALIGN (0x8)
 *(.ram)
                0x1fff81d0                _edata = .

.igot.plt       0x1fff81d0        0x0 load address 0x00003eb0
 .igot.plt      0x00000000        0x0 c:/program files (x86)/cypress/psoc creator/3.3/psoc creator/import/gnu/arm/4.9.3/bin/../lib/gcc/arm-none-eabi/4.9.3/armv7-m/crtbegin.o

.bss            0x1fff81d0      0x578 load address 0x00003eb0
                0x1fff81d0                PROVIDE (__bss_start__, .)
 *(.shbss)
 *(.bss .bss.* .gnu.linkonce.b.*)
 .bss           0x1fff81d0       0x1c c:/program files (x86)/cypress/psoc creator/3.3/psoc creator/import/gnu/arm/4.9.3/bin/../lib/gcc/arm-none-eabi/4.9.3/armv7-m/crtbegin.o
 .bss           0x1fff81ec      0x3ec .\CortexM3\ARM_GCC_493\Debug\modem.o
                0x1fff81ec                lock_acquired
                0x1fff81ed                ready
                0x1fff81ee                uart_string_index
                0x1fff81f0                uart_received_string
 .bss           0x1fff85d8       0x44 .\CortexM3\ARM_GCC_493\Debug\Cell Board.a(cyPm.o)
 .bss           0x1fff861c        0x2 .\CortexM3\ARM_GCC_493\Debug\Cell Board.a(Telit_UART.o)
                0x1fff861c                Telit_UART_initVar
 .bss           0x1fff861e        0x1 .\CortexM3\ARM_GCC_493\Debug\Cell Board.a(SleepTimer.o)
                0x1fff861e                SleepTimer_initVar
 *fill*         0x1fff861f        0x1 
 .bss.__malloc_sbrk_start
                0x1fff8620        0x4 c:/program files (x86)/cypress/psoc creator/3.3/psoc creator/import/gnu/arm/4.9.3/bin/../lib/gcc/arm-none-eabi/4.9.3/../../../../arm-none-eabi/lib/armv7-m\libg_nano.a(lib_a-nano-mallocr.o)
                0x1fff8620                __malloc_sbrk_start
 .bss.__malloc_free_list
                0x1fff8624        0x4 c:/program files (x86)/cypress/psoc creator/3.3/psoc creator/import/gnu/arm/4.9.3/bin/../lib/gcc/arm-none-eabi/4.9.3/../../../../arm-none-eabi/lib/armv7-m\libg_nano.a(lib_a-nano-mallocr.o)
                0x1fff8624                __malloc_free_list
 .bss._time_using_locale
                0x1fff8628        0x4 c:/program files (x86)/cypress/psoc creator/3.3/psoc creator/import/gnu/arm/4.9.3/bin/../lib/gcc/arm-none-eabi/4.9.3/../../../../arm-none-eabi/lib/armv7-m\libg_nano.a(lib_a-timelocal.o)
 .bss._time_locale
                0x1fff862c       0xfc c:/program files (x86)/cypress/psoc creator/3.3/psoc creator/import/gnu/arm/4.9.3/bin/../lib/gcc/arm-none-eabi/4.9.3/../../../../arm-none-eabi/lib/armv7-m\libg_nano.a(lib_a-timelocal.o)
 .bss._daylight
                0x1fff8728        0x4 c:/program files (x86)/cypress/psoc creator/3.3/psoc creator/import/gnu/arm/4.9.3/bin/../lib/gcc/arm-none-eabi/4.9.3/../../../../arm-none-eabi/lib/armv7-m\libg_nano.a(lib_a-tzvars.o)
                0x1fff8728                _daylight
 *(COMMON)
 COMMON         0x1fff872c        0x1 .\CortexM3\ARM_GCC_493\Debug\main.o
                0x1fff872c                minuteAlarmInterval
 *fill*         0x1fff872d        0x3 
 COMMON         0x1fff8730        0x8 .\CortexM3\ARM_GCC_493\Debug\utilities.o
                0x1fff8730                interval_counter
                0x1fff8734                num_of_intervals
 COMMON         0x1fff8738        0x9 .\CortexM3\ARM_GCC_493\Debug\modem.o
                0x1fff8738                feed_id
                0x1fff873c                api_key
                0x1fff8740                modem_state
 *fill*         0x1fff8741        0x3 
 COMMON         0x1fff8744        0x4 c:/program files (x86)/cypress/psoc creator/3.3/psoc creator/import/gnu/arm/4.9.3/bin/../lib/gcc/arm-none-eabi/4.9.3/../../../../arm-none-eabi/lib/armv7-m\libg_nano.a(lib_a-reent.o)
                0x1fff8744                errno
                0x1fff8748                . = ALIGN (0x8)
 *(.ram.b)
                0x1fff8748                _end = .
                0x1fff8748                __end = .
                0x1fff8748                PROVIDE (end, .)
                0x1fff8748                PROVIDE (__bss_end__, .)
                0x00003de8                __cy_region_init_ram = LOADADDR (.data)
                0x000000c8                __cy_region_init_size_ram = (_edata - ADDR (.data))
                0x00000578                __cy_region_zero_size_ram = (_end - _edata)

.heap           0x1fff8748     0x1000 load address 0x00003eb0
                0x1fff8748                . = _end
                0x1fff9748                . = (. + 0x1000)
 *fill*         0x1fff8748     0x1000 
                0x1fff9748                __cy_heap_limit = .

.stack          0x20004000     0x4000
                0x20004000                __cy_stack_limit = .
                0x20008000                . = (. + 0x4000)
 *fill*         0x20004000     0x4000 
                0x00000001                ASSERT ((__cy_stack_limit >= __cy_heap_limit), region RAM overflowed with stack)

.cyloadermeta
 *(.cyloadermeta)

.cyloadablemeta
 *(.cyloadablemeta)

.cyconfigecc    0x80000000      0x3c0
 *(.cyconfigecc)
 .cyconfigecc   0x80000000      0x3c0 .\CortexM3\ARM_GCC_493\Debug\cymetadata.o
                0x80000000                cy_meta_configecc

.cycustnvl      0x90000000        0x4
 *(.cycustnvl)
 .cycustnvl     0x90000000        0x4 .\CortexM3\ARM_GCC_493\Debug\cymetadata.o
                0x90000000                cy_meta_custnvl

.cywolatch      0x90100000        0x4
 *(.cywolatch)
 .cywolatch     0x90100000        0x4 .\CortexM3\ARM_GCC_493\Debug\cymetadata.o
                0x90100000                cy_meta_wonvl

.cyeeprom       0x90200000        0x0
 *(.cyeeprom)
                0x00000001                ASSERT ((. <= ((0x90200000 + ee_offset) + ee_size)), .cyeeprom data will not fit in EEPROM)

.cyflashprotect
                0x90400000      0x100
 *(.cyflashprotect)
 .cyflashprotect
                0x90400000      0x100 .\CortexM3\ARM_GCC_493\Debug\cymetadata.o
                0x90400000                cy_meta_flashprotect

.cymeta         0x90500000        0xc
 *(.cymeta)
 .cymeta        0x90500000        0xc .\CortexM3\ARM_GCC_493\Debug\cymetadata.o
                0x90500000                cy_metadata

.rel.dyn        0x00003eb0        0x0 load address 0x9050000c
 .rel.iplt      0x00000000        0x0 c:/program files (x86)/cypress/psoc creator/3.3/psoc creator/import/gnu/arm/4.9.3/bin/../lib/gcc/arm-none-eabi/4.9.3/armv7-m/crtbegin.o

.stab           0x00000000       0x6c
 *(.stab)
 .stab          0x00000000       0x24 c:/program files (x86)/cypress/psoc creator/3.3/psoc creator/import/gnu/arm/4.9.3/bin/../lib/gcc/arm-none-eabi/4.9.3/../../../../arm-none-eabi/lib/armv7-m\libnosys.a(close.o)
 .stab          0x00000024       0x18 c:/program files (x86)/cypress/psoc creator/3.3/psoc creator/import/gnu/arm/4.9.3/bin/../lib/gcc/arm-none-eabi/4.9.3/../../../../arm-none-eabi/lib/armv7-m\libnosys.a(fstat.o)
                                 0x24 (size before relaxing)
 .stab          0x0000003c       0x18 c:/program files (x86)/cypress/psoc creator/3.3/psoc creator/import/gnu/arm/4.9.3/bin/../lib/gcc/arm-none-eabi/4.9.3/../../../../arm-none-eabi/lib/armv7-m\libnosys.a(open.o)
                                 0x24 (size before relaxing)
 .stab          0x00000054       0x18 c:/program files (x86)/cypress/psoc creator/3.3/psoc creator/import/gnu/arm/4.9.3/bin/../lib/gcc/arm-none-eabi/4.9.3/../../../../arm-none-eabi/lib/armv7-m\libnosys.a(read.o)
                                 0x24 (size before relaxing)

.stabstr        0x00000000       0xdd
 *(.stabstr)
 .stabstr       0x00000000       0xdd c:/program files (x86)/cypress/psoc creator/3.3/psoc creator/import/gnu/arm/4.9.3/bin/../lib/gcc/arm-none-eabi/4.9.3/../../../../arm-none-eabi/lib/armv7-m\libnosys.a(close.o)

.debug
 *(.debug)

.line
 *(.line)

.debug_srcinfo
 *(.debug_srcinfo)

.debug_sfnames
 *(.debug_sfnames)

.debug_aranges  0x00000000      0xa88
 *(.debug_aranges)
 .debug_aranges
                0x00000000       0x30 .\CortexM3\ARM_GCC_493\Debug\main.o
 .debug_aranges
                0x00000030       0x38 .\CortexM3\ARM_GCC_493\Debug\utilities.o
 .debug_aranges
                0x00000068      0x158 .\CortexM3\ARM_GCC_493\Debug\modem.o
 .debug_aranges
                0x000001c0       0x38 .\CortexM3\ARM_GCC_493\Debug\packet.o
 .debug_aranges
                0x000001f8       0x18 .\CortexM3\ARM_GCC_493\Debug\cymetadata.o
 .debug_aranges
                0x00000210       0x48 .\CortexM3\ARM_GCC_493\Debug\Cm3Start.o
 .debug_aranges
                0x00000258       0x60 .\CortexM3\ARM_GCC_493\Debug\Cell Board.a(cyfitter_cfg.o)
 .debug_aranges
                0x000002b8       0x20 .\CortexM3\ARM_GCC_493\Debug\Cell Board.a(CyBootAsmGnu.o)
 .debug_aranges
                0x000002d8      0x290 .\CortexM3\ARM_GCC_493\Debug\Cell Board.a(CyLib.o)
 .debug_aranges
                0x00000568       0x90 .\CortexM3\ARM_GCC_493\Debug\Cell Board.a(cyPm.o)
 .debug_aranges
                0x000005f8       0x38 .\CortexM3\ARM_GCC_493\Debug\Cell Board.a(LED.o)
 .debug_aranges
                0x00000630       0x38 .\CortexM3\ARM_GCC_493\Debug\Cell Board.a(Telit_RST.o)
 .debug_aranges
                0x00000668       0x38 .\CortexM3\ARM_GCC_493\Debug\Cell Board.a(Telit_ON.o)
 .debug_aranges
                0x000006a0       0xf0 .\CortexM3\ARM_GCC_493\Debug\Cell Board.a(Telit_UART.o)
 .debug_aranges
                0x00000790       0x38 .\CortexM3\ARM_GCC_493\Debug\Cell Board.a(Telit_UART_PM.o)
 .debug_aranges
                0x000007c8       0x80 .\CortexM3\ARM_GCC_493\Debug\Cell Board.a(Telit_isr_rx.o)
 .debug_aranges
                0x00000848       0x70 .\CortexM3\ARM_GCC_493\Debug\Cell Board.a(Telit_UART_IntClock.o)
 .debug_aranges
                0x000008b8       0x80 .\CortexM3\ARM_GCC_493\Debug\Cell Board.a(sleep_isr.o)
 .debug_aranges
                0x00000938       0x58 .\CortexM3\ARM_GCC_493\Debug\Cell Board.a(SleepTimer.o)
 .debug_aranges
                0x00000990       0x80 .\CortexM3\ARM_GCC_493\Debug\Cell Board.a(CyFlash.o)
 .debug_aranges
                0x00000a10       0x78 .\CortexM3\ARM_GCC_493\Debug\Cell Board.a(CySpc.o)

.debug_pubnames
 *(.debug_pubnames)

.debug_info     0x00000000     0x42c5
 *(.debug_info .gnu.linkonce.wi.*)
 .debug_info    0x00000000      0x113 .\CortexM3\ARM_GCC_493\Debug\main.o
 .debug_info    0x00000113      0x172 .\CortexM3\ARM_GCC_493\Debug\utilities.o
 .debug_info    0x00000285      0x922 .\CortexM3\ARM_GCC_493\Debug\modem.o
 .debug_info    0x00000ba7      0x231 .\CortexM3\ARM_GCC_493\Debug\packet.o
 .debug_info    0x00000dd8      0x13a .\CortexM3\ARM_GCC_493\Debug\cymetadata.o
 .debug_info    0x00000f12      0x323 .\CortexM3\ARM_GCC_493\Debug\Cm3Start.o
 .debug_info    0x00001235      0x390 .\CortexM3\ARM_GCC_493\Debug\Cell Board.a(cyfitter_cfg.o)
 .debug_info    0x000015c5       0x8b .\CortexM3\ARM_GCC_493\Debug\Cell Board.a(CyBootAsmGnu.o)
 .debug_info    0x00001650      0xd85 .\CortexM3\ARM_GCC_493\Debug\Cell Board.a(CyLib.o)
 .debug_info    0x000023d5      0x536 .\CortexM3\ARM_GCC_493\Debug\Cell Board.a(cyPm.o)
 .debug_info    0x0000290b      0x11d .\CortexM3\ARM_GCC_493\Debug\Cell Board.a(LED.o)
 .debug_info    0x00002a28      0x11d .\CortexM3\ARM_GCC_493\Debug\Cell Board.a(Telit_RST.o)
 .debug_info    0x00002b45      0x11d .\CortexM3\ARM_GCC_493\Debug\Cell Board.a(Telit_ON.o)
 .debug_info    0x00002c62      0x500 .\CortexM3\ARM_GCC_493\Debug\Cell Board.a(Telit_UART.o)
 .debug_info    0x00003162      0x135 .\CortexM3\ARM_GCC_493\Debug\Cell Board.a(Telit_UART_PM.o)
 .debug_info    0x00003297      0x238 .\CortexM3\ARM_GCC_493\Debug\Cell Board.a(Telit_isr_rx.o)
 .debug_info    0x000034cf      0x25b .\CortexM3\ARM_GCC_493\Debug\Cell Board.a(Telit_UART_IntClock.o)
 .debug_info    0x0000372a      0x238 .\CortexM3\ARM_GCC_493\Debug\Cell Board.a(sleep_isr.o)
 .debug_info    0x00003962      0x1a3 .\CortexM3\ARM_GCC_493\Debug\Cell Board.a(SleepTimer.o)
 .debug_info    0x00003b05      0x36a .\CortexM3\ARM_GCC_493\Debug\Cell Board.a(CyFlash.o)
 .debug_info    0x00003e6f      0x456 .\CortexM3\ARM_GCC_493\Debug\Cell Board.a(CySpc.o)

.debug_abbrev   0x00000000     0x17aa
 *(.debug_abbrev)
 .debug_abbrev  0x00000000       0xb7 .\CortexM3\ARM_GCC_493\Debug\main.o
 .debug_abbrev  0x000000b7       0xe0 .\CortexM3\ARM_GCC_493\Debug\utilities.o
 .debug_abbrev  0x00000197      0x251 .\CortexM3\ARM_GCC_493\Debug\modem.o
 .debug_abbrev  0x000003e8       0xc4 .\CortexM3\ARM_GCC_493\Debug\packet.o
 .debug_abbrev  0x000004ac       0x66 .\CortexM3\ARM_GCC_493\Debug\cymetadata.o
 .debug_abbrev  0x00000512      0x1c5 .\CortexM3\ARM_GCC_493\Debug\Cm3Start.o
 .debug_abbrev  0x000006d7      0x19d .\CortexM3\ARM_GCC_493\Debug\Cell Board.a(cyfitter_cfg.o)
 .debug_abbrev  0x00000874       0x14 .\CortexM3\ARM_GCC_493\Debug\Cell Board.a(CyBootAsmGnu.o)
 .debug_abbrev  0x00000888      0x217 .\CortexM3\ARM_GCC_493\Debug\Cell Board.a(CyLib.o)
 .debug_abbrev  0x00000a9f      0x16e .\CortexM3\ARM_GCC_493\Debug\Cell Board.a(cyPm.o)
 .debug_abbrev  0x00000c0d       0x9d .\CortexM3\ARM_GCC_493\Debug\Cell Board.a(LED.o)
 .debug_abbrev  0x00000caa       0x9d .\CortexM3\ARM_GCC_493\Debug\Cell Board.a(Telit_RST.o)
 .debug_abbrev  0x00000d47       0x9d .\CortexM3\ARM_GCC_493\Debug\Cell Board.a(Telit_ON.o)
 .debug_abbrev  0x00000de4      0x170 .\CortexM3\ARM_GCC_493\Debug\Cell Board.a(Telit_UART.o)
 .debug_abbrev  0x00000f54       0xa8 .\CortexM3\ARM_GCC_493\Debug\Cell Board.a(Telit_UART_PM.o)
 .debug_abbrev  0x00000ffc      0x17f .\CortexM3\ARM_GCC_493\Debug\Cell Board.a(Telit_isr_rx.o)
 .debug_abbrev  0x0000117b      0x12a .\CortexM3\ARM_GCC_493\Debug\Cell Board.a(Telit_UART_IntClock.o)
 .debug_abbrev  0x000012a5      0x17f .\CortexM3\ARM_GCC_493\Debug\Cell Board.a(sleep_isr.o)
 .debug_abbrev  0x00001424       0xe0 .\CortexM3\ARM_GCC_493\Debug\Cell Board.a(SleepTimer.o)
 .debug_abbrev  0x00001504      0x12d .\CortexM3\ARM_GCC_493\Debug\Cell Board.a(CyFlash.o)
 .debug_abbrev  0x00001631      0x179 .\CortexM3\ARM_GCC_493\Debug\Cell Board.a(CySpc.o)

.debug_line     0x00000000     0x2a80
 *(.debug_line)
 .debug_line    0x00000000      0x1aa .\CortexM3\ARM_GCC_493\Debug\main.o
 .debug_line    0x000001aa      0x1c0 .\CortexM3\ARM_GCC_493\Debug\utilities.o
 .debug_line    0x0000036a      0x600 .\CortexM3\ARM_GCC_493\Debug\modem.o
 .debug_line    0x0000096a      0x1cb .\CortexM3\ARM_GCC_493\Debug\packet.o
 .debug_line    0x00000b35       0x53 .\CortexM3\ARM_GCC_493\Debug\cymetadata.o
 .debug_line    0x00000b88      0x1d5 .\CortexM3\ARM_GCC_493\Debug\Cm3Start.o
 .debug_line    0x00000d5d      0x1f0 .\CortexM3\ARM_GCC_493\Debug\Cell Board.a(cyfitter_cfg.o)
 .debug_line    0x00000f4d       0x68 .\CortexM3\ARM_GCC_493\Debug\Cell Board.a(CyBootAsmGnu.o)
 .debug_line    0x00000fb5      0x841 .\CortexM3\ARM_GCC_493\Debug\Cell Board.a(CyLib.o)
 .debug_line    0x000017f6      0x36f .\CortexM3\ARM_GCC_493\Debug\Cell Board.a(cyPm.o)
 .debug_line    0x00001b65       0x94 .\CortexM3\ARM_GCC_493\Debug\Cell Board.a(LED.o)
 .debug_line    0x00001bf9       0x9a .\CortexM3\ARM_GCC_493\Debug\Cell Board.a(Telit_RST.o)
 .debug_line    0x00001c93       0x99 .\CortexM3\ARM_GCC_493\Debug\Cell Board.a(Telit_ON.o)
 .debug_line    0x00001d2c      0x2f1 .\CortexM3\ARM_GCC_493\Debug\Cell Board.a(Telit_UART.o)
 .debug_line    0x0000201d       0xb9 .\CortexM3\ARM_GCC_493\Debug\Cell Board.a(Telit_UART_PM.o)
 .debug_line    0x000020d6      0x160 .\CortexM3\ARM_GCC_493\Debug\Cell Board.a(Telit_isr_rx.o)
 .debug_line    0x00002236      0x1c7 .\CortexM3\ARM_GCC_493\Debug\Cell Board.a(Telit_UART_IntClock.o)
 .debug_line    0x000023fd      0x16d .\CortexM3\ARM_GCC_493\Debug\Cell Board.a(sleep_isr.o)
 .debug_line    0x0000256a       0xf8 .\CortexM3\ARM_GCC_493\Debug\Cell Board.a(SleepTimer.o)
 .debug_line    0x00002662      0x207 .\CortexM3\ARM_GCC_493\Debug\Cell Board.a(CyFlash.o)
 .debug_line    0x00002869      0x217 .\CortexM3\ARM_GCC_493\Debug\Cell Board.a(CySpc.o)

.debug_frame    0x00000000     0x3488
 *(.debug_frame)
 .debug_frame   0x00000000       0x68 .\CortexM3\ARM_GCC_493\Debug\main.o
 .debug_frame   0x00000068       0xa8 .\CortexM3\ARM_GCC_493\Debug\utilities.o
 .debug_frame   0x00000110      0x588 .\CortexM3\ARM_GCC_493\Debug\modem.o
 .debug_frame   0x00000698       0xb0 .\CortexM3\ARM_GCC_493\Debug\packet.o
 .debug_frame   0x00000748       0xd4 .\CortexM3\ARM_GCC_493\Debug\Cm3Start.o
 .debug_frame   0x0000081c      0x16c .\CortexM3\ARM_GCC_493\Debug\Cell Board.a(cyfitter_cfg.o)
 .debug_frame   0x00000988      0xbcc .\CortexM3\ARM_GCC_493\Debug\Cell Board.a(CyLib.o)
 .debug_frame   0x00001554      0x218 .\CortexM3\ARM_GCC_493\Debug\Cell Board.a(cyPm.o)
 .debug_frame   0x0000176c       0xa8 .\CortexM3\ARM_GCC_493\Debug\Cell Board.a(LED.o)
 .debug_frame   0x00001814       0xa8 .\CortexM3\ARM_GCC_493\Debug\Cell Board.a(Telit_RST.o)
 .debug_frame   0x000018bc       0xa8 .\CortexM3\ARM_GCC_493\Debug\Cell Board.a(Telit_ON.o)
 .debug_frame   0x00001964      0x42c .\CortexM3\ARM_GCC_493\Debug\Cell Board.a(Telit_UART.o)
 .debug_frame   0x00001d90       0x90 .\CortexM3\ARM_GCC_493\Debug\Cell Board.a(Telit_UART_PM.o)
 .debug_frame   0x00001e20      0x1e8 .\CortexM3\ARM_GCC_493\Debug\Cell Board.a(Telit_isr_rx.o)
 .debug_frame   0x00002008      0x1b4 .\CortexM3\ARM_GCC_493\Debug\Cell Board.a(Telit_UART_IntClock.o)
 .debug_frame   0x000021bc      0x1e8 .\CortexM3\ARM_GCC_493\Debug\Cell Board.a(sleep_isr.o)
 .debug_frame   0x000023a4      0x12c .\CortexM3\ARM_GCC_493\Debug\Cell Board.a(SleepTimer.o)
 .debug_frame   0x000024d0      0x210 .\CortexM3\ARM_GCC_493\Debug\Cell Board.a(CyFlash.o)
 .debug_frame   0x000026e0      0x1f8 .\CortexM3\ARM_GCC_493\Debug\Cell Board.a(CySpc.o)
 .debug_frame   0x000028d8       0x20 c:/program files (x86)/cypress/psoc creator/3.3/psoc creator/import/gnu/arm/4.9.3/bin/../lib/gcc/arm-none-eabi/4.9.3/../../../../arm-none-eabi/lib/armv7-m\libg_nano.a(lib_a-errno.o)
 .debug_frame   0x000028f8       0x28 c:/program files (x86)/cypress/psoc creator/3.3/psoc creator/import/gnu/arm/4.9.3/bin/../lib/gcc/arm-none-eabi/4.9.3/../../../../arm-none-eabi/lib/armv7-m\libg_nano.a(lib_a-exit.o)
 .debug_frame   0x00002920       0x2c c:/program files (x86)/cypress/psoc creator/3.3/psoc creator/import/gnu/arm/4.9.3/bin/../lib/gcc/arm-none-eabi/4.9.3/../../../../arm-none-eabi/lib/armv7-m\libg_nano.a(lib_a-init.o)
 .debug_frame   0x0000294c       0x34 c:/program files (x86)/cypress/psoc creator/3.3/psoc creator/import/gnu/arm/4.9.3/bin/../lib/gcc/arm-none-eabi/4.9.3/../../../../arm-none-eabi/lib/armv7-m\libg_nano.a(lib_a-lcltime.o)
 .debug_frame   0x00002980       0x30 c:/program files (x86)/cypress/psoc creator/3.3/psoc creator/import/gnu/arm/4.9.3/bin/../lib/gcc/arm-none-eabi/4.9.3/../../../../arm-none-eabi/lib/armv7-m\libg_nano.a(lib_a-lcltime_r.o)
 .debug_frame   0x000029b0       0x30 c:/program files (x86)/cypress/psoc creator/3.3/psoc creator/import/gnu/arm/4.9.3/bin/../lib/gcc/arm-none-eabi/4.9.3/../../../../arm-none-eabi/lib/armv7-m\libg_nano.a(lib_a-malloc.o)
 .debug_frame   0x000029e0       0x28 c:/program files (x86)/cypress/psoc creator/3.3/psoc creator/import/gnu/arm/4.9.3/bin/../lib/gcc/arm-none-eabi/4.9.3/../../../../arm-none-eabi/lib/armv7-m\libg_nano.a(lib_a-memcpy.o)
 .debug_frame   0x00002a08       0x20 c:/program files (x86)/cypress/psoc creator/3.3/psoc creator/import/gnu/arm/4.9.3/bin/../lib/gcc/arm-none-eabi/4.9.3/../../../../arm-none-eabi/lib/armv7-m\libg_nano.a(lib_a-memset.o)
 .debug_frame   0x00002a28       0x54 c:/program files (x86)/cypress/psoc creator/3.3/psoc creator/import/gnu/arm/4.9.3/bin/../lib/gcc/arm-none-eabi/4.9.3/../../../../arm-none-eabi/lib/armv7-m\libg_nano.a(lib_a-mktime.o)
 .debug_frame   0x00002a7c       0x2c c:/program files (x86)/cypress/psoc creator/3.3/psoc creator/import/gnu/arm/4.9.3/bin/../lib/gcc/arm-none-eabi/4.9.3/../../../../arm-none-eabi/lib/armv7-m\libg_nano.a(lib_a-nano-freer.o)
 .debug_frame   0x00002aa8       0x2c c:/program files (x86)/cypress/psoc creator/3.3/psoc creator/import/gnu/arm/4.9.3/bin/../lib/gcc/arm-none-eabi/4.9.3/../../../../arm-none-eabi/lib/armv7-m\libg_nano.a(lib_a-nano-mallocr.o)
 .debug_frame   0x00002ad4       0x2c c:/program files (x86)/cypress/psoc creator/3.3/psoc creator/import/gnu/arm/4.9.3/bin/../lib/gcc/arm-none-eabi/4.9.3/../../../../arm-none-eabi/lib/armv7-m\libg_nano.a(lib_a-sbrkr.o)
 .debug_frame   0x00002b00       0x70 c:/program files (x86)/cypress/psoc creator/3.3/psoc creator/import/gnu/arm/4.9.3/bin/../lib/gcc/arm-none-eabi/4.9.3/../../../../arm-none-eabi/lib/armv7-m\libg_nano.a(lib_a-sprintf.o)
 .debug_frame   0x00002b70       0x20 c:/program files (x86)/cypress/psoc creator/3.3/psoc creator/import/gnu/arm/4.9.3/bin/../lib/gcc/arm-none-eabi/4.9.3/../../../../arm-none-eabi/lib/armv7-m\libg_nano.a(lib_a-strchr.o)
 .debug_frame   0x00002b90       0x20 c:/program files (x86)/cypress/psoc creator/3.3/psoc creator/import/gnu/arm/4.9.3/bin/../lib/gcc/arm-none-eabi/4.9.3/../../../../arm-none-eabi/lib/armv7-m\libg_nano.a(lib_a-strcpy.o)
 .debug_frame   0x00002bb0       0x58 c:/program files (x86)/cypress/psoc creator/3.3/psoc creator/import/gnu/arm/4.9.3/bin/../lib/gcc/arm-none-eabi/4.9.3/../../../../arm-none-eabi/lib/armv7-m\libg_nano.a(lib_a-strftime.o)
 .debug_frame   0x00002c08       0x20 c:/program files (x86)/cypress/psoc creator/3.3/psoc creator/import/gnu/arm/4.9.3/bin/../lib/gcc/arm-none-eabi/4.9.3/../../../../arm-none-eabi/lib/armv7-m\libg_nano.a(lib_a-strlen.o)
 .debug_frame   0x00002c28       0x28 c:/program files (x86)/cypress/psoc creator/3.3/psoc creator/import/gnu/arm/4.9.3/bin/../lib/gcc/arm-none-eabi/4.9.3/../../../../arm-none-eabi/lib/armv7-m\libg_nano.a(lib_a-strncpy.o)
 .debug_frame   0x00002c50       0x88 c:/program files (x86)/cypress/psoc creator/3.3/psoc creator/import/gnu/arm/4.9.3/bin/../lib/gcc/arm-none-eabi/4.9.3/../../../../arm-none-eabi/lib/armv7-m\libg_nano.a(lib_a-strptime.o)
 .debug_frame   0x00002cd8       0x2c c:/program files (x86)/cypress/psoc creator/3.3/psoc creator/import/gnu/arm/4.9.3/bin/../lib/gcc/arm-none-eabi/4.9.3/../../../../arm-none-eabi/lib/armv7-m\libg_nano.a(lib_a-strstr.o)
 .debug_frame   0x00002d04       0x54 c:/program files (x86)/cypress/psoc creator/3.3/psoc creator/import/gnu/arm/4.9.3/bin/../lib/gcc/arm-none-eabi/4.9.3/../../../../arm-none-eabi/lib/armv7-m\libg_nano.a(lib_a-strtol.o)
 .debug_frame   0x00002d58       0x54 c:/program files (x86)/cypress/psoc creator/3.3/psoc creator/import/gnu/arm/4.9.3/bin/../lib/gcc/arm-none-eabi/4.9.3/../../../../arm-none-eabi/lib/armv7-m\libg_nano.a(lib_a-strtoul.o)
 .debug_frame   0x00002dac       0x38 c:/program files (x86)/cypress/psoc creator/3.3/psoc creator/import/gnu/arm/4.9.3/bin/../lib/gcc/arm-none-eabi/4.9.3/../../../../arm-none-eabi/lib/armv7-m\libg_nano.a(lib_a-timelocal.o)
 .debug_frame   0x00002de4       0x34 c:/program files (x86)/cypress/psoc creator/3.3/psoc creator/import/gnu/arm/4.9.3/bin/../lib/gcc/arm-none-eabi/4.9.3/../../../../arm-none-eabi/lib/armv7-m\libg_nano.a(lib_a-tzcalc_limits.o)
 .debug_frame   0x00002e18       0x30 c:/program files (x86)/cypress/psoc creator/3.3/psoc creator/import/gnu/arm/4.9.3/bin/../lib/gcc/arm-none-eabi/4.9.3/../../../../arm-none-eabi/lib/armv7-m\libg_nano.a(lib_a-tzlock.o)
 .debug_frame   0x00002e48       0x20 c:/program files (x86)/cypress/psoc creator/3.3/psoc creator/import/gnu/arm/4.9.3/bin/../lib/gcc/arm-none-eabi/4.9.3/../../../../arm-none-eabi/lib/armv7-m\libg_nano.a(lib_a-abs.o)
 .debug_frame   0x00002e68       0x28 c:/program files (x86)/cypress/psoc creator/3.3/psoc creator/import/gnu/arm/4.9.3/bin/../lib/gcc/arm-none-eabi/4.9.3/../../../../arm-none-eabi/lib/armv7-m\libg_nano.a(lib_a-div.o)
 .debug_frame   0x00002e90       0x20 c:/program files (x86)/cypress/psoc creator/3.3/psoc creator/import/gnu/arm/4.9.3/bin/../lib/gcc/arm-none-eabi/4.9.3/../../../../arm-none-eabi/lib/armv7-m\libg_nano.a(lib_a-gettzinfo.o)
 .debug_frame   0x00002eb0       0x30 c:/program files (x86)/cypress/psoc creator/3.3/psoc creator/import/gnu/arm/4.9.3/bin/../lib/gcc/arm-none-eabi/4.9.3/../../../../arm-none-eabi/lib/armv7-m\libg_nano.a(lib_a-gmtime_r.o)
 .debug_frame   0x00002ee0       0x20 c:/program files (x86)/cypress/psoc creator/3.3/psoc creator/import/gnu/arm/4.9.3/bin/../lib/gcc/arm-none-eabi/4.9.3/../../../../arm-none-eabi/lib/armv7-m\libg_nano.a(lib_a-labs.o)
 .debug_frame   0x00002f00       0x40 c:/program files (x86)/cypress/psoc creator/3.3/psoc creator/import/gnu/arm/4.9.3/bin/../lib/gcc/arm-none-eabi/4.9.3/../../../../arm-none-eabi/lib/armv7-m\libg_nano.a(lib_a-ldpart.o)
 .debug_frame   0x00002f40       0x98 c:/program files (x86)/cypress/psoc creator/3.3/psoc creator/import/gnu/arm/4.9.3/bin/../lib/gcc/arm-none-eabi/4.9.3/../../../../arm-none-eabi/lib/armv7-m\libg_nano.a(lib_a-locale.o)
 .debug_frame   0x00002fd8       0x8c c:/program files (x86)/cypress/psoc creator/3.3/psoc creator/import/gnu/arm/4.9.3/bin/../lib/gcc/arm-none-eabi/4.9.3/../../../../arm-none-eabi/lib/armv7-m\libg_nano.a(lib_a-nano-svfprintf.o)
 .debug_frame   0x00003064       0x58 c:/program files (x86)/cypress/psoc creator/3.3/psoc creator/import/gnu/arm/4.9.3/bin/../lib/gcc/arm-none-eabi/4.9.3/../../../../arm-none-eabi/lib/armv7-m\libg_nano.a(lib_a-nano-vfprintf_i.o)
 .debug_frame   0x000030bc       0x20 c:/program files (x86)/cypress/psoc creator/3.3/psoc creator/import/gnu/arm/4.9.3/bin/../lib/gcc/arm-none-eabi/4.9.3/../../../../arm-none-eabi/lib/armv7-m\libg_nano.a(lib_a-realloc.o)
 .debug_frame   0x000030dc       0x5c c:/program files (x86)/cypress/psoc creator/3.3/psoc creator/import/gnu/arm/4.9.3/bin/../lib/gcc/arm-none-eabi/4.9.3/../../../../arm-none-eabi/lib/armv7-m\libg_nano.a(lib_a-reent.o)
 .debug_frame   0x00003138       0x74 c:/program files (x86)/cypress/psoc creator/3.3/psoc creator/import/gnu/arm/4.9.3/bin/../lib/gcc/arm-none-eabi/4.9.3/../../../../arm-none-eabi/lib/armv7-m\libg_nano.a(lib_a-snprintf.o)
 .debug_frame   0x000031ac       0x28 c:/program files (x86)/cypress/psoc creator/3.3/psoc creator/import/gnu/arm/4.9.3/bin/../lib/gcc/arm-none-eabi/4.9.3/../../../../arm-none-eabi/lib/armv7-m\libg_nano.a(lib_a-strcat.o)
 .debug_frame   0x000031d4       0x2c c:/program files (x86)/cypress/psoc creator/3.3/psoc creator/import/gnu/arm/4.9.3/bin/../lib/gcc/arm-none-eabi/4.9.3/../../../../arm-none-eabi/lib/armv7-m\libg_nano.a(lib_a-strncasecmp.o)
 .debug_frame   0x00003200       0x20 c:/program files (x86)/cypress/psoc creator/3.3/psoc creator/import/gnu/arm/4.9.3/bin/../lib/gcc/arm-none-eabi/4.9.3/../../../../arm-none-eabi/lib/armv7-m\libg_nano.a(lib_a-sysclose.o)
 .debug_frame   0x00003220       0x20 c:/program files (x86)/cypress/psoc creator/3.3/psoc creator/import/gnu/arm/4.9.3/bin/../lib/gcc/arm-none-eabi/4.9.3/../../../../arm-none-eabi/lib/armv7-m\libg_nano.a(lib_a-sysfstat.o)
 .debug_frame   0x00003240       0x3c c:/program files (x86)/cypress/psoc creator/3.3/psoc creator/import/gnu/arm/4.9.3/bin/../lib/gcc/arm-none-eabi/4.9.3/../../../../arm-none-eabi/lib/armv7-m\libg_nano.a(lib_a-sysopen.o)
 .debug_frame   0x0000327c       0x30 c:/program files (x86)/cypress/psoc creator/3.3/psoc creator/import/gnu/arm/4.9.3/bin/../lib/gcc/arm-none-eabi/4.9.3/../../../../arm-none-eabi/lib/armv7-m\libg_nano.a(lib_a-sysread.o)
 .debug_frame   0x000032ac       0x2c c:/program files (x86)/cypress/psoc creator/3.3/psoc creator/import/gnu/arm/4.9.3/bin/../lib/gcc/arm-none-eabi/4.9.3/../../../../arm-none-eabi/lib/armv7-m\libg_nano.a(lib_a-closer.o)
 .debug_frame   0x000032d8       0x2c c:/program files (x86)/cypress/psoc creator/3.3/psoc creator/import/gnu/arm/4.9.3/bin/../lib/gcc/arm-none-eabi/4.9.3/../../../../arm-none-eabi/lib/armv7-m\libg_nano.a(lib_a-fstatr.o)
 .debug_frame   0x00003304       0x28 c:/program files (x86)/cypress/psoc creator/3.3/psoc creator/import/gnu/arm/4.9.3/bin/../lib/gcc/arm-none-eabi/4.9.3/../../../../arm-none-eabi/lib/armv7-m\libg_nano.a(lib_a-memchr.o)
 .debug_frame   0x0000332c       0x28 c:/program files (x86)/cypress/psoc creator/3.3/psoc creator/import/gnu/arm/4.9.3/bin/../lib/gcc/arm-none-eabi/4.9.3/../../../../arm-none-eabi/lib/armv7-m\libg_nano.a(lib_a-memmove.o)
 .debug_frame   0x00003354       0x3c c:/program files (x86)/cypress/psoc creator/3.3/psoc creator/import/gnu/arm/4.9.3/bin/../lib/gcc/arm-none-eabi/4.9.3/../../../../arm-none-eabi/lib/armv7-m\libg_nano.a(lib_a-nano-reallocr.o)
 .debug_frame   0x00003390       0x2c c:/program files (x86)/cypress/psoc creator/3.3/psoc creator/import/gnu/arm/4.9.3/bin/../lib/gcc/arm-none-eabi/4.9.3/../../../../arm-none-eabi/lib/armv7-m\libg_nano.a(lib_a-openr.o)
 .debug_frame   0x000033bc       0x2c c:/program files (x86)/cypress/psoc creator/3.3/psoc creator/import/gnu/arm/4.9.3/bin/../lib/gcc/arm-none-eabi/4.9.3/../../../../arm-none-eabi/lib/armv7-m\libg_nano.a(lib_a-readr.o)
 .debug_frame   0x000033e8       0x20 c:/program files (x86)/cypress/psoc creator/3.3/psoc creator/import/gnu/arm/4.9.3/bin/../lib/gcc/arm-none-eabi/4.9.3/../../../../arm-none-eabi/lib/armv7-m\libg_nano.a(lib_a-nano-msizer.o)
 .debug_frame   0x00003408       0x20 c:/program files (x86)/cypress/psoc creator/3.3/psoc creator/import/gnu/arm/4.9.3/bin/../lib/gcc/arm-none-eabi/4.9.3/../../../../arm-none-eabi/lib/armv7-m\libnosys.a(close.o)
 .debug_frame   0x00003428       0x20 c:/program files (x86)/cypress/psoc creator/3.3/psoc creator/import/gnu/arm/4.9.3/bin/../lib/gcc/arm-none-eabi/4.9.3/../../../../arm-none-eabi/lib/armv7-m\libnosys.a(fstat.o)
 .debug_frame   0x00003448       0x20 c:/program files (x86)/cypress/psoc creator/3.3/psoc creator/import/gnu/arm/4.9.3/bin/../lib/gcc/arm-none-eabi/4.9.3/../../../../arm-none-eabi/lib/armv7-m\libnosys.a(open.o)
 .debug_frame   0x00003468       0x20 c:/program files (x86)/cypress/psoc creator/3.3/psoc creator/import/gnu/arm/4.9.3/bin/../lib/gcc/arm-none-eabi/4.9.3/../../../../arm-none-eabi/lib/armv7-m\libnosys.a(read.o)

.debug_str      0x00000000     0x21e8
 *(.debug_str)
 .debug_str     0x00000000      0x17e .\CortexM3\ARM_GCC_493\Debug\main.o
                                0x1c5 (size before relaxing)
 .debug_str     0x0000017e       0x90 .\CortexM3\ARM_GCC_493\Debug\utilities.o
                                0x224 (size before relaxing)
 .debug_str     0x0000020e      0x494 .\CortexM3\ARM_GCC_493\Debug\modem.o
                                0x666 (size before relaxing)
 .debug_str     0x000006a2       0x65 .\CortexM3\ARM_GCC_493\Debug\packet.o
                                0x21a (size before relaxing)
 .debug_str     0x00000707       0x77 .\CortexM3\ARM_GCC_493\Debug\cymetadata.o
                                0x1e5 (size before relaxing)
 .debug_str     0x0000077e      0x131 .\CortexM3\ARM_GCC_493\Debug\Cm3Start.o
                                0x2c6 (size before relaxing)
 .debug_str     0x000008af      0x149 .\CortexM3\ARM_GCC_493\Debug\Cell Board.a(cyfitter_cfg.o)
                                0x2f2 (size before relaxing)
 .debug_str     0x000009f8      0x7a8 .\CortexM3\ARM_GCC_493\Debug\Cell Board.a(CyLib.o)
                                0x986 (size before relaxing)
 .debug_str     0x000011a0      0x371 .\CortexM3\ARM_GCC_493\Debug\Cell Board.a(cyPm.o)
                                0x516 (size before relaxing)
 .debug_str     0x00001511       0x5e .\CortexM3\ARM_GCC_493\Debug\Cell Board.a(LED.o)
                                0x1d3 (size before relaxing)
 .debug_str     0x0000156f       0x71 .\CortexM3\ARM_GCC_493\Debug\Cell Board.a(Telit_RST.o)
                                0x1f1 (size before relaxing)
 .debug_str     0x000015e0       0x6c .\CortexM3\ARM_GCC_493\Debug\Cell Board.a(Telit_ON.o)
                                0x1ec (size before relaxing)
 .debug_str     0x0000164c      0x323 .\CortexM3\ARM_GCC_493\Debug\Cell Board.a(Telit_UART.o)
                                0x4c0 (size before relaxing)
 .debug_str     0x0000196f       0xe0 .\CortexM3\ARM_GCC_493\Debug\Cell Board.a(Telit_UART_PM.o)
                                0x253 (size before relaxing)
 .debug_str     0x00001a4f      0x14a .\CortexM3\ARM_GCC_493\Debug\Cell Board.a(Telit_isr_rx.o)
                                0x2f7 (size before relaxing)
 .debug_str     0x00001b99      0x1f4 .\CortexM3\ARM_GCC_493\Debug\Cell Board.a(Telit_UART_IntClock.o)
                                0x379 (size before relaxing)
 .debug_str     0x00001d8d      0x120 .\CortexM3\ARM_GCC_493\Debug\Cell Board.a(sleep_isr.o)
                                0x2cd (size before relaxing)
 .debug_str     0x00001ead       0xd3 .\CortexM3\ARM_GCC_493\Debug\Cell Board.a(SleepTimer.o)
                                0x25e (size before relaxing)
 .debug_str     0x00001f80      0x147 .\CortexM3\ARM_GCC_493\Debug\Cell Board.a(CyFlash.o)
                                0x2e5 (size before relaxing)
 .debug_str     0x000020c7      0x121 .\CortexM3\ARM_GCC_493\Debug\Cell Board.a(CySpc.o)
                                0x2e2 (size before relaxing)

.debug_loc
 *(.debug_loc)

.debug_macinfo
 *(.debug_macinfo)

.debug_ranges   0x00000000      0x920
 *(.debug_ranges)
 .debug_ranges  0x00000000       0x20 .\CortexM3\ARM_GCC_493\Debug\main.o
 .debug_ranges  0x00000020       0x28 .\CortexM3\ARM_GCC_493\Debug\utilities.o
 .debug_ranges  0x00000048      0x148 .\CortexM3\ARM_GCC_493\Debug\modem.o
 .debug_ranges  0x00000190       0x28 .\CortexM3\ARM_GCC_493\Debug\packet.o
 .debug_ranges  0x000001b8       0x38 .\CortexM3\ARM_GCC_493\Debug\Cm3Start.o
 .debug_ranges  0x000001f0       0x50 .\CortexM3\ARM_GCC_493\Debug\Cell Board.a(cyfitter_cfg.o)
 .debug_ranges  0x00000240      0x280 .\CortexM3\ARM_GCC_493\Debug\Cell Board.a(CyLib.o)
 .debug_ranges  0x000004c0       0x80 .\CortexM3\ARM_GCC_493\Debug\Cell Board.a(cyPm.o)
 .debug_ranges  0x00000540       0x28 .\CortexM3\ARM_GCC_493\Debug\Cell Board.a(LED.o)
 .debug_ranges  0x00000568       0x28 .\CortexM3\ARM_GCC_493\Debug\Cell Board.a(Telit_RST.o)
 .debug_ranges  0x00000590       0x28 .\CortexM3\ARM_GCC_493\Debug\Cell Board.a(Telit_ON.o)
 .debug_ranges  0x000005b8       0xe0 .\CortexM3\ARM_GCC_493\Debug\Cell Board.a(Telit_UART.o)
 .debug_ranges  0x00000698       0x28 .\CortexM3\ARM_GCC_493\Debug\Cell Board.a(Telit_UART_PM.o)
 .debug_ranges  0x000006c0       0x70 .\CortexM3\ARM_GCC_493\Debug\Cell Board.a(Telit_isr_rx.o)
 .debug_ranges  0x00000730       0x60 .\CortexM3\ARM_GCC_493\Debug\Cell Board.a(Telit_UART_IntClock.o)
 .debug_ranges  0x00000790       0x70 .\CortexM3\ARM_GCC_493\Debug\Cell Board.a(sleep_isr.o)
 .debug_ranges  0x00000800       0x48 .\CortexM3\ARM_GCC_493\Debug\Cell Board.a(SleepTimer.o)
 .debug_ranges  0x00000848       0x70 .\CortexM3\ARM_GCC_493\Debug\Cell Board.a(CyFlash.o)
 .debug_ranges  0x000008b8       0x68 .\CortexM3\ARM_GCC_493\Debug\Cell Board.a(CySpc.o)

.comment        0x00000000       0x70
 .comment       0x00000000       0x70 .\CortexM3\ARM_GCC_493\Debug\main.o
                                 0x71 (size before relaxing)
 .comment       0x00000000       0x71 .\CortexM3\ARM_GCC_493\Debug\utilities.o
 .comment       0x00000000       0x71 .\CortexM3\ARM_GCC_493\Debug\modem.o
 .comment       0x00000000       0x71 .\CortexM3\ARM_GCC_493\Debug\packet.o
 .comment       0x00000000       0x71 .\CortexM3\ARM_GCC_493\Debug\cymetadata.o
 .comment       0x00000000       0x71 .\CortexM3\ARM_GCC_493\Debug\Cm3Start.o
 .comment       0x00000000       0x71 .\CortexM3\ARM_GCC_493\Debug\Cell Board.a(cyfitter_cfg.o)
 .comment       0x00000000       0x71 .\CortexM3\ARM_GCC_493\Debug\Cell Board.a(CyLib.o)
 .comment       0x00000000       0x71 .\CortexM3\ARM_GCC_493\Debug\Cell Board.a(cyPm.o)
 .comment       0x00000000       0x71 .\CortexM3\ARM_GCC_493\Debug\Cell Board.a(LED.o)
 .comment       0x00000000       0x71 .\CortexM3\ARM_GCC_493\Debug\Cell Board.a(Telit_RST.o)
 .comment       0x00000000       0x71 .\CortexM3\ARM_GCC_493\Debug\Cell Board.a(Telit_ON.o)
 .comment       0x00000000       0x71 .\CortexM3\ARM_GCC_493\Debug\Cell Board.a(Telit_UART.o)
 .comment       0x00000000       0x71 .\CortexM3\ARM_GCC_493\Debug\Cell Board.a(Telit_UART_PM.o)
 .comment       0x00000000       0x71 .\CortexM3\ARM_GCC_493\Debug\Cell Board.a(Telit_isr_rx.o)
 .comment       0x00000000       0x71 .\CortexM3\ARM_GCC_493\Debug\Cell Board.a(Telit_UART_IntClock.o)
 .comment       0x00000000       0x71 .\CortexM3\ARM_GCC_493\Debug\Cell Board.a(sleep_isr.o)
 .comment       0x00000000       0x71 .\CortexM3\ARM_GCC_493\Debug\Cell Board.a(SleepTimer.o)
 .comment       0x00000000       0x71 .\CortexM3\ARM_GCC_493\Debug\Cell Board.a(CyFlash.o)
 .comment       0x00000000       0x71 .\CortexM3\ARM_GCC_493\Debug\Cell Board.a(CySpc.o)

.debug_weaknames
 *(.debug_weaknames)

.debug_funcnames
 *(.debug_funcnames)

.debug_typenames
 *(.debug_typenames)

.debug_varnames
 *(.debug_varnames)

.note.gnu.arm.ident
 *(.note.gnu.arm.ident)

.ARM.attributes
                0x00000000       0x29
 *(.ARM.attributes)
 .ARM.attributes
                0x00000000       0x1d c:/program files (x86)/cypress/psoc creator/3.3/psoc creator/import/gnu/arm/4.9.3/bin/../lib/gcc/arm-none-eabi/4.9.3/armv7-m/crti.o
 .ARM.attributes
                0x0000001d       0x2d c:/program files (x86)/cypress/psoc creator/3.3/psoc creator/import/gnu/arm/4.9.3/bin/../lib/gcc/arm-none-eabi/4.9.3/armv7-m/crtbegin.o
 .ARM.attributes
                0x0000004a       0x1b c:/program files (x86)/cypress/psoc creator/3.3/psoc creator/import/gnu/arm/4.9.3/bin/../lib/gcc/arm-none-eabi/4.9.3/../../../../arm-none-eabi/lib/armv7-m/crt0.o
 .ARM.attributes
                0x00000065       0x33 .\CortexM3\ARM_GCC_493\Debug\main.o
 .ARM.attributes
                0x00000098       0x33 .\CortexM3\ARM_GCC_493\Debug\utilities.o
 .ARM.attributes
                0x000000cb       0x33 .\CortexM3\ARM_GCC_493\Debug\modem.o
 .ARM.attributes
                0x000000fe       0x33 .\CortexM3\ARM_GCC_493\Debug\packet.o
 .ARM.attributes
                0x00000131       0x33 .\CortexM3\ARM_GCC_493\Debug\cymetadata.o
 .ARM.attributes
                0x00000164       0x33 .\CortexM3\ARM_GCC_493\Debug\Cm3Start.o
 .ARM.attributes
                0x00000197       0x33 .\CortexM3\ARM_GCC_493\Debug\Cell Board.a(cyfitter_cfg.o)
 .ARM.attributes
                0x000001ca       0x21 .\CortexM3\ARM_GCC_493\Debug\Cell Board.a(CyBootAsmGnu.o)
 .ARM.attributes
                0x000001eb       0x33 .\CortexM3\ARM_GCC_493\Debug\Cell Board.a(CyLib.o)
 .ARM.attributes
                0x0000021e       0x33 .\CortexM3\ARM_GCC_493\Debug\Cell Board.a(cyPm.o)
 .ARM.attributes
                0x00000251       0x33 .\CortexM3\ARM_GCC_493\Debug\Cell Board.a(LED.o)
 .ARM.attributes
                0x00000284       0x33 .\CortexM3\ARM_GCC_493\Debug\Cell Board.a(Telit_RST.o)
 .ARM.attributes
                0x000002b7       0x33 .\CortexM3\ARM_GCC_493\Debug\Cell Board.a(Telit_ON.o)
 .ARM.attributes
                0x000002ea       0x33 .\CortexM3\ARM_GCC_493\Debug\Cell Board.a(Telit_UART.o)
 .ARM.attributes
                0x0000031d       0x33 .\CortexM3\ARM_GCC_493\Debug\Cell Board.a(Telit_UART_PM.o)
 .ARM.attributes
                0x00000350       0x33 .\CortexM3\ARM_GCC_493\Debug\Cell Board.a(Telit_isr_rx.o)
 .ARM.attributes
                0x00000383       0x33 .\CortexM3\ARM_GCC_493\Debug\Cell Board.a(Telit_UART_IntClock.o)
 .ARM.attributes
                0x000003b6       0x33 .\CortexM3\ARM_GCC_493\Debug\Cell Board.a(sleep_isr.o)
 .ARM.attributes
                0x000003e9       0x33 .\CortexM3\ARM_GCC_493\Debug\Cell Board.a(SleepTimer.o)
 .ARM.attributes
                0x0000041c       0x33 .\CortexM3\ARM_GCC_493\Debug\Cell Board.a(CyFlash.o)
 .ARM.attributes
                0x0000044f       0x33 .\CortexM3\ARM_GCC_493\Debug\Cell Board.a(CySpc.o)
 .ARM.attributes
                0x00000482       0x2d c:/program files (x86)/cypress/psoc creator/3.3/psoc creator/import/gnu/arm/4.9.3/bin/../lib/gcc/arm-none-eabi/4.9.3/../../../../arm-none-eabi/lib/armv7-m\libg_nano.a(lib_a-errno.o)
 .ARM.attributes
                0x000004af       0x2d c:/program files (x86)/cypress/psoc creator/3.3/psoc creator/import/gnu/arm/4.9.3/bin/../lib/gcc/arm-none-eabi/4.9.3/../../../../arm-none-eabi/lib/armv7-m\libg_nano.a(lib_a-exit.o)
 .ARM.attributes
                0x000004dc       0x2d c:/program files (x86)/cypress/psoc creator/3.3/psoc creator/import/gnu/arm/4.9.3/bin/../lib/gcc/arm-none-eabi/4.9.3/../../../../arm-none-eabi/lib/armv7-m\libg_nano.a(lib_a-impure.o)
 .ARM.attributes
                0x00000509       0x2d c:/program files (x86)/cypress/psoc creator/3.3/psoc creator/import/gnu/arm/4.9.3/bin/../lib/gcc/arm-none-eabi/4.9.3/../../../../arm-none-eabi/lib/armv7-m\libg_nano.a(lib_a-init.o)
 .ARM.attributes
                0x00000536       0x2d c:/program files (x86)/cypress/psoc creator/3.3/psoc creator/import/gnu/arm/4.9.3/bin/../lib/gcc/arm-none-eabi/4.9.3/../../../../arm-none-eabi/lib/armv7-m\libg_nano.a(lib_a-lcltime.o)
 .ARM.attributes
                0x00000563       0x2d c:/program files (x86)/cypress/psoc creator/3.3/psoc creator/import/gnu/arm/4.9.3/bin/../lib/gcc/arm-none-eabi/4.9.3/../../../../arm-none-eabi/lib/armv7-m\libg_nano.a(lib_a-lcltime_r.o)
 .ARM.attributes
                0x00000590       0x2d c:/program files (x86)/cypress/psoc creator/3.3/psoc creator/import/gnu/arm/4.9.3/bin/../lib/gcc/arm-none-eabi/4.9.3/../../../../arm-none-eabi/lib/armv7-m\libg_nano.a(lib_a-malloc.o)
 .ARM.attributes
                0x000005bd       0x2d c:/program files (x86)/cypress/psoc creator/3.3/psoc creator/import/gnu/arm/4.9.3/bin/../lib/gcc/arm-none-eabi/4.9.3/../../../../arm-none-eabi/lib/armv7-m\libg_nano.a(lib_a-memcpy.o)
 .ARM.attributes
                0x000005ea       0x2d c:/program files (x86)/cypress/psoc creator/3.3/psoc creator/import/gnu/arm/4.9.3/bin/../lib/gcc/arm-none-eabi/4.9.3/../../../../arm-none-eabi/lib/armv7-m\libg_nano.a(lib_a-memset.o)
 .ARM.attributes
                0x00000617       0x2d c:/program files (x86)/cypress/psoc creator/3.3/psoc creator/import/gnu/arm/4.9.3/bin/../lib/gcc/arm-none-eabi/4.9.3/../../../../arm-none-eabi/lib/armv7-m\libg_nano.a(lib_a-mktime.o)
 .ARM.attributes
                0x00000644       0x2d c:/program files (x86)/cypress/psoc creator/3.3/psoc creator/import/gnu/arm/4.9.3/bin/../lib/gcc/arm-none-eabi/4.9.3/../../../../arm-none-eabi/lib/armv7-m\libg_nano.a(lib_a-month_lengths.o)
 .ARM.attributes
                0x00000671       0x2d c:/program files (x86)/cypress/psoc creator/3.3/psoc creator/import/gnu/arm/4.9.3/bin/../lib/gcc/arm-none-eabi/4.9.3/../../../../arm-none-eabi/lib/armv7-m\libg_nano.a(lib_a-nano-freer.o)
 .ARM.attributes
                0x0000069e       0x2d c:/program files (x86)/cypress/psoc creator/3.3/psoc creator/import/gnu/arm/4.9.3/bin/../lib/gcc/arm-none-eabi/4.9.3/../../../../arm-none-eabi/lib/armv7-m\libg_nano.a(lib_a-nano-mallocr.o)
 .ARM.attributes
                0x000006cb       0x2d c:/program files (x86)/cypress/psoc creator/3.3/psoc creator/import/gnu/arm/4.9.3/bin/../lib/gcc/arm-none-eabi/4.9.3/../../../../arm-none-eabi/lib/armv7-m\libg_nano.a(lib_a-sbrkr.o)
 .ARM.attributes
                0x000006f8       0x2d c:/program files (x86)/cypress/psoc creator/3.3/psoc creator/import/gnu/arm/4.9.3/bin/../lib/gcc/arm-none-eabi/4.9.3/../../../../arm-none-eabi/lib/armv7-m\libg_nano.a(lib_a-sprintf.o)
 .ARM.attributes
                0x00000725       0x2d c:/program files (x86)/cypress/psoc creator/3.3/psoc creator/import/gnu/arm/4.9.3/bin/../lib/gcc/arm-none-eabi/4.9.3/../../../../arm-none-eabi/lib/armv7-m\libg_nano.a(lib_a-strchr.o)
 .ARM.attributes
                0x00000752       0x2d c:/program files (x86)/cypress/psoc creator/3.3/psoc creator/import/gnu/arm/4.9.3/bin/../lib/gcc/arm-none-eabi/4.9.3/../../../../arm-none-eabi/lib/armv7-m\libg_nano.a(lib_a-strcpy.o)
 .ARM.attributes
                0x0000077f       0x2d c:/program files (x86)/cypress/psoc creator/3.3/psoc creator/import/gnu/arm/4.9.3/bin/../lib/gcc/arm-none-eabi/4.9.3/../../../../arm-none-eabi/lib/armv7-m\libg_nano.a(lib_a-strftime.o)
 .ARM.attributes
                0x000007ac       0x2d c:/program files (x86)/cypress/psoc creator/3.3/psoc creator/import/gnu/arm/4.9.3/bin/../lib/gcc/arm-none-eabi/4.9.3/../../../../arm-none-eabi/lib/armv7-m\libg_nano.a(lib_a-strlen.o)
 .ARM.attributes
                0x000007d9       0x2d c:/program files (x86)/cypress/psoc creator/3.3/psoc creator/import/gnu/arm/4.9.3/bin/../lib/gcc/arm-none-eabi/4.9.3/../../../../arm-none-eabi/lib/armv7-m\libg_nano.a(lib_a-strncpy.o)
 .ARM.attributes
                0x00000806       0x2d c:/program files (x86)/cypress/psoc creator/3.3/psoc creator/import/gnu/arm/4.9.3/bin/../lib/gcc/arm-none-eabi/4.9.3/../../../../arm-none-eabi/lib/armv7-m\libg_nano.a(lib_a-strptime.o)
 .ARM.attributes
                0x00000833       0x2d c:/program files (x86)/cypress/psoc creator/3.3/psoc creator/import/gnu/arm/4.9.3/bin/../lib/gcc/arm-none-eabi/4.9.3/../../../../arm-none-eabi/lib/armv7-m\libg_nano.a(lib_a-strstr.o)
 .ARM.attributes
                0x00000860       0x2d c:/program files (x86)/cypress/psoc creator/3.3/psoc creator/import/gnu/arm/4.9.3/bin/../lib/gcc/arm-none-eabi/4.9.3/../../../../arm-none-eabi/lib/armv7-m\libg_nano.a(lib_a-strtol.o)
 .ARM.attributes
                0x0000088d       0x2d c:/program files (x86)/cypress/psoc creator/3.3/psoc creator/import/gnu/arm/4.9.3/bin/../lib/gcc/arm-none-eabi/4.9.3/../../../../arm-none-eabi/lib/armv7-m\libg_nano.a(lib_a-strtoul.o)
 .ARM.attributes
                0x000008ba       0x2d c:/program files (x86)/cypress/psoc creator/3.3/psoc creator/import/gnu/arm/4.9.3/bin/../lib/gcc/arm-none-eabi/4.9.3/../../../../arm-none-eabi/lib/armv7-m\libg_nano.a(lib_a-timelocal.o)
 .ARM.attributes
                0x000008e7       0x2d c:/program files (x86)/cypress/psoc creator/3.3/psoc creator/import/gnu/arm/4.9.3/bin/../lib/gcc/arm-none-eabi/4.9.3/../../../../arm-none-eabi/lib/armv7-m\libg_nano.a(lib_a-tzcalc_limits.o)
 .ARM.attributes
                0x00000914       0x2d c:/program files (x86)/cypress/psoc creator/3.3/psoc creator/import/gnu/arm/4.9.3/bin/../lib/gcc/arm-none-eabi/4.9.3/../../../../arm-none-eabi/lib/armv7-m\libg_nano.a(lib_a-tzlock.o)
 .ARM.attributes
                0x00000941       0x2d c:/program files (x86)/cypress/psoc creator/3.3/psoc creator/import/gnu/arm/4.9.3/bin/../lib/gcc/arm-none-eabi/4.9.3/../../../../arm-none-eabi/lib/armv7-m\libg_nano.a(lib_a-tzvars.o)
 .ARM.attributes
                0x0000096e       0x2d c:/program files (x86)/cypress/psoc creator/3.3/psoc creator/import/gnu/arm/4.9.3/bin/../lib/gcc/arm-none-eabi/4.9.3/../../../../arm-none-eabi/lib/armv7-m\libg_nano.a(lib_a-abs.o)
 .ARM.attributes
                0x0000099b       0x2d c:/program files (x86)/cypress/psoc creator/3.3/psoc creator/import/gnu/arm/4.9.3/bin/../lib/gcc/arm-none-eabi/4.9.3/../../../../arm-none-eabi/lib/armv7-m\libg_nano.a(lib_a-ctype_.o)
 .ARM.attributes
                0x000009c8       0x2d c:/program files (x86)/cypress/psoc creator/3.3/psoc creator/import/gnu/arm/4.9.3/bin/../lib/gcc/arm-none-eabi/4.9.3/../../../../arm-none-eabi/lib/armv7-m\libg_nano.a(lib_a-div.o)
 .ARM.attributes
                0x000009f5       0x2d c:/program files (x86)/cypress/psoc creator/3.3/psoc creator/import/gnu/arm/4.9.3/bin/../lib/gcc/arm-none-eabi/4.9.3/../../../../arm-none-eabi/lib/armv7-m\libg_nano.a(lib_a-gettzinfo.o)
 .ARM.attributes
                0x00000a22       0x2d c:/program files (x86)/cypress/psoc creator/3.3/psoc creator/import/gnu/arm/4.9.3/bin/../lib/gcc/arm-none-eabi/4.9.3/../../../../arm-none-eabi/lib/armv7-m\libg_nano.a(lib_a-gmtime_r.o)
 .ARM.attributes
                0x00000a4f       0x2d c:/program files (x86)/cypress/psoc creator/3.3/psoc creator/import/gnu/arm/4.9.3/bin/../lib/gcc/arm-none-eabi/4.9.3/../../../../arm-none-eabi/lib/armv7-m\libg_nano.a(lib_a-labs.o)
 .ARM.attributes
                0x00000a7c       0x2d c:/program files (x86)/cypress/psoc creator/3.3/psoc creator/import/gnu/arm/4.9.3/bin/../lib/gcc/arm-none-eabi/4.9.3/../../../../arm-none-eabi/lib/armv7-m\libg_nano.a(lib_a-ldpart.o)
 .ARM.attributes
                0x00000aa9       0x2d c:/program files (x86)/cypress/psoc creator/3.3/psoc creator/import/gnu/arm/4.9.3/bin/../lib/gcc/arm-none-eabi/4.9.3/../../../../arm-none-eabi/lib/armv7-m\libg_nano.a(lib_a-locale.o)
 .ARM.attributes
                0x00000ad6       0x2d c:/program files (x86)/cypress/psoc creator/3.3/psoc creator/import/gnu/arm/4.9.3/bin/../lib/gcc/arm-none-eabi/4.9.3/../../../../arm-none-eabi/lib/armv7-m\libg_nano.a(lib_a-nano-svfprintf.o)
 .ARM.attributes
                0x00000b03       0x2d c:/program files (x86)/cypress/psoc creator/3.3/psoc creator/import/gnu/arm/4.9.3/bin/../lib/gcc/arm-none-eabi/4.9.3/../../../../arm-none-eabi/lib/armv7-m\libg_nano.a(lib_a-nano-vfprintf_i.o)
 .ARM.attributes
                0x00000b30       0x2d c:/program files (x86)/cypress/psoc creator/3.3/psoc creator/import/gnu/arm/4.9.3/bin/../lib/gcc/arm-none-eabi/4.9.3/../../../../arm-none-eabi/lib/armv7-m\libg_nano.a(lib_a-realloc.o)
 .ARM.attributes
                0x00000b5d       0x2d c:/program files (x86)/cypress/psoc creator/3.3/psoc creator/import/gnu/arm/4.9.3/bin/../lib/gcc/arm-none-eabi/4.9.3/../../../../arm-none-eabi/lib/armv7-m\libg_nano.a(lib_a-reent.o)
 .ARM.attributes
                0x00000b8a       0x2d c:/program files (x86)/cypress/psoc creator/3.3/psoc creator/import/gnu/arm/4.9.3/bin/../lib/gcc/arm-none-eabi/4.9.3/../../../../arm-none-eabi/lib/armv7-m\libg_nano.a(lib_a-snprintf.o)
 .ARM.attributes
                0x00000bb7       0x2d c:/program files (x86)/cypress/psoc creator/3.3/psoc creator/import/gnu/arm/4.9.3/bin/../lib/gcc/arm-none-eabi/4.9.3/../../../../arm-none-eabi/lib/armv7-m\libg_nano.a(lib_a-strcat.o)
 .ARM.attributes
                0x00000be4       0x1b c:/program files (x86)/cypress/psoc creator/3.3/psoc creator/import/gnu/arm/4.9.3/bin/../lib/gcc/arm-none-eabi/4.9.3/../../../../arm-none-eabi/lib/armv7-m\libg_nano.a(lib_a-strcmp.o)
 .ARM.attributes
                0x00000bff       0x2d c:/program files (x86)/cypress/psoc creator/3.3/psoc creator/import/gnu/arm/4.9.3/bin/../lib/gcc/arm-none-eabi/4.9.3/../../../../arm-none-eabi/lib/armv7-m\libg_nano.a(lib_a-strncasecmp.o)
 .ARM.attributes
                0x00000c2c       0x2d c:/program files (x86)/cypress/psoc creator/3.3/psoc creator/import/gnu/arm/4.9.3/bin/../lib/gcc/arm-none-eabi/4.9.3/../../../../arm-none-eabi/lib/armv7-m\libg_nano.a(lib_a-sysclose.o)
 .ARM.attributes
                0x00000c59       0x2d c:/program files (x86)/cypress/psoc creator/3.3/psoc creator/import/gnu/arm/4.9.3/bin/../lib/gcc/arm-none-eabi/4.9.3/../../../../arm-none-eabi/lib/armv7-m\libg_nano.a(lib_a-sysfstat.o)
 .ARM.attributes
                0x00000c86       0x2d c:/program files (x86)/cypress/psoc creator/3.3/psoc creator/import/gnu/arm/4.9.3/bin/../lib/gcc/arm-none-eabi/4.9.3/../../../../arm-none-eabi/lib/armv7-m\libg_nano.a(lib_a-sysopen.o)
 .ARM.attributes
                0x00000cb3       0x2d c:/program files (x86)/cypress/psoc creator/3.3/psoc creator/import/gnu/arm/4.9.3/bin/../lib/gcc/arm-none-eabi/4.9.3/../../../../arm-none-eabi/lib/armv7-m\libg_nano.a(lib_a-sysread.o)
 .ARM.attributes
                0x00000ce0       0x2d c:/program files (x86)/cypress/psoc creator/3.3/psoc creator/import/gnu/arm/4.9.3/bin/../lib/gcc/arm-none-eabi/4.9.3/../../../../arm-none-eabi/lib/armv7-m\libg_nano.a(lib_a-closer.o)
 .ARM.attributes
                0x00000d0d       0x2d c:/program files (x86)/cypress/psoc creator/3.3/psoc creator/import/gnu/arm/4.9.3/bin/../lib/gcc/arm-none-eabi/4.9.3/../../../../arm-none-eabi/lib/armv7-m\libg_nano.a(lib_a-fstatr.o)
 .ARM.attributes
                0x00000d3a       0x2d c:/program files (x86)/cypress/psoc creator/3.3/psoc creator/import/gnu/arm/4.9.3/bin/../lib/gcc/arm-none-eabi/4.9.3/../../../../arm-none-eabi/lib/armv7-m\libg_nano.a(lib_a-memchr.o)
 .ARM.attributes
                0x00000d67       0x2d c:/program files (x86)/cypress/psoc creator/3.3/psoc creator/import/gnu/arm/4.9.3/bin/../lib/gcc/arm-none-eabi/4.9.3/../../../../arm-none-eabi/lib/armv7-m\libg_nano.a(lib_a-memmove.o)
 .ARM.attributes
                0x00000d94       0x2d c:/program files (x86)/cypress/psoc creator/3.3/psoc creator/import/gnu/arm/4.9.3/bin/../lib/gcc/arm-none-eabi/4.9.3/../../../../arm-none-eabi/lib/armv7-m\libg_nano.a(lib_a-nano-reallocr.o)
 .ARM.attributes
                0x00000dc1       0x2d c:/program files (x86)/cypress/psoc creator/3.3/psoc creator/import/gnu/arm/4.9.3/bin/../lib/gcc/arm-none-eabi/4.9.3/../../../../arm-none-eabi/lib/armv7-m\libg_nano.a(lib_a-openr.o)
 .ARM.attributes
                0x00000dee       0x2d c:/program files (x86)/cypress/psoc creator/3.3/psoc creator/import/gnu/arm/4.9.3/bin/../lib/gcc/arm-none-eabi/4.9.3/../../../../arm-none-eabi/lib/armv7-m\libg_nano.a(lib_a-readr.o)
 .ARM.attributes
                0x00000e1b       0x2d c:/program files (x86)/cypress/psoc creator/3.3/psoc creator/import/gnu/arm/4.9.3/bin/../lib/gcc/arm-none-eabi/4.9.3/../../../../arm-none-eabi/lib/armv7-m\libg_nano.a(lib_a-nano-msizer.o)
 .ARM.attributes
                0x00000e48       0x2d c:/program files (x86)/cypress/psoc creator/3.3/psoc creator/import/gnu/arm/4.9.3/bin/../lib/gcc/arm-none-eabi/4.9.3/armv7-m/crtend.o
 .ARM.attributes
                0x00000e75       0x1d c:/program files (x86)/cypress/psoc creator/3.3/psoc creator/import/gnu/arm/4.9.3/bin/../lib/gcc/arm-none-eabi/4.9.3/armv7-m/crtn.o
 .ARM.attributes
                0x00000e92       0x2d c:/program files (x86)/cypress/psoc creator/3.3/psoc creator/import/gnu/arm/4.9.3/bin/../lib/gcc/arm-none-eabi/4.9.3/../../../../arm-none-eabi/lib/armv7-m\libnosys.a(close.o)
 .ARM.attributes
                0x00000ebf       0x2d c:/program files (x86)/cypress/psoc creator/3.3/psoc creator/import/gnu/arm/4.9.3/bin/../lib/gcc/arm-none-eabi/4.9.3/../../../../arm-none-eabi/lib/armv7-m\libnosys.a(fstat.o)
 .ARM.attributes
                0x00000eec       0x2d c:/program files (x86)/cypress/psoc creator/3.3/psoc creator/import/gnu/arm/4.9.3/bin/../lib/gcc/arm-none-eabi/4.9.3/../../../../arm-none-eabi/lib/armv7-m\libnosys.a(open.o)
 .ARM.attributes
                0x00000f19       0x2d c:/program files (x86)/cypress/psoc creator/3.3/psoc creator/import/gnu/arm/4.9.3/bin/../lib/gcc/arm-none-eabi/4.9.3/../../../../arm-none-eabi/lib/armv7-m\libnosys.a(read.o)

/DISCARD/
 *(.note.GNU-stack)
OUTPUT(.\CortexM3\ARM_GCC_493\Debug\Cell Board.elf elf32-littlearm)