Archive member included because of file (symbol)

.\CortexM3\ARM_GCC_441\Debug\Solinst Driver.a(CyLib.o)
                              .\CortexM3\ARM_GCC_441\Debug\Cm3Start.o (CyResetStatus)
.\CortexM3\ARM_GCC_441\Debug\Solinst Driver.a(cyPm.o)
                              .\CortexM3\ARM_GCC_441\Debug\Solinst Driver.a(CyLib.o) (CyPmReadStatus)
.\CortexM3\ARM_GCC_441\Debug\Solinst Driver.a(uart_solinst.o)
                              .\CortexM3\ARM_GCC_441\Debug\solinst_depth.o (uart_solinst_Start)
.\CortexM3\ARM_GCC_441\Debug\Solinst Driver.a(isr_solinst_byte_rx.o)
                              .\CortexM3\ARM_GCC_441\Debug\solinst_depth.o (isr_solinst_byte_rx_StartEx)
.\CortexM3\ARM_GCC_441\Debug\Solinst Driver.a(solinst_power_pin.o)
                              .\CortexM3\ARM_GCC_441\Debug\solinst_depth.o (solinst_power_pin_Write)
.\CortexM3\ARM_GCC_441\Debug\Solinst Driver.a(uart_solinst_IntClock.o)
                              .\CortexM3\ARM_GCC_441\Debug\Solinst Driver.a(uart_solinst.o) (uart_solinst_IntClock_Start)
.\CortexM3\ARM_GCC_441\Debug\Solinst Driver.a(cyfitter_cfg.o)
                              .\CortexM3\ARM_GCC_441\Debug\Cm3Start.o (cyfitter_cfg)
.\CortexM3\ARM_GCC_441\Debug\Solinst Driver.a(CyBootAsmGnu.o)
                              .\CortexM3\ARM_GCC_441\Debug\Solinst Driver.a(CyLib.o) (CyDelayCycles)
.\CortexM3\ARM_GCC_441\Debug\Solinst Driver.a(CyFlash.o)
                              .\CortexM3\ARM_GCC_441\Debug\Solinst Driver.a(cyPm.o) (CyFlash_SetWaitCycles)
.\CortexM3\ARM_GCC_441\Debug\Solinst Driver.a(CySpc.o)
                              .\CortexM3\ARM_GCC_441\Debug\Solinst Driver.a(CyFlash.o) (CySpcStart)
c:/program files (x86)/cypress/psoc creator/2.2/psoc creator/import/gnu_cs/arm/4.4.1/bin/../lib/gcc/arm-none-eabi/4.4.1/thumb2\libgcc.a(_arm_addsubdf3.o)
                              .\CortexM3\ARM_GCC_441\Debug\solinst_depth.o (__aeabi_f2d)
c:/program files (x86)/cypress/psoc creator/2.2/psoc creator/import/gnu_cs/arm/4.4.1/bin/../lib/gcc/arm-none-eabi/4.4.1/thumb2\libgcc.a(_arm_cmpdf2.o)
                              .\CortexM3\ARM_GCC_441\Debug\solinst_depth.o (__aeabi_dcmpeq)
c:/program files (x86)/cypress/psoc creator/2.2/psoc creator/import/gnu_cs/arm/4.4.1/bin/../lib/gcc/arm-none-eabi/4.4.1/thumb2\libgcc.a(_arm_truncdfsf2.o)
                              .\CortexM3\ARM_GCC_441\Debug\solinst_depth.o (__aeabi_d2f)
c:/program files (x86)/cypress/psoc creator/2.2/psoc creator/import/gnu_cs/arm/4.4.1/bin/../lib/gcc/arm-none-eabi/4.4.1/../../../../arm-none-eabi/lib/thumb2\libc.a(lib_a-atof.o)
                              .\CortexM3\ARM_GCC_441\Debug\solinst_depth.o (atof)
c:/program files (x86)/cypress/psoc creator/2.2/psoc creator/import/gnu_cs/arm/4.4.1/bin/../lib/gcc/arm-none-eabi/4.4.1/../../../../arm-none-eabi/lib/thumb2\libc.a(lib_a-memcpy.o)
                              .\CortexM3\ARM_GCC_441\Debug\Solinst Driver.a(cyPm.o) (memcpy)
c:/program files (x86)/cypress/psoc creator/2.2/psoc creator/import/gnu_cs/arm/4.4.1/bin/../lib/gcc/arm-none-eabi/4.4.1/../../../../arm-none-eabi/lib/thumb2\libc.a(lib_a-memset.o)
                              .\CortexM3\ARM_GCC_441\Debug\Solinst Driver.a(cyPm.o) (memset)
c:/program files (x86)/cypress/psoc creator/2.2/psoc creator/import/gnu_cs/arm/4.4.1/bin/../lib/gcc/arm-none-eabi/4.4.1/../../../../arm-none-eabi/lib/thumb2\libc.a(lib_a-strtod.o)
                              c:/program files (x86)/cypress/psoc creator/2.2/psoc creator/import/gnu_cs/arm/4.4.1/bin/../lib/gcc/arm-none-eabi/4.4.1/../../../../arm-none-eabi/lib/thumb2\libc.a(lib_a-atof.o) (strtod)
c:/program files (x86)/cypress/psoc creator/2.2/psoc creator/import/gnu_cs/arm/4.4.1/bin/../lib/gcc/arm-none-eabi/4.4.1/../../../../arm-none-eabi/lib/thumb2\libc.a(lib_a-gdtoa-gethex.o)
                              c:/program files (x86)/cypress/psoc creator/2.2/psoc creator/import/gnu_cs/arm/4.4.1/bin/../lib/gcc/arm-none-eabi/4.4.1/../../../../arm-none-eabi/lib/thumb2\libc.a(lib_a-strtod.o) (__gethex)
c:/program files (x86)/cypress/psoc creator/2.2/psoc creator/import/gnu_cs/arm/4.4.1/bin/../lib/gcc/arm-none-eabi/4.4.1/../../../../arm-none-eabi/lib/thumb2\libc.a(lib_a-gdtoa-hexnan.o)
                              c:/program files (x86)/cypress/psoc creator/2.2/psoc creator/import/gnu_cs/arm/4.4.1/bin/../lib/gcc/arm-none-eabi/4.4.1/../../../../arm-none-eabi/lib/thumb2\libc.a(lib_a-strtod.o) (__hexnan)
c:/program files (x86)/cypress/psoc creator/2.2/psoc creator/import/gnu_cs/arm/4.4.1/bin/../lib/gcc/arm-none-eabi/4.4.1/../../../../arm-none-eabi/lib/thumb2\libc.a(lib_a-impure.o)
                              c:/program files (x86)/cypress/psoc creator/2.2/psoc creator/import/gnu_cs/arm/4.4.1/bin/../lib/gcc/arm-none-eabi/4.4.1/../../../../arm-none-eabi/lib/thumb2\libc.a(lib_a-strtod.o) (_impure_ptr)
c:/program files (x86)/cypress/psoc creator/2.2/psoc creator/import/gnu_cs/arm/4.4.1/bin/../lib/gcc/arm-none-eabi/4.4.1/../../../../arm-none-eabi/lib/thumb2\libc.a(lib_a-mprec.o)
[...]
Memory Configuration

Name             Origin             Length             Attributes
rom              0x00000000         0x00040000         xr
ram              0x1fff8000         0x0000b000         xrw
*default*        0x00000000         0xffffffff

Linker script and memory map

LOAD c:/program files (x86)/cypress/psoc creator/2.2/psoc creator/import/gnu_cs/arm/4.4.1/bin/../lib/gcc/arm-none-eabi/4.4.1/thumb2/crti.o
LOAD c:/program files (x86)/cypress/psoc creator/2.2/psoc creator/import/gnu_cs/arm/4.4.1/bin/../lib/gcc/arm-none-eabi/4.4.1/thumb2/crtbegin.o
START GROUP
LOAD .\CortexM3\ARM_GCC_441\Debug\main.o
LOAD .\CortexM3\ARM_GCC_441\Debug\solinst_depth.o
LOAD .\CortexM3\ARM_GCC_441\Debug\Cm3Start.o
LOAD .\CortexM3\ARM_GCC_441\Debug\Solinst Driver.a
LOAD C:\Program Files (x86)\Cypress\PSoC Creator\2.2\PSoC Creator\psoc\content\cycomponentlibrary\CyComponentLibrary.cylib\CortexM3\ARM_GCC_441\Debug\CyComponentLibrary.a
END GROUP
START GROUP
LOAD c:/program files (x86)/cypress/psoc creator/2.2/psoc creator/import/gnu_cs/arm/4.4.1/bin/../lib/gcc/arm-none-eabi/4.4.1/thumb2\libgcc.a
LOAD c:/program files (x86)/cypress/psoc creator/2.2/psoc creator/import/gnu_cs/arm/4.4.1/bin/../lib/gcc/arm-none-eabi/4.4.1/../../../../arm-none-eabi/lib/thumb2\libc.a
END GROUP
LOAD c:/program files (x86)/cypress/psoc creator/2.2/psoc creator/import/gnu_cs/arm/4.4.1/bin/../lib/gcc/arm-none-eabi/4.4.1/thumb2/crtend.o
LOAD c:/program files (x86)/cypress/psoc creator/2.2/psoc creator/import/gnu_cs/arm/4.4.1/bin/../lib/gcc/arm-none-eabi/4.4.1/thumb2/crtn.o
START GROUP
LOAD c:/program files (x86)/cypress/psoc creator/2.2/psoc creator/import/gnu_cs/arm/4.4.1/bin/../lib/gcc/arm-none-eabi/4.4.1/thumb2\libgcc.a
LOAD c:/program files (x86)/cypress/psoc creator/2.2/psoc creator/import/gnu_cs/arm/4.4.1/bin/../lib/gcc/arm-none-eabi/4.4.1/../../../../arm-none-eabi/lib/thumb2\libc.a
LOAD c:/program files (x86)/cypress/psoc creator/2.2/psoc creator/import/gnu_cs/arm/4.4.1/bin/../lib/gcc/arm-none-eabi/4.4.1/../../../../arm-none-eabi/lib/thumb2\libcs3.a
LOAD c:/program files (x86)/cypress/psoc creator/2.2/psoc creator/import/gnu_cs/arm/4.4.1/bin/../lib/gcc/arm-none-eabi/4.4.1/../../../../arm-none-eabi/lib/thumb2\libcs3unhosted.a
LOAD c:/program files (x86)/cypress/psoc creator/2.2/psoc creator/import/gnu_cs/arm/4.4.1/bin/../lib/gcc/arm-none-eabi/4.4.1/../../../../arm-none-eabi/lib/thumb2\libcs3micro.a
END GROUP
                0x1fff8828                PROVIDE (__cs3_heap_start, _end)
                0x00000001                PROVIDE (__cs3_region_num, ((__cs3_regions_end - __cs3_regions) / 0x14))
                0x20008000                PROVIDE (__cs3_stack, 0x20008000)
                0x20004000                PROVIDE (__cs3_heap_end, (__cs3_stack - 0x4000))

.text           0x00000000     0x45d0
 CREATE_OBJECT_SYMBOLS
                0x00000000                PROVIDE (__cs3_interrupt_vector, RomVectors)
 *(.romvectors)
 .romvectors    0x00000000       0x10 .\CortexM3\ARM_GCC_441\Debug\Cm3Start.o
                0x00000000                RomVectors
 *(.cs3.interrupt_vector)
                0x00000001                ASSERT ((. != __cs3_interrupt_vector), No interrupt vector)
                0x000003a8                PROVIDE (__cs3_reset, Reset)
 *(.cs3.reset)
                0x00000001                ASSERT ((. != __cs3_reset), No reset code)
 *(.dma_init)
                0x00000001                ASSERT ((((0x0 + .) <= 0x10000) || 0x1), DMA Init must be within the first 64k of flash)
 *(.text.cs3.init)
 .text.cs3.init
                0x00000010       0x5c c:/program files (x86)/cypress/psoc creator/2.2/psoc creator/import/gnu_cs/arm/4.4.1/bin/../lib/gcc/arm-none-eabi/4.4.1/../../../../arm-none-eabi/lib/thumb2\libcs3.a(start_c.o)
                0x00000010                __cs3_start_c
 *(.text .text.* .gnu.linkonce.t.*)
 .text          0x0000006c       0x30 c:/program files (x86)/cypress/psoc creator/2.2/psoc creator/import/gnu_cs/arm/4.4.1/bin/../lib/gcc/arm-none-eabi/4.4.1/thumb2/crtbegin.o
 .text.main     0x0000009c       0x20 .\CortexM3\ARM_GCC_441\Debug\main.o
                0x0000009c                main
 .text.solinst_start
                0x000000bc        0xc .\CortexM3\ARM_GCC_441\Debug\solinst_depth.o
                0x000000bc                solinst_start
 .text.solinst_get_reading
                0x000000c8      0x210 .\CortexM3\ARM_GCC_441\Debug\solinst_depth.o
                0x000000c8                solinst_get_reading
 .text.solinst_power_on
                0x000002d8       0x14 .\CortexM3\ARM_GCC_441\Debug\solinst_depth.o
                0x000002d8                solinst_power_on
 .text.solinst_power_off
                0x000002ec       0x14 .\CortexM3\ARM_GCC_441\Debug\solinst_depth.o
                0x000002ec                solinst_power_off
 .text.isr_solinst_byte_rx
                0x00000300       0x50 .\CortexM3\ARM_GCC_441\Debug\solinst_depth.o
                0x00000300                isr_solinst_byte_rx
 .text.uart_solinst_string_reset
                0x00000350       0x50 .\CortexM3\ARM_GCC_441\Debug\solinst_depth.o
                0x00000350                uart_solinst_string_reset
 .text.IntDefaultHandler
                0x000003a0        0x8 .\CortexM3\ARM_GCC_441\Debug\Cm3Start.o
                0x000003a0                IntDefaultHandler
 .text.Reset    0x000003a8       0x24 .\CortexM3\ARM_GCC_441\Debug\Cm3Start.o
                0x000003a8                Reset
 .text.initialize_psoc
                0x000003cc       0xb4 .\CortexM3\ARM_GCC_441\Debug\Cm3Start.o
                0x000003cc                initialize_psoc
 .text.CyDelay  0x00000480       0x48 .\CortexM3\ARM_GCC_441\Debug\Solinst Driver.a(CyLib.o)
                0x00000480                CyDelay
 .text.uart_solinst_Start
                0x000004c8       0x2c .\CortexM3\ARM_GCC_441\Debug\Solinst Driver.a(uart_solinst.o)
                0x000004c8                uart_solinst_Start
 .text.uart_solinst_Init
                0x000004f4       0x64 .\CortexM3\ARM_GCC_441\Debug\Solinst Driver.a(uart_solinst.o)
                0x000004f4                uart_solinst_Init
 .text.uart_solinst_Enable
                0x00000558       0x78 .\CortexM3\ARM_GCC_441\Debug\Solinst Driver.a(uart_solinst.o)
                0x00000558                uart_solinst_Enable
 .text.uart_solinst_GetChar
                0x000005d0       0x4c .\CortexM3\ARM_GCC_441\Debug\Solinst Driver.a(uart_solinst.o)
                0x000005d0                uart_solinst_GetChar
 .text.uart_solinst_ClearRxBuffer
                0x0000061c       0x54 .\CortexM3\ARM_GCC_441\Debug\Solinst Driver.a(uart_solinst.o)
                0x0000061c                uart_solinst_ClearRxBuffer
 .text.uart_solinst_SetRxAddressMode
                0x00000670       0x44 .\CortexM3\ARM_GCC_441\Debug\Solinst Driver.a(uart_solinst.o)
                0x00000670                uart_solinst_SetRxAddressMode
 .text.uart_solinst_SetRxAddress1
                0x000006b4       0x20 .\CortexM3\ARM_GCC_441\Debug\Solinst Driver.a(uart_solinst.o)
                0x000006b4                uart_solinst_SetRxAddress1
 .text.uart_solinst_SetRxAddress2
                0x000006d4       0x20 .\CortexM3\ARM_GCC_441\Debug\Solinst Driver.a(uart_solinst.o)
                0x000006d4                uart_solinst_SetRxAddress2
 .text.uart_solinst_PutChar
                0x000006f4       0x34 .\CortexM3\ARM_GCC_441\Debug\Solinst Driver.a(uart_solinst.o)
                0x000006f4                uart_solinst_PutChar
 .text.uart_solinst_PutArray
                0x00000728       0x48 .\CortexM3\ARM_GCC_441\Debug\Solinst Driver.a(uart_solinst.o)
                0x00000728                uart_solinst_PutArray
 .text.isr_solinst_byte_rx_StartEx
                0x00000770       0x28 .\CortexM3\ARM_GCC_441\Debug\Solinst Driver.a(isr_solinst_byte_rx.o)
                0x00000770                isr_solinst_byte_rx_StartEx
 .text.isr_solinst_byte_rx_Stop
                0x00000798       0x18 .\CortexM3\ARM_GCC_441\Debug\Solinst Driver.a(isr_solinst_byte_rx.o)
                0x00000798                isr_solinst_byte_rx_Stop
 .text.isr_solinst_byte_rx_SetVector
                0x000007b0       0x28 .\CortexM3\ARM_GCC_441\Debug\Solinst Driver.a(isr_solinst_byte_rx.o)
                0x000007b0                isr_solinst_byte_rx_SetVector
 .text.isr_solinst_byte_rx_SetPriority
                0x000007d8       0x28 .\CortexM3\ARM_GCC_441\Debug\Solinst Driver.a(isr_solinst_byte_rx.o)
                0x000007d8                isr_solinst_byte_rx_SetPriority
 .text.isr_solinst_byte_rx_Enable
                0x00000800       0x18 .\CortexM3\ARM_GCC_441\Debug\Solinst Driver.a(isr_solinst_byte_rx.o)
                0x00000800                isr_solinst_byte_rx_Enable
 .text.isr_solinst_byte_rx_Disable
                0x00000818       0x18 .\CortexM3\ARM_GCC_441\Debug\Solinst Driver.a(isr_solinst_byte_rx.o)
                0x00000818                isr_solinst_byte_rx_Disable
 .text.solinst_power_pin_Write
                0x00000830       0x44 .\CortexM3\ARM_GCC_441\Debug\Solinst Driver.a(solinst_power_pin.o)
                0x00000830                solinst_power_pin_Write
 .text.uart_solinst_IntClock_Start
                0x00000874       0x44 .\CortexM3\ARM_GCC_441\Debug\Solinst Driver.a(uart_solinst_IntClock.o)
                0x00000874                uart_solinst_IntClock_Start
 .text.CYMEMZERO8
                0x000008b8       0x3c .\CortexM3\ARM_GCC_441\Debug\Solinst Driver.a(cyfitter_cfg.o)
 .text.CYCONFIGCPY8
                0x000008f4       0x48 .\CortexM3\ARM_GCC_441\Debug\Solinst Driver.a(cyfitter_cfg.o)
 .text.CYMEMZERO
                0x0000093c       0x20 .\CortexM3\ARM_GCC_441\Debug\Solinst Driver.a(cyfitter_cfg.o)
 .text.CYCONFIGCPY
                0x0000095c       0x20 .\CortexM3\ARM_GCC_441\Debug\Solinst Driver.a(cyfitter_cfg.o)
 .text.cfg_write_bytes32
                0x0000097c       0x84 .\CortexM3\ARM_GCC_441\Debug\Solinst Driver.a(cyfitter_cfg.o)
 .text.ClockSetup
                0x00000a00      0x114 .\CortexM3\ARM_GCC_441\Debug\Solinst Driver.a(cyfitter_cfg.o)
 .text.AnalogSetDefault
                0x00000b14       0x98 .\CortexM3\ARM_GCC_441\Debug\Solinst Driver.a(cyfitter_cfg.o)
 .text.cyfitter_cfg
                0x00000bac      0x27c .\CortexM3\ARM_GCC_441\Debug\Solinst Driver.a(cyfitter_cfg.o)
                0x00000bac                cyfitter_cfg
 .text          0x00000e28       0x20 .\CortexM3\ARM_GCC_441\Debug\Solinst Driver.a(CyBootAsmGnu.o)
                0x00000e28                CyDelayCycles
                0x00000e38                CyEnterCriticalSection
                0x00000e40                CyExitCriticalSection
 .text          0x00000e48      0x370 c:/program files (x86)/cypress/psoc creator/2.2/psoc creator/import/gnu_cs/arm/4.4.1/bin/../lib/gcc/arm-none-eabi/4.4.1/thumb2\libgcc.a(_arm_addsubdf3.o)
                0x00000e48                __aeabi_drsub
                0x00000e50                __aeabi_dsub
                0x00000e50                __subdf3
                0x00000e54                __aeabi_dadd
                0x00000e54                __adddf3
                0x000010cc                __floatunsidf
                0x000010cc                __aeabi_ui2d
                0x000010ec                __floatsidf
                0x000010ec                __aeabi_i2d
                0x00001110                __aeabi_f2d
                0x00001110                __extendsfdf2
                0x0000114c                __floatundidf
                0x0000114c                __aeabi_ul2d
                0x0000115c                __floatdidf
                0x0000115c                __aeabi_l2d
 .text          0x000011b8      0x110 c:/program files (x86)/cypress/psoc creator/2.2/psoc creator/import/gnu_cs/arm/4.4.1/bin/../lib/gcc/arm-none-eabi/4.4.1/thumb2\libgcc.a(_arm_cmpdf2.o)
                0x000011b8                __gtdf2
                0x000011b8                __gedf2
                0x000011c0                __ltdf2
                0x000011c0                __ledf2
                0x000011c8                __nedf2
                0x000011c8                __eqdf2
                0x000011c8                __cmpdf2
                0x00001244                __aeabi_cdrcmple
                0x00001254                __aeabi_cdcmpeq
                0x00001254                __aeabi_cdcmple
                0x00001264                __aeabi_dcmpeq
                0x00001278                __aeabi_dcmplt
                0x0000128c                __aeabi_dcmple
                0x000012a0                __aeabi_dcmpge
                0x000012b4                __aeabi_dcmpgt
 .text          0x000012c8       0xa0 c:/program files (x86)/cypress/psoc creator/2.2/psoc creator/import/gnu_cs/arm/4.4.1/bin/../lib/gcc/arm-none-eabi/4.4.1/thumb2\libgcc.a(_arm_truncdfsf2.o)
                0x000012c8                __truncdfsf2
                0x000012c8                __aeabi_d2f
 .text          0x00001368        0x8 c:/program files (x86)/cypress/psoc creator/2.2/psoc creator/import/gnu_cs/arm/4.4.1/bin/../lib/gcc/arm-none-eabi/4.4.1/../../../../arm-none-eabi/lib/thumb2\libc.a(lib_a-atof.o)
                0x00001368                atof
 .text          0x00001370      0x190 c:/program files (x86)/cypress/psoc creator/2.2/psoc creator/import/gnu_cs/arm/4.4.1/bin/../lib/gcc/arm-none-eabi/4.4.1/../../../../arm-none-eabi/lib/thumb2\libc.a(lib_a-memcpy.o)
                0x00001370                memcpy
 .text          0x00001500       0xd4 c:/program files (x86)/cypress/psoc creator/2.2/psoc creator/import/gnu_cs/arm/4.4.1/bin/../lib/gcc/arm-none-eabi/4.4.1/../../../../arm-none-eabi/lib/thumb2\libc.a(lib_a-memset.o)
                0x00001500                memset
 *fill*         0x000015d4        0x4 00
 .text          0x000015d8     0x1010 c:/program files (x86)/cypress/psoc creator/2.2/psoc creator/import/gnu_cs/arm/4.4.1/bin/../lib/gcc/arm-none-eabi/4.4.1/../../../../arm-none-eabi/lib/thumb2\libc.a(lib_a-strtod.o)
                0x000015d8                _strtod_r
                0x00002548                strtof
                0x000025d4                strtod
 .text          0x000025e8      0x5a8 c:/program files (x86)/cypress/psoc creator/2.2/psoc creator/import/gnu_cs/arm/4.4.1/bin/../lib/gcc/arm-none-eabi/4.4.1/../../../../arm-none-eabi/lib/thumb2\libc.a(lib_a-gdtoa-gethex.o)
                0x000025e8                __hexdig_init
                0x000026d4                __gethex
 .text          0x00002b90      0x1bc c:/program files (x86)/cypress/psoc creator/2.2/psoc creator/import/gnu_cs/arm/4.4.1/bin/../lib/gcc/arm-none-eabi/4.4.1/../../../../arm-none-eabi/lib/thumb2\libc.a(lib_a-gdtoa-hexnan.o)
                0x00002b90                __hexnan
 .text          0x00002d4c      0x958 c:/program files (x86)/cypress/psoc creator/2.2/psoc creator/import/gnu_cs/arm/4.4.1/bin/../lib/gcc/arm-none-eabi/4.4.1/../../../../arm-none-eabi/lib/thumb2\libc.a(lib_a-mprec.o)
                0x00002d4c                __hi0bits
                0x00002d8c                __lo0bits
                0x00002df0                __mcmp
                0x00002e30                __ulp
                0x00002e7c                __b2d
                0x00002f24                __ratio
                0x00002f84                _mprec_log10
                0x00002fbc                __copybits
                0x0000300c                __any_on
                0x00003064                _Bfree
                0x0000309c                _Balloc
                0x00003108                __d2b
                0x000031d8                __mdiff
                0x000032d0                __lshift
                0x0000338c                __multiply
                0x000034c0                __i2b
                0x000034d4                __multadd
                0x0000355c                __pow5mult
                0x00003608                __s2b
 .text          0x000036a4       0x5c c:/program files (x86)/cypress/psoc creator/2.2/psoc creator/import/gnu_cs/arm/4.4.1/bin/../lib/gcc/arm-none-eabi/4.4.1/../../../../arm-none-eabi/lib/thumb2\libc.a(lib_a-callocr.o)
                0x000036a4                _calloc_r
 .text          0x00003700       0x20 c:/program files (x86)/cypress/psoc creator/2.2/psoc creator/import/gnu_cs/arm/4.4.1/bin/../lib/gcc/arm-none-eabi/4.4.1/../../../../arm-none-eabi/lib/thumb2\libc.a(lib_a-malloc.o)
                0x00003700                free
                0x00003710                malloc
 .text          0x00003720      0x5a4 c:/program files (x86)/cypress/psoc creator/2.2/psoc creator/import/gnu_cs/arm/4.4.1/bin/../lib/gcc/arm-none-eabi/4.4.1/../../../../arm-none-eabi/lib/thumb2\libc.a(lib_a-mallocr.o)
                0x00003720                _malloc_r
 .text          0x00003cc4        0x8 c:/program files (x86)/cypress/psoc creator/2.2/psoc creator/import/gnu_cs/arm/4.4.1/bin/../lib/gcc/arm-none-eabi/4.4.1/../../../../arm-none-eabi/lib/thumb2\libc.a(lib_a-mlock.o)
                0x00003cc4                __malloc_lock
                0x00003cc8                __malloc_unlock
 .text          0x00003ccc       0x28 c:/program files (x86)/cypress/psoc creator/2.2/psoc creator/import/gnu_cs/arm/4.4.1/bin/../lib/gcc/arm-none-eabi/4.4.1/../../../../arm-none-eabi/lib/thumb2\libc.a(lib_a-sbrkr.o)
                0x00003ccc                _sbrk_r
 .text          0x00003cf4      0x268 c:/program files (x86)/cypress/psoc creator/2.2/psoc creator/import/gnu_cs/arm/4.4.1/bin/../lib/gcc/arm-none-eabi/4.4.1/../../../../arm-none-eabi/lib/thumb2\libc.a(lib_a-freer.o)
                0x00003cf4                _malloc_trim_r
                0x00003d9c                _free_r
 .text          0x00003f5c      0x424 c:/program files (x86)/cypress/psoc creator/2.2/psoc creator/import/gnu_cs/arm/4.4.1/bin/../lib/gcc/arm-none-eabi/4.4.1/thumb2\libgcc.a(_arm_muldivdf3.o)
                0x00003f5c                __aeabi_dmul
                0x00003f5c                __muldf3
                0x000041b0                __divdf3
                0x000041b0                __aeabi_ddiv
 .text          0x00004380       0x50 c:/program files (x86)/cypress/psoc creator/2.2/psoc creator/import/gnu_cs/arm/4.4.1/bin/../lib/gcc/arm-none-eabi/4.4.1/thumb2\libgcc.a(_arm_fixdfsi.o)
                0x00004380                __aeabi_d2iz
                0x00004380                __fixdfsi
 .text          0x000043d0       0x40 c:/program files (x86)/cypress/psoc creator/2.2/psoc creator/import/gnu_cs/arm/4.4.1/bin/../lib/gcc/arm-none-eabi/4.4.1/thumb2\libgcc.a(_arm_fixunsdfsi.o)
                0x000043d0                __aeabi_d2uiz
                0x000043d0                __fixunsdfsi
 .text          0x00004410       0xec c:/program files (x86)/cypress/psoc creator/2.2/psoc creator/import/gnu_cs/arm/4.4.1/bin/../lib/gcc/arm-none-eabi/4.4.1/thumb2\libgcc.a(_arm_cmpsf2.o)
                0x00004410                __gesf2
                0x00004410                __gtsf2
                0x00004418                __lesf2
                0x00004418                __ltsf2
                0x00004420                __nesf2
                0x00004420                __eqsf2
                0x00004420                __cmpsf2
                0x00004480                __aeabi_cfrcmple
                0x00004488                __aeabi_cfcmpeq
                0x00004488                __aeabi_cfcmple
                0x00004498                __aeabi_fcmpeq
                0x000044ac                __aeabi_fcmplt
                0x000044c0                __aeabi_fcmple
                0x000044d4                __aeabi_fcmpge
                0x000044e8                __aeabi_fcmpgt
 .text          0x000044fc       0x30 c:/program files (x86)/cypress/psoc creator/2.2/psoc creator/import/gnu_cs/arm/4.4.1/bin/../lib/gcc/arm-none-eabi/4.4.1/../../../../arm-none-eabi/lib/thumb2\libcs3.a(start_c.o)
                0x000044fc                __cs3_premain
 .text          0x0000452c       0x44 c:/program files (x86)/cypress/psoc creator/2.2/psoc creator/import/gnu_cs/arm/4.4.1/bin/../lib/gcc/arm-none-eabi/4.4.1/../../../../arm-none-eabi/lib/thumb2\libcs3unhosted.a(unhosted-sbrk.o)
                0x0000452c                _sbrk
 .text          0x00004570        0x2 c:/program files (x86)/cypress/psoc creator/2.2/psoc creator/import/gnu_cs/arm/4.4.1/bin/../lib/gcc/arm-none-eabi/4.4.1/../../../../arm-none-eabi/lib/thumb2\libcs3micro.a(micro_isr_interrupt.o)
                0x00004570                __cs3_isr_external_24
                0x00004570                __cs3_isr_external_9
                0x00004570                __cs3_isr_external_14
                0x00004570                __cs3_isr_reserved_9
                0x00004570                __cs3_isr_external_4
                0x00004570                __cs3_isr_external_21
                0x00004570                __cs3_isr_external_0
                0x00004570                __cs3_isr_external_27
                0x00004570                __cs3_isr_external_11
                0x00004570                __cs3_isr_usage_fault
                0x00004570                __cs3_isr_svcall
                0x00004570                __cs3_isr_external_3
                0x00004570                __cs3_isr_mpu_fault
                0x00004570                __cs3_isr_external_16
                0x00004570                __cs3_isr_pendsv
                0x00004570                __cs3_isr_external_31
                0x00004570                __cs3_isr_nmi
                0x00004570                __cs3_isr_external_5
                0x00004570                __cs3_isr_external_6
                0x00004570                __cs3_isr_external_12
                0x00004570                __cs3_isr_hard_fault
                0x00004570                __cs3_isr_bus_fault
                0x00004570                __cs3_isr_external_1
                0x00004570                __cs3_isr_external_13
                0x00004570                __cs3_isr_external_30
                0x00004570                __cs3_isr_external_23
                0x00004570                __cs3_isr_external_20
                0x00004570                __cs3_isr_debug
                0x00004570                __cs3_isr_reserved_13
                0x00004570                __cs3_isr_external_8
                0x00004570                __cs3_isr_external_26
                0x00004570                __cs3_isr_reserved_8
                0x00004570                __cs3_isr_reserved_7
                0x00004570                __cs3_isr_external_7
                0x00004570                __cs3_isr_external_28
                0x00004570                __cs3_isr_systick
                0x00004570                __cs3_isr_external_22
                0x00004570                __cs3_isr_external_10
                0x00004570                __cs3_isr_external_15
                0x00004570                __cs3_isr_interrupt
                0x00004570                __cs3_isr_external_18
                0x00004570                __cs3_isr_external_29
                0x00004570                __cs3_isr_external_25
                0x00004570                __cs3_isr_reserved_10
                0x00004570                __cs3_isr_external_2
                0x00004570                __cs3_isr_external_17
                0x00004570                __cs3_isr_external_19
 *fill*         0x00004572        0x2 00
 .text          0x00004574        0xc c:/program files (x86)/cypress/psoc creator/2.2/psoc creator/import/gnu_cs/arm/4.4.1/bin/../lib/gcc/arm-none-eabi/4.4.1/../../../../arm-none-eabi/lib/thumb2\libc.a(lib_a-errno.o)
                0x00004574                __errno
 .text          0x00004580       0x50 c:/program files (x86)/cypress/psoc creator/2.2/psoc creator/import/gnu_cs/arm/4.4.1/bin/../lib/gcc/arm-none-eabi/4.4.1/../../../../arm-none-eabi/lib/thumb2\libc.a(lib_a-init.o)
                0x00004580                __libc_init_array
 *(.plt)
 *(.gnu.warning)
 *(.glue_7t)
 .glue_7t       0x00000000        0x0 linker stubs
 *(.glue_7)
 .glue_7        0x00000000        0x0 linker stubs
 *(.vfp11_veneer)
 .vfp11_veneer  0x00000000        0x0 linker stubs
 *(.bootloader)
 *(.ARM.extab* .gnu.linkonce.armextab.*)
 *(.gcc_except_table)

.v4_bx          0x000045d0        0x0
 .v4_bx         0x00000000        0x0 linker stubs

.eh_frame_hdr
 *(.eh_frame_hdr)

.eh_frame
 *(.eh_frame)
                0x000045d0                PROVIDE (__exidx_start, .)

.ARM.exidx
 *(.ARM.exidx* .gnu.linkonce.armexidx.*)
                0x000045d0                __exidx_end = .

.rodata         0x000045d0      0x1f0
 *(.rodata .rodata.* .gnu.linkonce.r.*)
 .rodata        0x000045d0        0x8 .\CortexM3\ARM_GCC_441\Debug\solinst_depth.o
 .rodata        0x000045d8       0x2c .\CortexM3\ARM_GCC_441\Debug\Solinst Driver.a(cyfitter_cfg.o)
 *fill*         0x00004604        0x4 00
 .rodata        0x00004608       0x28 c:/program files (x86)/cypress/psoc creator/2.2/psoc creator/import/gnu_cs/arm/4.4.1/bin/../lib/gcc/arm-none-eabi/4.4.1/../../../../arm-none-eabi/lib/thumb2\libc.a(lib_a-strtod.o)
 .rodata.str1.4
                0x00004630        0xf c:/program files (x86)/cypress/psoc creator/2.2/psoc creator/import/gnu_cs/arm/4.4.1/bin/../lib/gcc/arm-none-eabi/4.4.1/../../../../arm-none-eabi/lib/thumb2\libc.a(lib_a-strtod.o)
                                 0x10 (size before relaxing)
 *fill*         0x0000463f        0x1 00
 .rodata.str1.4
                0x00004640       0x1b c:/program files (x86)/cypress/psoc creator/2.2/psoc creator/import/gnu_cs/arm/4.4.1/bin/../lib/gcc/arm-none-eabi/4.4.1/../../../../arm-none-eabi/lib/thumb2\libc.a(lib_a-gdtoa-gethex.o)
                                 0x1c (size before relaxing)
 *fill*         0x0000465b        0x1 00
 .rodata.str1.4
                0x0000465c        0x4 c:/program files (x86)/cypress/psoc creator/2.2/psoc creator/import/gnu_cs/arm/4.4.1/bin/../lib/gcc/arm-none-eabi/4.4.1/../../../../arm-none-eabi/lib/thumb2\libc.a(lib_a-impure.o)
 .rodata        0x00004660      0x128 c:/program files (x86)/cypress/psoc creator/2.2/psoc creator/import/gnu_cs/arm/4.4.1/bin/../lib/gcc/arm-none-eabi/4.4.1/../../../../arm-none-eabi/lib/thumb2\libc.a(lib_a-mprec.o)
                0x00004660                __mprec_tens
                0x00004738                __mprec_bigtens
                0x00004760                __mprec_tinytens
                0x00004788                . = ALIGN (0x4)
 *(.init)
 .init          0x00004788        0x4 c:/program files (x86)/cypress/psoc creator/2.2/psoc creator/import/gnu_cs/arm/4.4.1/bin/../lib/gcc/arm-none-eabi/4.4.1/thumb2/crti.o
                0x00004788                _init
 .init          0x0000478c        0x8 c:/program files (x86)/cypress/psoc creator/2.2/psoc creator/import/gnu_cs/arm/4.4.1/bin/../lib/gcc/arm-none-eabi/4.4.1/thumb2/crtn.o
                0x00004794                . = ALIGN (0x4)
                0x00004794                __preinit_array_start = .
 *(.preinit_array)
                0x00004794                __preinit_array_end = .
                0x00004794                . = ALIGN (0x4)
                0x00004794                __init_array_start = .
 *(SORT(.init_array.*))
 *(.init_array)
 .init_array    0x00004794        0x4 c:/program files (x86)/cypress/psoc creator/2.2/psoc creator/import/gnu_cs/arm/4.4.1/bin/../lib/gcc/arm-none-eabi/4.4.1/thumb2/crtbegin.o
 .init_array    0x00004798        0x4 .\CortexM3\ARM_GCC_441\Debug\Cm3Start.o
                0x0000479c                __init_array_end = .
                0x0000479c                . = ALIGN (0x4)
 *(.fini)
 .fini          0x0000479c        0x4 c:/program files (x86)/cypress/psoc creator/2.2/psoc creator/import/gnu_cs/arm/4.4.1/bin/../lib/gcc/arm-none-eabi/4.4.1/thumb2/crti.o
                0x0000479c                _fini
 .fini          0x000047a0        0x8 c:/program files (x86)/cypress/psoc creator/2.2/psoc creator/import/gnu_cs/arm/4.4.1/bin/../lib/gcc/arm-none-eabi/4.4.1/thumb2/crtn.o
                0x000047a8                . = ALIGN (0x4)
                0x000047a8                __fini_array_start = .
 *(.fini_array)
 .fini_array    0x000047a8        0x4 c:/program files (x86)/cypress/psoc creator/2.2/psoc creator/import/gnu_cs/arm/4.4.1/bin/../lib/gcc/arm-none-eabi/4.4.1/thumb2/crtbegin.o
 *(SORT(.fini_array.*))
                0x000047ac                __fini_array_end = .
                0x000047ac                . = ALIGN (0x4)
 *crtbegin.o(.ctors)
 *(EXCLUDE_FILE(*crtend.o) .ctors)
 *(SORT(.ctors.*))
 *crtend.o(.ctors)
                0x000047ac                . = ALIGN (0x4)
 *crtbegin.o(.dtors)
 *(EXCLUDE_FILE(*crtend.o) .dtors)
 *(SORT(.dtors.*))
 *crtend.o(.dtors)
                0x000047ac                . = ALIGN (0x4)
                0x000047ac                __cs3_regions = .
                0x000047ac        0x4 LONG 0x0
                0x000047b0        0x4 LONG 0x47c0 __cs3_region_init_ram
                0x000047b4        0x4 LONG 0x1fff8108 __cs3_region_start_data
                0x000047b8        0x4 LONG 0x548 __cs3_region_init_size_ram
                0x000047bc        0x4 LONG 0x1d8 __cs3_region_zero_size_ram
                0x000047c0                __cs3_regions_end = .
                0x000047c0                . = ALIGN (0x8)
                0x000047c0                _etext = .

.ramvectors     0x1fff8000      0x100
                0x1fff8000                __cs3_region_start_ram = .
 *(.cs3.region-head.ram)
                0x1fff8001                ASSERT ((. == __cs3_region_start_ram), .cs3.region-head.ram not permitted)
 *(.ramvectors)
 .ramvectors    0x1fff8000      0x100 .\CortexM3\ARM_GCC_441\Debug\Cm3Start.o
                0x1fff8000                CyRamVectors

.noinit         0x1fff8100        0x4
 *(.noinit)
 .noinit        0x1fff8100        0x4 .\CortexM3\ARM_GCC_441\Debug\Cm3Start.o

.data           0x1fff8108      0x548 load address 0x000047c0
                0x1fff8108                __cs3_region_start_data = .
 *(.jcr)
 .jcr           0x1fff8108        0x0 c:/program files (x86)/cypress/psoc creator/2.2/psoc creator/import/gnu_cs/arm/4.4.1/bin/../lib/gcc/arm-none-eabi/4.4.1/thumb2/crtbegin.o
 .jcr           0x1fff8108        0x4 c:/program files (x86)/cypress/psoc creator/2.2/psoc creator/import/gnu_cs/arm/4.4.1/bin/../lib/gcc/arm-none-eabi/4.4.1/thumb2/crtend.o
 *(.got.plt)
 *(.got)
 *(.shdata)
 *(.data .data.* .gnu.linkonce.d.*)
 .data          0x1fff810c       0x10 .\CortexM3\ARM_GCC_441\Debug\Solinst Driver.a(CyLib.o)
                0x1fff810c                cydelay_freq_hz
                0x1fff8110                cydelay_freq_khz
                0x1fff8114                cydelay_freq_mhz
                0x1fff8118                cydelay_32k_ms
 .data          0x1fff811c       0x28 c:/program files (x86)/cypress/psoc creator/2.2/psoc creator/import/gnu_cs/arm/4.4.1/bin/../lib/gcc/arm-none-eabi/4.4.1/../../../../arm-none-eabi/lib/thumb2\libc.a(lib_a-strtod.o)
 .data          0x1fff8144       0xf4 c:/program files (x86)/cypress/psoc creator/2.2/psoc creator/import/gnu_cs/arm/4.4.1/bin/../lib/gcc/arm-none-eabi/4.4.1/../../../../arm-none-eabi/lib/thumb2\libc.a(lib_a-impure.o)
                0x1fff8144                _impure_ptr
 .data          0x1fff8238      0x410 c:/program files (x86)/cypress/psoc creator/2.2/psoc creator/import/gnu_cs/arm/4.4.1/bin/../lib/gcc/arm-none-eabi/4.4.1/../../../../arm-none-eabi/lib/thumb2\libc.a(lib_a-mallocr.o)
                0x1fff8238                __malloc_av_
                0x1fff8640                __malloc_sbrk_base
                0x1fff8644                __malloc_trim_threshold
 .data          0x1fff8648        0x4 c:/program files (x86)/cypress/psoc creator/2.2/psoc creator/import/gnu_cs/arm/4.4.1/bin/../lib/gcc/arm-none-eabi/4.4.1/../../../../arm-none-eabi/lib/thumb2\libcs3unhosted.a(unhosted-sbrk.o)
 .data          0x1fff864c        0x4 c:/program files (x86)/cypress/psoc creator/2.2/psoc creator/import/gnu_cs/arm/4.4.1/bin/../lib/gcc/arm-none-eabi/4.4.1/../../../../arm-none-eabi/lib/thumb2\libcs3.a(heap.o)
                0x1fff864c                __cs3_heap_limit
                0x1fff8650                . = ALIGN (0x8)
 *(.ram)
                0x1fff8650                _edata = .

.bss            0x1fff8650      0x1d8 load address 0x00004d08
 *(.shbss)
 *(.bss .bss.* .gnu.linkonce.b.*)
 .bss           0x1fff8650        0x1 c:/program files (x86)/cypress/psoc creator/2.2/psoc creator/import/gnu_cs/arm/4.4.1/bin/../lib/gcc/arm-none-eabi/4.4.1/thumb2/crtbegin.o
 *fill*         0x1fff8651        0x3 00
 .bss           0x1fff8654       0x10 .\CortexM3\ARM_GCC_441\Debug\solinst_depth.o
                0x1fff8654                uart_solinst_string_index
                0x1fff8658                reading
 .bss           0x1fff8664        0x2 .\CortexM3\ARM_GCC_441\Debug\Solinst Driver.a(uart_solinst.o)
                0x1fff8664                uart_solinst_initVar
 *fill*         0x1fff8666        0x2 00
 .bss           0x1fff8668       0x34 c:/program files (x86)/cypress/psoc creator/2.2/psoc creator/import/gnu_cs/arm/4.4.1/bin/../lib/gcc/arm-none-eabi/4.4.1/../../../../arm-none-eabi/lib/thumb2\libc.a(lib_a-mallocr.o)
                0x1fff8668                __malloc_top_pad
                0x1fff866c                __malloc_current_mallinfo
                0x1fff8694                __malloc_max_sbrked_mem
                0x1fff8698                __malloc_max_total_mem
 *(COMMON)
 COMMON         0x1fff869c       0x80 .\CortexM3\ARM_GCC_441\Debug\solinst_depth.o
                0x1fff869c                uart_solinst_received_string
 COMMON         0x1fff871c        0x1 .\CortexM3\ARM_GCC_441\Debug\Solinst Driver.a(CyLib.o)
                0x1fff871c                CyResetStatus
 *fill*         0x1fff871d        0x3 00
 COMMON         0x1fff8720      0x100 c:/program files (x86)/cypress/psoc creator/2.2/psoc creator/import/gnu_cs/arm/4.4.1/bin/../lib/gcc/arm-none-eabi/4.4.1/../../../../arm-none-eabi/lib/thumb2\libc.a(lib_a-gdtoa-gethex.o)
                0x1fff8720                __hexdig
 COMMON         0x1fff8820        0x4 c:/program files (x86)/cypress/psoc creator/2.2/psoc creator/import/gnu_cs/arm/4.4.1/bin/../lib/gcc/arm-none-eabi/4.4.1/../../../../arm-none-eabi/lib/thumb2\libc.a(lib_a-reent.o)
                0x1fff8820                errno
                0x1fff8828                . = ALIGN (0x8)
 *fill*         0x1fff8824        0x4 00
 *(.ram.b)
                0x1fff8828                _end = .
                0x1fff8828                __end = .
                0x20003000                __cs3_region_end_ram = (__cs3_region_start_ram + 0xb000)
                0x0000b000                __cs3_region_size_ram = 0xb000
                0x000047c0                __cs3_region_init_ram = LOADADDR (.data)
                0x00000548                __cs3_region_init_size_ram = (_edata - ADDR (.data))
                0x000001d8                __cs3_region_zero_size_ram = (_end - _edata)

.stab
 *(.stab)

.stabstr
 *(.stabstr)

.debug
 *(.debug)

.line
 *(.line)

.debug_srcinfo
 *(.debug_srcinfo)

.debug_sfnames
 *(.debug_sfnames)

.comment        0x00000000      0x204
 .comment       0x00000000       0x2b .\CortexM3\ARM_GCC_441\Debug\main.o
 .comment       0x0000002b       0x2b .\CortexM3\ARM_GCC_441\Debug\solinst_depth.o
 .comment       0x00000056       0x2b .\CortexM3\ARM_GCC_441\Debug\Cm3Start.o
 .comment       0x00000081       0x2b .\CortexM3\ARM_GCC_441\Debug\Solinst Driver.a(CyLib.o)
 .comment       0x000000ac       0x2b .\CortexM3\ARM_GCC_441\Debug\Solinst Driver.a(cyPm.o)
 .comment       0x000000d7       0x2b .\CortexM3\ARM_GCC_441\Debug\Solinst Driver.a(uart_solinst.o)
 .comment       0x00000102       0x2b .\CortexM3\ARM_GCC_441\Debug\Solinst Driver.a(isr_solinst_byte_rx.o)
 .comment       0x0000012d       0x2b .\CortexM3\ARM_GCC_441\Debug\Solinst Driver.a(solinst_power_pin.o)
 .comment       0x00000158       0x2b .\CortexM3\ARM_GCC_441\Debug\Solinst Driver.a(uart_solinst_IntClock.o)
 .comment       0x00000183       0x2b .\CortexM3\ARM_GCC_441\Debug\Solinst Driver.a(cyfitter_cfg.o)
 .comment       0x000001ae       0x2b .\CortexM3\ARM_GCC_441\Debug\Solinst Driver.a(CyFlash.o)
 .comment       0x000001d9       0x2b .\CortexM3\ARM_GCC_441\Debug\Solinst Driver.a(CySpc.o)

.debug_aranges  0x00000000      0x6a8
 *(.debug_aranges)
 .debug_aranges
                0x00000000       0x20 .\CortexM3\ARM_GCC_441\Debug\main.o
 .debug_aranges
                0x00000020       0x50 .\CortexM3\ARM_GCC_441\Debug\solinst_depth.o
 .debug_aranges
                0x00000070       0x30 .\CortexM3\ARM_GCC_441\Debug\Cm3Start.o
 .debug_aranges
                0x000000a0      0x1e0 .\CortexM3\ARM_GCC_441\Debug\Solinst Driver.a(CyLib.o)
 .debug_aranges
                0x00000280       0xb8 .\CortexM3\ARM_GCC_441\Debug\Solinst Driver.a(cyPm.o)
 .debug_aranges
                0x00000338       0xf0 .\CortexM3\ARM_GCC_441\Debug\Solinst Driver.a(uart_solinst.o)
 .debug_aranges
                0x00000428       0x80 .\CortexM3\ARM_GCC_441\Debug\Solinst Driver.a(isr_solinst_byte_rx.o)
 .debug_aranges
                0x000004a8       0x38 .\CortexM3\ARM_GCC_441\Debug\Solinst Driver.a(solinst_power_pin.o)
 .debug_aranges
                0x000004e0       0x68 .\CortexM3\ARM_GCC_441\Debug\Solinst Driver.a(uart_solinst_IntClock.o)
 .debug_aranges
                0x00000548       0x70 .\CortexM3\ARM_GCC_441\Debug\Solinst Driver.a(cyfitter_cfg.o)
 .debug_aranges
                0x000005b8       0x20 .\CortexM3\ARM_GCC_441\Debug\Solinst Driver.a(CyBootAsmGnu.o)
 .debug_aranges
                0x000005d8       0x68 .\CortexM3\ARM_GCC_441\Debug\Solinst Driver.a(CyFlash.o)
 .debug_aranges
                0x00000640       0x68 .\CortexM3\ARM_GCC_441\Debug\Solinst Driver.a(CySpc.o)

.debug_pubnames
                0x00000000     0x101e
 *(.debug_pubnames)
 .debug_pubnames
                0x00000000       0x1b .\CortexM3\ARM_GCC_441\Debug\main.o
 .debug_pubnames
                0x0000001b       0xf9 .\CortexM3\ARM_GCC_441\Debug\solinst_depth.o
 .debug_pubnames
                0x00000114       0x66 .\CortexM3\ARM_GCC_441\Debug\Cm3Start.o
 .debug_pubnames
                0x0000017a      0x4be .\CortexM3\ARM_GCC_441\Debug\Solinst Driver.a(CyLib.o)
 .debug_pubnames
                0x00000638       0xbb .\CortexM3\ARM_GCC_441\Debug\Solinst Driver.a(cyPm.o)
 .debug_pubnames
                0x000006f3      0x344 .\CortexM3\ARM_GCC_441\Debug\Solinst Driver.a(uart_solinst.o)
 .debug_pubnames
                0x00000a37      0x1c3 .\CortexM3\ARM_GCC_441\Debug\Solinst Driver.a(isr_solinst_byte_rx.o)
 .debug_pubnames
                0x00000bfa       0x8e .\CortexM3\ARM_GCC_441\Debug\Solinst Driver.a(solinst_power_pin.o)
 .debug_pubnames
                0x00000c88      0x1aa .\CortexM3\ARM_GCC_441\Debug\Solinst Driver.a(uart_solinst_IntClock.o)
 .debug_pubnames
                0x00000e32       0x3d .\CortexM3\ARM_GCC_441\Debug\Solinst Driver.a(cyfitter_cfg.o)
 .debug_pubnames
                0x00000e6f       0xdf .\CortexM3\ARM_GCC_441\Debug\Solinst Driver.a(CyFlash.o)
 .debug_pubnames
                0x00000f4e       0xd0 .\CortexM3\ARM_GCC_441\Debug\Solinst Driver.a(CySpc.o)

.debug_info     0x00000000     0x2db0
 *(.debug_info .gnu.linkonce.wi.*)
 .debug_info    0x00000000      0x115 .\CortexM3\ARM_GCC_441\Debug\main.o
 .debug_info    0x00000115      0x271 .\CortexM3\ARM_GCC_441\Debug\solinst_depth.o
 .debug_info    0x00000386      0x168 .\CortexM3\ARM_GCC_441\Debug\Cm3Start.o
 .debug_info    0x000004ee      0xbce .\CortexM3\ARM_GCC_441\Debug\Solinst Driver.a(CyLib.o)
 .debug_info    0x000010bc      0x63e .\CortexM3\ARM_GCC_441\Debug\Solinst Driver.a(cyPm.o)
 .debug_info    0x000016fa      0x56b .\CortexM3\ARM_GCC_441\Debug\Solinst Driver.a(uart_solinst.o)
 .debug_info    0x00001c65      0x23b .\CortexM3\ARM_GCC_441\Debug\Solinst Driver.a(isr_solinst_byte_rx.o)
 .debug_info    0x00001ea0      0x120 .\CortexM3\ARM_GCC_441\Debug\Solinst Driver.a(solinst_power_pin.o)
 .debug_info    0x00001fc0      0x237 .\CortexM3\ARM_GCC_441\Debug\Solinst Driver.a(uart_solinst_IntClock.o)
 .debug_info    0x000021f7      0x459 .\CortexM3\ARM_GCC_441\Debug\Solinst Driver.a(cyfitter_cfg.o)
 .debug_info    0x00002650       0xac .\CortexM3\ARM_GCC_441\Debug\Solinst Driver.a(CyBootAsmGnu.o)
 .debug_info    0x000026fc      0x308 .\CortexM3\ARM_GCC_441\Debug\Solinst Driver.a(CyFlash.o)
 .debug_info    0x00002a04      0x3ac .\CortexM3\ARM_GCC_441\Debug\Solinst Driver.a(CySpc.o)

.debug_abbrev   0x00000000      0xca5
 *(.debug_abbrev)
 .debug_abbrev  0x00000000       0xa3 .\CortexM3\ARM_GCC_441\Debug\main.o
 .debug_abbrev  0x000000a3      0x13c .\CortexM3\ARM_GCC_441\Debug\solinst_depth.o
 .debug_abbrev  0x000001df       0xec .\CortexM3\ARM_GCC_441\Debug\Cm3Start.o
 .debug_abbrev  0x000002cb      0x182 .\CortexM3\ARM_GCC_441\Debug\Solinst Driver.a(CyLib.o)
 .debug_abbrev  0x0000044d      0x13e .\CortexM3\ARM_GCC_441\Debug\Solinst Driver.a(cyPm.o)
 .debug_abbrev  0x0000058b      0x10c .\CortexM3\ARM_GCC_441\Debug\Solinst Driver.a(uart_solinst.o)
 .debug_abbrev  0x00000697       0xe1 .\CortexM3\ARM_GCC_441\Debug\Solinst Driver.a(isr_solinst_byte_rx.o)
 .debug_abbrev  0x00000778       0x85 .\CortexM3\ARM_GCC_441\Debug\Solinst Driver.a(solinst_power_pin.o)
 .debug_abbrev  0x000007fd       0xcf .\CortexM3\ARM_GCC_441\Debug\Solinst Driver.a(uart_solinst_IntClock.o)
 .debug_abbrev  0x000008cc      0x16d .\CortexM3\ARM_GCC_441\Debug\Solinst Driver.a(cyfitter_cfg.o)
 .debug_abbrev  0x00000a39       0x14 .\CortexM3\ARM_GCC_441\Debug\Solinst Driver.a(CyBootAsmGnu.o)
 .debug_abbrev  0x00000a4d      0x14a .\CortexM3\ARM_GCC_441\Debug\Solinst Driver.a(CyFlash.o)
 .debug_abbrev  0x00000b97      0x10e .\CortexM3\ARM_GCC_441\Debug\Solinst Driver.a(CySpc.o)

.debug_line     0x00000000     0x17ee
 *(.debug_line)
 .debug_line    0x00000000       0x87 .\CortexM3\ARM_GCC_441\Debug\main.o
 .debug_line    0x00000087      0x137 .\CortexM3\ARM_GCC_441\Debug\solinst_depth.o
 .debug_line    0x000001be       0xb8 .\CortexM3\ARM_GCC_441\Debug\Cm3Start.o
 .debug_line    0x00000276      0x5c7 .\CortexM3\ARM_GCC_441\Debug\Solinst Driver.a(CyLib.o)
 .debug_line    0x0000083d      0x3f2 .\CortexM3\ARM_GCC_441\Debug\Solinst Driver.a(cyPm.o)
 .debug_line    0x00000c2f      0x2c2 .\CortexM3\ARM_GCC_441\Debug\Solinst Driver.a(uart_solinst.o)
 .debug_line    0x00000ef1      0x167 .\CortexM3\ARM_GCC_441\Debug\Solinst Driver.a(isr_solinst_byte_rx.o)
 .debug_line    0x00001058       0xbc .\CortexM3\ARM_GCC_441\Debug\Solinst Driver.a(solinst_power_pin.o)
 .debug_line    0x00001114      0x16c .\CortexM3\ARM_GCC_441\Debug\Solinst Driver.a(uart_solinst_IntClock.o)
 .debug_line    0x00001280      0x211 .\CortexM3\ARM_GCC_441\Debug\Solinst Driver.a(cyfitter_cfg.o)
 .debug_line    0x00001491       0x67 .\CortexM3\ARM_GCC_441\Debug\Solinst Driver.a(CyBootAsmGnu.o)
 .debug_line    0x000014f8      0x170 .\CortexM3\ARM_GCC_441\Debug\Solinst Driver.a(CyFlash.o)
 .debug_line    0x00001668      0x186 .\CortexM3\ARM_GCC_441\Debug\Solinst Driver.a(CySpc.o)

.debug_frame    0x00000000     0x1adc
 *(.debug_frame)
 .debug_frame   0x00000000       0x30 .\CortexM3\ARM_GCC_441\Debug\main.o
 .debug_frame   0x00000030       0xe0 .\CortexM3\ARM_GCC_441\Debug\solinst_depth.o
 .debug_frame   0x00000110       0x5c .\CortexM3\ARM_GCC_441\Debug\Cm3Start.o
 .debug_frame   0x0000016c      0x6b8 .\CortexM3\ARM_GCC_441\Debug\Solinst Driver.a(CyLib.o)
 .debug_frame   0x00000824      0x25c .\CortexM3\ARM_GCC_441\Debug\Solinst Driver.a(cyPm.o)
 .debug_frame   0x00000a80      0x32c .\CortexM3\ARM_GCC_441\Debug\Solinst Driver.a(uart_solinst.o)
 .debug_frame   0x00000dac      0x180 .\CortexM3\ARM_GCC_441\Debug\Solinst Driver.a(isr_solinst_byte_rx.o)
 .debug_frame   0x00000f2c       0x80 .\CortexM3\ARM_GCC_441\Debug\Solinst Driver.a(solinst_power_pin.o)
 .debug_frame   0x00000fac      0x130 .\CortexM3\ARM_GCC_441\Debug\Solinst Driver.a(uart_solinst_IntClock.o)
 .debug_frame   0x000010dc      0x158 .\CortexM3\ARM_GCC_441\Debug\Solinst Driver.a(cyfitter_cfg.o)
 .debug_frame   0x00001234      0x140 .\CortexM3\ARM_GCC_441\Debug\Solinst Driver.a(CyFlash.o)
 .debug_frame   0x00001374      0x13c .\CortexM3\ARM_GCC_441\Debug\Solinst Driver.a(CySpc.o)
 .debug_frame   0x000014b0       0x20 c:/program files (x86)/cypress/psoc creator/2.2/psoc creator/import/gnu_cs/arm/4.4.1/bin/../lib/gcc/arm-none-eabi/4.4.1/../../../../arm-none-eabi/lib/thumb2\libc.a(lib_a-atof.o)
 .debug_frame   0x000014d0       0x34 c:/program files (x86)/cypress/psoc creator/2.2/psoc creator/import/gnu_cs/arm/4.4.1/bin/../lib/gcc/arm-none-eabi/4.4.1/../../../../arm-none-eabi/lib/thumb2\libc.a(lib_a-memcpy.o)
 .debug_frame   0x00001504       0x28 c:/program files (x86)/cypress/psoc creator/2.2/psoc creator/import/gnu_cs/arm/4.4.1/bin/../lib/gcc/arm-none-eabi/4.4.1/../../../../arm-none-eabi/lib/thumb2\libc.a(lib_a-memset.o)
 .debug_frame   0x0000152c       0x6c c:/program files (x86)/cypress/psoc creator/2.2/psoc creator/import/gnu_cs/arm/4.4.1/bin/../lib/gcc/arm-none-eabi/4.4.1/../../../../arm-none-eabi/lib/thumb2\libc.a(lib_a-strtod.o)
 .debug_frame   0x00001598       0x6c c:/program files (x86)/cypress/psoc creator/2.2/psoc creator/import/gnu_cs/arm/4.4.1/bin/../lib/gcc/arm-none-eabi/4.4.1/../../../../arm-none-eabi/lib/thumb2\libc.a(lib_a-gdtoa-gethex.o)
 .debug_frame   0x00001604       0x3c c:/program files (x86)/cypress/psoc creator/2.2/psoc creator/import/gnu_cs/arm/4.4.1/bin/../lib/gcc/arm-none-eabi/4.4.1/../../../../arm-none-eabi/lib/thumb2\libc.a(lib_a-gdtoa-hexnan.o)
 .debug_frame   0x00001640      0x240 c:/program files (x86)/cypress/psoc creator/2.2/psoc creator/import/gnu_cs/arm/4.4.1/bin/../lib/gcc/arm-none-eabi/4.4.1/../../../../arm-none-eabi/lib/thumb2\libc.a(lib_a-mprec.o)
 .debug_frame   0x00001880       0x2c c:/program files (x86)/cypress/psoc creator/2.2/psoc creator/import/gnu_cs/arm/4.4.1/bin/../lib/gcc/arm-none-eabi/4.4.1/../../../../arm-none-eabi/lib/thumb2\libc.a(lib_a-callocr.o)
 .debug_frame   0x000018ac       0x30 c:/program files (x86)/cypress/psoc creator/2.2/psoc creator/import/gnu_cs/arm/4.4.1/bin/../lib/gcc/arm-none-eabi/4.4.1/../../../../arm-none-eabi/lib/thumb2\libc.a(lib_a-malloc.o)
 .debug_frame   0x000018dc       0x3c c:/program files (x86)/cypress/psoc creator/2.2/psoc creator/import/gnu_cs/arm/4.4.1/bin/../lib/gcc/arm-none-eabi/4.4.1/../../../../arm-none-eabi/lib/thumb2\libc.a(lib_a-mallocr.o)
 .debug_frame   0x00001918       0x30 c:/program files (x86)/cypress/psoc creator/2.2/psoc creator/import/gnu_cs/arm/4.4.1/bin/../lib/gcc/arm-none-eabi/4.4.1/../../../../arm-none-eabi/lib/thumb2\libc.a(lib_a-mlock.o)
 .debug_frame   0x00001948       0x2c c:/program files (x86)/cypress/psoc creator/2.2/psoc creator/import/gnu_cs/arm/4.4.1/bin/../lib/gcc/arm-none-eabi/4.4.1/../../../../arm-none-eabi/lib/thumb2\libc.a(lib_a-sbrkr.o)
 .debug_frame   0x00001974       0x50 c:/program files (x86)/cypress/psoc creator/2.2/psoc creator/import/gnu_cs/arm/4.4.1/bin/../lib/gcc/arm-none-eabi/4.4.1/../../../../arm-none-eabi/lib/thumb2\libc.a(lib_a-freer.o)
 .debug_frame   0x000019c4       0x64 c:/program files (x86)/cypress/psoc creator/2.2/psoc creator/import/gnu_cs/arm/4.4.1/bin/../lib/gcc/arm-none-eabi/4.4.1/../../../../arm-none-eabi/lib/thumb2\libc.a(lib_a-reent.o)
 .debug_frame   0x00001a28       0x40 c:/program files (x86)/cypress/psoc creator/2.2/psoc creator/import/gnu_cs/arm/4.4.1/bin/../lib/gcc/arm-none-eabi/4.4.1/../../../../arm-none-eabi/lib/thumb2\libcs3.a(start_c.o)
 .debug_frame   0x00001a68       0x28 c:/program files (x86)/cypress/psoc creator/2.2/psoc creator/import/gnu_cs/arm/4.4.1/bin/../lib/gcc/arm-none-eabi/4.4.1/../../../../arm-none-eabi/lib/thumb2\libcs3unhosted.a(unhosted-sbrk.o)
 .debug_frame   0x00001a90       0x20 c:/program files (x86)/cypress/psoc creator/2.2/psoc creator/import/gnu_cs/arm/4.4.1/bin/../lib/gcc/arm-none-eabi/4.4.1/../../../../arm-none-eabi/lib/thumb2\libc.a(lib_a-errno.o)
 .debug_frame   0x00001ab0       0x2c c:/program files (x86)/cypress/psoc creator/2.2/psoc creator/import/gnu_cs/arm/4.4.1/bin/../lib/gcc/arm-none-eabi/4.4.1/../../../../arm-none-eabi/lib/thumb2\libc.a(lib_a-init.o)

.debug_str      0x00000000     0x1715
 *(.debug_str)
 .debug_str     0x00000000      0x105 .\CortexM3\ARM_GCC_441\Debug\main.o
                                0x146 (size before relaxing)
 .debug_str     0x00000105       0xde .\CortexM3\ARM_GCC_441\Debug\solinst_depth.o
                                0x21c (size before relaxing)
 .debug_str     0x000001e3       0x95 .\CortexM3\ARM_GCC_441\Debug\Cm3Start.o
                                0x19e (size before relaxing)
 .debug_str     0x00000278      0x5c3 .\CortexM3\ARM_GCC_441\Debug\Solinst Driver.a(CyLib.o)
                                0x6fd (size before relaxing)
 .debug_str     0x0000083b      0x3bd .\CortexM3\ARM_GCC_441\Debug\Solinst Driver.a(cyPm.o)
                                0x4db (size before relaxing)
 .debug_str     0x00000bf8      0x372 .\CortexM3\ARM_GCC_441\Debug\Solinst Driver.a(uart_solinst.o)
                                0x492 (size before relaxing)
 .debug_str     0x00000f6a      0x1ac .\CortexM3\ARM_GCC_441\Debug\Solinst Driver.a(isr_solinst_byte_rx.o)
                                0x2dc (size before relaxing)
 .debug_str     0x00001116       0xaa .\CortexM3\ARM_GCC_441\Debug\Solinst Driver.a(solinst_power_pin.o)
                                0x1b2 (size before relaxing)
 .debug_str     0x000011c0      0x1f4 .\CortexM3\ARM_GCC_441\Debug\Solinst Driver.a(uart_solinst_IntClock.o)
                                0x304 (size before relaxing)
 .debug_str     0x000013b4      0x149 .\CortexM3\ARM_GCC_441\Debug\Solinst Driver.a(cyfitter_cfg.o)
                                0x27b (size before relaxing)
 .debug_str     0x000014fd      0x113 .\CortexM3\ARM_GCC_441\Debug\Solinst Driver.a(CyFlash.o)
                                0x24f (size before relaxing)
 .debug_str     0x00001610      0x105 .\CortexM3\ARM_GCC_441\Debug\Solinst Driver.a(CySpc.o)
                                0x242 (size before relaxing)

.debug_loc      0x00000000     0x220c
 *(.debug_loc)
 .debug_loc     0x00000000       0x37 .\CortexM3\ARM_GCC_441\Debug\main.o
 .debug_loc     0x00000037      0x151 .\CortexM3\ARM_GCC_441\Debug\solinst_depth.o
 .debug_loc     0x00000188       0x62 .\CortexM3\ARM_GCC_441\Debug\Cm3Start.o
 .debug_loc     0x000001ea      0xb67 .\CortexM3\ARM_GCC_441\Debug\Solinst Driver.a(CyLib.o)
 .debug_loc     0x00000d51      0x3b0 .\CortexM3\ARM_GCC_441\Debug\Solinst Driver.a(cyPm.o)
 .debug_loc     0x00001101      0x591 .\CortexM3\ARM_GCC_441\Debug\Solinst Driver.a(uart_solinst.o)
 .debug_loc     0x00001692      0x26b .\CortexM3\ARM_GCC_441\Debug\Solinst Driver.a(isr_solinst_byte_rx.o)
 .debug_loc     0x000018fd       0xc4 .\CortexM3\ARM_GCC_441\Debug\Solinst Driver.a(solinst_power_pin.o)
 .debug_loc     0x000019c1      0x1ea .\CortexM3\ARM_GCC_441\Debug\Solinst Driver.a(uart_solinst_IntClock.o)
 .debug_loc     0x00001bab      0x245 .\CortexM3\ARM_GCC_441\Debug\Solinst Driver.a(cyfitter_cfg.o)
 .debug_loc     0x00001df0      0x1f6 .\CortexM3\ARM_GCC_441\Debug\Solinst Driver.a(CyFlash.o)
 .debug_loc     0x00001fe6      0x226 .\CortexM3\ARM_GCC_441\Debug\Solinst Driver.a(CySpc.o)

.debug_macinfo
 *(.debug_macinfo)

.debug_ranges   0x00000000      0x628
 *(.debug_ranges)
 .debug_ranges  0x00000000       0x18 .\CortexM3\ARM_GCC_441\Debug\main.o
 .debug_ranges  0x00000018       0x48 .\CortexM3\ARM_GCC_441\Debug\solinst_depth.o
 .debug_ranges  0x00000060       0x28 .\CortexM3\ARM_GCC_441\Debug\Cm3Start.o
 .debug_ranges  0x00000088      0x1d8 .\CortexM3\ARM_GCC_441\Debug\Solinst Driver.a(CyLib.o)
 .debug_ranges  0x00000260       0xb0 .\CortexM3\ARM_GCC_441\Debug\Solinst Driver.a(cyPm.o)
 .debug_ranges  0x00000310       0xe8 .\CortexM3\ARM_GCC_441\Debug\Solinst Driver.a(uart_solinst.o)
 .debug_ranges  0x000003f8       0x78 .\CortexM3\ARM_GCC_441\Debug\Solinst Driver.a(isr_solinst_byte_rx.o)
 .debug_ranges  0x00000470       0x30 .\CortexM3\ARM_GCC_441\Debug\Solinst Driver.a(solinst_power_pin.o)
 .debug_ranges  0x000004a0       0x60 .\CortexM3\ARM_GCC_441\Debug\Solinst Driver.a(uart_solinst_IntClock.o)
 .debug_ranges  0x00000500       0x68 .\CortexM3\ARM_GCC_441\Debug\Solinst Driver.a(cyfitter_cfg.o)
 .debug_ranges  0x00000568       0x60 .\CortexM3\ARM_GCC_441\Debug\Solinst Driver.a(CyFlash.o)
 .debug_ranges  0x000005c8       0x60 .\CortexM3\ARM_GCC_441\Debug\Solinst Driver.a(CySpc.o)

.debug_weaknames
 *(.debug_weaknames)

.debug_funcnames
 *(.debug_funcnames)

.debug_typenames
 *(.debug_typenames)

.debug_varnames
 *(.debug_varnames)

.note.gnu.arm.ident
 *(.note.gnu.arm.ident)

.ARM.attributes
                0x00000000       0x25
 *(.ARM.attributes)
 .ARM.attributes
                0x00000000       0x19 c:/program files (x86)/cypress/psoc creator/2.2/psoc creator/import/gnu_cs/arm/4.4.1/bin/../lib/gcc/arm-none-eabi/4.4.1/thumb2/crti.o
 .ARM.attributes
                0x00000019       0x29 c:/program files (x86)/cypress/psoc creator/2.2/psoc creator/import/gnu_cs/arm/4.4.1/bin/../lib/gcc/arm-none-eabi/4.4.1/thumb2/crtbegin.o
 .ARM.attributes
                0x00000042       0x31 .\CortexM3\ARM_GCC_441\Debug\main.o
 .ARM.attributes
                0x00000073       0x31 .\CortexM3\ARM_GCC_441\Debug\solinst_depth.o
 .ARM.attributes
                0x000000a4       0x31 .\CortexM3\ARM_GCC_441\Debug\Cm3Start.o
 .ARM.attributes
                0x000000d5       0x31 .\CortexM3\ARM_GCC_441\Debug\Solinst Driver.a(CyLib.o)
 .ARM.attributes
                0x00000106       0x31 .\CortexM3\ARM_GCC_441\Debug\Solinst Driver.a(cyPm.o)
 .ARM.attributes
                0x00000137       0x31 .\CortexM3\ARM_GCC_441\Debug\Solinst Driver.a(uart_solinst.o)
 .ARM.attributes
                0x00000168       0x31 .\CortexM3\ARM_GCC_441\Debug\Solinst Driver.a(isr_solinst_byte_rx.o)
 .ARM.attributes
                0x00000199       0x31 .\CortexM3\ARM_GCC_441\Debug\Solinst Driver.a(solinst_power_pin.o)
 .ARM.attributes
                0x000001ca       0x31 .\CortexM3\ARM_GCC_441\Debug\Solinst Driver.a(uart_solinst_IntClock.o)
 .ARM.attributes
                0x000001fb       0x31 .\CortexM3\ARM_GCC_441\Debug\Solinst Driver.a(cyfitter_cfg.o)
 .ARM.attributes
                0x0000022c       0x21 .\CortexM3\ARM_GCC_441\Debug\Solinst Driver.a(CyBootAsmGnu.o)
 .ARM.attributes
                0x0000024d       0x31 .\CortexM3\ARM_GCC_441\Debug\Solinst Driver.a(CyFlash.o)
 .ARM.attributes
                0x0000027e       0x31 .\CortexM3\ARM_GCC_441\Debug\Solinst Driver.a(CySpc.o)
 .ARM.attributes
                0x000002af       0x1b c:/program files (x86)/cypress/psoc creator/2.2/psoc creator/import/gnu_cs/arm/4.4.1/bin/../lib/gcc/arm-none-eabi/4.4.1/thumb2\libgcc.a(_arm_addsubdf3.o)
 .ARM.attributes
                0x000002ca       0x1b c:/program files (x86)/cypress/psoc creator/2.2/psoc creator/import/gnu_cs/arm/4.4.1/bin/../lib/gcc/arm-none-eabi/4.4.1/thumb2\libgcc.a(_arm_cmpdf2.o)
 .ARM.attributes
                0x000002e5       0x1b c:/program files (x86)/cypress/psoc creator/2.2/psoc creator/import/gnu_cs/arm/4.4.1/bin/../lib/gcc/arm-none-eabi/4.4.1/thumb2\libgcc.a(_arm_truncdfsf2.o)
 .ARM.attributes
                0x00000300       0x29 c:/program files (x86)/cypress/psoc creator/2.2/psoc creator/import/gnu_cs/arm/4.4.1/bin/../lib/gcc/arm-none-eabi/4.4.1/../../../../arm-none-eabi/lib/thumb2\libc.a(lib_a-atof.o)
 .ARM.attributes
                0x00000329       0x29 c:/program files (x86)/cypress/psoc creator/2.2/psoc creator/import/gnu_cs/arm/4.4.1/bin/../lib/gcc/arm-none-eabi/4.4.1/../../../../arm-none-eabi/lib/thumb2\libc.a(lib_a-memcpy.o)
 .ARM.attributes
                0x00000352       0x29 c:/program files (x86)/cypress/psoc creator/2.2/psoc creator/import/gnu_cs/arm/4.4.1/bin/../lib/gcc/arm-none-eabi/4.4.1/../../../../arm-none-eabi/lib/thumb2\libc.a(lib_a-memset.o)
 .ARM.attributes
                0x0000037b       0x29 c:/program files (x86)/cypress/psoc creator/2.2/psoc creator/import/gnu_cs/arm/4.4.1/bin/../lib/gcc/arm-none-eabi/4.4.1/../../../../arm-none-eabi/lib/thumb2\libc.a(lib_a-strtod.o)
 .ARM.attributes
                0x000003a4       0x29 c:/program files (x86)/cypress/psoc creator/2.2/psoc creator/import/gnu_cs/arm/4.4.1/bin/../lib/gcc/arm-none-eabi/4.4.1/../../../../arm-none-eabi/lib/thumb2\libc.a(lib_a-gdtoa-gethex.o)
 .ARM.attributes
                0x000003cd       0x29 c:/program files (x86)/cypress/psoc creator/2.2/psoc creator/import/gnu_cs/arm/4.4.1/bin/../lib/gcc/arm-none-eabi/4.4.1/../../../../arm-none-eabi/lib/thumb2\libc.a(lib_a-gdtoa-hexnan.o)
 .ARM.attributes
                0x000003f6       0x29 c:/program files (x86)/cypress/psoc creator/2.2/psoc creator/import/gnu_cs/arm/4.4.1/bin/../lib/gcc/arm-none-eabi/4.4.1/../../../../arm-none-eabi/lib/thumb2\libc.a(lib_a-impure.o)
 .ARM.attributes
                0x0000041f       0x29 c:/program files (x86)/cypress/psoc creator/2.2/psoc creator/import/gnu_cs/arm/4.4.1/bin/../lib/gcc/arm-none-eabi/4.4.1/../../../../arm-none-eabi/lib/thumb2\libc.a(lib_a-mprec.o)
 .ARM.attributes
                0x00000448       0x29 c:/program files (x86)/cypress/psoc creator/2.2/psoc creator/import/gnu_cs/arm/4.4.1/bin/../lib/gcc/arm-none-eabi/4.4.1/../../../../arm-none-eabi/lib/thumb2\libc.a(lib_a-callocr.o)
 .ARM.attributes
                0x00000471       0x29 c:/program files (x86)/cypress/psoc creator/2.2/psoc creator/import/gnu_cs/arm/4.4.1/bin/../lib/gcc/arm-none-eabi/4.4.1/../../../../arm-none-eabi/lib/thumb2\libc.a(lib_a-malloc.o)
 .ARM.attributes
                0x0000049a       0x29 c:/program files (x86)/cypress/psoc creator/2.2/psoc creator/import/gnu_cs/arm/4.4.1/bin/../lib/gcc/arm-none-eabi/4.4.1/../../../../arm-none-eabi/lib/thumb2\libc.a(lib_a-mallocr.o)
 .ARM.attributes
                0x000004c3       0x29 c:/program files (x86)/cypress/psoc creator/2.2/psoc creator/import/gnu_cs/arm/4.4.1/bin/../lib/gcc/arm-none-eabi/4.4.1/../../../../arm-none-eabi/lib/thumb2\libc.a(lib_a-mlock.o)
 .ARM.attributes
                0x000004ec       0x29 c:/program files (x86)/cypress/psoc creator/2.2/psoc creator/import/gnu_cs/arm/4.4.1/bin/../lib/gcc/arm-none-eabi/4.4.1/../../../../arm-none-eabi/lib/thumb2\libc.a(lib_a-sbrkr.o)
 .ARM.attributes
                0x00000515       0x29 c:/program files (x86)/cypress/psoc creator/2.2/psoc creator/import/gnu_cs/arm/4.4.1/bin/../lib/gcc/arm-none-eabi/4.4.1/../../../../arm-none-eabi/lib/thumb2\libc.a(lib_a-freer.o)
 .ARM.attributes
                0x0000053e       0x29 c:/program files (x86)/cypress/psoc creator/2.2/psoc creator/import/gnu_cs/arm/4.4.1/bin/../lib/gcc/arm-none-eabi/4.4.1/../../../../arm-none-eabi/lib/thumb2\libc.a(lib_a-reent.o)
 .ARM.attributes
                0x00000567       0x1b c:/program files (x86)/cypress/psoc creator/2.2/psoc creator/import/gnu_cs/arm/4.4.1/bin/../lib/gcc/arm-none-eabi/4.4.1/thumb2\libgcc.a(_arm_muldivdf3.o)
 .ARM.attributes
                0x00000582       0x1b c:/program files (x86)/cypress/psoc creator/2.2/psoc creator/import/gnu_cs/arm/4.4.1/bin/../lib/gcc/arm-none-eabi/4.4.1/thumb2\libgcc.a(_arm_fixdfsi.o)
 .ARM.attributes
                0x0000059d       0x1b c:/program files (x86)/cypress/psoc creator/2.2/psoc creator/import/gnu_cs/arm/4.4.1/bin/../lib/gcc/arm-none-eabi/4.4.1/thumb2\libgcc.a(_arm_fixunsdfsi.o)
 .ARM.attributes
                0x000005b8       0x1b c:/program files (x86)/cypress/psoc creator/2.2/psoc creator/import/gnu_cs/arm/4.4.1/bin/../lib/gcc/arm-none-eabi/4.4.1/thumb2\libgcc.a(_arm_cmpsf2.o)
 .ARM.attributes
                0x000005d3       0x29 c:/program files (x86)/cypress/psoc creator/2.2/psoc creator/import/gnu_cs/arm/4.4.1/bin/../lib/gcc/arm-none-eabi/4.4.1/thumb2/crtend.o
 .ARM.attributes
                0x000005fc       0x19 c:/program files (x86)/cypress/psoc creator/2.2/psoc creator/import/gnu_cs/arm/4.4.1/bin/../lib/gcc/arm-none-eabi/4.4.1/thumb2/crtn.o
 .ARM.attributes
                0x00000615       0x29 c:/program files (x86)/cypress/psoc creator/2.2/psoc creator/import/gnu_cs/arm/4.4.1/bin/../lib/gcc/arm-none-eabi/4.4.1/../../../../arm-none-eabi/lib/thumb2\libcs3.a(start_c.o)
 .ARM.attributes
                0x0000063e       0x29 c:/program files (x86)/cypress/psoc creator/2.2/psoc creator/import/gnu_cs/arm/4.4.1/bin/../lib/gcc/arm-none-eabi/4.4.1/../../../../arm-none-eabi/lib/thumb2\libcs3unhosted.a(unhosted-sbrk.o)
 .ARM.attributes
                0x00000667       0x19 c:/program files (x86)/cypress/psoc creator/2.2/psoc creator/import/gnu_cs/arm/4.4.1/bin/../lib/gcc/arm-none-eabi/4.4.1/../../../../arm-none-eabi/lib/thumb2\libcs3micro.a(micro_isr_interrupt.o)
 .ARM.attributes
                0x00000680       0x29 c:/program files (x86)/cypress/psoc creator/2.2/psoc creator/import/gnu_cs/arm/4.4.1/bin/../lib/gcc/arm-none-eabi/4.4.1/../../../../arm-none-eabi/lib/thumb2\libc.a(lib_a-errno.o)
 .ARM.attributes
                0x000006a9       0x29 c:/program files (x86)/cypress/psoc creator/2.2/psoc creator/import/gnu_cs/arm/4.4.1/bin/../lib/gcc/arm-none-eabi/4.4.1/../../../../arm-none-eabi/lib/thumb2\libc.a(lib_a-init.o)
 .ARM.attributes
                0x000006d2       0x29 c:/program files (x86)/cypress/psoc creator/2.2/psoc creator/import/gnu_cs/arm/4.4.1/bin/../lib/gcc/arm-none-eabi/4.4.1/../../../../arm-none-eabi/lib/thumb2\libcs3.a(heap.o)

/DISCARD/
 *(.note.GNU-stack)
OUTPUT(.\CortexM3\ARM_GCC_441\Debug\Solinst Driver.elf elf32-littlearm)
