Archive member included because of file (symbol)

.\CortexM3\ARM_GCC_441\Debug\Solinst Driver.a(CyLib.o)
                              .\CortexM3\ARM_GCC_441\Debug\Cm3Start.o (CyResetStatus)
.\CortexM3\ARM_GCC_441\Debug\Solinst Driver.a(cyPm.o)
                              .\CortexM3\ARM_GCC_441\Debug\Solinst Driver.a(CyLib.o) (CyPmReadStatus)
.\CortexM3\ARM_GCC_441\Debug\Solinst Driver.a(uart_solinst.o)
                              .\CortexM3\ARM_GCC_441\Debug\solinst_depth.o (uart_solinst_Start)
.\CortexM3\ARM_GCC_441\Debug\Solinst Driver.a(isr_solinst_byte_rx.o)
                              .\CortexM3\ARM_GCC_441\Debug\solinst_depth.o (isr_solinst_byte_rx_StartEx)
.\CortexM3\ARM_GCC_441\Debug\Solinst Driver.a(solinst_power_pin.o)
                              .\CortexM3\ARM_GCC_441\Debug\solinst_depth.o (solinst_power_pin_Write)
.\CortexM3\ARM_GCC_441\Debug\Solinst Driver.a(uart_solinst_IntClock.o)
                              .\CortexM3\ARM_GCC_441\Debug\Solinst Driver.a(uart_solinst.o) (uart_solinst_IntClock_Start)
.\CortexM3\ARM_GCC_441\Debug\Solinst Driver.a(NEOMOTE_1_SD_Card_Power.o)
                              .\CortexM3\ARM_GCC_441\Debug\main.o (NEOMOTE_1_SD_Card_Power_Write)
.\CortexM3\ARM_GCC_441\Debug\Solinst Driver.a(uart_ultrasonic.o)
                              .\CortexM3\ARM_GCC_441\Debug\ultrasonic.o (uart_ultrasonic_Start)
.\CortexM3\ARM_GCC_441\Debug\Solinst Driver.a(isr_byte_ultrasonic_rx.o)
                              .\CortexM3\ARM_GCC_441\Debug\ultrasonic.o (isr_byte_ultrasonic_rx_StartEx)
.\CortexM3\ARM_GCC_441\Debug\Solinst Driver.a(ultrasonic_voltage_pin.o)
                              .\CortexM3\ARM_GCC_441\Debug\ultrasonic.o (ultrasonic_voltage_pin_Write)
.\CortexM3\ARM_GCC_441\Debug\Solinst Driver.a(uart_ultrasonic_IntClock.o)
                              .\CortexM3\ARM_GCC_441\Debug\Solinst Driver.a(uart_ultrasonic.o) (uart_ultrasonic_IntClock_Start)
.\CortexM3\ARM_GCC_441\Debug\Solinst Driver.a(cyfitter_cfg.o)
                              .\CortexM3\ARM_GCC_441\Debug\Cm3Start.o (cyfitter_cfg)
.\CortexM3\ARM_GCC_441\Debug\Solinst Driver.a(CyBootAsmGnu.o)
                              .\CortexM3\ARM_GCC_441\Debug\Solinst Driver.a(CyLib.o) (CyDelayCycles)
.\CortexM3\ARM_GCC_441\Debug\Solinst Driver.a(CyFlash.o)
                              .\CortexM3\ARM_GCC_441\Debug\Solinst Driver.a(cyPm.o) (CyFlash_SetWaitCycles)
.\CortexM3\ARM_GCC_441\Debug\Solinst Driver.a(CySpc.o)
                              .\CortexM3\ARM_GCC_441\Debug\Solinst Driver.a(CyFlash.o) (CySpcStart)
..\..\..\..\hardware\psoc5\neolib\libneomote.a(NeoRTC.o)
                              .\CortexM3\ARM_GCC_441\Debug\main.o (NeoRTC_Start)
..\..\..\..\hardware\psoc5\neolib\libneomote.a(NeoI2C.o)
                              ..\..\..\..\hardware\psoc5\neolib\libneomote.a(NeoRTC.o) (NeoI2C_Start)
..\..\..\emFile_V322b\LinkLibrary\PSoC5\GCC\libemf32nosnlfn.a(FS_Core.o)
                              .\CortexM3\ARM_GCC_441\Debug\main.o (FS_DeInit)
..\..\..\emFile_V322b\LinkLibrary\PSoC5\GCC\libemf32nosnlfn.a(FS_Misc.o)
                              .\CortexM3\ARM_GCC_441\Debug\main.o (FS_Init)
..\..\..\emFile_V322b\LinkLibrary\PSoC5\GCC\libemf32nosnlfn.a(FS_Storage.o)
                              .\CortexM3\ARM_GCC_441\Debug\main.o (FS_GetVolumeName)
..\..\..\emFile_V322b\LinkLibrary\PSoC5\GCC\libemf32nosnlfn.a(FS_Unmount.o)
                              ..\..\..\emFile_V322b\LinkLibrary\PSoC5\GCC\libemf32nosnlfn.a(FS_Misc.o) (FS__UnmountForcedNL)
..\..\..\emFile_V322b\LinkLibrary\PSoC5\GCC\libemf32nosnlfn.a(FS_Volume.o)
                              ..\..\..\emFile_V322b\LinkLibrary\PSoC5\GCC\libemf32nosnlfn.a(FS_Misc.o) (FS__AutoMount)
..\..\..\emFile_V322b\LinkLibrary\PSoC5\GCC\libemf32nosnlfn.a(FS_Write.o)
                              .\CortexM3\ARM_GCC_441\Debug\main.o (FS_Write)
..\..\..\emFile_V322b\LinkLibrary\PSoC5\GCC\libemf32nosnlfn.a(FAT_CheckDisk.o)
                              ..\..\..\emFile_V322b\LinkLibrary\PSoC5\GCC\libemf32nosnlfn.a(FS_Volume.o) (FS_FAT__CheckDisk)
..\..\..\emFile_V322b\LinkLibrary\PSoC5\GCC\libemf32nosnlfn.a(FAT_Dir.o)
                              ..\..\..\emFile_V322b\LinkLibrary\PSoC5\GCC\libemf32nosnlfn.a(FAT_CheckDisk.o) (FS_FAT_CreateDirEx)
..\..\..\emFile_V322b\LinkLibrary\PSoC5\GCC\libemf32nosnlfn.a(FAT_DiskInfo.o)
                              ..\..\..\emFile_V322b\LinkLibrary\PSoC5\GCC\libemf32nosnlfn.a(FS_Volume.o) (FS_FAT_GetDiskInfo)
..\..\..\emFile_V322b\LinkLibrary\PSoC5\GCC\libemf32nosnlfn.a(FAT_Misc.o)
                              ..\..\..\emFile_V322b\LinkLibrary\PSoC5\GCC\libemf32nosnlfn.a(FAT_Dir.o) (FS_FAT_ClusterId2SectorNo)
..\..\..\emFile_V322b\LinkLibrary\PSoC5\GCC\libemf32nosnlfn.a(FAT_Open.o)
                              ..\..\..\emFile_V322b\LinkLibrary\PSoC5\GCC\libemf32nosnlfn.a(FAT_CheckDisk.o) (FS_FAT_InitDirEntryScan)
..\..\..\emFile_V322b\LinkLibrary\PSoC5\GCC\libemf32nosnlfn.a(FAT_VolumeLabel.o)
[...]
Memory Configuration

Name             Origin             Length             Attributes
rom              0x00000000         0x00040000         xr
ram              0x1fff8000         0x0000b000         xrw
*default*        0x00000000         0xffffffff

Linker script and memory map

LOAD c:/program files (x86)/cypress/psoc creator/2.2/psoc creator/import/gnu_cs/arm/4.4.1/bin/../lib/gcc/arm-none-eabi/4.4.1/thumb2/crti.o
LOAD c:/program files (x86)/cypress/psoc creator/2.2/psoc creator/import/gnu_cs/arm/4.4.1/bin/../lib/gcc/arm-none-eabi/4.4.1/thumb2/crtbegin.o
START GROUP
LOAD .\CortexM3\ARM_GCC_441\Debug\main.o
LOAD .\CortexM3\ARM_GCC_441\Debug\solinst_depth.o
LOAD .\CortexM3\ARM_GCC_441\Debug\ultrasonic.o
LOAD .\CortexM3\ARM_GCC_441\Debug\Cm3Start.o
LOAD .\CortexM3\ARM_GCC_441\Debug\Solinst Driver.a
LOAD C:\Program Files (x86)\Cypress\PSoC Creator\2.2\PSoC Creator\psoc\content\cycomponentlibrary\CyComponentLibrary.cylib\CortexM3\ARM_GCC_441\Debug\CyComponentLibrary.a
LOAD ..\..\..\..\hardware\psoc5\neolib\libneomote.a
LOAD ..\..\..\emFile_V322b\LinkLibrary\PSoC5\GCC\libemf32nosnlfn.a
END GROUP
START GROUP
LOAD c:/program files (x86)/cypress/psoc creator/2.2/psoc creator/import/gnu_cs/arm/4.4.1/bin/../lib/gcc/arm-none-eabi/4.4.1/thumb2\libgcc.a
LOAD c:/program files (x86)/cypress/psoc creator/2.2/psoc creator/import/gnu_cs/arm/4.4.1/bin/../lib/gcc/arm-none-eabi/4.4.1/../../../../arm-none-eabi/lib/thumb2\libc.a
END GROUP
LOAD c:/program files (x86)/cypress/psoc creator/2.2/psoc creator/import/gnu_cs/arm/4.4.1/bin/../lib/gcc/arm-none-eabi/4.4.1/thumb2/crtend.o
LOAD c:/program files (x86)/cypress/psoc creator/2.2/psoc creator/import/gnu_cs/arm/4.4.1/bin/../lib/gcc/arm-none-eabi/4.4.1/thumb2/crtn.o
START GROUP
LOAD c:/program files (x86)/cypress/psoc creator/2.2/psoc creator/import/gnu_cs/arm/4.4.1/bin/../lib/gcc/arm-none-eabi/4.4.1/thumb2\libgcc.a
LOAD c:/program files (x86)/cypress/psoc creator/2.2/psoc creator/import/gnu_cs/arm/4.4.1/bin/../lib/gcc/arm-none-eabi/4.4.1/../../../../arm-none-eabi/lib/thumb2\libc.a
LOAD c:/program files (x86)/cypress/psoc creator/2.2/psoc creator/import/gnu_cs/arm/4.4.1/bin/../lib/gcc/arm-none-eabi/4.4.1/../../../../arm-none-eabi/lib/thumb2\libcs3.a
LOAD c:/program files (x86)/cypress/psoc creator/2.2/psoc creator/import/gnu_cs/arm/4.4.1/bin/../lib/gcc/arm-none-eabi/4.4.1/../../../../arm-none-eabi/lib/thumb2\libcs3unhosted.a
LOAD c:/program files (x86)/cypress/psoc creator/2.2/psoc creator/import/gnu_cs/arm/4.4.1/bin/../lib/gcc/arm-none-eabi/4.4.1/../../../../arm-none-eabi/lib/thumb2\libcs3micro.a
END GROUP
                0x1fff9a70                PROVIDE (__cs3_heap_start, _end)
                0x00000001                PROVIDE (__cs3_region_num, ((__cs3_regions_end - __cs3_regions) / 0x14))
                0x20008000                PROVIDE (__cs3_stack, 0x20008000)
                0x20004000                PROVIDE (__cs3_heap_end, (__cs3_stack - 0x4000))

.text           0x00000000     0xe0f0
 CREATE_OBJECT_SYMBOLS
                0x00000000                PROVIDE (__cs3_interrupt_vector, RomVectors)
 *(.romvectors)
 .romvectors    0x00000000       0x10 .\CortexM3\ARM_GCC_441\Debug\Cm3Start.o
                0x00000000                RomVectors
 *(.cs3.interrupt_vector)
                0x00000001                ASSERT ((. != __cs3_interrupt_vector), No interrupt vector)
                0x00000700                PROVIDE (__cs3_reset, Reset)
 *(.cs3.reset)
                0x00000001                ASSERT ((. != __cs3_reset), No reset code)
 *(.dma_init)
                0x00000001                ASSERT ((((0x0 + .) <= 0x10000) || 0x1), DMA Init must be within the first 64k of flash)
 *(.text.cs3.init)
 .text.cs3.init
                0x00000010       0x5c c:/program files (x86)/cypress/psoc creator/2.2/psoc creator/import/gnu_cs/arm/4.4.1/bin/../lib/gcc/arm-none-eabi/4.4.1/../../../../arm-none-eabi/lib/thumb2\libcs3.a(start_c.o)
                0x00000010                __cs3_start_c
 *(.text .text.* .gnu.linkonce.t.*)
 .text          0x0000006c       0x30 c:/program files (x86)/cypress/psoc creator/2.2/psoc creator/import/gnu_cs/arm/4.4.1/bin/../lib/gcc/arm-none-eabi/4.4.1/thumb2/crtbegin.o
 .text.main     0x0000009c       0x30 .\CortexM3\ARM_GCC_441\Debug\main.o
                0x0000009c                main
 .text.Write_To_SD_Card
                0x000000cc       0x74 .\CortexM3\ARM_GCC_441\Debug\main.o
                0x000000cc                Write_To_SD_Card
 .text.rtcCallBackReceived
                0x00000140       0xf0 .\CortexM3\ARM_GCC_441\Debug\main.o
                0x00000140                rtcCallBackReceived
 .text.solinst_start
                0x00000230        0xc .\CortexM3\ARM_GCC_441\Debug\solinst_depth.o
                0x00000230                solinst_start
 .text.solinst_power_on
                0x0000023c       0x14 .\CortexM3\ARM_GCC_441\Debug\solinst_depth.o
                0x0000023c                solinst_power_on
 .text.solinst_power_off
                0x00000250       0x14 .\CortexM3\ARM_GCC_441\Debug\solinst_depth.o
                0x00000250                solinst_power_off
 .text.solinst_get_reading
                0x00000264      0x210 .\CortexM3\ARM_GCC_441\Debug\solinst_depth.o
                0x00000264                solinst_get_reading
 .text.isr_solinst_byte_rx
                0x00000474       0x60 .\CortexM3\ARM_GCC_441\Debug\solinst_depth.o
                0x00000474                isr_solinst_byte_rx
 .text.uart_solinst_string_reset
                0x000004d4       0x50 .\CortexM3\ARM_GCC_441\Debug\solinst_depth.o
                0x000004d4                uart_solinst_string_reset
 .text.ultrasonic_start
                0x00000524        0xc .\CortexM3\ARM_GCC_441\Debug\ultrasonic.o
                0x00000524                ultrasonic_start
 .text.ultrasonic_power_on
                0x00000530       0x14 .\CortexM3\ARM_GCC_441\Debug\ultrasonic.o
                0x00000530                ultrasonic_power_on
 .text.ultrasonic_power_off
                0x00000544       0x14 .\CortexM3\ARM_GCC_441\Debug\ultrasonic.o
                0x00000544                ultrasonic_power_off
 .text.ultrasonic_get_reading
                0x00000558       0xe4 .\CortexM3\ARM_GCC_441\Debug\ultrasonic.o
                0x00000558                ultrasonic_get_reading
 .text.uart_ultrasonic_string_reset
                0x0000063c       0x50 .\CortexM3\ARM_GCC_441\Debug\ultrasonic.o
                0x0000063c                uart_ultrasonic_string_reset
 .text.isr_byte_ultrasonic_rx
                0x0000068c       0x6c .\CortexM3\ARM_GCC_441\Debug\ultrasonic.o
                0x0000068c                isr_byte_ultrasonic_rx
 .text.IntDefaultHandler
                0x000006f8        0x8 .\CortexM3\ARM_GCC_441\Debug\Cm3Start.o
                0x000006f8                IntDefaultHandler
 .text.Reset    0x00000700       0x24 .\CortexM3\ARM_GCC_441\Debug\Cm3Start.o
                0x00000700                Reset
 .text.initialize_psoc
                0x00000724       0xb4 .\CortexM3\ARM_GCC_441\Debug\Cm3Start.o
                0x00000724                initialize_psoc
 .text.CyHalt   0x000007d8       0x18 .\CortexM3\ARM_GCC_441\Debug\Solinst Driver.a(CyLib.o)
                0x000007d8                CyHalt
 .text.CyDelay  0x000007f0       0x48 .\CortexM3\ARM_GCC_441\Debug\Solinst Driver.a(CyLib.o)
                0x000007f0                CyDelay
 .text.CyIntSetVector
                0x00000838       0x60 .\CortexM3\ARM_GCC_441\Debug\Solinst Driver.a(CyLib.o)
                0x00000838                CyIntSetVector
 .text.CyIntSetPriority
                0x00000898       0x4c .\CortexM3\ARM_GCC_441\Debug\Solinst Driver.a(CyLib.o)
                0x00000898                CyIntSetPriority
 .text.uart_solinst_Start
                0x000008e4       0x2c .\CortexM3\ARM_GCC_441\Debug\Solinst Driver.a(uart_solinst.o)
                0x000008e4                uart_solinst_Start
 .text.uart_solinst_Init
                0x00000910       0x64 .\CortexM3\ARM_GCC_441\Debug\Solinst Driver.a(uart_solinst.o)
                0x00000910                uart_solinst_Init
 .text.uart_solinst_Enable
                0x00000974       0x78 .\CortexM3\ARM_GCC_441\Debug\Solinst Driver.a(uart_solinst.o)
                0x00000974                uart_solinst_Enable
 .text.uart_solinst_GetChar
                0x000009ec       0x4c .\CortexM3\ARM_GCC_441\Debug\Solinst Driver.a(uart_solinst.o)
                0x000009ec                uart_solinst_GetChar
 .text.uart_solinst_ClearRxBuffer
                0x00000a38       0x54 .\CortexM3\ARM_GCC_441\Debug\Solinst Driver.a(uart_solinst.o)
                0x00000a38                uart_solinst_ClearRxBuffer
 .text.uart_solinst_SetRxAddressMode
                0x00000a8c       0x44 .\CortexM3\ARM_GCC_441\Debug\Solinst Driver.a(uart_solinst.o)
                0x00000a8c                uart_solinst_SetRxAddressMode
 .text.uart_solinst_SetRxAddress1
                0x00000ad0       0x20 .\CortexM3\ARM_GCC_441\Debug\Solinst Driver.a(uart_solinst.o)
                0x00000ad0                uart_solinst_SetRxAddress1
 .text.uart_solinst_SetRxAddress2
                0x00000af0       0x20 .\CortexM3\ARM_GCC_441\Debug\Solinst Driver.a(uart_solinst.o)
                0x00000af0                uart_solinst_SetRxAddress2
 .text.uart_solinst_PutChar
                0x00000b10       0x34 .\CortexM3\ARM_GCC_441\Debug\Solinst Driver.a(uart_solinst.o)
                0x00000b10                uart_solinst_PutChar
 .text.uart_solinst_PutArray
                0x00000b44       0x48 .\CortexM3\ARM_GCC_441\Debug\Solinst Driver.a(uart_solinst.o)
                0x00000b44                uart_solinst_PutArray
 .text.isr_solinst_byte_rx_StartEx
                0x00000b8c       0x28 .\CortexM3\ARM_GCC_441\Debug\Solinst Driver.a(isr_solinst_byte_rx.o)
                0x00000b8c                isr_solinst_byte_rx_StartEx
 .text.isr_solinst_byte_rx_Stop
                0x00000bb4       0x18 .\CortexM3\ARM_GCC_441\Debug\Solinst Driver.a(isr_solinst_byte_rx.o)
                0x00000bb4                isr_solinst_byte_rx_Stop
 .text.isr_solinst_byte_rx_SetVector
                0x00000bcc       0x28 .\CortexM3\ARM_GCC_441\Debug\Solinst Driver.a(isr_solinst_byte_rx.o)
                0x00000bcc                isr_solinst_byte_rx_SetVector
 .text.isr_solinst_byte_rx_SetPriority
                0x00000bf4       0x28 .\CortexM3\ARM_GCC_441\Debug\Solinst Driver.a(isr_solinst_byte_rx.o)
                0x00000bf4                isr_solinst_byte_rx_SetPriority
 .text.isr_solinst_byte_rx_Enable
                0x00000c1c       0x18 .\CortexM3\ARM_GCC_441\Debug\Solinst Driver.a(isr_solinst_byte_rx.o)
                0x00000c1c                isr_solinst_byte_rx_Enable
 .text.isr_solinst_byte_rx_Disable
                0x00000c34       0x18 .\CortexM3\ARM_GCC_441\Debug\Solinst Driver.a(isr_solinst_byte_rx.o)
                0x00000c34                isr_solinst_byte_rx_Disable
 .text.solinst_power_pin_Write
                0x00000c4c       0x44 .\CortexM3\ARM_GCC_441\Debug\Solinst Driver.a(solinst_power_pin.o)
                0x00000c4c                solinst_power_pin_Write
 .text.uart_solinst_IntClock_Start
                0x00000c90       0x44 .\CortexM3\ARM_GCC_441\Debug\Solinst Driver.a(uart_solinst_IntClock.o)
                0x00000c90                uart_solinst_IntClock_Start
 .text.NEOMOTE_1_SD_Card_Power_Write
                0x00000cd4       0x40 .\CortexM3\ARM_GCC_441\Debug\Solinst Driver.a(NEOMOTE_1_SD_Card_Power.o)
                0x00000cd4                NEOMOTE_1_SD_Card_Power_Write
 .text.uart_ultrasonic_Start
                0x00000d14       0x2c .\CortexM3\ARM_GCC_441\Debug\Solinst Driver.a(uart_ultrasonic.o)
                0x00000d14                uart_ultrasonic_Start
 .text.uart_ultrasonic_Init
                0x00000d40       0x50 .\CortexM3\ARM_GCC_441\Debug\Solinst Driver.a(uart_ultrasonic.o)
                0x00000d40                uart_ultrasonic_Init
 .text.uart_ultrasonic_Enable
                0x00000d90       0x78 .\CortexM3\ARM_GCC_441\Debug\Solinst Driver.a(uart_ultrasonic.o)
                0x00000d90                uart_ultrasonic_Enable
 .text.uart_ultrasonic_GetChar
                0x00000e08       0x4c .\CortexM3\ARM_GCC_441\Debug\Solinst Driver.a(uart_ultrasonic.o)
                0x00000e08                uart_ultrasonic_GetChar
 .text.uart_ultrasonic_ClearRxBuffer
                0x00000e54       0x54 .\CortexM3\ARM_GCC_441\Debug\Solinst Driver.a(uart_ultrasonic.o)
                0x00000e54                uart_ultrasonic_ClearRxBuffer
 .text.isr_byte_ultrasonic_rx_StartEx
                0x00000ea8       0x28 .\CortexM3\ARM_GCC_441\Debug\Solinst Driver.a(isr_byte_ultrasonic_rx.o)
                0x00000ea8                isr_byte_ultrasonic_rx_StartEx
 .text.isr_byte_ultrasonic_rx_SetVector
                0x00000ed0       0x28 .\CortexM3\ARM_GCC_441\Debug\Solinst Driver.a(isr_byte_ultrasonic_rx.o)
                0x00000ed0                isr_byte_ultrasonic_rx_SetVector
 .text.isr_byte_ultrasonic_rx_SetPriority
                0x00000ef8       0x28 .\CortexM3\ARM_GCC_441\Debug\Solinst Driver.a(isr_byte_ultrasonic_rx.o)
                0x00000ef8                isr_byte_ultrasonic_rx_SetPriority
 .text.isr_byte_ultrasonic_rx_Enable
                0x00000f20       0x18 .\CortexM3\ARM_GCC_441\Debug\Solinst Driver.a(isr_byte_ultrasonic_rx.o)
                0x00000f20                isr_byte_ultrasonic_rx_Enable
 .text.isr_byte_ultrasonic_rx_Disable
                0x00000f38       0x18 .\CortexM3\ARM_GCC_441\Debug\Solinst Driver.a(isr_byte_ultrasonic_rx.o)
                0x00000f38                isr_byte_ultrasonic_rx_Disable
 .text.ultrasonic_voltage_pin_Write
                0x00000f50       0x44 .\CortexM3\ARM_GCC_441\Debug\Solinst Driver.a(ultrasonic_voltage_pin.o)
                0x00000f50                ultrasonic_voltage_pin_Write
 .text.uart_ultrasonic_IntClock_Start
                0x00000f94       0x44 .\CortexM3\ARM_GCC_441\Debug\Solinst Driver.a(uart_ultrasonic_IntClock.o)
                0x00000f94                uart_ultrasonic_IntClock_Start
 .text.CYMEMZERO8
                0x00000fd8       0x3c .\CortexM3\ARM_GCC_441\Debug\Solinst Driver.a(cyfitter_cfg.o)
 .text.CYCONFIGCPY8
                0x00001014       0x48 .\CortexM3\ARM_GCC_441\Debug\Solinst Driver.a(cyfitter_cfg.o)
 .text.CYMEMZERO
                0x0000105c       0x20 .\CortexM3\ARM_GCC_441\Debug\Solinst Driver.a(cyfitter_cfg.o)
 .text.CYCONFIGCPY
                0x0000107c       0x20 .\CortexM3\ARM_GCC_441\Debug\Solinst Driver.a(cyfitter_cfg.o)
 .text.cfg_write_bytes32
                0x0000109c       0x84 .\CortexM3\ARM_GCC_441\Debug\Solinst Driver.a(cyfitter_cfg.o)
 .text.ClockSetup
                0x00001120      0x168 .\CortexM3\ARM_GCC_441\Debug\Solinst Driver.a(cyfitter_cfg.o)
 .text.AnalogSetDefault
                0x00001288       0x98 .\CortexM3\ARM_GCC_441\Debug\Solinst Driver.a(cyfitter_cfg.o)
 .text.cyfitter_cfg
                0x00001320      0x398 .\CortexM3\ARM_GCC_441\Debug\Solinst Driver.a(cyfitter_cfg.o)
                0x00001320                cyfitter_cfg
 .text          0x000016b8       0x20 .\CortexM3\ARM_GCC_441\Debug\Solinst Driver.a(CyBootAsmGnu.o)
                0x000016b8                CyDelayCycles
                0x000016c8                CyEnterCriticalSection
                0x000016d0                CyExitCriticalSection
 .text          0x000016d8      0xcac ..\..\..\..\hardware\psoc5\neolib\libneomote.a(NeoRTC.o)
                0x000016d8                NeoRTC_Start
                0x00001704                RTC_Process_Tasks
                0x00001720                task_ProcessRTC
                0x0000176c                NeoRTC_Start_noOS
                0x00001784                vRTC_INT1_ISR
                0x00001790                RTC_Clear_Control_Registers
                0x000017bc                NeoRTC_WriteByteToRegister
                0x000017e4                NeoRTC_ReadByteFromRegister
                0x00001808                NeoRTC_ReadSuccessiveBytesStartingAtRegister
                0x00001834                NeoRTC_WriteSuccessiveBytesStartingAtRegister
                0x0000185c                RTC_Test
                0x000018c8                RTC_Set_Alarm
                0x000018e0                RTC_Set_Repeating_Minute_Alarm
                0x00001924                RTC_Set_Next_Repeating_MinuteAlarm
                0x000019c4                RTC_Enble_Second_Interrupt
                0x000019f4                RTC_Disable_Second_Interrupt
                0x00001a24                RTC_Disable_Clockout
                0x00001a54                RTC_Clear_Second_Interrupt
                0x00001a84                RTC_Process_Int1
                0x00001aec                testSecondFn
                0x00001b28                testAlarmFn
                0x00001b64                CheckBackupBattery
                0x00001b94                Byte_To_BCD
                0x00001be0                BCD_To_Byte
                0x00001c88                RTC_Read_Seconds
                0x00001ca4                RTC_Write_Seconds
                0x00001cd8                Sec_Byte_To_BCD
                0x00001d20                Sec_BCD_To_Byte
                0x00001d48                RTC_Read_Minutes
                0x00001d64                RTC_Write_Minutes
                0x00001d98                Min_Byte_To_BCD
                0x00001dc0                Min_BCD_To_Byte
                0x00001de8                RTC_Read_Hours24
                0x00001e04                RTC_Write_Hours24
                0x00001e38                Hour24_Byte_To_BCD
                0x00001e60                Hour24_BCD_To_Byte
                0x00001e88                RTC_Read_Days
                0x00001ea4                RTC_Write_Days
                0x00001ed8                Day_Byte_To_BCD
                0x00001f00                Day_BCD_To_Byte
                0x00001f28                RTC_Read_WeekDays
                0x00001f44                RTC_Write_WeekDays
                0x00001f78                WeekDay_Byte_To_BCD
                0x00001f94                WeekDay_BCD_To_Byte
                0x00001fb0                RTC_Read_Months
                0x00001fcc                RTC_Write_Months
                0x00002000                Month_Byte_To_BCD
                0x00002028                Month_BCD_To_Byte
                0x00002050                RTC_Read_Years
                0x00002070                RTC_Write_Years
                0x000020a0                Year_Byte_To_BCD
                0x000020c8                Year_BCD_To_Byte
                0x000020f0                RTC_Read_Time
                0x000021a8                RTC_WriteTime
                0x0000222c                RTC_WriteTimeUtc
                0x00002254                RTC_Epoch_To_TimeStruct
                0x000022d8                RTC_Hardware_Busy
                0x000022f0                RTC_Sleep
                0x000022fc                RTC_Wakeup
                0x00002308                NeoRTC_Sleep
                0x00002314                NeoRTC_Wakeup
                0x00002320                NeoRTC_Set_Repeating_Minute_Alarm
                0x0000233c                NeoRTC_Enble_Second_Interrupt
                0x00002348                NeoRTC_Disable_Second_Interrupt
                0x00002354                NeoRTC_Read_Time
                0x00002364                NeoRTC_WriteTime
 .text          0x00002384      0x290 ..\..\..\..\hardware\psoc5\neolib\libneomote.a(NeoI2C.o)
                0x00002384                NeoI2C_Start
                0x00002390                NeoI2C_Write
                0x00002404                NeoI2C_Read
                0x00002450                NeoI2C_WriteByteToRegister
                0x00002484                NeoI2C_ReadByteFromRegister
                0x000024c4                NeoI2C_ReadSuccessiveBytesStartingAtRegister
                0x00002500                NeoI2C_WriteSuccessiveBytesToRegister
 .text.FS__strchr
                0x00002614       0x14 ..\..\..\emFile_V322b\LinkLibrary\PSoC5\GCC\libemf32nosnlfn.a(FS_Core.o)
                0x00002614                FS__strchr
 .text.FS_LoadU32BE
                0x00002628       0x18 ..\..\..\emFile_V322b\LinkLibrary\PSoC5\GCC\libemf32nosnlfn.a(FS_Core.o)
                0x00002628                FS_LoadU32BE
 .text.FS_LoadU32LE
                0x00002640       0x16 ..\..\..\emFile_V322b\LinkLibrary\PSoC5\GCC\libemf32nosnlfn.a(FS_Core.o)
                0x00002640                FS_LoadU32LE
 .text.FS_StoreU32LE
                0x00002656       0x14 ..\..\..\emFile_V322b\LinkLibrary\PSoC5\GCC\libemf32nosnlfn.a(FS_Core.o)
                0x00002656                FS_StoreU32LE
 .text.FS_StoreU16LE
                0x0000266a        0x8 ..\..\..\emFile_V322b\LinkLibrary\PSoC5\GCC\libemf32nosnlfn.a(FS_Core.o)
                0x0000266a                FS_StoreU16LE
 .text.FS_LoadU16LE
                0x00002672        0xa ..\..\..\emFile_V322b\LinkLibrary\PSoC5\GCC\libemf32nosnlfn.a(FS_Core.o)
                0x00002672                FS_LoadU16LE
 .text._Alloc   0x0000267c       0x30 ..\..\..\emFile_V322b\LinkLibrary\PSoC5\GCC\libemf32nosnlfn.a(FS_Core.o)
 .text.FS_Alloc
                0x000026ac        0xc ..\..\..\emFile_V322b\LinkLibrary\PSoC5\GCC\libemf32nosnlfn.a(FS_Core.o)
                0x000026ac                FS_Alloc
 .text.FS_TryAlloc
                0x000026b8        0x4 ..\..\..\emFile_V322b\LinkLibrary\PSoC5\GCC\libemf32nosnlfn.a(FS_Core.o)
                0x000026b8                FS_TryAlloc
 .text.FS_Free  0x000026bc       0x1c ..\..\..\emFile_V322b\LinkLibrary\PSoC5\GCC\libemf32nosnlfn.a(FS_Core.o)
                0x000026bc                FS_Free
 .text.FS_AssignMemory
                0x000026d8        0xc ..\..\..\emFile_V322b\LinkLibrary\PSoC5\GCC\libemf32nosnlfn.a(FS_Core.o)
                0x000026d8                FS_AssignMemory
 .text.FS_AllocZeroed
                0x000026e4       0x16 ..\..\..\emFile_V322b\LinkLibrary\PSoC5\GCC\libemf32nosnlfn.a(FS_Core.o)
                0x000026e4                FS_AllocZeroed
 *fill*         0x000026fa        0x2 00
 .text.FS_STORAGE_DeInit
                0x000026fc       0x20 ..\..\..\emFile_V322b\LinkLibrary\PSoC5\GCC\libemf32nosnlfn.a(FS_Core.o)
                0x000026fc                FS_STORAGE_DeInit
 .text.FS_DeInit
                0x0000271c       0x54 ..\..\..\emFile_V322b\LinkLibrary\PSoC5\GCC\libemf32nosnlfn.a(FS_Core.o)
                0x0000271c                FS_DeInit
 .text.FS_STORAGE_Init
                0x00002770       0x28 ..\..\..\emFile_V322b\LinkLibrary\PSoC5\GCC\libemf32nosnlfn.a(FS_Core.o)
                0x00002770                FS_STORAGE_Init
 .text.FS__AllocSectorBuffer
                0x00002798       0x2c ..\..\..\emFile_V322b\LinkLibrary\PSoC5\GCC\libemf32nosnlfn.a(FS_Misc.o)
                0x00002798                FS__AllocSectorBuffer
 .text.FS__FreeSectorBuffer
                0x000027c4       0x28 ..\..\..\emFile_V322b\LinkLibrary\PSoC5\GCC\libemf32nosnlfn.a(FS_Misc.o)
                0x000027c4                FS__FreeSectorBuffer
 .text.FS__SB_MarkDirty
                0x000027ec        0x6 ..\..\..\emFile_V322b\LinkLibrary\PSoC5\GCC\libemf32nosnlfn.a(FS_Misc.o)
                0x000027ec                FS__SB_MarkDirty
 .text.FS__SB_MarkNotDirty
                0x000027f2        0x6 ..\..\..\emFile_V322b\LinkLibrary\PSoC5\GCC\libemf32nosnlfn.a(FS_Misc.o)
                0x000027f2                FS__SB_MarkNotDirty
 .text.FS__FreeFileHandle
                0x000027f8        0xa ..\..\..\emFile_V322b\LinkLibrary\PSoC5\GCC\libemf32nosnlfn.a(FS_Misc.o)
                0x000027f8                FS__FreeFileHandle
 .text.FS__FreeFileObj
                0x00002802        0xc ..\..\..\emFile_V322b\LinkLibrary\PSoC5\GCC\libemf32nosnlfn.a(FS_Misc.o)
                0x00002802                FS__FreeFileObj
 *fill*         0x0000280e        0x2 00
 .text.FS_Init  0x00002810       0x58 ..\..\..\emFile_V322b\LinkLibrary\PSoC5\GCC\libemf32nosnlfn.a(FS_Misc.o)
                0x00002810                FS_Init
 .text.FS__SB_Create
                0x00002868       0x28 ..\..\..\emFile_V322b\LinkLibrary\PSoC5\GCC\libemf32nosnlfn.a(FS_Misc.o)
                0x00002868                FS__SB_Create
 .text.FS__RemoveDevices
                0x00002890       0x60 ..\..\..\emFile_V322b\LinkLibrary\PSoC5\GCC\libemf32nosnlfn.a(FS_Misc.o)
                0x00002890                FS__RemoveDevices
 .text.FS__FCloseNL
                0x000028f0       0x1e ..\..\..\emFile_V322b\LinkLibrary\PSoC5\GCC\libemf32nosnlfn.a(FS_Misc.o)
                0x000028f0                FS__FCloseNL
 .text.FS__FClose
                0x0000290e       0x1a ..\..\..\emFile_V322b\LinkLibrary\PSoC5\GCC\libemf32nosnlfn.a(FS_Misc.o)
                0x0000290e                FS__FClose
 .text.FS_FClose
                0x00002928        0xa ..\..\..\emFile_V322b\LinkLibrary\PSoC5\GCC\libemf32nosnlfn.a(FS_Misc.o)
                0x00002928                FS_FClose
 *fill*         0x00002932        0x2 00
 .text.FS__AllocFileObj
                0x00002934       0x48 ..\..\..\emFile_V322b\LinkLibrary\PSoC5\GCC\libemf32nosnlfn.a(FS_Misc.o)
                0x00002934                FS__AllocFileObj
 .text.FS__AllocFileHandle
                0x0000297c       0x40 ..\..\..\emFile_V322b\LinkLibrary\PSoC5\GCC\libemf32nosnlfn.a(FS_Misc.o)
                0x0000297c                FS__AllocFileHandle
 .text.FS__OpenEx
                0x000029bc       0x58 ..\..\..\emFile_V322b\LinkLibrary\PSoC5\GCC\libemf32nosnlfn.a(FS_Misc.o)
                0x000029bc                FS__OpenEx
 .text.FS__FOpenEx
                0x00002a14       0x56 ..\..\..\emFile_V322b\LinkLibrary\PSoC5\GCC\libemf32nosnlfn.a(FS_Misc.o)
                0x00002a14                FS__FOpenEx
 *fill*         0x00002a6a        0x2 00
 .text.FS__FOpen
                0x00002a6c       0x48 ..\..\..\emFile_V322b\LinkLibrary\PSoC5\GCC\libemf32nosnlfn.a(FS_Misc.o)
                0x00002a6c                FS__FOpen
 .text.FS_FOpen
                0x00002ab4        0x4 ..\..\..\emFile_V322b\LinkLibrary\PSoC5\GCC\libemf32nosnlfn.a(FS_Misc.o)
                0x00002ab4                FS_FOpen
 .text.FS__SB_Write
                0x00002ab8       0x24 ..\..\..\emFile_V322b\LinkLibrary\PSoC5\GCC\libemf32nosnlfn.a(FS_Misc.o)
                0x00002ab8                FS__SB_Write
 .text._SB_Clean
                0x00002adc       0x24 ..\..\..\emFile_V322b\LinkLibrary\PSoC5\GCC\libemf32nosnlfn.a(FS_Misc.o)
 .text.FS__SB_SetSector
                0x00002b00       0x20 ..\..\..\emFile_V322b\LinkLibrary\PSoC5\GCC\libemf32nosnlfn.a(FS_Misc.o)
                0x00002b00                FS__SB_SetSector
 .text.FS__SB_Clean
                0x00002b20        0x4 ..\..\..\emFile_V322b\LinkLibrary\PSoC5\GCC\libemf32nosnlfn.a(FS_Misc.o)
                0x00002b20                FS__SB_Clean
 .text.FS__SB_Delete
                0x00002b24       0x12 ..\..\..\emFile_V322b\LinkLibrary\PSoC5\GCC\libemf32nosnlfn.a(FS_Misc.o)
                0x00002b24                FS__SB_Delete
 .text.FS__SB_Flush
                0x00002b36        0x8 ..\..\..\emFile_V322b\LinkLibrary\PSoC5\GCC\libemf32nosnlfn.a(FS_Misc.o)
                0x00002b36                FS__SB_Flush
 .text.FS__SB_Read
                0x00002b3e       0x2a ..\..\..\emFile_V322b\LinkLibrary\PSoC5\GCC\libemf32nosnlfn.a(FS_Misc.o)
                0x00002b3e                FS__SB_Read
 .text.FS__AddPhysDevice
                0x00002b68       0x10 ..\..\..\emFile_V322b\LinkLibrary\PSoC5\GCC\libemf32nosnlfn.a(FS_Storage.o)
                0x00002b68                FS__AddPhysDevice
 .text.FS_GetVolumeName
                0x00002b78       0x60 ..\..\..\emFile_V322b\LinkLibrary\PSoC5\GCC\libemf32nosnlfn.a(FS_Storage.o)
                0x00002b78                FS_GetVolumeName
 .text.FS__FindVolume
                0x00002bd8       0x78 ..\..\..\emFile_V322b\LinkLibrary\PSoC5\GCC\libemf32nosnlfn.a(FS_Storage.o)
                0x00002bd8                FS__FindVolume
 .text.FS__AddDevice
                0x00002c50       0x68 ..\..\..\emFile_V322b\LinkLibrary\PSoC5\GCC\libemf32nosnlfn.a(FS_Storage.o)
                0x00002c50                FS__AddDevice
 .text.FS_AddDevice
                0x00002cb8        0x4 ..\..\..\emFile_V322b\LinkLibrary\PSoC5\GCC\libemf32nosnlfn.a(FS_Storage.o)
                0x00002cb8                FS_AddDevice
 .text.FS__IoCtlNL
                0x00002cbc       0x36 ..\..\..\emFile_V322b\LinkLibrary\PSoC5\GCC\libemf32nosnlfn.a(FS_Storage.o)
                0x00002cbc                FS__IoCtlNL
 *fill*         0x00002cf2        0x2 00
 .text.FS__UnmountForcedNL
                0x00002cf4       0x54 ..\..\..\emFile_V322b\LinkLibrary\PSoC5\GCC\libemf32nosnlfn.a(FS_Unmount.o)
                0x00002cf4                FS__UnmountForcedNL
 .text.FS__UnmountNL
                0x00002d48       0x4c ..\..\..\emFile_V322b\LinkLibrary\PSoC5\GCC\libemf32nosnlfn.a(FS_Unmount.o)
                0x00002d48                FS__UnmountNL
 .text._Mount   0x00002d94       0x2e ..\..\..\emFile_V322b\LinkLibrary\PSoC5\GCC\libemf32nosnlfn.a(FS_Volume.o)
 .text.FS__AutoMount
                0x00002dc2       0x14 ..\..\..\emFile_V322b\LinkLibrary\PSoC5\GCC\libemf32nosnlfn.a(FS_Volume.o)
                0x00002dc2                FS__AutoMount
 .text.FS__Write
                0x00002dd6       0x3a ..\..\..\emFile_V322b\LinkLibrary\PSoC5\GCC\libemf32nosnlfn.a(FS_Write.o)
                0x00002dd6                FS__Write
 .text.FS_Write
                0x00002e10        0x4 ..\..\..\emFile_V322b\LinkLibrary\PSoC5\GCC\libemf32nosnlfn.a(FS_Write.o)
                0x00002e10                FS_Write
 .text._ClusterId2FATOff
                0x00002e14       0x18 ..\..\..\emFile_V322b\LinkLibrary\PSoC5\GCC\libemf32nosnlfn.a(FAT_Misc.o)
 .text._CalcLogClusterPos
                0x00002e2c        0xe ..\..\..\emFile_V322b\LinkLibrary\PSoC5\GCC\libemf32nosnlfn.a(FAT_Misc.o)
 .text._ReadFromFreeClusterCache
                0x00002e3a       0x46 ..\..\..\emFile_V322b\LinkLibrary\PSoC5\GCC\libemf32nosnlfn.a(FAT_Misc.o)
 .text.FS_FAT_GetFATType
                0x00002e80       0x1a ..\..\..\emFile_V322b\LinkLibrary\PSoC5\GCC\libemf32nosnlfn.a(FAT_Misc.o)
                0x00002e80                FS_FAT_GetFATType
 .text.FS_FAT_ClusterId2SectorNo
                0x00002e9a        0xc ..\..\..\emFile_V322b\LinkLibrary\PSoC5\GCC\libemf32nosnlfn.a(FAT_Misc.o)
                0x00002e9a                FS_FAT_ClusterId2SectorNo
 .text.FS_FAT_IsValidShortNameChar
                0x00002ea6       0x34 ..\..\..\emFile_V322b\LinkLibrary\PSoC5\GCC\libemf32nosnlfn.a(FAT_Misc.o)
                0x00002ea6                FS_FAT_IsValidShortNameChar
 .text.FS_FAT_CopyShortName
                0x00002eda       0x56 ..\..\..\emFile_V322b\LinkLibrary\PSoC5\GCC\libemf32nosnlfn.a(FAT_Misc.o)
                0x00002eda                FS_FAT_CopyShortName
 .text._SFN_CreateDirEntry
                0x00002f30       0x5a ..\..\..\emFile_V322b\LinkLibrary\PSoC5\GCC\libemf32nosnlfn.a(FAT_Misc.o)
 .text._SFN_FindDirEntry
                0x00002f8a       0x10 ..\..\..\emFile_V322b\LinkLibrary\PSoC5\GCC\libemf32nosnlfn.a(FAT_Misc.o)
 *fill*         0x00002f9a        0x2 00
 .text.FS_FAT_FindDirEntry
                0x00002f9c       0x60 ..\..\..\emFile_V322b\LinkLibrary\PSoC5\GCC\libemf32nosnlfn.a(FAT_Misc.o)
                0x00002f9c                FS_FAT_FindDirEntry
 .text.FS_FAT_CopyDirEntryInfo
                0x00002ffc       0x50 ..\..\..\emFile_V322b\LinkLibrary\PSoC5\GCC\libemf32nosnlfn.a(FAT_Misc.o)
                0x00002ffc                FS_FAT_CopyDirEntryInfo
 .text._SFN_ReadDirEntryInfo
                0x0000304c       0x6e ..\..\..\emFile_V322b\LinkLibrary\PSoC5\GCC\libemf32nosnlfn.a(FAT_Misc.o)
 .text._SetFATSector
                0x000030ba        0x6 ..\..\..\emFile_V322b\LinkLibrary\PSoC5\GCC\libemf32nosnlfn.a(FAT_Misc.o)
 .text.FS_FAT_ReadFATEntry
                0x000030c0       0xb2 ..\..\..\emFile_V322b\LinkLibrary\PSoC5\GCC\libemf32nosnlfn.a(FAT_Misc.o)
                0x000030c0                FS_FAT_ReadFATEntry
 *fill*         0x00003172        0x2 00
 .text.FS_FAT_GetNumAdjClustersInChain
                0x00003174       0x64 ..\..\..\emFile_V322b\LinkLibrary\PSoC5\GCC\libemf32nosnlfn.a(FAT_Misc.o)
                0x00003174                FS_FAT_GetNumAdjClustersInChain
 .text.FS_FAT_WalkClusterEx
                0x000031d8       0x5c ..\..\..\emFile_V322b\LinkLibrary\PSoC5\GCC\libemf32nosnlfn.a(FAT_Misc.o)
                0x000031d8                FS_FAT_WalkClusterEx
 .text.FS_FAT_GotoCluster
                0x00003234       0x88 ..\..\..\emFile_V322b\LinkLibrary\PSoC5\GCC\libemf32nosnlfn.a(FAT_Misc.o)
                0x00003234                FS_FAT_GotoCluster
 .text.FS_FAT_WalkCluster
                0x000032bc       0x18 ..\..\..\emFile_V322b\LinkLibrary\PSoC5\GCC\libemf32nosnlfn.a(FAT_Misc.o)
                0x000032bc                FS_FAT_WalkCluster
 .text.FS_FAT_FindLastCluster
                0x000032d4       0x34 ..\..\..\emFile_V322b\LinkLibrary\PSoC5\GCC\libemf32nosnlfn.a(FAT_Misc.o)
                0x000032d4                FS_FAT_FindLastCluster
 .text._WriteFATEntry
                0x00003308      0x18e ..\..\..\emFile_V322b\LinkLibrary\PSoC5\GCC\libemf32nosnlfn.a(FAT_Misc.o)
 .text.FS_FAT_MarkClusterEOC
                0x00003496        0x8 ..\..\..\emFile_V322b\LinkLibrary\PSoC5\GCC\libemf32nosnlfn.a(FAT_Misc.o)
                0x00003496                FS_FAT_MarkClusterEOC
 .text.FS_FAT_SyncFAT
                0x0000349e       0x3c ..\..\..\emFile_V322b\LinkLibrary\PSoC5\GCC\libemf32nosnlfn.a(FAT_Misc.o)
                0x0000349e                FS_FAT_SyncFAT
 .text.FS_FAT_LinkCluster
                0x000034da       0x1c ..\..\..\emFile_V322b\LinkLibrary\PSoC5\GCC\libemf32nosnlfn.a(FAT_Misc.o)
                0x000034da                FS_FAT_LinkCluster
 *fill*         0x000034f6        0x2 00
 .text._CalcFreeClusterCnt
                0x000034f8       0x88 ..\..\..\emFile_V322b\LinkLibrary\PSoC5\GCC\libemf32nosnlfn.a(FAT_Misc.o)
 .text.FS_FAT_FindFreeCluster
                0x00003580       0xa8 ..\..\..\emFile_V322b\LinkLibrary\PSoC5\GCC\libemf32nosnlfn.a(FAT_Misc.o)
                0x00003580                FS_FAT_FindFreeCluster
 .text.FS_FAT_AllocCluster
                0x00003628       0x20 ..\..\..\emFile_V322b\LinkLibrary\PSoC5\GCC\libemf32nosnlfn.a(FAT_Misc.o)
                0x00003628                FS_FAT_AllocCluster
 .text._WriteEmptyFATSectors
                0x00003648       0x3c ..\..\..\emFile_V322b\LinkLibrary\PSoC5\GCC\libemf32nosnlfn.a(FAT_Misc.o)
 .text.FS_FAT_FreeClusterChain
                0x00003684       0xe0 ..\..\..\emFile_V322b\LinkLibrary\PSoC5\GCC\libemf32nosnlfn.a(FAT_Misc.o)
                0x00003684                FS_FAT_FreeClusterChain
 .text.FS_FAT_CheckBPB
                0x00003764      0x1cc ..\..\..\emFile_V322b\LinkLibrary\PSoC5\GCC\libemf32nosnlfn.a(FAT_Misc.o)
                0x00003764                FS_FAT_CheckBPB
 .text.FS_FAT_InitDirEntryScan
                0x00003930       0x14 ..\..\..\emFile_V322b\LinkLibrary\PSoC5\GCC\libemf32nosnlfn.a(FAT_Open.o)
                0x00003930                FS_FAT_InitDirEntryScan
 .text.FS_FAT_IncDirPos
                0x00003944        0x8 ..\..\..\emFile_V322b\LinkLibrary\PSoC5\GCC\libemf32nosnlfn.a(FAT_Open.o)
                0x00003944                FS_FAT_IncDirPos
 .text._CopyDirText
                0x0000394c       0x44 ..\..\..\emFile_V322b\LinkLibrary\PSoC5\GCC\libemf32nosnlfn.a(FAT_Open.o)
 .text.FS_FAT_Make83Name
                0x00003990       0xb0 ..\..\..\emFile_V322b\LinkLibrary\PSoC5\GCC\libemf32nosnlfn.a(FAT_Open.o)
                0x00003990                FS_FAT_Make83Name
 .text.FS_FAT_GetDirEntry
                0x00003a40       0xb2 ..\..\..\emFile_V322b\LinkLibrary\PSoC5\GCC\libemf32nosnlfn.a(FAT_Open.o)
                0x00003a40                FS_FAT_GetDirEntry
 .text.FS_FAT_FindDirEntryShortEx
                0x00003af2       0x5a ..\..\..\emFile_V322b\LinkLibrary\PSoC5\GCC\libemf32nosnlfn.a(FAT_Open.o)
                0x00003af2                FS_FAT_FindDirEntryShortEx
 .text.FS_FAT_FindDirEntryShort
                0x00003b4c       0x36 ..\..\..\emFile_V322b\LinkLibrary\PSoC5\GCC\libemf32nosnlfn.a(FAT_Open.o)
                0x00003b4c                FS_FAT_FindDirEntryShort
 .text.FS_FAT_FindEmptyDirEntry
                0x00003b82       0xb0 ..\..\..\emFile_V322b\LinkLibrary\PSoC5\GCC\libemf32nosnlfn.a(FAT_Open.o)
                0x00003b82                FS_FAT_FindEmptyDirEntry
 .text.FS_FAT_GetFirstCluster
                0x00003c32       0x1a ..\..\..\emFile_V322b\LinkLibrary\PSoC5\GCC\libemf32nosnlfn.a(FAT_Open.o)
                0x00003c32                FS_FAT_GetFirstCluster
 .text.FS_FAT_FindPath
                0x00003c4c       0x7a ..\..\..\emFile_V322b\LinkLibrary\PSoC5\GCC\libemf32nosnlfn.a(FAT_Open.o)
                0x00003c4c                FS_FAT_FindPath
 .text.FS_FAT_DeleteFileOrDir
                0x00003cc6       0x48 ..\..\..\emFile_V322b\LinkLibrary\PSoC5\GCC\libemf32nosnlfn.a(FAT_Open.o)
                0x00003cc6                FS_FAT_DeleteFileOrDir
 *fill*         0x00003d0e        0x2 00
 .text.FS_FAT_Open
                0x00003d10      0x1dc ..\..\..\emFile_V322b\LinkLibrary\PSoC5\GCC\libemf32nosnlfn.a(FAT_Open.o)
                0x00003d10                FS_FAT_Open
 .text.FS_FAT_WriteDirEntryCluster
                0x00003eec       0x1c ..\..\..\emFile_V322b\LinkLibrary\PSoC5\GCC\libemf32nosnlfn.a(FAT_Open.o)
                0x00003eec                FS_FAT_WriteDirEntryCluster
 .text.FS_FAT_WriteDirEntry83
                0x00003f08       0x6c ..\..\..\emFile_V322b\LinkLibrary\PSoC5\GCC\libemf32nosnlfn.a(FAT_Open.o)
                0x00003f08                FS_FAT_WriteDirEntry83
 .text._WriteBurst
                0x00003f74       0x24 ..\..\..\emFile_V322b\LinkLibrary\PSoC5\GCC\libemf32nosnlfn.a(FAT_Write.o)
 .text.FS_FAT_GotoClusterAllocIfReq
                0x00003f98       0xa8 ..\..\..\emFile_V322b\LinkLibrary\PSoC5\GCC\libemf32nosnlfn.a(FAT_Write.o)
                0x00003f98                FS_FAT_GotoClusterAllocIfReq
 .text.FS_FAT_UpdateDirEntry
                0x00004040       0x68 ..\..\..\emFile_V322b\LinkLibrary\PSoC5\GCC\libemf32nosnlfn.a(FAT_Write.o)
                0x00004040                FS_FAT_UpdateDirEntry
 .text.FS_FAT_Close
                0x000040a8       0x44 ..\..\..\emFile_V322b\LinkLibrary\PSoC5\GCC\libemf32nosnlfn.a(FAT_Write.o)
                0x000040a8                FS_FAT_Close
 .text.FS_FAT_Write
                0x000040ec      0x1c8 ..\..\..\emFile_V322b\LinkLibrary\PSoC5\GCC\libemf32nosnlfn.a(FAT_Write.o)
                0x000040ec                FS_FAT_Write
 .text.FS__CLIB_memcmp
                0x000042b4       0x20 ..\..\..\emFile_V322b\LinkLibrary\PSoC5\GCC\libemf32nosnlfn.a(FS_CLib.o)
                0x000042b4                FS__CLIB_memcmp
 .text.FS__CLIB_memset
                0x000042d4       0x6c ..\..\..\emFile_V322b\LinkLibrary\PSoC5\GCC\libemf32nosnlfn.a(FS_CLib.o)
                0x000042d4                FS__CLIB_memset
 .text.FS__CLIB_strcmp
                0x00004340       0x1a ..\..\..\emFile_V322b\LinkLibrary\PSoC5\GCC\libemf32nosnlfn.a(FS_CLib.o)
                0x00004340                FS__CLIB_strcmp
 .text.FS__CLIB_strlen
                0x0000435a       0x10 ..\..\..\emFile_V322b\LinkLibrary\PSoC5\GCC\libemf32nosnlfn.a(FS_CLib.o)
                0x0000435a                FS__CLIB_strlen
 .text.FS__CLIB_strncmp
                0x0000436a       0x26 ..\..\..\emFile_V322b\LinkLibrary\PSoC5\GCC\libemf32nosnlfn.a(FS_CLib.o)
                0x0000436a                FS__CLIB_strncmp
 .text.FS__CLIB_toupper
                0x00004390        0xe ..\..\..\emFile_V322b\LinkLibrary\PSoC5\GCC\libemf32nosnlfn.a(FS_CLib.o)
                0x00004390                FS__CLIB_toupper
 .text._ClrBusyLED
                0x0000439e        0xc ..\..\..\emFile_V322b\LinkLibrary\PSoC5\GCC\libemf32nosnlfn.a(FS_LogBlock.o)
 .text._SetBusyLED
                0x000043aa        0xc ..\..\..\emFile_V322b\LinkLibrary\PSoC5\GCC\libemf32nosnlfn.a(FS_LogBlock.o)
 .text._Read    0x000043b6        0xc ..\..\..\emFile_V322b\LinkLibrary\PSoC5\GCC\libemf32nosnlfn.a(FS_LogBlock.o)
 .text._Write   0x000043c2       0x12 ..\..\..\emFile_V322b\LinkLibrary\PSoC5\GCC\libemf32nosnlfn.a(FS_LogBlock.o)
 .text.FS_LB_GetStatus
                0x000043d4        0xc ..\..\..\emFile_V322b\LinkLibrary\PSoC5\GCC\libemf32nosnlfn.a(FS_LogBlock.o)
                0x000043d4                FS_LB_GetStatus
 .text.FS_LB_InitMedium
                0x000043e0       0x1a ..\..\..\emFile_V322b\LinkLibrary\PSoC5\GCC\libemf32nosnlfn.a(FS_LogBlock.o)
                0x000043e0                FS_LB_InitMedium
 .text.FS_LB_InitMediumIfRequired
                0x000043fa       0x10 ..\..\..\emFile_V322b\LinkLibrary\PSoC5\GCC\libemf32nosnlfn.a(FS_LogBlock.o)
                0x000043fa                FS_LB_InitMediumIfRequired
 .text.FS_LB_ReadDevice
                0x0000440a       0x2e ..\..\..\emFile_V322b\LinkLibrary\PSoC5\GCC\libemf32nosnlfn.a(FS_LogBlock.o)
                0x0000440a                FS_LB_ReadDevice
 .text.FS_LB_ReadPart
                0x00004438        0xe ..\..\..\emFile_V322b\LinkLibrary\PSoC5\GCC\libemf32nosnlfn.a(FS_LogBlock.o)
                0x00004438                FS_LB_ReadPart
 .text.FS_LB_WriteBurst
                0x00004446       0x30 ..\..\..\emFile_V322b\LinkLibrary\PSoC5\GCC\libemf32nosnlfn.a(FS_LogBlock.o)
                0x00004446                FS_LB_WriteBurst
 .text.FS_LB_WriteBurstPart
                0x00004476       0x14 ..\..\..\emFile_V322b\LinkLibrary\PSoC5\GCC\libemf32nosnlfn.a(FS_LogBlock.o)
                0x00004476                FS_LB_WriteBurstPart
 .text.FS_LB_WriteMultiple
                0x0000448a       0x30 ..\..\..\emFile_V322b\LinkLibrary\PSoC5\GCC\libemf32nosnlfn.a(FS_LogBlock.o)
                0x0000448a                FS_LB_WriteMultiple
 .text.FS_LB_WriteMultiplePart
                0x000044ba       0x14 ..\..\..\emFile_V322b\LinkLibrary\PSoC5\GCC\libemf32nosnlfn.a(FS_LogBlock.o)
                0x000044ba                FS_LB_WriteMultiplePart
 .text.FS_LB_WriteDevice
                0x000044ce       0x36 ..\..\..\emFile_V322b\LinkLibrary\PSoC5\GCC\libemf32nosnlfn.a(FS_LogBlock.o)
                0x000044ce                FS_LB_WriteDevice
 .text.FS_LB_WritePart
                0x00004504        0xe ..\..\..\emFile_V322b\LinkLibrary\PSoC5\GCC\libemf32nosnlfn.a(FS_LogBlock.o)
                0x00004504                FS_LB_WritePart
 .text.FS_LB_Ioctl
                0x00004512       0x2a ..\..\..\emFile_V322b\LinkLibrary\PSoC5\GCC\libemf32nosnlfn.a(FS_LogBlock.o)
                0x00004512                FS_LB_Ioctl
 .text.FS_GetSectorSize
                0x0000453c       0x28 ..\..\..\emFile_V322b\LinkLibrary\PSoC5\GCC\libemf32nosnlfn.a(FS_LogBlock.o)
                0x0000453c                FS_GetSectorSize
 .text.FS_LB_GetDeviceInfo
                0x00004564       0x26 ..\..\..\emFile_V322b\LinkLibrary\PSoC5\GCC\libemf32nosnlfn.a(FS_LogBlock.o)
                0x00004564                FS_LB_GetDeviceInfo
 .text.FS_memcpy
                0x0000458a      0x120 ..\..\..\emFile_V322b\LinkLibrary\PSoC5\GCC\libemf32nosnlfn.a(FS_memcpy.o)
                0x0000458a                FS_memcpy
 .text._IsBPB   0x000046aa       0x1e ..\..\..\emFile_V322b\LinkLibrary\PSoC5\GCC\libemf32nosnlfn.a(FS_Partition.o)
 .text._HasSignature
                0x000046c8       0x18 ..\..\..\emFile_V322b\LinkLibrary\PSoC5\GCC\libemf32nosnlfn.a(FS_Partition.o)
 .text._GetPartitionStartSector
                0x000046e0        0xc ..\..\..\emFile_V322b\LinkLibrary\PSoC5\GCC\libemf32nosnlfn.a(FS_Partition.o)
 .text.FS__GetMediaStartSecEx
                0x000046ec       0x6e ..\..\..\emFile_V322b\LinkLibrary\PSoC5\GCC\libemf32nosnlfn.a(FS_Partition.o)
                0x000046ec                FS__GetMediaStartSecEx
 *fill*         0x0000475a        0x2 00
 .text.FS__LocatePartition
                0x0000475c       0x44 ..\..\..\emFile_V322b\LinkLibrary\PSoC5\GCC\libemf32nosnlfn.a(FS_Partition.o)
                0x0000475c                FS__LocatePartition
 .text.NEOMOTE_1_I2C_0_Init
                0x000047a0       0x74 .\CortexM3\ARM_GCC_441\Debug\Solinst Driver.a(NEOMOTE_1_I2C_0.o)
                0x000047a0                NEOMOTE_1_I2C_0_Init
 .text.NEOMOTE_1_I2C_0_Enable
                0x00004814       0x58 .\CortexM3\ARM_GCC_441\Debug\Solinst Driver.a(NEOMOTE_1_I2C_0.o)
                0x00004814                NEOMOTE_1_I2C_0_Enable
 .text.NEOMOTE_1_I2C_0_Start
                0x0000486c       0x38 .\CortexM3\ARM_GCC_441\Debug\Solinst Driver.a(NEOMOTE_1_I2C_0.o)
                0x0000486c                NEOMOTE_1_I2C_0_Start
 .text.NEOMOTE_1_I2C_0_Stop
                0x000048a4       0xa0 .\CortexM3\ARM_GCC_441\Debug\Solinst Driver.a(NEOMOTE_1_I2C_0.o)
                0x000048a4                NEOMOTE_1_I2C_0_Stop
 .text.NEOMOTE_1_I2C_0_ISR
                0x00004944      0x564 .\CortexM3\ARM_GCC_441\Debug\Solinst Driver.a(NEOMOTE_1_I2C_0_INT.o)
                0x00004944                NEOMOTE_1_I2C_0_ISR
 .text.NEOMOTE_1_I2C_0_SaveConfig
                0x00004ea8       0x4c .\CortexM3\ARM_GCC_441\Debug\Solinst Driver.a(NEOMOTE_1_I2C_0_PM.o)
                0x00004ea8                NEOMOTE_1_I2C_0_SaveConfig
 .text.NEOMOTE_1_I2C_0_Sleep
                0x00004ef4       0x44 .\CortexM3\ARM_GCC_441\Debug\Solinst Driver.a(NEOMOTE_1_I2C_0_PM.o)
                0x00004ef4                NEOMOTE_1_I2C_0_Sleep
 .text.NEOMOTE_1_I2C_0_RestoreConfig
                0x00004f38       0xa0 .\CortexM3\ARM_GCC_441\Debug\Solinst Driver.a(NEOMOTE_1_I2C_0_PM.o)
                0x00004f38                NEOMOTE_1_I2C_0_RestoreConfig
 .text.NEOMOTE_1_I2C_0_Wakeup
                0x00004fd8       0x2c .\CortexM3\ARM_GCC_441\Debug\Solinst Driver.a(NEOMOTE_1_I2C_0_PM.o)
                0x00004fd8                NEOMOTE_1_I2C_0_Wakeup
 .text.NEOMOTE_1_I2C_0_MasterWriteBuf
                0x00005004      0x15c .\CortexM3\ARM_GCC_441\Debug\Solinst Driver.a(NEOMOTE_1_I2C_0_MASTER.o)
                0x00005004                NEOMOTE_1_I2C_0_MasterWriteBuf
 .text.NEOMOTE_1_I2C_0_MasterReadBuf
                0x00005160      0x160 .\CortexM3\ARM_GCC_441\Debug\Solinst Driver.a(NEOMOTE_1_I2C_0_MASTER.o)
                0x00005160                NEOMOTE_1_I2C_0_MasterReadBuf
 .text.NEOMOTE_1_I2C_0_MasterStatus
                0x000052c0       0x3c .\CortexM3\ARM_GCC_441\Debug\Solinst Driver.a(NEOMOTE_1_I2C_0_MASTER.o)
                0x000052c0                NEOMOTE_1_I2C_0_MasterStatus
 .text.NEOMOTE_1_I2C_0_MasterClearStatus
                0x000052fc       0x30 .\CortexM3\ARM_GCC_441\Debug\Solinst Driver.a(NEOMOTE_1_I2C_0_MASTER.o)
                0x000052fc                NEOMOTE_1_I2C_0_MasterClearStatus
 .text.NEOMOTE_1_I2C_0_MasterClearReadBuf
                0x0000532c       0x34 .\CortexM3\ARM_GCC_441\Debug\Solinst Driver.a(NEOMOTE_1_I2C_0_MASTER.o)
                0x0000532c                NEOMOTE_1_I2C_0_MasterClearReadBuf
 .text.NEOMOTE_1_I2C_0_MasterClearWriteBuf
                0x00005360       0x34 .\CortexM3\ARM_GCC_441\Debug\Solinst Driver.a(NEOMOTE_1_I2C_0_MASTER.o)
                0x00005360                NEOMOTE_1_I2C_0_MasterClearWriteBuf
 .text.NEOMOTE_1_I2C_0_Workaround
                0x00005394        0xc .\CortexM3\ARM_GCC_441\Debug\Solinst Driver.a(NEOMOTE_1_I2C_0_MASTER.o)
                0x00005394                NEOMOTE_1_I2C_0_Workaround
 .text.NEOMOTE_1_NEO_RTC_INT1_Read
                0x000053a0       0x24 .\CortexM3\ARM_GCC_441\Debug\Solinst Driver.a(NEOMOTE_1_NEO_RTC_INT1.o)
                0x000053a0                NEOMOTE_1_NEO_RTC_INT1_Read
 .text.NEOMOTE_1_NEO_RTC_INT1_ClearInterrupt
                0x000053c4       0x24 .\CortexM3\ARM_GCC_441\Debug\Solinst Driver.a(NEOMOTE_1_NEO_RTC_INT1.o)
                0x000053c4                NEOMOTE_1_NEO_RTC_INT1_ClearInterrupt
 .text.FS_X_AddDevices
                0x000053e8       0x24 .\CortexM3\ARM_GCC_441\Debug\Solinst Driver.a(emFile_1_ConfigMMC_SPI.o)
                0x000053e8                FS_X_AddDevices
 .text.FS_X_GetTimeDate
                0x0000540c       0x74 .\CortexM3\ARM_GCC_441\Debug\Solinst Driver.a(emFile_1_ConfigMMC_SPI.o)
                0x0000540c                FS_X_GetTimeDate
 .text._CalcDataCRC16Dummy
                0x00005480        0x6 ..\..\..\emFile_V322b\LinkLibrary\PSoC5\GCC\libemf32nosnlfn.a(MMC_Drv.o)
 *fill*         0x00005486        0x2 00
 .text._MMC_GetNumUnits
                0x00005488        0xc ..\..\..\emFile_V322b\LinkLibrary\PSoC5\GCC\libemf32nosnlfn.a(MMC_Drv.o)
 .text._MMC_GetDriverName
                0x00005494        0x8 ..\..\..\emFile_V322b\LinkLibrary\PSoC5\GCC\libemf32nosnlfn.a(MMC_Drv.o)
 .text._MMC_GetStatus
                0x0000549c        0x4 ..\..\..\emFile_V322b\LinkLibrary\PSoC5\GCC\libemf32nosnlfn.a(MMC_Drv.o)
 .text._CheckR1
                0x000054a0       0x38 ..\..\..\emFile_V322b\LinkLibrary\PSoC5\GCC\libemf32nosnlfn.a(MMC_Drv.o)
 .text._WaitToGetReady
                0x000054d8       0x26 ..\..\..\emFile_V322b\LinkLibrary\PSoC5\GCC\libemf32nosnlfn.a(MMC_Drv.o)
 .text._SendEmptyCycles
                0x000054fe       0x24 ..\..\..\emFile_V322b\LinkLibrary\PSoC5\GCC\libemf32nosnlfn.a(MMC_Drv.o)
 *fill*         0x00005522        0x2 00
 .text._MMC_AddDevice
                0x00005524       0x2c ..\..\..\emFile_V322b\LinkLibrary\PSoC5\GCC\libemf32nosnlfn.a(MMC_Drv.o)
 .text.T.53     0x00005550       0x14 ..\..\..\emFile_V322b\LinkLibrary\PSoC5\GCC\libemf32nosnlfn.a(MMC_Drv.o)
 .text._GetFromCSD
                0x00005564       0x34 ..\..\..\emFile_V322b\LinkLibrary\PSoC5\GCC\libemf32nosnlfn.a(MMC_Drv.o)
 .text._ExecCmdR1
                0x00005598       0x98 ..\..\..\emFile_V322b\LinkLibrary\PSoC5\GCC\libemf32nosnlfn.a(MMC_Drv.o)
 .text._ReadCSD
                0x00005630       0x86 ..\..\..\emFile_V322b\LinkLibrary\PSoC5\GCC\libemf32nosnlfn.a(MMC_Drv.o)
 *fill*         0x000056b6        0x2 00
 .text._MMC_Read
                0x000056b8      0x130 ..\..\..\emFile_V322b\LinkLibrary\PSoC5\GCC\libemf32nosnlfn.a(MMC_Drv.o)
 .text._MMC_Write
                0x000057e8      0x13c ..\..\..\emFile_V322b\LinkLibrary\PSoC5\GCC\libemf32nosnlfn.a(MMC_Drv.o)
 .text._ApplyCSD
                0x00005924      0x228 ..\..\..\emFile_V322b\LinkLibrary\PSoC5\GCC\libemf32nosnlfn.a(MMC_Drv.o)
 .text._MMC_Init
                0x00005b4c      0x1c0 ..\..\..\emFile_V322b\LinkLibrary\PSoC5\GCC\libemf32nosnlfn.a(MMC_Drv.o)
 .text._MMC_InitMedium
                0x00005d0c       0x28 ..\..\..\emFile_V322b\LinkLibrary\PSoC5\GCC\libemf32nosnlfn.a(MMC_Drv.o)
 .text._MMC_IoCtl
                0x00005d34       0x60 ..\..\..\emFile_V322b\LinkLibrary\PSoC5\GCC\libemf32nosnlfn.a(MMC_Drv.o)
 .text.emFile_1_Init
                0x00005d94       0x88 .\CortexM3\ARM_GCC_441\Debug\Solinst Driver.a(emFile_1_MMC_HW_SPI.o)
 .text.emFile_1_ReadWriteSPI
                0x00005e1c       0x60 .\CortexM3\ARM_GCC_441\Debug\Solinst Driver.a(emFile_1_MMC_HW_SPI.o)
 .text.FS_MMC_HW_X_EnableCS
                0x00005e7c       0x2c .\CortexM3\ARM_GCC_441\Debug\Solinst Driver.a(emFile_1_MMC_HW_SPI.o)
                0x00005e7c                FS_MMC_HW_X_EnableCS
 .text.FS_MMC_HW_X_DisableCS
                0x00005ea8       0x2c .\CortexM3\ARM_GCC_441\Debug\Solinst Driver.a(emFile_1_MMC_HW_SPI.o)
                0x00005ea8                FS_MMC_HW_X_DisableCS
 .text.FS_MMC_HW_X_IsWriteProtected
                0x00005ed4       0x2c .\CortexM3\ARM_GCC_441\Debug\Solinst Driver.a(emFile_1_MMC_HW_SPI.o)
                0x00005ed4                FS_MMC_HW_X_IsWriteProtected
 .text.FS_MMC_HW_X_SetMaxSpeed
                0x00005f00       0x90 .\CortexM3\ARM_GCC_441\Debug\Solinst Driver.a(emFile_1_MMC_HW_SPI.o)
                0x00005f00                FS_MMC_HW_X_SetMaxSpeed
 .text.FS_MMC_HW_X_SetVoltage
                0x00005f90       0x74 .\CortexM3\ARM_GCC_441\Debug\Solinst Driver.a(emFile_1_MMC_HW_SPI.o)
                0x00005f90                FS_MMC_HW_X_SetVoltage
 .text.FS_MMC_HW_X_IsPresent
                0x00006004       0x38 .\CortexM3\ARM_GCC_441\Debug\Solinst Driver.a(emFile_1_MMC_HW_SPI.o)
                0x00006004                FS_MMC_HW_X_IsPresent
 .text.FS_MMC_HW_X_Read
                0x0000603c       0x40 .\CortexM3\ARM_GCC_441\Debug\Solinst Driver.a(emFile_1_MMC_HW_SPI.o)
                0x0000603c                FS_MMC_HW_X_Read
 .text.FS_MMC_HW_X_Write
                0x0000607c       0x3c .\CortexM3\ARM_GCC_441\Debug\Solinst Driver.a(emFile_1_MMC_HW_SPI.o)
                0x0000607c                FS_MMC_HW_X_Write
 .text.emFile_1_SPI0_Init
                0x000060b8       0x3c .\CortexM3\ARM_GCC_441\Debug\Solinst Driver.a(emFile_1_SPI0.o)
                0x000060b8                emFile_1_SPI0_Init
 .text.emFile_1_SPI0_Enable
                0x000060f4       0x7c .\CortexM3\ARM_GCC_441\Debug\Solinst Driver.a(emFile_1_SPI0.o)
                0x000060f4                emFile_1_SPI0_Enable
 .text.emFile_1_SPI0_Start
                0x00006170       0x2c .\CortexM3\ARM_GCC_441\Debug\Solinst Driver.a(emFile_1_SPI0.o)
                0x00006170                emFile_1_SPI0_Start
 .text.emFile_1_SPI0_EnableTxInt
                0x0000619c        0xc .\CortexM3\ARM_GCC_441\Debug\Solinst Driver.a(emFile_1_SPI0.o)
                0x0000619c                emFile_1_SPI0_EnableTxInt
 .text.emFile_1_SPI0_EnableRxInt
                0x000061a8        0xc .\CortexM3\ARM_GCC_441\Debug\Solinst Driver.a(emFile_1_SPI0.o)
                0x000061a8                emFile_1_SPI0_EnableRxInt
 .text.emFile_1_SPI0_ReadTxStatus
                0x000061b4       0x20 .\CortexM3\ARM_GCC_441\Debug\Solinst Driver.a(emFile_1_SPI0.o)
                0x000061b4                emFile_1_SPI0_ReadTxStatus
 .text.emFile_1_SPI0_ReadRxStatus
                0x000061d4       0x20 .\CortexM3\ARM_GCC_441\Debug\Solinst Driver.a(emFile_1_SPI0.o)
                0x000061d4                emFile_1_SPI0_ReadRxStatus
 .text.emFile_1_SPI0_WriteTxData
                0x000061f4       0x34 .\CortexM3\ARM_GCC_441\Debug\Solinst Driver.a(emFile_1_SPI0.o)
                0x000061f4                emFile_1_SPI0_WriteTxData
 .text.emFile_1_SPI0_ReadRxData
                0x00006228       0x20 .\CortexM3\ARM_GCC_441\Debug\Solinst Driver.a(emFile_1_SPI0.o)
                0x00006228                emFile_1_SPI0_ReadRxData
 .text.emFile_1_SPI0_ClearFIFO
                0x00006248       0x74 .\CortexM3\ARM_GCC_441\Debug\Solinst Driver.a(emFile_1_SPI0.o)
                0x00006248                emFile_1_SPI0_ClearFIFO
 .text.emFile_1_Clock_1_Start
                0x000062bc       0x44 .\CortexM3\ARM_GCC_441\Debug\Solinst Driver.a(emFile_1_Clock_1.o)
                0x000062bc                emFile_1_Clock_1_Start
 .text.emFile_1_Clock_1_Stop
                0x00006300       0x40 .\CortexM3\ARM_GCC_441\Debug\Solinst Driver.a(emFile_1_Clock_1.o)
                0x00006300                emFile_1_Clock_1_Stop
 .text.emFile_1_Clock_1_SetDividerRegister
                0x00006340      0x1a8 .\CortexM3\ARM_GCC_441\Debug\Solinst Driver.a(emFile_1_Clock_1.o)
                0x00006340                emFile_1_Clock_1_SetDividerRegister
 .text.emFile_1_Clock_1_GetDividerRegister
                0x000064e8       0x18 .\CortexM3\ARM_GCC_441\Debug\Solinst Driver.a(emFile_1_Clock_1.o)
                0x000064e8                emFile_1_Clock_1_GetDividerRegister
 .text.emFile_1_Clock_1_GetSourceRegister
                0x00006500       0x1c .\CortexM3\ARM_GCC_441\Debug\Solinst Driver.a(emFile_1_Clock_1.o)
                0x00006500                emFile_1_Clock_1_GetSourceRegister
 .text.emFile_1_SPI0_CS_Write
                0x0000651c       0x40 .\CortexM3\ARM_GCC_441\Debug\Solinst Driver.a(emFile_1_SPI0_CS.o)
                0x0000651c                emFile_1_SPI0_CS_Write
 .text          0x0000655c      0x370 c:/program files (x86)/cypress/psoc creator/2.2/psoc creator/import/gnu_cs/arm/4.4.1/bin/../lib/gcc/arm-none-eabi/4.4.1/thumb2\libgcc.a(_arm_addsubdf3.o)
                0x0000655c                __aeabi_drsub
                0x00006564                __aeabi_dsub
                0x00006564                __subdf3
                0x00006568                __aeabi_dadd
                0x00006568                __adddf3
                0x000067e0                __floatunsidf
                0x000067e0                __aeabi_ui2d
                0x00006800                __floatsidf
                0x00006800                __aeabi_i2d
                0x00006824                __aeabi_f2d
                0x00006824                __extendsfdf2
                0x00006860                __floatundidf
                0x00006860                __aeabi_ul2d
                0x00006870                __floatdidf
                0x00006870                __aeabi_l2d
 .text          0x000068cc       0xa0 c:/program files (x86)/cypress/psoc creator/2.2/psoc creator/import/gnu_cs/arm/4.4.1/bin/../lib/gcc/arm-none-eabi/4.4.1/thumb2\libgcc.a(_arm_truncdfsf2.o)
                0x000068cc                __truncdfsf2
                0x000068cc                __aeabi_d2f
 .text          0x0000696c      0x21c c:/program files (x86)/cypress/psoc creator/2.2/psoc creator/import/gnu_cs/arm/4.4.1/bin/../lib/gcc/arm-none-eabi/4.4.1/thumb2\libgcc.a(_arm_addsubsf3.o)
                0x0000696c                __aeabi_frsub
                0x00006974                __subsf3
                0x00006974                __aeabi_fsub
                0x00006978                __aeabi_fadd
                0x00006978                __addsf3
                0x00006ad8                __aeabi_ui2f
                0x00006ad8                __floatunsisf
                0x00006ae0                __aeabi_i2f
                0x00006ae0                __floatsisf
                0x00006afc                __aeabi_ul2f
                0x00006afc                __floatundisf
                0x00006b0c                __aeabi_l2f
                0x00006b0c                __floatdisf
 .text          0x00006b88      0x2a0 c:/program files (x86)/cypress/psoc creator/2.2/psoc creator/import/gnu_cs/arm/4.4.1/bin/../lib/gcc/arm-none-eabi/4.4.1/thumb2\libgcc.a(_arm_muldivsf3.o)
                0x00006b88                __mulsf3
                0x00006b88                __aeabi_fmul
                0x00006cf0                __aeabi_fdiv
                0x00006cf0                __divsf3
 .text          0x00006e28        0x8 c:/program files (x86)/cypress/psoc creator/2.2/psoc creator/import/gnu_cs/arm/4.4.1/bin/../lib/gcc/arm-none-eabi/4.4.1/../../../../arm-none-eabi/lib/thumb2\libc.a(lib_a-atof.o)
                0x00006e28                atof
 .text          0x00006e30       0x2c c:/program files (x86)/cypress/psoc creator/2.2/psoc creator/import/gnu_cs/arm/4.4.1/bin/../lib/gcc/arm-none-eabi/4.4.1/../../../../arm-none-eabi/lib/thumb2\libc.a(lib_a-gmtime.o)
                0x00006e30                gmtime
 .text          0x00006e5c        0x8 c:/program files (x86)/cypress/psoc creator/2.2/psoc creator/import/gnu_cs/arm/4.4.1/bin/../lib/gcc/arm-none-eabi/4.4.1/../../../../arm-none-eabi/lib/thumb2\libc.a(lib_a-gmtime_r.o)
                0x00006e5c                gmtime_r
 .text          0x00006e64       0x20 c:/program files (x86)/cypress/psoc creator/2.2/psoc creator/import/gnu_cs/arm/4.4.1/bin/../lib/gcc/arm-none-eabi/4.4.1/../../../../arm-none-eabi/lib/thumb2\libc.a(lib_a-malloc.o)
                0x00006e64                free
                0x00006e74                malloc
 .text          0x00006e84      0x5a4 c:/program files (x86)/cypress/psoc creator/2.2/psoc creator/import/gnu_cs/arm/4.4.1/bin/../lib/gcc/arm-none-eabi/4.4.1/../../../../arm-none-eabi/lib/thumb2\libc.a(lib_a-mallocr.o)
                0x00006e84                _malloc_r
 .text          0x00007428      0x190 c:/program files (x86)/cypress/psoc creator/2.2/psoc creator/import/gnu_cs/arm/4.4.1/bin/../lib/gcc/arm-none-eabi/4.4.1/../../../../arm-none-eabi/lib/thumb2\libc.a(lib_a-memcpy.o)
                0x00007428                memcpy
 .text          0x000075b8       0xd4 c:/program files (x86)/cypress/psoc creator/2.2/psoc creator/import/gnu_cs/arm/4.4.1/bin/../lib/gcc/arm-none-eabi/4.4.1/../../../../arm-none-eabi/lib/thumb2\libc.a(lib_a-memset.o)
                0x000075b8                memset
 .text          0x0000768c      0x52c c:/program files (x86)/cypress/psoc creator/2.2/psoc creator/import/gnu_cs/arm/4.4.1/bin/../lib/gcc/arm-none-eabi/4.4.1/../../../../arm-none-eabi/lib/thumb2\libc.a(lib_a-mktm_r.o)
                0x0000768c                __tzcalc_limits
                0x00007808                _mktm_r
 .text          0x00007bb8        0x8 c:/program files (x86)/cypress/psoc creator/2.2/psoc creator/import/gnu_cs/arm/4.4.1/bin/../lib/gcc/arm-none-eabi/4.4.1/../../../../arm-none-eabi/lib/thumb2\libc.a(lib_a-mlock.o)
                0x00007bb8                __malloc_lock
                0x00007bbc                __malloc_unlock
 .text          0x00007bc0       0x28 c:/program files (x86)/cypress/psoc creator/2.2/psoc creator/import/gnu_cs/arm/4.4.1/bin/../lib/gcc/arm-none-eabi/4.4.1/../../../../arm-none-eabi/lib/thumb2\libc.a(lib_a-sbrkr.o)
                0x00007bc0                _sbrk_r
 .text          0x00007be8       0x94 c:/program files (x86)/cypress/psoc creator/2.2/psoc creator/import/gnu_cs/arm/4.4.1/bin/../lib/gcc/arm-none-eabi/4.4.1/../../../../arm-none-eabi/lib/thumb2\libc.a(lib_a-sprintf.o)
                0x00007be8                sprintf
                0x00007c38                _sprintf_r
 .text          0x00007c7c       0x60 c:/program files (x86)/cypress/psoc creator/2.2/psoc creator/import/gnu_cs/arm/4.4.1/bin/../lib/gcc/arm-none-eabi/4.4.1/../../../../arm-none-eabi/lib/thumb2\libc.a(lib_a-strlen.o)
                0x00007c7c                strlen
 *fill*         0x00007cdc        0x4 00
 .text          0x00007ce0     0x1010 c:/program files (x86)/cypress/psoc creator/2.2/psoc creator/import/gnu_cs/arm/4.4.1/bin/../lib/gcc/arm-none-eabi/4.4.1/../../../../arm-none-eabi/lib/thumb2\libc.a(lib_a-strtod.o)
                0x00007ce0                _strtod_r
                0x00008c50                strtof
                0x00008cdc                strtod
 .text          0x00008cf0     0x15a8 c:/program files (x86)/cypress/psoc creator/2.2/psoc creator/import/gnu_cs/arm/4.4.1/bin/../lib/gcc/arm-none-eabi/4.4.1/../../../../arm-none-eabi/lib/thumb2\libc.a(lib_a-svfprintf.o)
                0x00008e0c                _svfprintf_r
 .text          0x0000a298        0x8 c:/program files (x86)/cypress/psoc creator/2.2/psoc creator/import/gnu_cs/arm/4.4.1/bin/../lib/gcc/arm-none-eabi/4.4.1/../../../../arm-none-eabi/lib/thumb2\libc.a(lib_a-tzlock.o)
                0x0000a298                __tz_lock
                0x0000a29c                __tz_unlock
 .text          0x0000a2a0      0xfb8 c:/program files (x86)/cypress/psoc creator/2.2/psoc creator/import/gnu_cs/arm/4.4.1/bin/../lib/gcc/arm-none-eabi/4.4.1/../../../../arm-none-eabi/lib/thumb2\libc.a(lib_a-dtoa.o)
                0x0000a3c0                _dtoa_r
 .text          0x0000b258      0x268 c:/program files (x86)/cypress/psoc creator/2.2/psoc creator/import/gnu_cs/arm/4.4.1/bin/../lib/gcc/arm-none-eabi/4.4.1/../../../../arm-none-eabi/lib/thumb2\libc.a(lib_a-freer.o)
                0x0000b258                _malloc_trim_r
                0x0000b300                _free_r
 .text          0x0000b4c0      0x5a8 c:/program files (x86)/cypress/psoc creator/2.2/psoc creator/import/gnu_cs/arm/4.4.1/bin/../lib/gcc/arm-none-eabi/4.4.1/../../../../arm-none-eabi/lib/thumb2\libc.a(lib_a-gdtoa-gethex.o)
                0x0000b4c0                __hexdig_init
                0x0000b5ac                __gethex
 .text          0x0000ba68      0x1bc c:/program files (x86)/cypress/psoc creator/2.2/psoc creator/import/gnu_cs/arm/4.4.1/bin/../lib/gcc/arm-none-eabi/4.4.1/../../../../arm-none-eabi/lib/thumb2\libc.a(lib_a-gdtoa-hexnan.o)
                0x0000ba68                __hexnan
 .text          0x0000bc24        0xc c:/program files (x86)/cypress/psoc creator/2.2/psoc creator/import/gnu_cs/arm/4.4.1/bin/../lib/gcc/arm-none-eabi/4.4.1/../../../../arm-none-eabi/lib/thumb2\libc.a(lib_a-gettzinfo.o)
                0x0000bc24                __gettzinfo
 .text          0x0000bc30       0x74 c:/program files (x86)/cypress/psoc creator/2.2/psoc creator/import/gnu_cs/arm/4.4.1/bin/../lib/gcc/arm-none-eabi/4.4.1/../../../../arm-none-eabi/lib/thumb2\libc.a(lib_a-locale.o)
                0x0000bc30                __locale_charset
                0x0000bc3c                _localeconv_r
                0x0000bc44                localeconv
                0x0000bc4c                _setlocale_r
                0x0000bc94                setlocale
 .text          0x0000bca4       0x74 c:/program files (x86)/cypress/psoc creator/2.2/psoc creator/import/gnu_cs/arm/4.4.1/bin/../lib/gcc/arm-none-eabi/4.4.1/../../../../arm-none-eabi/lib/thumb2\libc.a(lib_a-memchr.o)
                0x0000bca4                memchr
 .text          0x0000bd18       0xb8 c:/program files (x86)/cypress/psoc creator/2.2/psoc creator/import/gnu_cs/arm/4.4.1/bin/../lib/gcc/arm-none-eabi/4.4.1/../../../../arm-none-eabi/lib/thumb2\libc.a(lib_a-memmove.o)
                0x0000bd18                memmove
 .text          0x0000bdd0      0x958 c:/program files (x86)/cypress/psoc creator/2.2/psoc creator/import/gnu_cs/arm/4.4.1/bin/../lib/gcc/arm-none-eabi/4.4.1/../../../../arm-none-eabi/lib/thumb2\libc.a(lib_a-mprec.o)
                0x0000bdd0                __hi0bits
                0x0000be10                __lo0bits
                0x0000be74                __mcmp
                0x0000beb4                __ulp
                0x0000bf00                __b2d
                0x0000bfa8                __ratio
                0x0000c008                _mprec_log10
                0x0000c040                __copybits
                0x0000c090                __any_on
                0x0000c0e8                _Bfree
                0x0000c120                _Balloc
                0x0000c18c                __d2b
                0x0000c25c                __mdiff
                0x0000c354                __lshift
                0x0000c410                __multiply
                0x0000c544                __i2b
                0x0000c558                __multadd
                0x0000c5e0                __pow5mult
                0x0000c68c                __s2b
 .text          0x0000c728      0x3b4 c:/program files (x86)/cypress/psoc creator/2.2/psoc creator/import/gnu_cs/arm/4.4.1/bin/../lib/gcc/arm-none-eabi/4.4.1/../../../../arm-none-eabi/lib/thumb2\libc.a(lib_a-reallocr.o)
                0x0000c728                _realloc_r
 .text          0x0000cadc       0x24 c:/program files (x86)/cypress/psoc creator/2.2/psoc creator/import/gnu_cs/arm/4.4.1/bin/../lib/gcc/arm-none-eabi/4.4.1/../../../../arm-none-eabi/lib/thumb2\libc.a(lib_a-s_isinfd.o)
                0x0000cadc                __isinfd
 .text          0x0000cb00       0x1c c:/program files (x86)/cypress/psoc creator/2.2/psoc creator/import/gnu_cs/arm/4.4.1/bin/../lib/gcc/arm-none-eabi/4.4.1/../../../../arm-none-eabi/lib/thumb2\libc.a(lib_a-s_isnand.o)
                0x0000cb00                __isnand
 .text          0x0000cb1c      0x1dc c:/program files (x86)/cypress/psoc creator/2.2/psoc creator/import/gnu_cs/arm/4.4.1/bin/../lib/gcc/arm-none-eabi/4.4.1/../../../../arm-none-eabi/lib/thumb2\libc.a(lib_a-strcmp.o)
                0x0000cb1c                strcmp
 .text          0x0000ccf8       0x5c c:/program files (x86)/cypress/psoc creator/2.2/psoc creator/import/gnu_cs/arm/4.4.1/bin/../lib/gcc/arm-none-eabi/4.4.1/../../../../arm-none-eabi/lib/thumb2\libc.a(lib_a-callocr.o)
                0x0000ccf8                _calloc_r
 *fill*         0x0000cd54        0x4 00
 .text          0x0000cd58      0x278 c:/program files (x86)/cypress/psoc creator/2.2/psoc creator/import/gnu_cs/arm/4.4.1/bin/../lib/gcc/arm-none-eabi/4.4.1/thumb2\libgcc.a(_udivsi3.o)
                0x0000cd58                __aeabi_uidiv
                0x0000cd58                __udivsi3
                0x0000cfb4                __aeabi_uidivmod
 .text          0x0000cfd0      0x2b0 c:/program files (x86)/cypress/psoc creator/2.2/psoc creator/import/gnu_cs/arm/4.4.1/bin/../lib/gcc/arm-none-eabi/4.4.1/thumb2\libgcc.a(_divsi3.o)
                0x0000cfd0                __divsi3
                0x0000cfd0                __aeabi_idiv
                0x0000d264                __aeabi_idivmod
 .text          0x0000d280        0x4 c:/program files (x86)/cypress/psoc creator/2.2/psoc creator/import/gnu_cs/arm/4.4.1/bin/../lib/gcc/arm-none-eabi/4.4.1/thumb2\libgcc.a(_dvmd_tls.o)
                0x0000d280                __aeabi_idiv0
                0x0000d280                __aeabi_ldiv0
 .text          0x0000d284      0x424 c:/program files (x86)/cypress/psoc creator/2.2/psoc creator/import/gnu_cs/arm/4.4.1/bin/../lib/gcc/arm-none-eabi/4.4.1/thumb2\libgcc.a(_arm_muldivdf3.o)
                0x0000d284                __aeabi_dmul
                0x0000d284                __muldf3
                0x0000d4d8                __divdf3
                0x0000d4d8                __aeabi_ddiv
 .text          0x0000d6a8      0x110 c:/program files (x86)/cypress/psoc creator/2.2/psoc creator/import/gnu_cs/arm/4.4.1/bin/../lib/gcc/arm-none-eabi/4.4.1/thumb2\libgcc.a(_arm_cmpdf2.o)
                0x0000d6a8                __gtdf2
                0x0000d6a8                __gedf2
                0x0000d6b0                __ltdf2
                0x0000d6b0                __ledf2
                0x0000d6b8                __nedf2
                0x0000d6b8                __eqdf2
                0x0000d6b8                __cmpdf2
                0x0000d734                __aeabi_cdrcmple
                0x0000d744                __aeabi_cdcmpeq
                0x0000d744                __aeabi_cdcmple
                0x0000d754                __aeabi_dcmpeq
                0x0000d768                __aeabi_dcmplt
                0x0000d77c                __aeabi_dcmple
                0x0000d790                __aeabi_dcmpge
                0x0000d7a4                __aeabi_dcmpgt
 .text          0x0000d7b8       0x50 c:/program files (x86)/cypress/psoc creator/2.2/psoc creator/import/gnu_cs/arm/4.4.1/bin/../lib/gcc/arm-none-eabi/4.4.1/thumb2\libgcc.a(_arm_fixdfsi.o)
                0x0000d7b8                __aeabi_d2iz
                0x0000d7b8                __fixdfsi
 .text          0x0000d808       0x40 c:/program files (x86)/cypress/psoc creator/2.2/psoc creator/import/gnu_cs/arm/4.4.1/bin/../lib/gcc/arm-none-eabi/4.4.1/thumb2\libgcc.a(_arm_fixunsdfsi.o)
                0x0000d808                __aeabi_d2uiz
                0x0000d808                __fixunsdfsi
 .text          0x0000d848       0xec c:/program files (x86)/cypress/psoc creator/2.2/psoc creator/import/gnu_cs/arm/4.4.1/bin/../lib/gcc/arm-none-eabi/4.4.1/thumb2\libgcc.a(_arm_cmpsf2.o)
                0x0000d848                __gesf2
                0x0000d848                __gtsf2
                0x0000d850                __lesf2
                0x0000d850                __ltsf2
                0x0000d858                __nesf2
                0x0000d858                __eqsf2
                0x0000d858                __cmpsf2
                0x0000d8b8                __aeabi_cfrcmple
                0x0000d8c0                __aeabi_cfcmpeq
                0x0000d8c0                __aeabi_cfcmple
                0x0000d8d0                __aeabi_fcmpeq
                0x0000d8e4                __aeabi_fcmplt
                0x0000d8f8                __aeabi_fcmple
                0x0000d90c                __aeabi_fcmpge
                0x0000d920                __aeabi_fcmpgt
 .text          0x0000d934       0x2c c:/program files (x86)/cypress/psoc creator/2.2/psoc creator/import/gnu_cs/arm/4.4.1/bin/../lib/gcc/arm-none-eabi/4.4.1/thumb2\libgcc.a(_aeabi_uldivmod.o)
                0x0000d934                __aeabi_uldivmod
 .text          0x0000d960       0x58 c:/program files (x86)/cypress/psoc creator/2.2/psoc creator/import/gnu_cs/arm/4.4.1/bin/../lib/gcc/arm-none-eabi/4.4.1/thumb2\libgcc.a(bpabi.o)
                0x0000d960                __gnu_uldivmod_helper
                0x0000d98c                __gnu_ldivmod_helper
 .text          0x0000d9b8      0x364 c:/program files (x86)/cypress/psoc creator/2.2/psoc creator/import/gnu_cs/arm/4.4.1/bin/../lib/gcc/arm-none-eabi/4.4.1/thumb2\libgcc.a(_divdi3.o)
                0x0000d9b8                __divdi3
 .text          0x0000dd1c      0x300 c:/program files (x86)/cypress/psoc creator/2.2/psoc creator/import/gnu_cs/arm/4.4.1/bin/../lib/gcc/arm-none-eabi/4.4.1/thumb2\libgcc.a(_udivdi3.o)
                0x0000dd1c                __udivdi3
 .text          0x0000e01c       0x30 c:/program files (x86)/cypress/psoc creator/2.2/psoc creator/import/gnu_cs/arm/4.4.1/bin/../lib/gcc/arm-none-eabi/4.4.1/../../../../arm-none-eabi/lib/thumb2\libcs3.a(start_c.o)
                0x0000e01c                __cs3_premain
 .text          0x0000e04c       0x44 c:/program files (x86)/cypress/psoc creator/2.2/psoc creator/import/gnu_cs/arm/4.4.1/bin/../lib/gcc/arm-none-eabi/4.4.1/../../../../arm-none-eabi/lib/thumb2\libcs3unhosted.a(unhosted-sbrk.o)
                0x0000e04c                _sbrk
 .text          0x0000e090        0x2 c:/program files (x86)/cypress/psoc creator/2.2/psoc creator/import/gnu_cs/arm/4.4.1/bin/../lib/gcc/arm-none-eabi/4.4.1/../../../../arm-none-eabi/lib/thumb2\libcs3micro.a(micro_isr_interrupt.o)
                0x0000e090                __cs3_isr_external_24
                0x0000e090                __cs3_isr_external_9
                0x0000e090                __cs3_isr_external_14
                0x0000e090                __cs3_isr_reserved_9
                0x0000e090                __cs3_isr_external_4
                0x0000e090                __cs3_isr_external_21
                0x0000e090                __cs3_isr_external_0
                0x0000e090                __cs3_isr_external_27
                0x0000e090                __cs3_isr_external_11
                0x0000e090                __cs3_isr_usage_fault
                0x0000e090                __cs3_isr_svcall
                0x0000e090                __cs3_isr_external_3
                0x0000e090                __cs3_isr_mpu_fault
                0x0000e090                __cs3_isr_external_16
                0x0000e090                __cs3_isr_pendsv
                0x0000e090                __cs3_isr_external_31
                0x0000e090                __cs3_isr_nmi
                0x0000e090                __cs3_isr_external_5
                0x0000e090                __cs3_isr_external_6
                0x0000e090                __cs3_isr_external_12
                0x0000e090                __cs3_isr_hard_fault
                0x0000e090                __cs3_isr_bus_fault
                0x0000e090                __cs3_isr_external_1
                0x0000e090                __cs3_isr_external_13
                0x0000e090                __cs3_isr_external_30
                0x0000e090                __cs3_isr_external_23
                0x0000e090                __cs3_isr_external_20
                0x0000e090                __cs3_isr_debug
                0x0000e090                __cs3_isr_reserved_13
                0x0000e090                __cs3_isr_external_8
                0x0000e090                __cs3_isr_external_26
                0x0000e090                __cs3_isr_reserved_8
                0x0000e090                __cs3_isr_reserved_7
                0x0000e090                __cs3_isr_external_7
                0x0000e090                __cs3_isr_external_28
                0x0000e090                __cs3_isr_systick
                0x0000e090                __cs3_isr_external_22
                0x0000e090                __cs3_isr_external_10
                0x0000e090                __cs3_isr_external_15
                0x0000e090                __cs3_isr_interrupt
                0x0000e090                __cs3_isr_external_18
                0x0000e090                __cs3_isr_external_29
                0x0000e090                __cs3_isr_external_25
                0x0000e090                __cs3_isr_reserved_10
                0x0000e090                __cs3_isr_external_2
                0x0000e090                __cs3_isr_external_17
                0x0000e090                __cs3_isr_external_19
 *fill*         0x0000e092        0x2 00
 .text          0x0000e094        0xc c:/program files (x86)/cypress/psoc creator/2.2/psoc creator/import/gnu_cs/arm/4.4.1/bin/../lib/gcc/arm-none-eabi/4.4.1/../../../../arm-none-eabi/lib/thumb2\libc.a(lib_a-errno.o)
                0x0000e094                __errno
 .text          0x0000e0a0       0x50 c:/program files (x86)/cypress/psoc creator/2.2/psoc creator/import/gnu_cs/arm/4.4.1/bin/../lib/gcc/arm-none-eabi/4.4.1/../../../../arm-none-eabi/lib/thumb2\libc.a(lib_a-init.o)
                0x0000e0a0                __libc_init_array
 *(.plt)
 *(.gnu.warning)
 *(.glue_7t)
 .glue_7t       0x00000000        0x0 linker stubs
 *(.glue_7)
 .glue_7        0x00000000        0x0 linker stubs
 *(.vfp11_veneer)
 .vfp11_veneer  0x00000000        0x0 linker stubs
 *(.bootloader)
 *(.ARM.extab* .gnu.linkonce.armextab.*)
 *(.gcc_except_table)

.v4_bx          0x0000e0f0        0x0
 .v4_bx         0x00000000        0x0 linker stubs

.eh_frame_hdr
 *(.eh_frame_hdr)

.eh_frame
 *(.eh_frame)
                0x0000e0f0                PROVIDE (__exidx_start, .)

.ARM.exidx      0x0000e0f0        0x8
 *(.ARM.exidx* .gnu.linkonce.armexidx.*)
 .ARM.exidx     0x0000e0f0        0x8 c:/program files (x86)/cypress/psoc creator/2.2/psoc creator/import/gnu_cs/arm/4.4.1/bin/../lib/gcc/arm-none-eabi/4.4.1/thumb2\libgcc.a(_divdi3.o)
 .ARM.exidx     0x0000e0f8        0x0 c:/program files (x86)/cypress/psoc creator/2.2/psoc creator/import/gnu_cs/arm/4.4.1/bin/../lib/gcc/arm-none-eabi/4.4.1/thumb2\libgcc.a(_udivdi3.o)
                                  0x8 (size before relaxing)
                0x0000e0f8                __exidx_end = .

.rodata         0x0000e0f8      0x4c0
 *(.rodata .rodata.* .gnu.linkonce.r.*)
 .rodata        0x0000e0f8       0x3c .\CortexM3\ARM_GCC_441\Debug\main.o
 .rodata        0x0000e134        0x8 .\CortexM3\ARM_GCC_441\Debug\solinst_depth.o
 .rodata        0x0000e13c       0x44 .\CortexM3\ARM_GCC_441\Debug\Solinst Driver.a(cyfitter_cfg.o)
 .rodata        0x0000e180       0x30 ..\..\..\..\hardware\psoc5\neolib\libneomote.a(NeoRTC.o)
 .rodata        0x0000e1b0       0x78 ..\..\..\emFile_V322b\LinkLibrary\PSoC5\GCC\libemf32nosnlfn.a(FS_Misc.o)
 .rodata.str1.1
                0x0000e228       0x30 ..\..\..\emFile_V322b\LinkLibrary\PSoC5\GCC\libemf32nosnlfn.a(FS_Misc.o)
 .rodata        0x0000e258       0x10 ..\..\..\emFile_V322b\LinkLibrary\PSoC5\GCC\libemf32nosnlfn.a(FAT_Misc.o)
                0x0000e258                FAT_SFN_API
 .rodata.str1.1
                0x0000e268        0x3 ..\..\..\emFile_V322b\LinkLibrary\PSoC5\GCC\libemf32nosnlfn.a(FAT_Open.o)
 *fill*         0x0000e26b        0x1 00
 .rodata        0x0000e26c       0x68 ..\..\..\emFile_V322b\LinkLibrary\PSoC5\GCC\libemf32nosnlfn.a(MMC_Drv.o)
                0x0000e2b4                FS_MMC_SPI_Driver
 .rodata.str1.1
                0x0000e2d4        0x4 ..\..\..\emFile_V322b\LinkLibrary\PSoC5\GCC\libemf32nosnlfn.a(MMC_Drv.o)
 .rodata.str1.4
                0x0000e2d8        0x2 c:/program files (x86)/cypress/psoc creator/2.2/psoc creator/import/gnu_cs/arm/4.4.1/bin/../lib/gcc/arm-none-eabi/4.4.1/../../../../arm-none-eabi/lib/thumb2\libc.a(lib_a-impure.o)
                                  0x4 (size before relaxing)
 *fill*         0x0000e2da        0x2 00
 .rodata        0x0000e2dc       0x68 c:/program files (x86)/cypress/psoc creator/2.2/psoc creator/import/gnu_cs/arm/4.4.1/bin/../lib/gcc/arm-none-eabi/4.4.1/../../../../arm-none-eabi/lib/thumb2\libc.a(lib_a-mktm_r.o)
 *fill*         0x0000e344        0x4 00
 .rodata        0x0000e348       0x28 c:/program files (x86)/cypress/psoc creator/2.2/psoc creator/import/gnu_cs/arm/4.4.1/bin/../lib/gcc/arm-none-eabi/4.4.1/../../../../arm-none-eabi/lib/thumb2\libc.a(lib_a-strtod.o)
 .rodata.str1.4
                0x0000e370        0xf c:/program files (x86)/cypress/psoc creator/2.2/psoc creator/import/gnu_cs/arm/4.4.1/bin/../lib/gcc/arm-none-eabi/4.4.1/../../../../arm-none-eabi/lib/thumb2\libc.a(lib_a-strtod.o)
                                 0x10 (size before relaxing)
 *fill*         0x0000e37f        0x1 00
 .rodata        0x0000e380       0x20 c:/program files (x86)/cypress/psoc creator/2.2/psoc creator/import/gnu_cs/arm/4.4.1/bin/../lib/gcc/arm-none-eabi/4.4.1/../../../../arm-none-eabi/lib/thumb2\libc.a(lib_a-svfprintf.o)
 .rodata.str1.4
                0x0000e3a0       0x42 c:/program files (x86)/cypress/psoc creator/2.2/psoc creator/import/gnu_cs/arm/4.4.1/bin/../lib/gcc/arm-none-eabi/4.4.1/../../../../arm-none-eabi/lib/thumb2\libc.a(lib_a-svfprintf.o)
                                 0x44 (size before relaxing)
 *fill*         0x0000e3e2        0x2 00
 .rodata.str1.4
                0x0000e3e4       0x10 c:/program files (x86)/cypress/psoc creator/2.2/psoc creator/import/gnu_cs/arm/4.4.1/bin/../lib/gcc/arm-none-eabi/4.4.1/../../../../arm-none-eabi/lib/thumb2\libc.a(lib_a-dtoa.o)
                                 0x14 (size before relaxing)
 .rodata.str1.4
                0x0000e3f4       0x1b c:/program files (x86)/cypress/psoc creator/2.2/psoc creator/import/gnu_cs/arm/4.4.1/bin/../lib/gcc/arm-none-eabi/4.4.1/../../../../arm-none-eabi/lib/thumb2\libc.a(lib_a-gdtoa-gethex.o)
                                 0x1c (size before relaxing)
 *fill*         0x0000e40f        0x1 00
 .rodata        0x0000e410       0x34 c:/program files (x86)/cypress/psoc creator/2.2/psoc creator/import/gnu_cs/arm/4.4.1/bin/../lib/gcc/arm-none-eabi/4.4.1/../../../../arm-none-eabi/lib/thumb2\libc.a(lib_a-locale.o)
 .rodata.str1.4
                0x0000e444       0x10 c:/program files (x86)/cypress/psoc creator/2.2/psoc creator/import/gnu_cs/arm/4.4.1/bin/../lib/gcc/arm-none-eabi/4.4.1/../../../../arm-none-eabi/lib/thumb2\libc.a(lib_a-locale.o)
                                 0x18 (size before relaxing)
 *fill*         0x0000e454        0x4 00
 .rodata        0x0000e458      0x128 c:/program files (x86)/cypress/psoc creator/2.2/psoc creator/import/gnu_cs/arm/4.4.1/bin/../lib/gcc/arm-none-eabi/4.4.1/../../../../arm-none-eabi/lib/thumb2\libc.a(lib_a-mprec.o)
                0x0000e458                __mprec_tens
                0x0000e530                __mprec_bigtens
                0x0000e558                __mprec_tinytens
                0x0000e580                . = ALIGN (0x4)
 *(.init)
 .init          0x0000e580        0x4 c:/program files (x86)/cypress/psoc creator/2.2/psoc creator/import/gnu_cs/arm/4.4.1/bin/../lib/gcc/arm-none-eabi/4.4.1/thumb2/crti.o
                0x0000e580                _init
 .init          0x0000e584        0x8 c:/program files (x86)/cypress/psoc creator/2.2/psoc creator/import/gnu_cs/arm/4.4.1/bin/../lib/gcc/arm-none-eabi/4.4.1/thumb2/crtn.o
                0x0000e58c                . = ALIGN (0x4)
                0x0000e58c                __preinit_array_start = .
 *(.preinit_array)
                0x0000e58c                __preinit_array_end = .
                0x0000e58c                . = ALIGN (0x4)
                0x0000e58c                __init_array_start = .
 *(SORT(.init_array.*))
 *(.init_array)
 .init_array    0x0000e58c        0x4 c:/program files (x86)/cypress/psoc creator/2.2/psoc creator/import/gnu_cs/arm/4.4.1/bin/../lib/gcc/arm-none-eabi/4.4.1/thumb2/crtbegin.o
 .init_array    0x0000e590        0x4 .\CortexM3\ARM_GCC_441\Debug\Cm3Start.o
                0x0000e594                __init_array_end = .
                0x0000e594                . = ALIGN (0x4)
 *(.fini)
 .fini          0x0000e594        0x4 c:/program files (x86)/cypress/psoc creator/2.2/psoc creator/import/gnu_cs/arm/4.4.1/bin/../lib/gcc/arm-none-eabi/4.4.1/thumb2/crti.o
                0x0000e594                _fini
 .fini          0x0000e598        0x8 c:/program files (x86)/cypress/psoc creator/2.2/psoc creator/import/gnu_cs/arm/4.4.1/bin/../lib/gcc/arm-none-eabi/4.4.1/thumb2/crtn.o
                0x0000e5a0                . = ALIGN (0x4)
                0x0000e5a0                __fini_array_start = .
 *(.fini_array)
 .fini_array    0x0000e5a0        0x4 c:/program files (x86)/cypress/psoc creator/2.2/psoc creator/import/gnu_cs/arm/4.4.1/bin/../lib/gcc/arm-none-eabi/4.4.1/thumb2/crtbegin.o
 *(SORT(.fini_array.*))
                0x0000e5a4                __fini_array_end = .
                0x0000e5a4                . = ALIGN (0x4)
 *crtbegin.o(.ctors)
 *(EXCLUDE_FILE(*crtend.o) .ctors)
 *(SORT(.ctors.*))
 *crtend.o(.ctors)
                0x0000e5a4                . = ALIGN (0x4)
 *crtbegin.o(.dtors)
 *(EXCLUDE_FILE(*crtend.o) .dtors)
 *(SORT(.dtors.*))
 *crtend.o(.dtors)
                0x0000e5a4                . = ALIGN (0x4)
                0x0000e5a4                __cs3_regions = .
                0x0000e5a4        0x4 LONG 0x0
                0x0000e5a8        0x4 LONG 0xe5b8 __cs3_region_init_ram
                0x0000e5ac        0x4 LONG 0x1fff8108 __cs3_region_start_data
                0x0000e5b0        0x4 LONG 0x598 __cs3_region_init_size_ram
                0x0000e5b4        0x4 LONG 0x13d0 __cs3_region_zero_size_ram
                0x0000e5b8                __cs3_regions_end = .
                0x0000e5b8                . = ALIGN (0x8)
                0x0000e5b8                _etext = .

.ramvectors     0x1fff8000      0x100
                0x1fff8000                __cs3_region_start_ram = .
 *(.cs3.region-head.ram)
                0x1fff8001                ASSERT ((. == __cs3_region_start_ram), .cs3.region-head.ram not permitted)
 *(.ramvectors)
 .ramvectors    0x1fff8000      0x100 .\CortexM3\ARM_GCC_441\Debug\Cm3Start.o
                0x1fff8000                CyRamVectors

.noinit         0x1fff8100        0x4
 *(.noinit)
 .noinit        0x1fff8100        0x4 .\CortexM3\ARM_GCC_441\Debug\Cm3Start.o

.data           0x1fff8108      0x598 load address 0x0000e5b8
                0x1fff8108                __cs3_region_start_data = .
 *(.jcr)
 .jcr           0x1fff8108        0x0 c:/program files (x86)/cypress/psoc creator/2.2/psoc creator/import/gnu_cs/arm/4.4.1/bin/../lib/gcc/arm-none-eabi/4.4.1/thumb2/crtbegin.o
 .jcr           0x1fff8108        0x4 c:/program files (x86)/cypress/psoc creator/2.2/psoc creator/import/gnu_cs/arm/4.4.1/bin/../lib/gcc/arm-none-eabi/4.4.1/thumb2/crtend.o
 *(.got.plt)
 *(.got)
 *(.shdata)
 *(.data .data.* .gnu.linkonce.d.*)
 .data          0x1fff810c       0x10 .\CortexM3\ARM_GCC_441\Debug\Solinst Driver.a(CyLib.o)
                0x1fff810c                cydelay_freq_hz
                0x1fff8110                cydelay_freq_khz
                0x1fff8114                cydelay_freq_mhz
                0x1fff8118                cydelay_32k_ms
 .data          0x1fff811c        0x4 ..\..\..\emFile_V322b\LinkLibrary\PSoC5\GCC\libemf32nosnlfn.a(FAT_Misc.o)
                0x1fff811c                FAT_pDirEntryAPI
 .data          0x1fff8120        0x4 .\CortexM3\ARM_GCC_441\Debug\Solinst Driver.a(NEOMOTE_1_I2C_0_PM.o)
                0x1fff8120                NEOMOTE_1_I2C_0_backup
 .data          0x1fff8124        0x4 ..\..\..\emFile_V322b\LinkLibrary\PSoC5\GCC\libemf32nosnlfn.a(MMC_Drv.o)
 .data          0x1fff8128       0xf4 c:/program files (x86)/cypress/psoc creator/2.2/psoc creator/import/gnu_cs/arm/4.4.1/bin/../lib/gcc/arm-none-eabi/4.4.1/../../../../arm-none-eabi/lib/thumb2\libc.a(lib_a-impure.o)
                0x1fff8128                _impure_ptr
 .data          0x1fff821c      0x410 c:/program files (x86)/cypress/psoc creator/2.2/psoc creator/import/gnu_cs/arm/4.4.1/bin/../lib/gcc/arm-none-eabi/4.4.1/../../../../arm-none-eabi/lib/thumb2\libc.a(lib_a-mallocr.o)
                0x1fff821c                __malloc_av_
                0x1fff8624                __malloc_sbrk_base
                0x1fff8628                __malloc_trim_threshold
 .data          0x1fff862c       0x28 c:/program files (x86)/cypress/psoc creator/2.2/psoc creator/import/gnu_cs/arm/4.4.1/bin/../lib/gcc/arm-none-eabi/4.4.1/../../../../arm-none-eabi/lib/thumb2\libc.a(lib_a-strtod.o)
 .data          0x1fff8654       0x40 c:/program files (x86)/cypress/psoc creator/2.2/psoc creator/import/gnu_cs/arm/4.4.1/bin/../lib/gcc/arm-none-eabi/4.4.1/../../../../arm-none-eabi/lib/thumb2\libc.a(lib_a-gettzinfo.o)
 .data          0x1fff8694        0x4 c:/program files (x86)/cypress/psoc creator/2.2/psoc creator/import/gnu_cs/arm/4.4.1/bin/../lib/gcc/arm-none-eabi/4.4.1/../../../../arm-none-eabi/lib/thumb2\libcs3unhosted.a(unhosted-sbrk.o)
 .data          0x1fff8698        0x4 c:/program files (x86)/cypress/psoc creator/2.2/psoc creator/import/gnu_cs/arm/4.4.1/bin/../lib/gcc/arm-none-eabi/4.4.1/../../../../arm-none-eabi/lib/thumb2\libcs3.a(heap.o)
                0x1fff8698                __cs3_heap_limit
                0x1fff86a0                . = ALIGN (0x8)
 *fill*         0x1fff869c        0x4 00
 *(.ram)
                0x1fff86a0                _edata = .

.bss            0x1fff86a0     0x13d0 load address 0x0000eb50
 *(.shbss)
 *(.bss .bss.* .gnu.linkonce.b.*)
 .bss           0x1fff86a0        0x1 c:/program files (x86)/cypress/psoc creator/2.2/psoc creator/import/gnu_cs/arm/4.4.1/bin/../lib/gcc/arm-none-eabi/4.4.1/thumb2/crtbegin.o
 *fill*         0x1fff86a1        0x3 00
 .bss           0x1fff86a4       0x18 .\CortexM3\ARM_GCC_441\Debug\main.o
                0x1fff86a4                solinst_reading
                0x1fff86b0                ultrasonic_reading
 .bss           0x1fff86bc        0x1 .\CortexM3\ARM_GCC_441\Debug\solinst_depth.o
                0x1fff86bc                uart_solinst_string_index
 .bss           0x1fff86bd        0x1 .\CortexM3\ARM_GCC_441\Debug\ultrasonic.o
                0x1fff86bd                uart_ultrasonic_string_index
 .bss           0x1fff86be        0x2 .\CortexM3\ARM_GCC_441\Debug\Solinst Driver.a(uart_solinst.o)
                0x1fff86be                uart_solinst_initVar
 .bss           0x1fff86c0        0x2 .\CortexM3\ARM_GCC_441\Debug\Solinst Driver.a(uart_ultrasonic.o)
                0x1fff86c0                uart_ultrasonic_initVar
 *fill*         0x1fff86c2        0x2 00
 .bss           0x1fff86c4        0xc ..\..\..\emFile_V322b\LinkLibrary\PSoC5\GCC\libemf32nosnlfn.a(FS_Core.o)
 .bss           0x1fff86d0        0x1 .\CortexM3\ARM_GCC_441\Debug\Solinst Driver.a(NEOMOTE_1_I2C_0.o)
                0x1fff86d0                NEOMOTE_1_I2C_0_initVar
 *fill*         0x1fff86d1        0x3 00
 .bss           0x1fff86d4     0x1000 .\CortexM3\ARM_GCC_441\Debug\Solinst Driver.a(emFile_1_ConfigMMC_SPI.o)
 .bss           0x1fff96d4       0x14 ..\..\..\emFile_V322b\LinkLibrary\PSoC5\GCC\libemf32nosnlfn.a(MMC_Drv.o)
 .bss           0x1fff96e8        0x1 .\CortexM3\ARM_GCC_441\Debug\Solinst Driver.a(emFile_1_MMC_HW_SPI.o)
 .bss           0x1fff96e9        0x1 .\CortexM3\ARM_GCC_441\Debug\Solinst Driver.a(emFile_1_SPI0.o)
                0x1fff96e9                emFile_1_SPI0_initVar
 *fill*         0x1fff96ea        0x2 00
 .bss           0x1fff96ec       0x34 c:/program files (x86)/cypress/psoc creator/2.2/psoc creator/import/gnu_cs/arm/4.4.1/bin/../lib/gcc/arm-none-eabi/4.4.1/../../../../arm-none-eabi/lib/thumb2\libc.a(lib_a-mallocr.o)
                0x1fff96ec                __malloc_top_pad
                0x1fff96f0                __malloc_current_mallinfo
                0x1fff9718                __malloc_max_sbrked_mem
                0x1fff971c                __malloc_max_total_mem
 .bss           0x1fff9720        0x8 c:/program files (x86)/cypress/psoc creator/2.2/psoc creator/import/gnu_cs/arm/4.4.1/bin/../lib/gcc/arm-none-eabi/4.4.1/../../../../arm-none-eabi/lib/thumb2\libc.a(lib_a-tzvars.o)
                0x1fff9720                _daylight
                0x1fff9724                _timezone
 *(COMMON)
 COMMON         0x1fff9728       0x80 .\CortexM3\ARM_GCC_441\Debug\main.o
                0x1fff9728                data_packet
 COMMON         0x1fff97a8       0x80 .\CortexM3\ARM_GCC_441\Debug\solinst_depth.o
                0x1fff97a8                uart_solinst_received_string
 COMMON         0x1fff9828       0x80 .\CortexM3\ARM_GCC_441\Debug\ultrasonic.o
                0x1fff9828                uart_ultrasonic_received_string
 COMMON         0x1fff98a8        0x1 .\CortexM3\ARM_GCC_441\Debug\Solinst Driver.a(CyLib.o)
                0x1fff98a8                CyResetStatus
 *fill*         0x1fff98a9        0x3 00
 COMMON         0x1fff98ac       0x20 ..\..\..\..\hardware\psoc5\neolib\libneomote.a(NeoRTC.o)
                0x1fff98ac                i2cBufferWrite
                0x1fff98b8                minuteAlarmInterval
                0x1fff98bc                i2cBufferRead
                0x1fff98c8                receivedIntCallBack
 COMMON         0x1fff98cc       0x88 ..\..\..\emFile_V322b\LinkLibrary\PSoC5\GCC\libemf32nosnlfn.a(FS_Core.o)
                0x1fff98cc                FS_Global
                0x1fff9950                FS_NumBytesAllocated
 COMMON         0x1fff9954        0x1 .\CortexM3\ARM_GCC_441\Debug\Solinst Driver.a(NEOMOTE_1_I2C_0.o)
                0x1fff9954                NEOMOTE_1_I2C_0_state
 *fill*         0x1fff9955        0x3 00
 COMMON         0x1fff9958       0x11 .\CortexM3\ARM_GCC_441\Debug\Solinst Driver.a(NEOMOTE_1_I2C_0_MASTER.o)
                0x1fff9958                NEOMOTE_1_I2C_0_mstrWrBufPtr
                0x1fff995c                NEOMOTE_1_I2C_0_mstrControl
                0x1fff995d                NEOMOTE_1_I2C_0_mstrRdBufSize
                0x1fff995e                NEOMOTE_1_I2C_0_mstrStatus
                0x1fff995f                NEOMOTE_1_I2C_0_mstrRdBufIndex
                0x1fff9960                NEOMOTE_1_I2C_0_mstrWrBufIndex