Archive member included because of file (symbol)

.\CortexM3\ARM_GCC_441\Debug\Solinst Driver.a(CyLib.o)
                              .\CortexM3\ARM_GCC_441\Debug\Cm3Start.o (CyResetStatus)
.\CortexM3\ARM_GCC_441\Debug\Solinst Driver.a(cyPm.o)
                              .\CortexM3\ARM_GCC_441\Debug\Solinst Driver.a(CyLib.o) (CyPmReadStatus)
.\CortexM3\ARM_GCC_441\Debug\Solinst Driver.a(uart_solinst.o)
                              .\CortexM3\ARM_GCC_441\Debug\solinst_depth.o (uart_solinst_Start)
.\CortexM3\ARM_GCC_441\Debug\Solinst Driver.a(isr_solinst_byte_rx.o)
                              .\CortexM3\ARM_GCC_441\Debug\solinst_depth.o (isr_solinst_byte_rx_StartEx)
.\CortexM3\ARM_GCC_441\Debug\Solinst Driver.a(solinst_power_pin.o)
                              .\CortexM3\ARM_GCC_441\Debug\solinst_depth.o (solinst_power_pin_Write)
.\CortexM3\ARM_GCC_441\Debug\Solinst Driver.a(uart_solinst_IntClock.o)
                              .\CortexM3\ARM_GCC_441\Debug\Solinst Driver.a(uart_solinst.o) (uart_solinst_IntClock_Start)
.\CortexM3\ARM_GCC_441\Debug\Solinst Driver.a(NEOMOTE_1_SD_Card_Power.o)
                              .\CortexM3\ARM_GCC_441\Debug\main.o (NEOMOTE_1_SD_Card_Power_Write)
.\CortexM3\ARM_GCC_441\Debug\Solinst Driver.a(uart_ultrasonic.o)
                              .\CortexM3\ARM_GCC_441\Debug\ultrasonic.o (uart_ultrasonic_Start)
.\CortexM3\ARM_GCC_441\Debug\Solinst Driver.a(isr_byte_ultrasonic_rx.o)
                              .\CortexM3\ARM_GCC_441\Debug\ultrasonic.o (isr_byte_ultrasonic_rx_StartEx)
.\CortexM3\ARM_GCC_441\Debug\Solinst Driver.a(ultrasonic_voltage_pin.o)
                              .\CortexM3\ARM_GCC_441\Debug\ultrasonic.o (ultrasonic_voltage_pin_Write)
.\CortexM3\ARM_GCC_441\Debug\Solinst Driver.a(uart_ultrasonic_IntClock.o)
                              .\CortexM3\ARM_GCC_441\Debug\Solinst Driver.a(uart_ultrasonic.o) (uart_ultrasonic_IntClock_Start)
.\CortexM3\ARM_GCC_441\Debug\Solinst Driver.a(cyfitter_cfg.o)
                              .\CortexM3\ARM_GCC_441\Debug\Cm3Start.o (cyfitter_cfg)
.\CortexM3\ARM_GCC_441\Debug\Solinst Driver.a(CyBootAsmGnu.o)
                              .\CortexM3\ARM_GCC_441\Debug\Solinst Driver.a(CyLib.o) (CyDelayCycles)
.\CortexM3\ARM_GCC_441\Debug\Solinst Driver.a(CyFlash.o)
                              .\CortexM3\ARM_GCC_441\Debug\Solinst Driver.a(cyPm.o) (CyFlash_SetWaitCycles)
.\CortexM3\ARM_GCC_441\Debug\Solinst Driver.a(CySpc.o)
                              .\CortexM3\ARM_GCC_441\Debug\Solinst Driver.a(CyFlash.o) (CySpcStart)
..\..\..\..\hardware\psoc5\neolib\libneomote.a(NeoRTC.o)
                              .\CortexM3\ARM_GCC_441\Debug\main.o (NeoRTC_Start)
..\..\..\..\hardware\psoc5\neolib\libneomote.a(NeoI2C.o)
                              ..\..\..\..\hardware\psoc5\neolib\libneomote.a(NeoRTC.o) (NeoI2C_Start)
..\..\..\emFile_V322b\LinkLibrary\PSoC5\GCC\libemf32nosnlfn.a(FS_Core.o)
                              .\CortexM3\ARM_GCC_441\Debug\main.o (FS_DeInit)
..\..\..\emFile_V322b\LinkLibrary\PSoC5\GCC\libemf32nosnlfn.a(FS_Misc.o)
                              .\CortexM3\ARM_GCC_441\Debug\main.o (FS_Init)
..\..\..\emFile_V322b\LinkLibrary\PSoC5\GCC\libemf32nosnlfn.a(FS_Storage.o)
                              .\CortexM3\ARM_GCC_441\Debug\main.o (FS_GetVolumeName)
..\..\..\emFile_V322b\LinkLibrary\PSoC5\GCC\libemf32nosnlfn.a(FS_Unmount.o)
                              ..\..\..\emFile_V322b\LinkLibrary\PSoC5\GCC\libemf32nosnlfn.a(FS_Misc.o) (FS__UnmountForcedNL)
..\..\..\emFile_V322b\LinkLibrary\PSoC5\GCC\libemf32nosnlfn.a(FS_Volume.o)
                              ..\..\..\emFile_V322b\LinkLibrary\PSoC5\GCC\libemf32nosnlfn.a(FS_Misc.o) (FS__AutoMount)
..\..\..\emFile_V322b\LinkLibrary\PSoC5\GCC\libemf32nosnlfn.a(FS_Write.o)
                              .\CortexM3\ARM_GCC_441\Debug\main.o (FS_Write)
..\..\..\emFile_V322b\LinkLibrary\PSoC5\GCC\libemf32nosnlfn.a(FAT_CheckDisk.o)
                              ..\..\..\emFile_V322b\LinkLibrary\PSoC5\GCC\libemf32nosnlfn.a(FS_Volume.o) (FS_FAT__CheckDisk)
..\..\..\emFile_V322b\LinkLibrary\PSoC5\GCC\libemf32nosnlfn.a(FAT_Dir.o)
                              ..\..\..\emFile_V322b\LinkLibrary\PSoC5\GCC\libemf32nosnlfn.a(FAT_CheckDisk.o) (FS_FAT_CreateDirEx)
..\..\..\emFile_V322b\LinkLibrary\PSoC5\GCC\libemf32nosnlfn.a(FAT_DiskInfo.o)
                              ..\..\..\emFile_V322b\LinkLibrary\PSoC5\GCC\libemf32nosnlfn.a(FS_Volume.o) (FS_FAT_GetDiskInfo)
..\..\..\emFile_V322b\LinkLibrary\PSoC5\GCC\libemf32nosnlfn.a(FAT_Misc.o)
                              ..\..\..\emFile_V322b\LinkLibrary\PSoC5\GCC\libemf32nosnlfn.a(FAT_Dir.o) (FS_FAT_ClusterId2SectorNo)
..\..\..\emFile_V322b\LinkLibrary\PSoC5\GCC\libemf32nosnlfn.a(FAT_Open.o)
                              ..\..\..\emFile_V322b\LinkLibrary\PSoC5\GCC\libemf32nosnlfn.a(FAT_CheckDisk.o) (FS_FAT_InitDirEntryScan)
..\..\..\emFile_V322b\LinkLibrary\PSoC5\GCC\libemf32nosnlfn.a(FAT_VolumeLabel.o)
[...]
Memory Configuration

Name             Origin             Length             Attributes
rom              0x00000000         0x00040000         xr
ram              0x1fff8000         0x0000b000         xrw
*default*        0x00000000         0xffffffff

Linker script and memory map

LOAD c:/program files (x86)/cypress/psoc creator/2.2/psoc creator/import/gnu_cs/arm/4.4.1/bin/../lib/gcc/arm-none-eabi/4.4.1/thumb2/crti.o
LOAD c:/program files (x86)/cypress/psoc creator/2.2/psoc creator/import/gnu_cs/arm/4.4.1/bin/../lib/gcc/arm-none-eabi/4.4.1/thumb2/crtbegin.o
START GROUP
LOAD .\CortexM3\ARM_GCC_441\Debug\main.o
LOAD .\CortexM3\ARM_GCC_441\Debug\solinst_depth.o
LOAD .\CortexM3\ARM_GCC_441\Debug\ultrasonic.o
LOAD .\CortexM3\ARM_GCC_441\Debug\debug.o
LOAD .\CortexM3\ARM_GCC_441\Debug\Cm3Start.o
LOAD .\CortexM3\ARM_GCC_441\Debug\Solinst Driver.a
LOAD C:\Program Files (x86)\Cypress\PSoC Creator\2.2\PSoC Creator\psoc\content\cycomponentlibrary\CyComponentLibrary.cylib\CortexM3\ARM_GCC_441\Debug\CyComponentLibrary.a
LOAD ..\..\..\..\hardware\psoc5\neolib\libneomote.a
LOAD ..\..\..\emFile_V322b\LinkLibrary\PSoC5\GCC\libemf32nosnlfn.a
END GROUP
START GROUP
LOAD c:/program files (x86)/cypress/psoc creator/2.2/psoc creator/import/gnu_cs/arm/4.4.1/bin/../lib/gcc/arm-none-eabi/4.4.1/thumb2\libgcc.a
LOAD c:/program files (x86)/cypress/psoc creator/2.2/psoc creator/import/gnu_cs/arm/4.4.1/bin/../lib/gcc/arm-none-eabi/4.4.1/../../../../arm-none-eabi/lib/thumb2\libc.a
END GROUP
LOAD c:/program files (x86)/cypress/psoc creator/2.2/psoc creator/import/gnu_cs/arm/4.4.1/bin/../lib/gcc/arm-none-eabi/4.4.1/thumb2/crtend.o
LOAD c:/program files (x86)/cypress/psoc creator/2.2/psoc creator/import/gnu_cs/arm/4.4.1/bin/../lib/gcc/arm-none-eabi/4.4.1/thumb2/crtn.o
START GROUP
LOAD c:/program files (x86)/cypress/psoc creator/2.2/psoc creator/import/gnu_cs/arm/4.4.1/bin/../lib/gcc/arm-none-eabi/4.4.1/thumb2\libgcc.a
LOAD c:/program files (x86)/cypress/psoc creator/2.2/psoc creator/import/gnu_cs/arm/4.4.1/bin/../lib/gcc/arm-none-eabi/4.4.1/../../../../arm-none-eabi/lib/thumb2\libc.a
LOAD c:/program files (x86)/cypress/psoc creator/2.2/psoc creator/import/gnu_cs/arm/4.4.1/bin/../lib/gcc/arm-none-eabi/4.4.1/../../../../arm-none-eabi/lib/thumb2\libcs3.a
LOAD c:/program files (x86)/cypress/psoc creator/2.2/psoc creator/import/gnu_cs/arm/4.4.1/bin/../lib/gcc/arm-none-eabi/4.4.1/../../../../arm-none-eabi/lib/thumb2\libcs3unhosted.a
LOAD c:/program files (x86)/cypress/psoc creator/2.2/psoc creator/import/gnu_cs/arm/4.4.1/bin/../lib/gcc/arm-none-eabi/4.4.1/../../../../arm-none-eabi/lib/thumb2\libcs3micro.a
END GROUP
                0x1fff9b70                PROVIDE (__cs3_heap_start, _end)
                0x00000001                PROVIDE (__cs3_region_num, ((__cs3_regions_end - __cs3_regions) / 0x14))
                0x20008000                PROVIDE (__cs3_stack, 0x20008000)
                0x20004000                PROVIDE (__cs3_heap_end, (__cs3_stack - 0x4000))

.text           0x00000000     0xe2a8
 CREATE_OBJECT_SYMBOLS
                0x00000000                PROVIDE (__cs3_interrupt_vector, RomVectors)
 *(.romvectors)
 .romvectors    0x00000000       0x10 .\CortexM3\ARM_GCC_441\Debug\Cm3Start.o
                0x00000000                RomVectors
 *(.cs3.interrupt_vector)
                0x00000001                ASSERT ((. != __cs3_interrupt_vector), No interrupt vector)
                0x000008b4                PROVIDE (__cs3_reset, Reset)
 *(.cs3.reset)
                0x00000001                ASSERT ((. != __cs3_reset), No reset code)
 *(.dma_init)
                0x00000001                ASSERT ((((0x0 + .) <= 0x10000) || 0x1), DMA Init must be within the first 64k of flash)
 *(.text.cs3.init)
 .text.cs3.init
                0x00000010       0x5c c:/program files (x86)/cypress/psoc creator/2.2/psoc creator/import/gnu_cs/arm/4.4.1/bin/../lib/gcc/arm-none-eabi/4.4.1/../../../../arm-none-eabi/lib/thumb2\libcs3.a(start_c.o)
                0x00000010                __cs3_start_c
 *(.text .text.* .gnu.linkonce.t.*)
 .text          0x0000006c       0x30 c:/program files (x86)/cypress/psoc creator/2.2/psoc creator/import/gnu_cs/arm/4.4.1/bin/../lib/gcc/arm-none-eabi/4.4.1/thumb2/crtbegin.o
 .text.main     0x0000009c       0x78 .\CortexM3\ARM_GCC_441\Debug\main.o
                0x0000009c                main
 .text.Write_To_SD_Card
                0x00000114       0x74 .\CortexM3\ARM_GCC_441\Debug\main.o
                0x00000114                Write_To_SD_Card
 .text.rtcCallBackReceived
                0x00000188       0xf0 .\CortexM3\ARM_GCC_441\Debug\main.o
                0x00000188                rtcCallBackReceived
 .text.solinst_start
                0x00000278        0xc .\CortexM3\ARM_GCC_441\Debug\solinst_depth.o
                0x00000278                solinst_start
 .text.solinst_power_on
                0x00000284       0x14 .\CortexM3\ARM_GCC_441\Debug\solinst_depth.o
                0x00000284                solinst_power_on
 .text.solinst_power_off
                0x00000298       0x14 .\CortexM3\ARM_GCC_441\Debug\solinst_depth.o
                0x00000298                solinst_power_off
 .text.solinst_get_reading
                0x000002ac      0x21c .\CortexM3\ARM_GCC_441\Debug\solinst_depth.o
                0x000002ac                solinst_get_reading
 .text.isr_solinst_byte_rx
                0x000004c8       0x60 .\CortexM3\ARM_GCC_441\Debug\solinst_depth.o
                0x000004c8                isr_solinst_byte_rx
 .text.uart_solinst_string_reset
                0x00000528       0x50 .\CortexM3\ARM_GCC_441\Debug\solinst_depth.o
                0x00000528                uart_solinst_string_reset
 .text.ultrasonic_start
                0x00000578        0xc .\CortexM3\ARM_GCC_441\Debug\ultrasonic.o
                0x00000578                ultrasonic_start
 .text.ultrasonic_power_on
                0x00000584       0x14 .\CortexM3\ARM_GCC_441\Debug\ultrasonic.o
                0x00000584                ultrasonic_power_on
 .text.ultrasonic_power_off
                0x00000598       0x14 .\CortexM3\ARM_GCC_441\Debug\ultrasonic.o
                0x00000598                ultrasonic_power_off
 .text.ultrasonic_get_reading
                0x000005ac       0xe4 .\CortexM3\ARM_GCC_441\Debug\ultrasonic.o
                0x000005ac                ultrasonic_get_reading
 .text.uart_ultrasonic_string_reset
                0x00000690       0x50 .\CortexM3\ARM_GCC_441\Debug\ultrasonic.o
                0x00000690                uart_ultrasonic_string_reset
 .text.isr_byte_ultrasonic_rx
                0x000006e0       0x6c .\CortexM3\ARM_GCC_441\Debug\ultrasonic.o
                0x000006e0                isr_byte_ultrasonic_rx
 .text.debug_on
                0x0000074c       0x24 .\CortexM3\ARM_GCC_441\Debug\debug.o
                0x0000074c                debug_on
 .text.debug_off
                0x00000770       0x24 .\CortexM3\ARM_GCC_441\Debug\debug.o
                0x00000770                debug_off
 .text.debug_is_on
                0x00000794       0x18 .\CortexM3\ARM_GCC_441\Debug\debug.o
                0x00000794                debug_is_on
 .text.debug_write
                0x000007ac       0x8c .\CortexM3\ARM_GCC_441\Debug\debug.o
                0x000007ac                debug_write
 .text.Write_Debug_To_SD_Card
                0x00000838       0x74 .\CortexM3\ARM_GCC_441\Debug\debug.o
                0x00000838                Write_Debug_To_SD_Card
 .text.IntDefaultHandler
                0x000008ac        0x8 .\CortexM3\ARM_GCC_441\Debug\Cm3Start.o
                0x000008ac                IntDefaultHandler
 .text.Reset    0x000008b4       0x24 .\CortexM3\ARM_GCC_441\Debug\Cm3Start.o
                0x000008b4                Reset
 .text.initialize_psoc
                0x000008d8       0xb4 .\CortexM3\ARM_GCC_441\Debug\Cm3Start.o
                0x000008d8                initialize_psoc
 .text.CyHalt   0x0000098c       0x18 .\CortexM3\ARM_GCC_441\Debug\Solinst Driver.a(CyLib.o)
                0x0000098c                CyHalt
 .text.CyDelay  0x000009a4       0x48 .\CortexM3\ARM_GCC_441\Debug\Solinst Driver.a(CyLib.o)
                0x000009a4                CyDelay
 .text.CyIntSetVector
                0x000009ec       0x60 .\CortexM3\ARM_GCC_441\Debug\Solinst Driver.a(CyLib.o)
                0x000009ec                CyIntSetVector
 .text.CyIntSetPriority
                0x00000a4c       0x4c .\CortexM3\ARM_GCC_441\Debug\Solinst Driver.a(CyLib.o)
                0x00000a4c                CyIntSetPriority
 .text.uart_solinst_Start
                0x00000a98       0x2c .\CortexM3\ARM_GCC_441\Debug\Solinst Driver.a(uart_solinst.o)
                0x00000a98                uart_solinst_Start
 .text.uart_solinst_Init
                0x00000ac4       0x64 .\CortexM3\ARM_GCC_441\Debug\Solinst Driver.a(uart_solinst.o)
                0x00000ac4                uart_solinst_Init
 .text.uart_solinst_Enable
                0x00000b28       0x78 .\CortexM3\ARM_GCC_441\Debug\Solinst Driver.a(uart_solinst.o)
                0x00000b28                uart_solinst_Enable
 .text.uart_solinst_GetChar
                0x00000ba0       0x4c .\CortexM3\ARM_GCC_441\Debug\Solinst Driver.a(uart_solinst.o)
                0x00000ba0                uart_solinst_GetChar
 .text.uart_solinst_ClearRxBuffer
                0x00000bec       0x54 .\CortexM3\ARM_GCC_441\Debug\Solinst Driver.a(uart_solinst.o)
                0x00000bec                uart_solinst_ClearRxBuffer
 .text.uart_solinst_SetRxAddressMode
                0x00000c40       0x44 .\CortexM3\ARM_GCC_441\Debug\Solinst Driver.a(uart_solinst.o)
                0x00000c40                uart_solinst_SetRxAddressMode
 .text.uart_solinst_SetRxAddress1
                0x00000c84       0x20 .\CortexM3\ARM_GCC_441\Debug\Solinst Driver.a(uart_solinst.o)
                0x00000c84                uart_solinst_SetRxAddress1
 .text.uart_solinst_SetRxAddress2
                0x00000ca4       0x20 .\CortexM3\ARM_GCC_441\Debug\Solinst Driver.a(uart_solinst.o)
                0x00000ca4                uart_solinst_SetRxAddress2
 .text.uart_solinst_PutChar
                0x00000cc4       0x34 .\CortexM3\ARM_GCC_441\Debug\Solinst Driver.a(uart_solinst.o)
                0x00000cc4                uart_solinst_PutChar
 .text.uart_solinst_PutArray
                0x00000cf8       0x48 .\CortexM3\ARM_GCC_441\Debug\Solinst Driver.a(uart_solinst.o)
                0x00000cf8                uart_solinst_PutArray
 .text.isr_solinst_byte_rx_StartEx
                0x00000d40       0x28 .\CortexM3\ARM_GCC_441\Debug\Solinst Driver.a(isr_solinst_byte_rx.o)
                0x00000d40                isr_solinst_byte_rx_StartEx
 .text.isr_solinst_byte_rx_Stop
                0x00000d68       0x18 .\CortexM3\ARM_GCC_441\Debug\Solinst Driver.a(isr_solinst_byte_rx.o)
                0x00000d68                isr_solinst_byte_rx_Stop
 .text.isr_solinst_byte_rx_SetVector
                0x00000d80       0x28 .\CortexM3\ARM_GCC_441\Debug\Solinst Driver.a(isr_solinst_byte_rx.o)
                0x00000d80                isr_solinst_byte_rx_SetVector
 .text.isr_solinst_byte_rx_SetPriority
                0x00000da8       0x28 .\CortexM3\ARM_GCC_441\Debug\Solinst Driver.a(isr_solinst_byte_rx.o)
                0x00000da8                isr_solinst_byte_rx_SetPriority
 .text.isr_solinst_byte_rx_Enable
                0x00000dd0       0x18 .\CortexM3\ARM_GCC_441\Debug\Solinst Driver.a(isr_solinst_byte_rx.o)
                0x00000dd0                isr_solinst_byte_rx_Enable
 .text.isr_solinst_byte_rx_Disable
                0x00000de8       0x18 .\CortexM3\ARM_GCC_441\Debug\Solinst Driver.a(isr_solinst_byte_rx.o)
                0x00000de8                isr_solinst_byte_rx_Disable
 .text.solinst_power_pin_Write
                0x00000e00       0x44 .\CortexM3\ARM_GCC_441\Debug\Solinst Driver.a(solinst_power_pin.o)
                0x00000e00                solinst_power_pin_Write
 .text.uart_solinst_IntClock_Start
                0x00000e44       0x44 .\CortexM3\ARM_GCC_441\Debug\Solinst Driver.a(uart_solinst_IntClock.o)
                0x00000e44                uart_solinst_IntClock_Start
 .text.NEOMOTE_1_SD_Card_Power_Write
                0x00000e88       0x40 .\CortexM3\ARM_GCC_441\Debug\Solinst Driver.a(NEOMOTE_1_SD_Card_Power.o)
                0x00000e88                NEOMOTE_1_SD_Card_Power_Write
 .text.uart_ultrasonic_Start
                0x00000ec8       0x2c .\CortexM3\ARM_GCC_441\Debug\Solinst Driver.a(uart_ultrasonic.o)
                0x00000ec8                uart_ultrasonic_Start
 .text.uart_ultrasonic_Init
                0x00000ef4       0x50 .\CortexM3\ARM_GCC_441\Debug\Solinst Driver.a(uart_ultrasonic.o)
                0x00000ef4                uart_ultrasonic_Init
 .text.uart_ultrasonic_Enable
                0x00000f44       0x78 .\CortexM3\ARM_GCC_441\Debug\Solinst Driver.a(uart_ultrasonic.o)
                0x00000f44                uart_ultrasonic_Enable
 .text.uart_ultrasonic_GetChar
                0x00000fbc       0x4c .\CortexM3\ARM_GCC_441\Debug\Solinst Driver.a(uart_ultrasonic.o)
                0x00000fbc                uart_ultrasonic_GetChar
 .text.uart_ultrasonic_ClearRxBuffer
                0x00001008       0x54 .\CortexM3\ARM_GCC_441\Debug\Solinst Driver.a(uart_ultrasonic.o)
                0x00001008                uart_ultrasonic_ClearRxBuffer
 .text.isr_byte_ultrasonic_rx_StartEx
                0x0000105c       0x28 .\CortexM3\ARM_GCC_441\Debug\Solinst Driver.a(isr_byte_ultrasonic_rx.o)
                0x0000105c                isr_byte_ultrasonic_rx_StartEx
 .text.isr_byte_ultrasonic_rx_SetVector
                0x00001084       0x28 .\CortexM3\ARM_GCC_441\Debug\Solinst Driver.a(isr_byte_ultrasonic_rx.o)
                0x00001084                isr_byte_ultrasonic_rx_SetVector
 .text.isr_byte_ultrasonic_rx_SetPriority
                0x000010ac       0x28 .\CortexM3\ARM_GCC_441\Debug\Solinst Driver.a(isr_byte_ultrasonic_rx.o)
                0x000010ac                isr_byte_ultrasonic_rx_SetPriority
 .text.isr_byte_ultrasonic_rx_Enable
                0x000010d4       0x18 .\CortexM3\ARM_GCC_441\Debug\Solinst Driver.a(isr_byte_ultrasonic_rx.o)
                0x000010d4                isr_byte_ultrasonic_rx_Enable
 .text.isr_byte_ultrasonic_rx_Disable
                0x000010ec       0x18 .\CortexM3\ARM_GCC_441\Debug\Solinst Driver.a(isr_byte_ultrasonic_rx.o)
                0x000010ec                isr_byte_ultrasonic_rx_Disable
 .text.ultrasonic_voltage_pin_Write
                0x00001104       0x44 .\CortexM3\ARM_GCC_441\Debug\Solinst Driver.a(ultrasonic_voltage_pin.o)
                0x00001104                ultrasonic_voltage_pin_Write
 .text.uart_ultrasonic_IntClock_Start
                0x00001148       0x44 .\CortexM3\ARM_GCC_441\Debug\Solinst Driver.a(uart_ultrasonic_IntClock.o)
                0x00001148                uart_ultrasonic_IntClock_Start
 .text.CYMEMZERO8
                0x0000118c       0x3c .\CortexM3\ARM_GCC_441\Debug\Solinst Driver.a(cyfitter_cfg.o)
 .text.CYCONFIGCPY8
                0x000011c8       0x48 .\CortexM3\ARM_GCC_441\Debug\Solinst Driver.a(cyfitter_cfg.o)
 .text.CYMEMZERO
                0x00001210       0x20 .\CortexM3\ARM_GCC_441\Debug\Solinst Driver.a(cyfitter_cfg.o)
 .text.CYCONFIGCPY
                0x00001230       0x20 .\CortexM3\ARM_GCC_441\Debug\Solinst Driver.a(cyfitter_cfg.o)
 .text.cfg_write_bytes32
                0x00001250       0x84 .\CortexM3\ARM_GCC_441\Debug\Solinst Driver.a(cyfitter_cfg.o)
 .text.ClockSetup
                0x000012d4      0x168 .\CortexM3\ARM_GCC_441\Debug\Solinst Driver.a(cyfitter_cfg.o)
 .text.AnalogSetDefault
                0x0000143c       0x98 .\CortexM3\ARM_GCC_441\Debug\Solinst Driver.a(cyfitter_cfg.o)
 .text.cyfitter_cfg
                0x000014d4      0x398 .\CortexM3\ARM_GCC_441\Debug\Solinst Driver.a(cyfitter_cfg.o)
                0x000014d4                cyfitter_cfg
 *fill*         0x0000186c        0x4 00
 .text          0x00001870       0x20 .\CortexM3\ARM_GCC_441\Debug\Solinst Driver.a(CyBootAsmGnu.o)
                0x00001870                CyDelayCycles
                0x00001880                CyEnterCriticalSection
                0x00001888                CyExitCriticalSection
 .text          0x00001890      0xcac ..\..\..\..\hardware\psoc5\neolib\libneomote.a(NeoRTC.o)
                0x00001890                NeoRTC_Start
                0x000018bc                RTC_Process_Tasks
                0x000018d8                task_ProcessRTC
                0x00001924                NeoRTC_Start_noOS
                0x0000193c                vRTC_INT1_ISR
                0x00001948                RTC_Clear_Control_Registers
                0x00001974                NeoRTC_WriteByteToRegister
                0x0000199c                NeoRTC_ReadByteFromRegister
                0x000019c0                NeoRTC_ReadSuccessiveBytesStartingAtRegister
                0x000019ec                NeoRTC_WriteSuccessiveBytesStartingAtRegister
                0x00001a14                RTC_Test
                0x00001a80                RTC_Set_Alarm
                0x00001a98                RTC_Set_Repeating_Minute_Alarm
                0x00001adc                RTC_Set_Next_Repeating_MinuteAlarm
                0x00001b7c                RTC_Enble_Second_Interrupt
                0x00001bac                RTC_Disable_Second_Interrupt
                0x00001bdc                RTC_Disable_Clockout
                0x00001c0c                RTC_Clear_Second_Interrupt
                0x00001c3c                RTC_Process_Int1
                0x00001ca4                testSecondFn
                0x00001ce0                testAlarmFn
                0x00001d1c                CheckBackupBattery
                0x00001d4c                Byte_To_BCD
                0x00001d98                BCD_To_Byte
                0x00001e40                RTC_Read_Seconds
                0x00001e5c                RTC_Write_Seconds
                0x00001e90                Sec_Byte_To_BCD
                0x00001ed8                Sec_BCD_To_Byte
                0x00001f00                RTC_Read_Minutes
                0x00001f1c                RTC_Write_Minutes
                0x00001f50                Min_Byte_To_BCD
                0x00001f78                Min_BCD_To_Byte
                0x00001fa0                RTC_Read_Hours24
                0x00001fbc                RTC_Write_Hours24
                0x00001ff0                Hour24_Byte_To_BCD
                0x00002018                Hour24_BCD_To_Byte
                0x00002040                RTC_Read_Days
                0x0000205c                RTC_Write_Days
                0x00002090                Day_Byte_To_BCD
                0x000020b8                Day_BCD_To_Byte
                0x000020e0                RTC_Read_WeekDays
                0x000020fc                RTC_Write_WeekDays
                0x00002130                WeekDay_Byte_To_BCD
                0x0000214c                WeekDay_BCD_To_Byte
                0x00002168                RTC_Read_Months
                0x00002184                RTC_Write_Months
                0x000021b8                Month_Byte_To_BCD
                0x000021e0                Month_BCD_To_Byte
                0x00002208                RTC_Read_Years
                0x00002228                RTC_Write_Years
                0x00002258                Year_Byte_To_BCD
                0x00002280                Year_BCD_To_Byte
                0x000022a8                RTC_Read_Time
                0x00002360                RTC_WriteTime
                0x000023e4                RTC_WriteTimeUtc
                0x0000240c                RTC_Epoch_To_TimeStruct
                0x00002490                RTC_Hardware_Busy
                0x000024a8                RTC_Sleep
                0x000024b4                RTC_Wakeup
                0x000024c0                NeoRTC_Sleep
                0x000024cc                NeoRTC_Wakeup
                0x000024d8                NeoRTC_Set_Repeating_Minute_Alarm
                0x000024f4                NeoRTC_Enble_Second_Interrupt
                0x00002500                NeoRTC_Disable_Second_Interrupt
                0x0000250c                NeoRTC_Read_Time
                0x0000251c                NeoRTC_WriteTime
 .text          0x0000253c      0x290 ..\..\..\..\hardware\psoc5\neolib\libneomote.a(NeoI2C.o)
                0x0000253c                NeoI2C_Start
                0x00002548                NeoI2C_Write
                0x000025bc                NeoI2C_Read
                0x00002608                NeoI2C_WriteByteToRegister
                0x0000263c                NeoI2C_ReadByteFromRegister
                0x0000267c                NeoI2C_ReadSuccessiveBytesStartingAtRegister
                0x000026b8                NeoI2C_WriteSuccessiveBytesToRegister
 .text.FS__strchr
                0x000027cc       0x14 ..\..\..\emFile_V322b\LinkLibrary\PSoC5\GCC\libemf32nosnlfn.a(FS_Core.o)
                0x000027cc                FS__strchr
 .text.FS_LoadU32BE
                0x000027e0       0x18 ..\..\..\emFile_V322b\LinkLibrary\PSoC5\GCC\libemf32nosnlfn.a(FS_Core.o)
                0x000027e0                FS_LoadU32BE
 .text.FS_LoadU32LE
                0x000027f8       0x16 ..\..\..\emFile_V322b\LinkLibrary\PSoC5\GCC\libemf32nosnlfn.a(FS_Core.o)
                0x000027f8                FS_LoadU32LE
 .text.FS_StoreU32LE
                0x0000280e       0x14 ..\..\..\emFile_V322b\LinkLibrary\PSoC5\GCC\libemf32nosnlfn.a(FS_Core.o)
                0x0000280e                FS_StoreU32LE
 .text.FS_StoreU16LE
                0x00002822        0x8 ..\..\..\emFile_V322b\LinkLibrary\PSoC5\GCC\libemf32nosnlfn.a(FS_Core.o)
                0x00002822                FS_StoreU16LE
 .text.FS_LoadU16LE
                0x0000282a        0xa ..\..\..\emFile_V322b\LinkLibrary\PSoC5\GCC\libemf32nosnlfn.a(FS_Core.o)
                0x0000282a                FS_LoadU16LE
 .text._Alloc   0x00002834       0x30 ..\..\..\emFile_V322b\LinkLibrary\PSoC5\GCC\libemf32nosnlfn.a(FS_Core.o)
 .text.FS_Alloc
                0x00002864        0xc ..\..\..\emFile_V322b\LinkLibrary\PSoC5\GCC\libemf32nosnlfn.a(FS_Core.o)
                0x00002864                FS_Alloc
 .text.FS_TryAlloc
                0x00002870        0x4 ..\..\..\emFile_V322b\LinkLibrary\PSoC5\GCC\libemf32nosnlfn.a(FS_Core.o)
                0x00002870                FS_TryAlloc
 .text.FS_Free  0x00002874       0x1c ..\..\..\emFile_V322b\LinkLibrary\PSoC5\GCC\libemf32nosnlfn.a(FS_Core.o)
                0x00002874                FS_Free
 .text.FS_AssignMemory
                0x00002890        0xc ..\..\..\emFile_V322b\LinkLibrary\PSoC5\GCC\libemf32nosnlfn.a(FS_Core.o)
                0x00002890                FS_AssignMemory
 .text.FS_AllocZeroed
                0x0000289c       0x16 ..\..\..\emFile_V322b\LinkLibrary\PSoC5\GCC\libemf32nosnlfn.a(FS_Core.o)
                0x0000289c                FS_AllocZeroed
 *fill*         0x000028b2        0x2 00
 .text.FS_STORAGE_DeInit
                0x000028b4       0x20 ..\..\..\emFile_V322b\LinkLibrary\PSoC5\GCC\libemf32nosnlfn.a(FS_Core.o)
                0x000028b4                FS_STORAGE_DeInit
 .text.FS_DeInit
                0x000028d4       0x54 ..\..\..\emFile_V322b\LinkLibrary\PSoC5\GCC\libemf32nosnlfn.a(FS_Core.o)
                0x000028d4                FS_DeInit
 .text.FS_STORAGE_Init
                0x00002928       0x28 ..\..\..\emFile_V322b\LinkLibrary\PSoC5\GCC\libemf32nosnlfn.a(FS_Core.o)
                0x00002928                FS_STORAGE_Init
 .text.FS__AllocSectorBuffer
                0x00002950       0x2c ..\..\..\emFile_V322b\LinkLibrary\PSoC5\GCC\libemf32nosnlfn.a(FS_Misc.o)
                0x00002950                FS__AllocSectorBuffer
 .text.FS__FreeSectorBuffer
                0x0000297c       0x28 ..\..\..\emFile_V322b\LinkLibrary\PSoC5\GCC\libemf32nosnlfn.a(FS_Misc.o)
                0x0000297c                FS__FreeSectorBuffer
 .text.FS__SB_MarkDirty
                0x000029a4        0x6 ..\..\..\emFile_V322b\LinkLibrary\PSoC5\GCC\libemf32nosnlfn.a(FS_Misc.o)
                0x000029a4                FS__SB_MarkDirty
 .text.FS__SB_MarkNotDirty
                0x000029aa        0x6 ..\..\..\emFile_V322b\LinkLibrary\PSoC5\GCC\libemf32nosnlfn.a(FS_Misc.o)
                0x000029aa                FS__SB_MarkNotDirty
 .text.FS__FreeFileHandle
                0x000029b0        0xa ..\..\..\emFile_V322b\LinkLibrary\PSoC5\GCC\libemf32nosnlfn.a(FS_Misc.o)
                0x000029b0                FS__FreeFileHandle
 .text.FS__FreeFileObj
                0x000029ba        0xc ..\..\..\emFile_V322b\LinkLibrary\PSoC5\GCC\libemf32nosnlfn.a(FS_Misc.o)
                0x000029ba                FS__FreeFileObj
 *fill*         0x000029c6        0x2 00
 .text.FS_Init  0x000029c8       0x58 ..\..\..\emFile_V322b\LinkLibrary\PSoC5\GCC\libemf32nosnlfn.a(FS_Misc.o)
                0x000029c8                FS_Init
 .text.FS__SB_Create
                0x00002a20       0x28 ..\..\..\emFile_V322b\LinkLibrary\PSoC5\GCC\libemf32nosnlfn.a(FS_Misc.o)
                0x00002a20                FS__SB_Create
 .text.FS__RemoveDevices
                0x00002a48       0x60 ..\..\..\emFile_V322b\LinkLibrary\PSoC5\GCC\libemf32nosnlfn.a(FS_Misc.o)
                0x00002a48                FS__RemoveDevices
 .text.FS__FCloseNL
                0x00002aa8       0x1e ..\..\..\emFile_V322b\LinkLibrary\PSoC5\GCC\libemf32nosnlfn.a(FS_Misc.o)
                0x00002aa8                FS__FCloseNL
 .text.FS__FClose
                0x00002ac6       0x1a ..\..\..\emFile_V322b\LinkLibrary\PSoC5\GCC\libemf32nosnlfn.a(FS_Misc.o)
                0x00002ac6                FS__FClose
 .text.FS_FClose
                0x00002ae0        0xa ..\..\..\emFile_V322b\LinkLibrary\PSoC5\GCC\libemf32nosnlfn.a(FS_Misc.o)
                0x00002ae0                FS_FClose
 *fill*         0x00002aea        0x2 00
 .text.FS__AllocFileObj
                0x00002aec       0x48 ..\..\..\emFile_V322b\LinkLibrary\PSoC5\GCC\libemf32nosnlfn.a(FS_Misc.o)
                0x00002aec                FS__AllocFileObj
 .text.FS__AllocFileHandle
                0x00002b34       0x40 ..\..\..\emFile_V322b\LinkLibrary\PSoC5\GCC\libemf32nosnlfn.a(FS_Misc.o)
                0x00002b34                FS__AllocFileHandle
 .text.FS__OpenEx
                0x00002b74       0x58 ..\..\..\emFile_V322b\LinkLibrary\PSoC5\GCC\libemf32nosnlfn.a(FS_Misc.o)
                0x00002b74                FS__OpenEx
 .text.FS__FOpenEx
                0x00002bcc       0x56 ..\..\..\emFile_V322b\LinkLibrary\PSoC5\GCC\libemf32nosnlfn.a(FS_Misc.o)
                0x00002bcc                FS__FOpenEx
 *fill*         0x00002c22        0x2 00
 .text.FS__FOpen
                0x00002c24       0x48 ..\..\..\emFile_V322b\LinkLibrary\PSoC5\GCC\libemf32nosnlfn.a(FS_Misc.o)
                0x00002c24                FS__FOpen
 .text.FS_FOpen
                0x00002c6c        0x4 ..\..\..\emFile_V322b\LinkLibrary\PSoC5\GCC\libemf32nosnlfn.a(FS_Misc.o)
                0x00002c6c                FS_FOpen
 .text.FS__SB_Write
                0x00002c70       0x24 ..\..\..\emFile_V322b\LinkLibrary\PSoC5\GCC\libemf32nosnlfn.a(FS_Misc.o)
                0x00002c70                FS__SB_Write
 .text._SB_Clean
                0x00002c94       0x24 ..\..\..\emFile_V322b\LinkLibrary\PSoC5\GCC\libemf32nosnlfn.a(FS_Misc.o)
 .text.FS__SB_SetSector
                0x00002cb8       0x20 ..\..\..\emFile_V322b\LinkLibrary\PSoC5\GCC\libemf32nosnlfn.a(FS_Misc.o)
                0x00002cb8                FS__SB_SetSector
 .text.FS__SB_Clean
                0x00002cd8        0x4 ..\..\..\emFile_V322b\LinkLibrary\PSoC5\GCC\libemf32nosnlfn.a(FS_Misc.o)
                0x00002cd8                FS__SB_Clean
 .text.FS__SB_Delete
                0x00002cdc       0x12 ..\..\..\emFile_V322b\LinkLibrary\PSoC5\GCC\libemf32nosnlfn.a(FS_Misc.o)
                0x00002cdc                FS__SB_Delete
 .text.FS__SB_Flush
                0x00002cee        0x8 ..\..\..\emFile_V322b\LinkLibrary\PSoC5\GCC\libemf32nosnlfn.a(FS_Misc.o)
                0x00002cee                FS__SB_Flush
 .text.FS__SB_Read
                0x00002cf6       0x2a ..\..\..\emFile_V322b\LinkLibrary\PSoC5\GCC\libemf32nosnlfn.a(FS_Misc.o)
                0x00002cf6                FS__SB_Read
 .text.FS__AddPhysDevice
                0x00002d20       0x10 ..\..\..\emFile_V322b\LinkLibrary\PSoC5\GCC\libemf32nosnlfn.a(FS_Storage.o)
                0x00002d20                FS__AddPhysDevice
 .text.FS_GetVolumeName
                0x00002d30       0x60 ..\..\..\emFile_V322b\LinkLibrary\PSoC5\GCC\libemf32nosnlfn.a(FS_Storage.o)
                0x00002d30                FS_GetVolumeName
 .text.FS__FindVolume
                0x00002d90       0x78 ..\..\..\emFile_V322b\LinkLibrary\PSoC5\GCC\libemf32nosnlfn.a(FS_Storage.o)
                0x00002d90                FS__FindVolume
 .text.FS__AddDevice
                0x00002e08       0x68 ..\..\..\emFile_V322b\LinkLibrary\PSoC5\GCC\libemf32nosnlfn.a(FS_Storage.o)
                0x00002e08                FS__AddDevice
 .text.FS_AddDevice
                0x00002e70        0x4 ..\..\..\emFile_V322b\LinkLibrary\PSoC5\GCC\libemf32nosnlfn.a(FS_Storage.o)
                0x00002e70                FS_AddDevice
 .text.FS__IoCtlNL
                0x00002e74       0x36 ..\..\..\emFile_V322b\LinkLibrary\PSoC5\GCC\libemf32nosnlfn.a(FS_Storage.o)
                0x00002e74                FS__IoCtlNL
 *fill*         0x00002eaa        0x2 00
 .text.FS__UnmountForcedNL
                0x00002eac       0x54 ..\..\..\emFile_V322b\LinkLibrary\PSoC5\GCC\libemf32nosnlfn.a(FS_Unmount.o)
                0x00002eac                FS__UnmountForcedNL
 .text.FS__UnmountNL
                0x00002f00       0x4c ..\..\..\emFile_V322b\LinkLibrary\PSoC5\GCC\libemf32nosnlfn.a(FS_Unmount.o)
                0x00002f00                FS__UnmountNL
 .text._Mount   0x00002f4c       0x2e ..\..\..\emFile_V322b\LinkLibrary\PSoC5\GCC\libemf32nosnlfn.a(FS_Volume.o)
 .text.FS__AutoMount
                0x00002f7a       0x14 ..\..\..\emFile_V322b\LinkLibrary\PSoC5\GCC\libemf32nosnlfn.a(FS_Volume.o)
                0x00002f7a                FS__AutoMount
 .text.FS__Write
                0x00002f8e       0x3a ..\..\..\emFile_V322b\LinkLibrary\PSoC5\GCC\libemf32nosnlfn.a(FS_Write.o)
                0x00002f8e                FS__Write
 .text.FS_Write
                0x00002fc8        0x4 ..\..\..\emFile_V322b\LinkLibrary\PSoC5\GCC\libemf32nosnlfn.a(FS_Write.o)
                0x00002fc8                FS_Write
 .text._ClusterId2FATOff
                0x00002fcc       0x18 ..\..\..\emFile_V322b\LinkLibrary\PSoC5\GCC\libemf32nosnlfn.a(FAT_Misc.o)
 .text._CalcLogClusterPos
                0x00002fe4        0xe ..\..\..\emFile_V322b\LinkLibrary\PSoC5\GCC\libemf32nosnlfn.a(FAT_Misc.o)
 .text._ReadFromFreeClusterCache
                0x00002ff2       0x46 ..\..\..\emFile_V322b\LinkLibrary\PSoC5\GCC\libemf32nosnlfn.a(FAT_Misc.o)
 .text.FS_FAT_GetFATType
                0x00003038       0x1a ..\..\..\emFile_V322b\LinkLibrary\PSoC5\GCC\libemf32nosnlfn.a(FAT_Misc.o)
                0x00003038                FS_FAT_GetFATType
 .text.FS_FAT_ClusterId2SectorNo
                0x00003052        0xc ..\..\..\emFile_V322b\LinkLibrary\PSoC5\GCC\libemf32nosnlfn.a(FAT_Misc.o)
                0x00003052                FS_FAT_ClusterId2SectorNo
 .text.FS_FAT_IsValidShortNameChar
                0x0000305e       0x34 ..\..\..\emFile_V322b\LinkLibrary\PSoC5\GCC\libemf32nosnlfn.a(FAT_Misc.o)
                0x0000305e                FS_FAT_IsValidShortNameChar
 .text.FS_FAT_CopyShortName
                0x00003092       0x56 ..\..\..\emFile_V322b\LinkLibrary\PSoC5\GCC\libemf32nosnlfn.a(FAT_Misc.o)
                0x00003092                FS_FAT_CopyShortName
 .text._SFN_CreateDirEntry
                0x000030e8       0x5a ..\..\..\emFile_V322b\LinkLibrary\PSoC5\GCC\libemf32nosnlfn.a(FAT_Misc.o)
 .text._SFN_FindDirEntry
                0x00003142       0x10 ..\..\..\emFile_V322b\LinkLibrary\PSoC5\GCC\libemf32nosnlfn.a(FAT_Misc.o)
 *fill*         0x00003152        0x2 00
 .text.FS_FAT_FindDirEntry
                0x00003154       0x60 ..\..\..\emFile_V322b\LinkLibrary\PSoC5\GCC\libemf32nosnlfn.a(FAT_Misc.o)
                0x00003154                FS_FAT_FindDirEntry
 .text.FS_FAT_CopyDirEntryInfo
                0x000031b4       0x50 ..\..\..\emFile_V322b\LinkLibrary\PSoC5\GCC\libemf32nosnlfn.a(FAT_Misc.o)
                0x000031b4                FS_FAT_CopyDirEntryInfo
 .text._SFN_ReadDirEntryInfo
                0x00003204       0x6e ..\..\..\emFile_V322b\LinkLibrary\PSoC5\GCC\libemf32nosnlfn.a(FAT_Misc.o)
 .text._SetFATSector
                0x00003272        0x6 ..\..\..\emFile_V322b\LinkLibrary\PSoC5\GCC\libemf32nosnlfn.a(FAT_Misc.o)
 .text.FS_FAT_ReadFATEntry
                0x00003278       0xb2 ..\..\..\emFile_V322b\LinkLibrary\PSoC5\GCC\libemf32nosnlfn.a(FAT_Misc.o)
                0x00003278                FS_FAT_ReadFATEntry
 *fill*         0x0000332a        0x2 00
 .text.FS_FAT_GetNumAdjClustersInChain
                0x0000332c       0x64 ..\..\..\emFile_V322b\LinkLibrary\PSoC5\GCC\libemf32nosnlfn.a(FAT_Misc.o)
                0x0000332c                FS_FAT_GetNumAdjClustersInChain
 .text.FS_FAT_WalkClusterEx
                0x00003390       0x5c ..\..\..\emFile_V322b\LinkLibrary\PSoC5\GCC\libemf32nosnlfn.a(FAT_Misc.o)
                0x00003390                FS_FAT_WalkClusterEx
 .text.FS_FAT_GotoCluster
                0x000033ec       0x88 ..\..\..\emFile_V322b\LinkLibrary\PSoC5\GCC\libemf32nosnlfn.a(FAT_Misc.o)
                0x000033ec                FS_FAT_GotoCluster
 .text.FS_FAT_WalkCluster
                0x00003474       0x18 ..\..\..\emFile_V322b\LinkLibrary\PSoC5\GCC\libemf32nosnlfn.a(FAT_Misc.o)
                0x00003474                FS_FAT_WalkCluster
 .text.FS_FAT_FindLastCluster
                0x0000348c       0x34 ..\..\..\emFile_V322b\LinkLibrary\PSoC5\GCC\libemf32nosnlfn.a(FAT_Misc.o)
                0x0000348c                FS_FAT_FindLastCluster
 .text._WriteFATEntry
                0x000034c0      0x18e ..\..\..\emFile_V322b\LinkLibrary\PSoC5\GCC\libemf32nosnlfn.a(FAT_Misc.o)
 .text.FS_FAT_MarkClusterEOC
                0x0000364e        0x8 ..\..\..\emFile_V322b\LinkLibrary\PSoC5\GCC\libemf32nosnlfn.a(FAT_Misc.o)
                0x0000364e                FS_FAT_MarkClusterEOC
 .text.FS_FAT_SyncFAT
                0x00003656       0x3c ..\..\..\emFile_V322b\LinkLibrary\PSoC5\GCC\libemf32nosnlfn.a(FAT_Misc.o)
                0x00003656                FS_FAT_SyncFAT
 .text.FS_FAT_LinkCluster
                0x00003692       0x1c ..\..\..\emFile_V322b\LinkLibrary\PSoC5\GCC\libemf32nosnlfn.a(FAT_Misc.o)
                0x00003692                FS_FAT_LinkCluster
 *fill*         0x000036ae        0x2 00
 .text._CalcFreeClusterCnt
                0x000036b0       0x88 ..\..\..\emFile_V322b\LinkLibrary\PSoC5\GCC\libemf32nosnlfn.a(FAT_Misc.o)
 .text.FS_FAT_FindFreeCluster
                0x00003738       0xa8 ..\..\..\emFile_V322b\LinkLibrary\PSoC5\GCC\libemf32nosnlfn.a(FAT_Misc.o)
                0x00003738                FS_FAT_FindFreeCluster
 .text.FS_FAT_AllocCluster
                0x000037e0       0x20 ..\..\..\emFile_V322b\LinkLibrary\PSoC5\GCC\libemf32nosnlfn.a(FAT_Misc.o)
                0x000037e0                FS_FAT_AllocCluster
 .text._WriteEmptyFATSectors
                0x00003800       0x3c ..\..\..\emFile_V322b\LinkLibrary\PSoC5\GCC\libemf32nosnlfn.a(FAT_Misc.o)
 .text.FS_FAT_FreeClusterChain
                0x0000383c       0xe0 ..\..\..\emFile_V322b\LinkLibrary\PSoC5\GCC\libemf32nosnlfn.a(FAT_Misc.o)
                0x0000383c                FS_FAT_FreeClusterChain
 .text.FS_FAT_CheckBPB
                0x0000391c      0x1cc ..\..\..\emFile_V322b\LinkLibrary\PSoC5\GCC\libemf32nosnlfn.a(FAT_Misc.o)
                0x0000391c                FS_FAT_CheckBPB
 .text.FS_FAT_InitDirEntryScan
                0x00003ae8       0x14 ..\..\..\emFile_V322b\LinkLibrary\PSoC5\GCC\libemf32nosnlfn.a(FAT_Open.o)
                0x00003ae8                FS_FAT_InitDirEntryScan
 .text.FS_FAT_IncDirPos
                0x00003afc        0x8 ..\..\..\emFile_V322b\LinkLibrary\PSoC5\GCC\libemf32nosnlfn.a(FAT_Open.o)
                0x00003afc                FS_FAT_IncDirPos
 .text._CopyDirText
                0x00003b04       0x44 ..\..\..\emFile_V322b\LinkLibrary\PSoC5\GCC\libemf32nosnlfn.a(FAT_Open.o)
 .text.FS_FAT_Make83Name
                0x00003b48       0xb0 ..\..\..\emFile_V322b\LinkLibrary\PSoC5\GCC\libemf32nosnlfn.a(FAT_Open.o)
                0x00003b48                FS_FAT_Make83Name
 .text.FS_FAT_GetDirEntry
                0x00003bf8       0xb2 ..\..\..\emFile_V322b\LinkLibrary\PSoC5\GCC\libemf32nosnlfn.a(FAT_Open.o)
                0x00003bf8                FS_FAT_GetDirEntry
 .text.FS_FAT_FindDirEntryShortEx
                0x00003caa       0x5a ..\..\..\emFile_V322b\LinkLibrary\PSoC5\GCC\libemf32nosnlfn.a(FAT_Open.o)
                0x00003caa                FS_FAT_FindDirEntryShortEx
 .text.FS_FAT_FindDirEntryShort
                0x00003d04       0x36 ..\..\..\emFile_V322b\LinkLibrary\PSoC5\GCC\libemf32nosnlfn.a(FAT_Open.o)
                0x00003d04                FS_FAT_FindDirEntryShort
 .text.FS_FAT_FindEmptyDirEntry
                0x00003d3a       0xb0 ..\..\..\emFile_V322b\LinkLibrary\PSoC5\GCC\libemf32nosnlfn.a(FAT_Open.o)
                0x00003d3a                FS_FAT_FindEmptyDirEntry
 .text.FS_FAT_GetFirstCluster
                0x00003dea       0x1a ..\..\..\emFile_V322b\LinkLibrary\PSoC5\GCC\libemf32nosnlfn.a(FAT_Open.o)
                0x00003dea                FS_FAT_GetFirstCluster
 .text.FS_FAT_FindPath
                0x00003e04       0x7a ..\..\..\emFile_V322b\LinkLibrary\PSoC5\GCC\libemf32nosnlfn.a(FAT_Open.o)
                0x00003e04                FS_FAT_FindPath
 .text.FS_FAT_DeleteFileOrDir
                0x00003e7e       0x48 ..\..\..\emFile_V322b\LinkLibrary\PSoC5\GCC\libemf32nosnlfn.a(FAT_Open.o)
                0x00003e7e                FS_FAT_DeleteFileOrDir
 *fill*         0x00003ec6        0x2 00
 .text.FS_FAT_Open
                0x00003ec8      0x1dc ..\..\..\emFile_V322b\LinkLibrary\PSoC5\GCC\libemf32nosnlfn.a(FAT_Open.o)
                0x00003ec8                FS_FAT_Open
 .text.FS_FAT_WriteDirEntryCluster
                0x000040a4       0x1c ..\..\..\emFile_V322b\LinkLibrary\PSoC5\GCC\libemf32nosnlfn.a(FAT_Open.o)
                0x000040a4                FS_FAT_WriteDirEntryCluster
 .text.FS_FAT_WriteDirEntry83
                0x000040c0       0x6c ..\..\..\emFile_V322b\LinkLibrary\PSoC5\GCC\libemf32nosnlfn.a(FAT_Open.o)
                0x000040c0                FS_FAT_WriteDirEntry83
 .text._WriteBurst
                0x0000412c       0x24 ..\..\..\emFile_V322b\LinkLibrary\PSoC5\GCC\libemf32nosnlfn.a(FAT_Write.o)
 .text.FS_FAT_GotoClusterAllocIfReq
                0x00004150       0xa8 ..\..\..\emFile_V322b\LinkLibrary\PSoC5\GCC\libemf32nosnlfn.a(FAT_Write.o)
                0x00004150                FS_FAT_GotoClusterAllocIfReq
 .text.FS_FAT_UpdateDirEntry
                0x000041f8       0x68 ..\..\..\emFile_V322b\LinkLibrary\PSoC5\GCC\libemf32nosnlfn.a(FAT_Write.o)
                0x000041f8                FS_FAT_UpdateDirEntry
 .text.FS_FAT_Close
                0x00004260       0x44 ..\..\..\emFile_V322b\LinkLibrary\PSoC5\GCC\libemf32nosnlfn.a(FAT_Write.o)
                0x00004260                FS_FAT_Close
 .text.FS_FAT_Write
                0x000042a4      0x1c8 ..\..\..\emFile_V322b\LinkLibrary\PSoC5\GCC\libemf32nosnlfn.a(FAT_Write.o)
                0x000042a4                FS_FAT_Write
 .text.FS__CLIB_memcmp
                0x0000446c       0x20 ..\..\..\emFile_V322b\LinkLibrary\PSoC5\GCC\libemf32nosnlfn.a(FS_CLib.o)
                0x0000446c                FS__CLIB_memcmp
 .text.FS__CLIB_memset
                0x0000448c       0x6c ..\..\..\emFile_V322b\LinkLibrary\PSoC5\GCC\libemf32nosnlfn.a(FS_CLib.o)
                0x0000448c                FS__CLIB_memset
 .text.FS__CLIB_strcmp
                0x000044f8       0x1a ..\..\..\emFile_V322b\LinkLibrary\PSoC5\GCC\libemf32nosnlfn.a(FS_CLib.o)
                0x000044f8                FS__CLIB_strcmp
 .text.FS__CLIB_strlen
                0x00004512       0x10 ..\..\..\emFile_V322b\LinkLibrary\PSoC5\GCC\libemf32nosnlfn.a(FS_CLib.o)
                0x00004512                FS__CLIB_strlen
 .text.FS__CLIB_strncmp
                0x00004522       0x26 ..\..\..\emFile_V322b\LinkLibrary\PSoC5\GCC\libemf32nosnlfn.a(FS_CLib.o)
                0x00004522                FS__CLIB_strncmp
 .text.FS__CLIB_toupper
                0x00004548        0xe ..\..\..\emFile_V322b\LinkLibrary\PSoC5\GCC\libemf32nosnlfn.a(FS_CLib.o)
                0x00004548                FS__CLIB_toupper
 .text._ClrBusyLED
                0x00004556        0xc ..\..\..\emFile_V322b\LinkLibrary\PSoC5\GCC\libemf32nosnlfn.a(FS_LogBlock.o)
 .text._SetBusyLED
                0x00004562        0xc ..\..\..\emFile_V322b\LinkLibrary\PSoC5\GCC\libemf32nosnlfn.a(FS_LogBlock.o)
 .text._Read    0x0000456e        0xc ..\..\..\emFile_V322b\LinkLibrary\PSoC5\GCC\libemf32nosnlfn.a(FS_LogBlock.o)
 .text._Write   0x0000457a       0x12 ..\..\..\emFile_V322b\LinkLibrary\PSoC5\GCC\libemf32nosnlfn.a(FS_LogBlock.o)
 .text.FS_LB_GetStatus
                0x0000458c        0xc ..\..\..\emFile_V322b\LinkLibrary\PSoC5\GCC\libemf32nosnlfn.a(FS_LogBlock.o)
                0x0000458c                FS_LB_GetStatus
 .text.FS_LB_InitMedium
                0x00004598       0x1a ..\..\..\emFile_V322b\LinkLibrary\PSoC5\GCC\libemf32nosnlfn.a(FS_LogBlock.o)
                0x00004598                FS_LB_InitMedium
 .text.FS_LB_InitMediumIfRequired
                0x000045b2       0x10 ..\..\..\emFile_V322b\LinkLibrary\PSoC5\GCC\libemf32nosnlfn.a(FS_LogBlock.o)
                0x000045b2                FS_LB_InitMediumIfRequired
 .text.FS_LB_ReadDevice
                0x000045c2       0x2e ..\..\..\emFile_V322b\LinkLibrary\PSoC5\GCC\libemf32nosnlfn.a(FS_LogBlock.o)
                0x000045c2                FS_LB_ReadDevice
 .text.FS_LB_ReadPart
                0x000045f0        0xe ..\..\..\emFile_V322b\LinkLibrary\PSoC5\GCC\libemf32nosnlfn.a(FS_LogBlock.o)
                0x000045f0                FS_LB_ReadPart
 .text.FS_LB_WriteBurst
                0x000045fe       0x30 ..\..\..\emFile_V322b\LinkLibrary\PSoC5\GCC\libemf32nosnlfn.a(FS_LogBlock.o)
                0x000045fe                FS_LB_WriteBurst
 .text.FS_LB_WriteBurstPart
                0x0000462e       0x14 ..\..\..\emFile_V322b\LinkLibrary\PSoC5\GCC\libemf32nosnlfn.a(FS_LogBlock.o)
                0x0000462e                FS_LB_WriteBurstPart
 .text.FS_LB_WriteMultiple
                0x00004642       0x30 ..\..\..\emFile_V322b\LinkLibrary\PSoC5\GCC\libemf32nosnlfn.a(FS_LogBlock.o)
                0x00004642                FS_LB_WriteMultiple
 .text.FS_LB_WriteMultiplePart
                0x00004672       0x14 ..\..\..\emFile_V322b\LinkLibrary\PSoC5\GCC\libemf32nosnlfn.a(FS_LogBlock.o)
                0x00004672                FS_LB_WriteMultiplePart
 .text.FS_LB_WriteDevice
                0x00004686       0x36 ..\..\..\emFile_V322b\LinkLibrary\PSoC5\GCC\libemf32nosnlfn.a(FS_LogBlock.o)
                0x00004686                FS_LB_WriteDevice
 .text.FS_LB_WritePart
                0x000046bc        0xe ..\..\..\emFile_V322b\LinkLibrary\PSoC5\GCC\libemf32nosnlfn.a(FS_LogBlock.o)
                0x000046bc                FS_LB_WritePart
 .text.FS_LB_Ioctl
                0x000046ca       0x2a ..\..\..\emFile_V322b\LinkLibrary\PSoC5\GCC\libemf32nosnlfn.a(FS_LogBlock.o)
                0x000046ca                FS_LB_Ioctl
 .text.FS_GetSectorSize
                0x000046f4       0x28 ..\..\..\emFile_V322b\LinkLibrary\PSoC5\GCC\libemf32nosnlfn.a(FS_LogBlock.o)
                0x000046f4                FS_GetSectorSize
 .text.FS_LB_GetDeviceInfo
                0x0000471c       0x26 ..\..\..\emFile_V322b\LinkLibrary\PSoC5\GCC\libemf32nosnlfn.a(FS_LogBlock.o)
                0x0000471c                FS_LB_GetDeviceInfo
 .text.FS_memcpy
                0x00004742      0x120 ..\..\..\emFile_V322b\LinkLibrary\PSoC5\GCC\libemf32nosnlfn.a(FS_memcpy.o)
                0x00004742                FS_memcpy
 .text._IsBPB   0x00004862       0x1e ..\..\..\emFile_V322b\LinkLibrary\PSoC5\GCC\libemf32nosnlfn.a(FS_Partition.o)
 .text._HasSignature
                0x00004880       0x18 ..\..\..\emFile_V322b\LinkLibrary\PSoC5\GCC\libemf32nosnlfn.a(FS_Partition.o)
 .text._GetPartitionStartSector
                0x00004898        0xc ..\..\..\emFile_V322b\LinkLibrary\PSoC5\GCC\libemf32nosnlfn.a(FS_Partition.o)
 .text.FS__GetMediaStartSecEx
                0x000048a4       0x6e ..\..\..\emFile_V322b\LinkLibrary\PSoC5\GCC\libemf32nosnlfn.a(FS_Partition.o)
                0x000048a4                FS__GetMediaStartSecEx
 *fill*         0x00004912        0x2 00
 .text.FS__LocatePartition
                0x00004914       0x44 ..\..\..\emFile_V322b\LinkLibrary\PSoC5\GCC\libemf32nosnlfn.a(FS_Partition.o)
                0x00004914                FS__LocatePartition
 .text.NEOMOTE_1_I2C_0_Init
                0x00004958       0x74 .\CortexM3\ARM_GCC_441\Debug\Solinst Driver.a(NEOMOTE_1_I2C_0.o)
                0x00004958                NEOMOTE_1_I2C_0_Init
 .text.NEOMOTE_1_I2C_0_Enable
                0x000049cc       0x58 .\CortexM3\ARM_GCC_441\Debug\Solinst Driver.a(NEOMOTE_1_I2C_0.o)
                0x000049cc                NEOMOTE_1_I2C_0_Enable
 .text.NEOMOTE_1_I2C_0_Start
                0x00004a24       0x38 .\CortexM3\ARM_GCC_441\Debug\Solinst Driver.a(NEOMOTE_1_I2C_0.o)
                0x00004a24                NEOMOTE_1_I2C_0_Start
 .text.NEOMOTE_1_I2C_0_Stop
                0x00004a5c       0xa0 .\CortexM3\ARM_GCC_441\Debug\Solinst Driver.a(NEOMOTE_1_I2C_0.o)
                0x00004a5c                NEOMOTE_1_I2C_0_Stop
 .text.NEOMOTE_1_I2C_0_ISR
                0x00004afc      0x564 .\CortexM3\ARM_GCC_441\Debug\Solinst Driver.a(NEOMOTE_1_I2C_0_INT.o)
                0x00004afc                NEOMOTE_1_I2C_0_ISR
 .text.NEOMOTE_1_I2C_0_SaveConfig
                0x00005060       0x4c .\CortexM3\ARM_GCC_441\Debug\Solinst Driver.a(NEOMOTE_1_I2C_0_PM.o)
                0x00005060                NEOMOTE_1_I2C_0_SaveConfig
 .text.NEOMOTE_1_I2C_0_Sleep
                0x000050ac       0x44 .\CortexM3\ARM_GCC_441\Debug\Solinst Driver.a(NEOMOTE_1_I2C_0_PM.o)
                0x000050ac                NEOMOTE_1_I2C_0_Sleep
 .text.NEOMOTE_1_I2C_0_RestoreConfig
                0x000050f0       0xa0 .\CortexM3\ARM_GCC_441\Debug\Solinst Driver.a(NEOMOTE_1_I2C_0_PM.o)
                0x000050f0                NEOMOTE_1_I2C_0_RestoreConfig
 .text.NEOMOTE_1_I2C_0_Wakeup
                0x00005190       0x2c .\CortexM3\ARM_GCC_441\Debug\Solinst Driver.a(NEOMOTE_1_I2C_0_PM.o)
                0x00005190                NEOMOTE_1_I2C_0_Wakeup
 .text.NEOMOTE_1_I2C_0_MasterWriteBuf
                0x000051bc      0x15c .\CortexM3\ARM_GCC_441\Debug\Solinst Driver.a(NEOMOTE_1_I2C_0_MASTER.o)
                0x000051bc                NEOMOTE_1_I2C_0_MasterWriteBuf
 .text.NEOMOTE_1_I2C_0_MasterReadBuf
                0x00005318      0x160 .\CortexM3\ARM_GCC_441\Debug\Solinst Driver.a(NEOMOTE_1_I2C_0_MASTER.o)
                0x00005318                NEOMOTE_1_I2C_0_MasterReadBuf
 .text.NEOMOTE_1_I2C_0_MasterStatus
                0x00005478       0x3c .\CortexM3\ARM_GCC_441\Debug\Solinst Driver.a(NEOMOTE_1_I2C_0_MASTER.o)
                0x00005478                NEOMOTE_1_I2C_0_MasterStatus
 .text.NEOMOTE_1_I2C_0_MasterClearStatus
                0x000054b4       0x30 .\CortexM3\ARM_GCC_441\Debug\Solinst Driver.a(NEOMOTE_1_I2C_0_MASTER.o)
                0x000054b4                NEOMOTE_1_I2C_0_MasterClearStatus
 .text.NEOMOTE_1_I2C_0_MasterClearReadBuf
                0x000054e4       0x34 .\CortexM3\ARM_GCC_441\Debug\Solinst Driver.a(NEOMOTE_1_I2C_0_MASTER.o)
                0x000054e4                NEOMOTE_1_I2C_0_MasterClearReadBuf
 .text.NEOMOTE_1_I2C_0_MasterClearWriteBuf
                0x00005518       0x34 .\CortexM3\ARM_GCC_441\Debug\Solinst Driver.a(NEOMOTE_1_I2C_0_MASTER.o)
                0x00005518                NEOMOTE_1_I2C_0_MasterClearWriteBuf
 .text.NEOMOTE_1_I2C_0_Workaround
                0x0000554c        0xc .\CortexM3\ARM_GCC_441\Debug\Solinst Driver.a(NEOMOTE_1_I2C_0_MASTER.o)
                0x0000554c                NEOMOTE_1_I2C_0_Workaround
 .text.NEOMOTE_1_NEO_RTC_INT1_Read
                0x00005558       0x24 .\CortexM3\ARM_GCC_441\Debug\Solinst Driver.a(NEOMOTE_1_NEO_RTC_INT1.o)
                0x00005558                NEOMOTE_1_NEO_RTC_INT1_Read
 .text.NEOMOTE_1_NEO_RTC_INT1_ClearInterrupt
                0x0000557c       0x24 .\CortexM3\ARM_GCC_441\Debug\Solinst Driver.a(NEOMOTE_1_NEO_RTC_INT1.o)
                0x0000557c                NEOMOTE_1_NEO_RTC_INT1_ClearInterrupt
 .text.FS_X_AddDevices
                0x000055a0       0x24 .\CortexM3\ARM_GCC_441\Debug\Solinst Driver.a(emFile_1_ConfigMMC_SPI.o)
                0x000055a0                FS_X_AddDevices
 .text.FS_X_GetTimeDate
                0x000055c4       0x74 .\CortexM3\ARM_GCC_441\Debug\Solinst Driver.a(emFile_1_ConfigMMC_SPI.o)
                0x000055c4                FS_X_GetTimeDate
 .text._CalcDataCRC16Dummy
                0x00005638        0x6 ..\..\..\emFile_V322b\LinkLibrary\PSoC5\GCC\libemf32nosnlfn.a(MMC_Drv.o)
 *fill*         0x0000563e        0x2 00
 .text._MMC_GetNumUnits
                0x00005640        0xc ..\..\..\emFile_V322b\LinkLibrary\PSoC5\GCC\libemf32nosnlfn.a(MMC_Drv.o)
 .text._MMC_GetDriverName
                0x0000564c        0x8 ..\..\..\emFile_V322b\LinkLibrary\PSoC5\GCC\libemf32nosnlfn.a(MMC_Drv.o)
 .text._MMC_GetStatus
                0x00005654        0x4 ..\..\..\emFile_V322b\LinkLibrary\PSoC5\GCC\libemf32nosnlfn.a(MMC_Drv.o)
 .text._CheckR1
                0x00005658       0x38 ..\..\..\emFile_V322b\LinkLibrary\PSoC5\GCC\libemf32nosnlfn.a(MMC_Drv.o)
 .text._WaitToGetReady
                0x00005690       0x26 ..\..\..\emFile_V322b\LinkLibrary\PSoC5\GCC\libemf32nosnlfn.a(MMC_Drv.o)
 .text._SendEmptyCycles
                0x000056b6       0x24 ..\..\..\emFile_V322b\LinkLibrary\PSoC5\GCC\libemf32nosnlfn.a(MMC_Drv.o)
 *fill*         0x000056da        0x2 00
 .text._MMC_AddDevice
                0x000056dc       0x2c ..\..\..\emFile_V322b\LinkLibrary\PSoC5\GCC\libemf32nosnlfn.a(MMC_Drv.o)
 .text.T.53     0x00005708       0x14 ..\..\..\emFile_V322b\LinkLibrary\PSoC5\GCC\libemf32nosnlfn.a(MMC_Drv.o)
 .text._GetFromCSD
                0x0000571c       0x34 ..\..\..\emFile_V322b\LinkLibrary\PSoC5\GCC\libemf32nosnlfn.a(MMC_Drv.o)
 .text._ExecCmdR1
                0x00005750       0x98 ..\..\..\emFile_V322b\LinkLibrary\PSoC5\GCC\libemf32nosnlfn.a(MMC_Drv.o)
 .text._ReadCSD
                0x000057e8       0x86 ..\..\..\emFile_V322b\LinkLibrary\PSoC5\GCC\libemf32nosnlfn.a(MMC_Drv.o)
 *fill*         0x0000586e        0x2 00
 .text._MMC_Read
                0x00005870      0x130 ..\..\..\emFile_V322b\LinkLibrary\PSoC5\GCC\libemf32nosnlfn.a(MMC_Drv.o)
 .text._MMC_Write
                0x000059a0      0x13c ..\..\..\emFile_V322b\LinkLibrary\PSoC5\GCC\libemf32nosnlfn.a(MMC_Drv.o)
 .text._ApplyCSD
                0x00005adc      0x228 ..\..\..\emFile_V322b\LinkLibrary\PSoC5\GCC\libemf32nosnlfn.a(MMC_Drv.o)
 .text._MMC_Init
                0x00005d04      0x1c0 ..\..\..\emFile_V322b\LinkLibrary\PSoC5\GCC\libemf32nosnlfn.a(MMC_Drv.o)
 .text._MMC_InitMedium
                0x00005ec4       0x28 ..\..\..\emFile_V322b\LinkLibrary\PSoC5\GCC\libemf32nosnlfn.a(MMC_Drv.o)
 .text._MMC_IoCtl
                0x00005eec       0x60 ..\..\..\emFile_V322b\LinkLibrary\PSoC5\GCC\libemf32nosnlfn.a(MMC_Drv.o)
 .text.emFile_1_Init
                0x00005f4c       0x88 .\CortexM3\ARM_GCC_441\Debug\Solinst Driver.a(emFile_1_MMC_HW_SPI.o)
 .text.emFile_1_ReadWriteSPI
                0x00005fd4       0x60 .\CortexM3\ARM_GCC_441\Debug\Solinst Driver.a(emFile_1_MMC_HW_SPI.o)
 .text.FS_MMC_HW_X_EnableCS
                0x00006034       0x2c .\CortexM3\ARM_GCC_441\Debug\Solinst Driver.a(emFile_1_MMC_HW_SPI.o)
                0x00006034                FS_MMC_HW_X_EnableCS
 .text.FS_MMC_HW_X_DisableCS
                0x00006060       0x2c .\CortexM3\ARM_GCC_441\Debug\Solinst Driver.a(emFile_1_MMC_HW_SPI.o)
                0x00006060                FS_MMC_HW_X_DisableCS
 .text.FS_MMC_HW_X_IsWriteProtected
                0x0000608c       0x2c .\CortexM3\ARM_GCC_441\Debug\Solinst Driver.a(emFile_1_MMC_HW_SPI.o)
                0x0000608c                FS_MMC_HW_X_IsWriteProtected
 .text.FS_MMC_HW_X_SetMaxSpeed
                0x000060b8       0x90 .\CortexM3\ARM_GCC_441\Debug\Solinst Driver.a(emFile_1_MMC_HW_SPI.o)
                0x000060b8                FS_MMC_HW_X_SetMaxSpeed
 .text.FS_MMC_HW_X_SetVoltage
                0x00006148       0x74 .\CortexM3\ARM_GCC_441\Debug\Solinst Driver.a(emFile_1_MMC_HW_SPI.o)
                0x00006148                FS_MMC_HW_X_SetVoltage
 .text.FS_MMC_HW_X_IsPresent
                0x000061bc       0x38 .\CortexM3\ARM_GCC_441\Debug\Solinst Driver.a(emFile_1_MMC_HW_SPI.o)
                0x000061bc                FS_MMC_HW_X_IsPresent
 .text.FS_MMC_HW_X_Read
                0x000061f4       0x40 .\CortexM3\ARM_GCC_441\Debug\Solinst Driver.a(emFile_1_MMC_HW_SPI.o)
                0x000061f4                FS_MMC_HW_X_Read
 .text.FS_MMC_HW_X_Write
                0x00006234       0x3c .\CortexM3\ARM_GCC_441\Debug\Solinst Driver.a(emFile_1_MMC_HW_SPI.o)
                0x00006234                FS_MMC_HW_X_Write
 .text.emFile_1_SPI0_Init
                0x00006270       0x3c .\CortexM3\ARM_GCC_441\Debug\Solinst Driver.a(emFile_1_SPI0.o)
                0x00006270                emFile_1_SPI0_Init
 .text.emFile_1_SPI0_Enable
                0x000062ac       0x7c .\CortexM3\ARM_GCC_441\Debug\Solinst Driver.a(emFile_1_SPI0.o)
                0x000062ac                emFile_1_SPI0_Enable
 .text.emFile_1_SPI0_Start
                0x00006328       0x2c .\CortexM3\ARM_GCC_441\Debug\Solinst Driver.a(emFile_1_SPI0.o)
                0x00006328                emFile_1_SPI0_Start
 .text.emFile_1_SPI0_EnableTxInt
                0x00006354        0xc .\CortexM3\ARM_GCC_441\Debug\Solinst Driver.a(emFile_1_SPI0.o)
                0x00006354                emFile_1_SPI0_EnableTxInt
 .text.emFile_1_SPI0_EnableRxInt
                0x00006360        0xc .\CortexM3\ARM_GCC_441\Debug\Solinst Driver.a(emFile_1_SPI0.o)
                0x00006360                emFile_1_SPI0_EnableRxInt
 .text.emFile_1_SPI0_ReadTxStatus
                0x0000636c       0x20 .\CortexM3\ARM_GCC_441\Debug\Solinst Driver.a(emFile_1_SPI0.o)
                0x0000636c                emFile_1_SPI0_ReadTxStatus
 .text.emFile_1_SPI0_ReadRxStatus
                0x0000638c       0x20 .\CortexM3\ARM_GCC_441\Debug\Solinst Driver.a(emFile_1_SPI0.o)
                0x0000638c                emFile_1_SPI0_ReadRxStatus
 .text.emFile_1_SPI0_WriteTxData
                0x000063ac       0x34 .\CortexM3\ARM_GCC_441\Debug\Solinst Driver.a(emFile_1_SPI0.o)
                0x000063ac                emFile_1_SPI0_WriteTxData
 .text.emFile_1_SPI0_ReadRxData
                0x000063e0       0x20 .\CortexM3\ARM_GCC_441\Debug\Solinst Driver.a(emFile_1_SPI0.o)
                0x000063e0                emFile_1_SPI0_ReadRxData
 .text.emFile_1_SPI0_ClearFIFO
                0x00006400       0x74 .\CortexM3\ARM_GCC_441\Debug\Solinst Driver.a(emFile_1_SPI0.o)
                0x00006400                emFile_1_SPI0_ClearFIFO
 .text.emFile_1_Clock_1_Start
                0x00006474       0x44 .\CortexM3\ARM_GCC_441\Debug\Solinst Driver.a(emFile_1_Clock_1.o)
                0x00006474                emFile_1_Clock_1_Start
 .text.emFile_1_Clock_1_Stop
                0x000064b8       0x40 .\CortexM3\ARM_GCC_441\Debug\Solinst Driver.a(emFile_1_Clock_1.o)
                0x000064b8                emFile_1_Clock_1_Stop
 .text.emFile_1_Clock_1_SetDividerRegister
                0x000064f8      0x1a8 .\CortexM3\ARM_GCC_441\Debug\Solinst Driver.a(emFile_1_Clock_1.o)
                0x000064f8                emFile_1_Clock_1_SetDividerRegister
 .text.emFile_1_Clock_1_GetDividerRegister
                0x000066a0       0x18 .\CortexM3\ARM_GCC_441\Debug\Solinst Driver.a(emFile_1_Clock_1.o)
                0x000066a0                emFile_1_Clock_1_GetDividerRegister
 .text.emFile_1_Clock_1_GetSourceRegister
                0x000066b8       0x1c .\CortexM3\ARM_GCC_441\Debug\Solinst Driver.a(emFile_1_Clock_1.o)
                0x000066b8                emFile_1_Clock_1_GetSourceRegister
 .text.emFile_1_SPI0_CS_Write
                0x000066d4       0x40 .\CortexM3\ARM_GCC_441\Debug\Solinst Driver.a(emFile_1_SPI0_CS.o)
                0x000066d4                emFile_1_SPI0_CS_Write
 .text          0x00006714      0x370 c:/program files (x86)/cypress/psoc creator/2.2/psoc creator/import/gnu_cs/arm/4.4.1/bin/../lib/gcc/arm-none-eabi/4.4.1/thumb2\libgcc.a(_arm_addsubdf3.o)
                0x00006714                __aeabi_drsub
                0x0000671c                __aeabi_dsub
                0x0000671c                __subdf3
                0x00006720                __aeabi_dadd
                0x00006720                __adddf3
                0x00006998                __floatunsidf
                0x00006998                __aeabi_ui2d
                0x000069b8                __floatsidf
                0x000069b8                __aeabi_i2d
                0x000069dc                __aeabi_f2d
                0x000069dc                __extendsfdf2
                0x00006a18                __floatundidf
                0x00006a18                __aeabi_ul2d
                0x00006a28                __floatdidf
                0x00006a28                __aeabi_l2d
 .text          0x00006a84       0xa0 c:/program files (x86)/cypress/psoc creator/2.2/psoc creator/import/gnu_cs/arm/4.4.1/bin/../lib/gcc/arm-none-eabi/4.4.1/thumb2\libgcc.a(_arm_truncdfsf2.o)
                0x00006a84                __truncdfsf2
                0x00006a84                __aeabi_d2f
 .text          0x00006b24      0x21c c:/program files (x86)/cypress/psoc creator/2.2/psoc creator/import/gnu_cs/arm/4.4.1/bin/../lib/gcc/arm-none-eabi/4.4.1/thumb2\libgcc.a(_arm_addsubsf3.o)
                0x00006b24                __aeabi_frsub
                0x00006b2c                __subsf3
                0x00006b2c                __aeabi_fsub
                0x00006b30                __aeabi_fadd
                0x00006b30                __addsf3
                0x00006c90                __aeabi_ui2f
                0x00006c90                __floatunsisf
                0x00006c98                __aeabi_i2f
                0x00006c98                __floatsisf
                0x00006cb4                __aeabi_ul2f
                0x00006cb4                __floatundisf
                0x00006cc4                __aeabi_l2f
                0x00006cc4                __floatdisf
 .text          0x00006d40      0x2a0 c:/program files (x86)/cypress/psoc creator/2.2/psoc creator/import/gnu_cs/arm/4.4.1/bin/../lib/gcc/arm-none-eabi/4.4.1/thumb2\libgcc.a(_arm_muldivsf3.o)
                0x00006d40                __mulsf3
                0x00006d40                __aeabi_fmul
                0x00006ea8                __aeabi_fdiv
                0x00006ea8                __divsf3
 .text          0x00006fe0        0x8 c:/program files (x86)/cypress/psoc creator/2.2/psoc creator/import/gnu_cs/arm/4.4.1/bin/../lib/gcc/arm-none-eabi/4.4.1/../../../../arm-none-eabi/lib/thumb2\libc.a(lib_a-atof.o)
                0x00006fe0                atof
 .text          0x00006fe8       0x2c c:/program files (x86)/cypress/psoc creator/2.2/psoc creator/import/gnu_cs/arm/4.4.1/bin/../lib/gcc/arm-none-eabi/4.4.1/../../../../arm-none-eabi/lib/thumb2\libc.a(lib_a-gmtime.o)
                0x00006fe8                gmtime
 .text          0x00007014        0x8 c:/program files (x86)/cypress/psoc creator/2.2/psoc creator/import/gnu_cs/arm/4.4.1/bin/../lib/gcc/arm-none-eabi/4.4.1/../../../../arm-none-eabi/lib/thumb2\libc.a(lib_a-gmtime_r.o)
                0x00007014                gmtime_r
 .text          0x0000701c       0x20 c:/program files (x86)/cypress/psoc creator/2.2/psoc creator/import/gnu_cs/arm/4.4.1/bin/../lib/gcc/arm-none-eabi/4.4.1/../../../../arm-none-eabi/lib/thumb2\libc.a(lib_a-malloc.o)
                0x0000701c                free
                0x0000702c                malloc
 .text          0x0000703c      0x5a4 c:/program files (x86)/cypress/psoc creator/2.2/psoc creator/import/gnu_cs/arm/4.4.1/bin/../lib/gcc/arm-none-eabi/4.4.1/../../../../arm-none-eabi/lib/thumb2\libc.a(lib_a-mallocr.o)
                0x0000703c                _malloc_r
 .text          0x000075e0      0x190 c:/program files (x86)/cypress/psoc creator/2.2/psoc creator/import/gnu_cs/arm/4.4.1/bin/../lib/gcc/arm-none-eabi/4.4.1/../../../../arm-none-eabi/lib/thumb2\libc.a(lib_a-memcpy.o)
                0x000075e0                memcpy
 .text          0x00007770       0xd4 c:/program files (x86)/cypress/psoc creator/2.2/psoc creator/import/gnu_cs/arm/4.4.1/bin/../lib/gcc/arm-none-eabi/4.4.1/../../../../arm-none-eabi/lib/thumb2\libc.a(lib_a-memset.o)
                0x00007770                memset
 .text          0x00007844      0x52c c:/program files (x86)/cypress/psoc creator/2.2/psoc creator/import/gnu_cs/arm/4.4.1/bin/../lib/gcc/arm-none-eabi/4.4.1/../../../../arm-none-eabi/lib/thumb2\libc.a(lib_a-mktm_r.o)
                0x00007844                __tzcalc_limits
                0x000079c0                _mktm_r
 .text          0x00007d70        0x8 c:/program files (x86)/cypress/psoc creator/2.2/psoc creator/import/gnu_cs/arm/4.4.1/bin/../lib/gcc/arm-none-eabi/4.4.1/../../../../arm-none-eabi/lib/thumb2\libc.a(lib_a-mlock.o)
                0x00007d70                __malloc_lock
                0x00007d74                __malloc_unlock
 .text          0x00007d78       0x28 c:/program files (x86)/cypress/psoc creator/2.2/psoc creator/import/gnu_cs/arm/4.4.1/bin/../lib/gcc/arm-none-eabi/4.4.1/../../../../arm-none-eabi/lib/thumb2\libc.a(lib_a-sbrkr.o)
                0x00007d78                _sbrk_r
 .text          0x00007da0       0x94 c:/program files (x86)/cypress/psoc creator/2.2/psoc creator/import/gnu_cs/arm/4.4.1/bin/../lib/gcc/arm-none-eabi/4.4.1/../../../../arm-none-eabi/lib/thumb2\libc.a(lib_a-sprintf.o)
                0x00007da0                sprintf
                0x00007df0                _sprintf_r
 .text          0x00007e34       0x60 c:/program files (x86)/cypress/psoc creator/2.2/psoc creator/import/gnu_cs/arm/4.4.1/bin/../lib/gcc/arm-none-eabi/4.4.1/../../../../arm-none-eabi/lib/thumb2\libc.a(lib_a-strlen.o)
                0x00007e34                strlen
 *fill*         0x00007e94        0x4 00
 .text          0x00007e98     0x1010 c:/program files (x86)/cypress/psoc creator/2.2/psoc creator/import/gnu_cs/arm/4.4.1/bin/../lib/gcc/arm-none-eabi/4.4.1/../../../../arm-none-eabi/lib/thumb2\libc.a(lib_a-strtod.o)
                0x00007e98                _strtod_r
                0x00008e08                strtof
                0x00008e94                strtod
 .text          0x00008ea8     0x15a8 c:/program files (x86)/cypress/psoc creator/2.2/psoc creator/import/gnu_cs/arm/4.4.1/bin/../lib/gcc/arm-none-eabi/4.4.1/../../../../arm-none-eabi/lib/thumb2\libc.a(lib_a-svfprintf.o)
                0x00008fc4                _svfprintf_r
 .text          0x0000a450        0x8 c:/program files (x86)/cypress/psoc creator/2.2/psoc creator/import/gnu_cs/arm/4.4.1/bin/../lib/gcc/arm-none-eabi/4.4.1/../../../../arm-none-eabi/lib/thumb2\libc.a(lib_a-tzlock.o)
                0x0000a450                __tz_lock
                0x0000a454                __tz_unlock
 .text          0x0000a458      0xfb8 c:/program files (x86)/cypress/psoc creator/2.2/psoc creator/import/gnu_cs/arm/4.4.1/bin/../lib/gcc/arm-none-eabi/4.4.1/../../../../arm-none-eabi/lib/thumb2\libc.a(lib_a-dtoa.o)
                0x0000a578                _dtoa_r
 .text          0x0000b410      0x268 c:/program files (x86)/cypress/psoc creator/2.2/psoc creator/import/gnu_cs/arm/4.4.1/bin/../lib/gcc/arm-none-eabi/4.4.1/../../../../arm-none-eabi/lib/thumb2\libc.a(lib_a-freer.o)
                0x0000b410                _malloc_trim_r
                0x0000b4b8                _free_r
 .text          0x0000b678      0x5a8 c:/program files (x86)/cypress/psoc creator/2.2/psoc creator/import/gnu_cs/arm/4.4.1/bin/../lib/gcc/arm-none-eabi/4.4.1/../../../../arm-none-eabi/lib/thumb2\libc.a(lib_a-gdtoa-gethex.o)
                0x0000b678                __hexdig_init
                0x0000b764                __gethex
 .text          0x0000bc20      0x1bc c:/program files (x86)/cypress/psoc creator/2.2/psoc creator/import/gnu_cs/arm/4.4.1/bin/../lib/gcc/arm-none-eabi/4.4.1/../../../../arm-none-eabi/lib/thumb2\libc.a(lib_a-gdtoa-hexnan.o)
                0x0000bc20                __hexnan
 .text          0x0000bddc        0xc c:/program files (x86)/cypress/psoc creator/2.2/psoc creator/import/gnu_cs/arm/4.4.1/bin/../lib/gcc/arm-none-eabi/4.4.1/../../../../arm-none-eabi/lib/thumb2\libc.a(lib_a-gettzinfo.o)
                0x0000bddc                __gettzinfo
 .text          0x0000bde8       0x74 c:/program files (x86)/cypress/psoc creator/2.2/psoc creator/import/gnu_cs/arm/4.4.1/bin/../lib/gcc/arm-none-eabi/4.4.1/../../../../arm-none-eabi/lib/thumb2\libc.a(lib_a-locale.o)
                0x0000bde8                __locale_charset
                0x0000bdf4                _localeconv_r
                0x0000bdfc                localeconv
                0x0000be04                _setlocale_r
                0x0000be4c                setlocale
 .text          0x0000be5c       0x74 c:/program files (x86)/cypress/psoc creator/2.2/psoc creator/import/gnu_cs/arm/4.4.1/bin/../lib/gcc/arm-none-eabi/4.4.1/../../../../arm-none-eabi/lib/thumb2\libc.a(lib_a-memchr.o)
                0x0000be5c                memchr
 .text          0x0000bed0       0xb8 c:/program files (x86)/cypress/psoc creator/2.2/psoc creator/import/gnu_cs/arm/4.4.1/bin/../lib/gcc/arm-none-eabi/4.4.1/../../../../arm-none-eabi/lib/thumb2\libc.a(lib_a-memmove.o)
                0x0000bed0                memmove
 .text          0x0000bf88      0x958 c:/program files (x86)/cypress/psoc creator/2.2/psoc creator/import/gnu_cs/arm/4.4.1/bin/../lib/gcc/arm-none-eabi/4.4.1/../../../../arm-none-eabi/lib/thumb2\libc.a(lib_a-mprec.o)
                0x0000bf88                __hi0bits
                0x0000bfc8                __lo0bits
                0x0000c02c                __mcmp
                0x0000c06c                __ulp
                0x0000c0b8                __b2d
                0x0000c160                __ratio
                0x0000c1c0                _mprec_log10
                0x0000c1f8                __copybits
                0x0000c248                __any_on
                0x0000c2a0                _Bfree
                0x0000c2d8                _Balloc
                0x0000c344                __d2b
                0x0000c414                __mdiff
                0x0000c50c                __lshift
                0x0000c5c8                __multiply
                0x0000c6fc                __i2b
                0x0000c710                __multadd
                0x0000c798                __pow5mult
                0x0000c844                __s2b
 .text          0x0000c8e0      0x3b4 c:/program files (x86)/cypress/psoc creator/2.2/psoc creator/import/gnu_cs/arm/4.4.1/bin/../lib/gcc/arm-none-eabi/4.4.1/../../../../arm-none-eabi/lib/thumb2\libc.a(lib_a-reallocr.o)
                0x0000c8e0                _realloc_r
 .text          0x0000cc94       0x24 c:/program files (x86)/cypress/psoc creator/2.2/psoc creator/import/gnu_cs/arm/4.4.1/bin/../lib/gcc/arm-none-eabi/4.4.1/../../../../arm-none-eabi/lib/thumb2\libc.a(lib_a-s_isinfd.o)
                0x0000cc94                __isinfd
 .text          0x0000ccb8       0x1c c:/program files (x86)/cypress/psoc creator/2.2/psoc creator/import/gnu_cs/arm/4.4.1/bin/../lib/gcc/arm-none-eabi/4.4.1/../../../../arm-none-eabi/lib/thumb2\libc.a(lib_a-s_isnand.o)
                0x0000ccb8                __isnand
 .text          0x0000ccd4      0x1dc c:/program files (x86)/cypress/psoc creator/2.2/psoc creator/import/gnu_cs/arm/4.4.1/bin/../lib/gcc/arm-none-eabi/4.4.1/../../../../arm-none-eabi/lib/thumb2\libc.a(lib_a-strcmp.o)
                0x0000ccd4                strcmp
 .text          0x0000ceb0       0x5c c:/program files (x86)/cypress/psoc creator/2.2/psoc creator/import/gnu_cs/arm/4.4.1/bin/../lib/gcc/arm-none-eabi/4.4.1/../../../../arm-none-eabi/lib/thumb2\libc.a(lib_a-callocr.o)
                0x0000ceb0                _calloc_r
 *fill*         0x0000cf0c        0x4 00
 .text          0x0000cf10      0x278 c:/program files (x86)/cypress/psoc creator/2.2/psoc creator/import/gnu_cs/arm/4.4.1/bin/../lib/gcc/arm-none-eabi/4.4.1/thumb2\libgcc.a(_udivsi3.o)
                0x0000cf10                __aeabi_uidiv
                0x0000cf10                __udivsi3
                0x0000d16c                __aeabi_uidivmod
 .text          0x0000d188      0x2b0 c:/program files (x86)/cypress/psoc creator/2.2/psoc creator/import/gnu_cs/arm/4.4.1/bin/../lib/gcc/arm-none-eabi/4.4.1/thumb2\libgcc.a(_divsi3.o)
                0x0000d188                __divsi3
                0x0000d188                __aeabi_idiv
                0x0000d41c                __aeabi_idivmod
 .text          0x0000d438        0x4 c:/program files (x86)/cypress/psoc creator/2.2/psoc creator/import/gnu_cs/arm/4.4.1/bin/../lib/gcc/arm-none-eabi/4.4.1/thumb2\libgcc.a(_dvmd_tls.o)
                0x0000d438                __aeabi_idiv0
                0x0000d438                __aeabi_ldiv0
 .text          0x0000d43c      0x424 c:/program files (x86)/cypress/psoc creator/2.2/psoc creator/import/gnu_cs/arm/4.4.1/bin/../lib/gcc/arm-none-eabi/4.4.1/thumb2\libgcc.a(_arm_muldivdf3.o)
                0x0000d43c                __aeabi_dmul
                0x0000d43c                __muldf3
                0x0000d690                __divdf3
                0x0000d690                __aeabi_ddiv
 .text          0x0000d860      0x110 c:/program files (x86)/cypress/psoc creator/2.2/psoc creator/import/gnu_cs/arm/4.4.1/bin/../lib/gcc/arm-none-eabi/4.4.1/thumb2\libgcc.a(_arm_cmpdf2.o)
                0x0000d860                __gtdf2
                0x0000d860                __gedf2
                0x0000d868                __ltdf2
                0x0000d868                __ledf2
                0x0000d870                __nedf2
                0x0000d870                __eqdf2
                0x0000d870                __cmpdf2
                0x0000d8ec                __aeabi_cdrcmple
                0x0000d8fc                __aeabi_cdcmpeq
                0x0000d8fc                __aeabi_cdcmple
                0x0000d90c                __aeabi_dcmpeq
                0x0000d920                __aeabi_dcmplt
                0x0000d934                __aeabi_dcmple
                0x0000d948                __aeabi_dcmpge
                0x0000d95c                __aeabi_dcmpgt
 .text          0x0000d970       0x50 c:/program files (x86)/cypress/psoc creator/2.2/psoc creator/import/gnu_cs/arm/4.4.1/bin/../lib/gcc/arm-none-eabi/4.4.1/thumb2\libgcc.a(_arm_fixdfsi.o)
                0x0000d970                __aeabi_d2iz
                0x0000d970                __fixdfsi
 .text          0x0000d9c0       0x40 c:/program files (x86)/cypress/psoc creator/2.2/psoc creator/import/gnu_cs/arm/4.4.1/bin/../lib/gcc/arm-none-eabi/4.4.1/thumb2\libgcc.a(_arm_fixunsdfsi.o)
                0x0000d9c0                __aeabi_d2uiz
                0x0000d9c0                __fixunsdfsi
 .text          0x0000da00       0xec c:/program files (x86)/cypress/psoc creator/2.2/psoc creator/import/gnu_cs/arm/4.4.1/bin/../lib/gcc/arm-none-eabi/4.4.1/thumb2\libgcc.a(_arm_cmpsf2.o)
                0x0000da00                __gesf2
                0x0000da00                __gtsf2
                0x0000da08                __lesf2
                0x0000da08                __ltsf2
                0x0000da10                __nesf2
                0x0000da10                __eqsf2
                0x0000da10                __cmpsf2
                0x0000da70                __aeabi_cfrcmple
                0x0000da78                __aeabi_cfcmpeq
                0x0000da78                __aeabi_cfcmple
                0x0000da88                __aeabi_fcmpeq
                0x0000da9c                __aeabi_fcmplt
                0x0000dab0                __aeabi_fcmple
                0x0000dac4                __aeabi_fcmpge
                0x0000dad8                __aeabi_fcmpgt
 .text          0x0000daec       0x2c c:/program files (x86)/cypress/psoc creator/2.2/psoc creator/import/gnu_cs/arm/4.4.1/bin/../lib/gcc/arm-none-eabi/4.4.1/thumb2\libgcc.a(_aeabi_uldivmod.o)
                0x0000daec                __aeabi_uldivmod
 .text          0x0000db18       0x58 c:/program files (x86)/cypress/psoc creator/2.2/psoc creator/import/gnu_cs/arm/4.4.1/bin/../lib/gcc/arm-none-eabi/4.4.1/thumb2\libgcc.a(bpabi.o)
                0x0000db18                __gnu_uldivmod_helper
                0x0000db44                __gnu_ldivmod_helper
 .text          0x0000db70      0x364 c:/program files (x86)/cypress/psoc creator/2.2/psoc creator/import/gnu_cs/arm/4.4.1/bin/../lib/gcc/arm-none-eabi/4.4.1/thumb2\libgcc.a(_divdi3.o)
                0x0000db70                __divdi3
 .text          0x0000ded4      0x300 c:/program files (x86)/cypress/psoc creator/2.2/psoc creator/import/gnu_cs/arm/4.4.1/bin/../lib/gcc/arm-none-eabi/4.4.1/thumb2\libgcc.a(_udivdi3.o)
                0x0000ded4                __udivdi3
 .text          0x0000e1d4       0x30 c:/program files (x86)/cypress/psoc creator/2.2/psoc creator/import/gnu_cs/arm/4.4.1/bin/../lib/gcc/arm-none-eabi/4.4.1/../../../../arm-none-eabi/lib/thumb2\libcs3.a(start_c.o)
                0x0000e1d4                __cs3_premain
 .text          0x0000e204       0x44 c:/program files (x86)/cypress/psoc creator/2.2/psoc creator/import/gnu_cs/arm/4.4.1/bin/../lib/gcc/arm-none-eabi/4.4.1/../../../../arm-none-eabi/lib/thumb2\libcs3unhosted.a(unhosted-sbrk.o)
                0x0000e204                _sbrk
 .text          0x0000e248        0x2 c:/program files (x86)/cypress/psoc creator/2.2/psoc creator/import/gnu_cs/arm/4.4.1/bin/../lib/gcc/arm-none-eabi/4.4.1/../../../../arm-none-eabi/lib/thumb2\libcs3micro.a(micro_isr_interrupt.o)
                0x0000e248                __cs3_isr_external_24
                0x0000e248                __cs3_isr_external_9
                0x0000e248                __cs3_isr_external_14
                0x0000e248                __cs3_isr_reserved_9
                0x0000e248                __cs3_isr_external_4
                0x0000e248                __cs3_isr_external_21
                0x0000e248                __cs3_isr_external_0
                0x0000e248                __cs3_isr_external_27
                0x0000e248                __cs3_isr_external_11
                0x0000e248                __cs3_isr_usage_fault
                0x0000e248                __cs3_isr_svcall
                0x0000e248                __cs3_isr_external_3
                0x0000e248                __cs3_isr_mpu_fault
                0x0000e248                __cs3_isr_external_16
                0x0000e248                __cs3_isr_pendsv
                0x0000e248                __cs3_isr_external_31
                0x0000e248                __cs3_isr_nmi
                0x0000e248                __cs3_isr_external_5
                0x0000e248                __cs3_isr_external_6
                0x0000e248                __cs3_isr_external_12
                0x0000e248                __cs3_isr_hard_fault
                0x0000e248                __cs3_isr_bus_fault
                0x0000e248                __cs3_isr_external_1
                0x0000e248                __cs3_isr_external_13
                0x0000e248                __cs3_isr_external_30
                0x0000e248                __cs3_isr_external_23
                0x0000e248                __cs3_isr_external_20
                0x0000e248                __cs3_isr_debug
                0x0000e248                __cs3_isr_reserved_13
                0x0000e248                __cs3_isr_external_8
                0x0000e248                __cs3_isr_external_26
                0x0000e248                __cs3_isr_reserved_8
                0x0000e248                __cs3_isr_reserved_7
                0x0000e248                __cs3_isr_external_7
                0x0000e248                __cs3_isr_external_28
                0x0000e248                __cs3_isr_systick
                0x0000e248                __cs3_isr_external_22
                0x0000e248                __cs3_isr_external_10
                0x0000e248                __cs3_isr_external_15
                0x0000e248                __cs3_isr_interrupt
                0x0000e248                __cs3_isr_external_18
                0x0000e248                __cs3_isr_external_29
                0x0000e248                __cs3_isr_external_25
                0x0000e248                __cs3_isr_reserved_10
                0x0000e248                __cs3_isr_external_2
                0x0000e248                __cs3_isr_external_17
                0x0000e248                __cs3_isr_external_19
 *fill*         0x0000e24a        0x2 00
 .text          0x0000e24c        0xc c:/program files (x86)/cypress/psoc creator/2.2/psoc creator/import/gnu_cs/arm/4.4.1/bin/../lib/gcc/arm-none-eabi/4.4.1/../../../../arm-none-eabi/lib/thumb2\libc.a(lib_a-errno.o)
                0x0000e24c                __errno
 .text          0x0000e258       0x50 c:/program files (x86)/cypress/psoc creator/2.2/psoc creator/import/gnu_cs/arm/4.4.1/bin/../lib/gcc/arm-none-eabi/4.4.1/../../../../arm-none-eabi/lib/thumb2\libc.a(lib_a-init.o)
                0x0000e258                __libc_init_array
 *(.plt)
 *(.gnu.warning)
 *(.glue_7t)
 .glue_7t       0x00000000        0x0 linker stubs
 *(.glue_7)
 .glue_7        0x00000000        0x0 linker stubs
 *(.vfp11_veneer)
 .vfp11_veneer  0x00000000        0x0 linker stubs
 *(.bootloader)
 *(.ARM.extab* .gnu.linkonce.armextab.*)
 *(.gcc_except_table)

.v4_bx          0x0000e2a8        0x0
 .v4_bx         0x00000000        0x0 linker stubs

.eh_frame_hdr
 *(.eh_frame_hdr)

.eh_frame
 *(.eh_frame)
                0x0000e2a8                PROVIDE (__exidx_start, .)

.ARM.exidx      0x0000e2a8        0x8
 *(.ARM.exidx* .gnu.linkonce.armexidx.*)
 .ARM.exidx     0x0000e2a8        0x8 c:/program files (x86)/cypress/psoc creator/2.2/psoc creator/import/gnu_cs/arm/4.4.1/bin/../lib/gcc/arm-none-eabi/4.4.1/thumb2\libgcc.a(_divdi3.o)
 .ARM.exidx     0x0000e2b0        0x0 c:/program files (x86)/cypress/psoc creator/2.2/psoc creator/import/gnu_cs/arm/4.4.1/bin/../lib/gcc/arm-none-eabi/4.4.1/thumb2\libgcc.a(_udivdi3.o)
                                  0x8 (size before relaxing)
                0x0000e2b0                __exidx_end = .

.rodata         0x0000e2b0      0x510
 *(.rodata .rodata.* .gnu.linkonce.r.*)
 .rodata        0x0000e2b0       0x44 .\CortexM3\ARM_GCC_441\Debug\main.o
 .rodata        0x0000e2f4       0x20 .\CortexM3\ARM_GCC_441\Debug\solinst_depth.o
 .rodata        0x0000e314       0x30 .\CortexM3\ARM_GCC_441\Debug\debug.o
 .rodata        0x0000e344       0x44 .\CortexM3\ARM_GCC_441\Debug\Solinst Driver.a(cyfitter_cfg.o)
 .rodata        0x0000e388       0x30 ..\..\..\..\hardware\psoc5\neolib\libneomote.a(NeoRTC.o)
 .rodata        0x0000e3b8       0x78 ..\..\..\emFile_V322b\LinkLibrary\PSoC5\GCC\libemf32nosnlfn.a(FS_Misc.o)
 .rodata.str1.1
                0x0000e430       0x30 ..\..\..\emFile_V322b\LinkLibrary\PSoC5\GCC\libemf32nosnlfn.a(FS_Misc.o)
 .rodata        0x0000e460       0x10 ..\..\..\emFile_V322b\LinkLibrary\PSoC5\GCC\libemf32nosnlfn.a(FAT_Misc.o)
                0x0000e460                FAT_SFN_API
 .rodata.str1.1
                0x0000e470        0x3 ..\..\..\emFile_V322b\LinkLibrary\PSoC5\GCC\libemf32nosnlfn.a(FAT_Open.o)
 *fill*         0x0000e473        0x1 00
 .rodata        0x0000e474       0x68 ..\..\..\emFile_V322b\LinkLibrary\PSoC5\GCC\libemf32nosnlfn.a(MMC_Drv.o)
                0x0000e4bc                FS_MMC_SPI_Driver
 .rodata.str1.1
                0x0000e4dc        0x4 ..\..\..\emFile_V322b\LinkLibrary\PSoC5\GCC\libemf32nosnlfn.a(MMC_Drv.o)
 .rodata.str1.4
                0x0000e4e0        0x2 c:/program files (x86)/cypress/psoc creator/2.2/psoc creator/import/gnu_cs/arm/4.4.1/bin/../lib/gcc/arm-none-eabi/4.4.1/../../../../arm-none-eabi/lib/thumb2\libc.a(lib_a-impure.o)
                                  0x4 (size before relaxing)
 *fill*         0x0000e4e2        0x2 00
 .rodata        0x0000e4e4       0x68 c:/program files (x86)/cypress/psoc creator/2.2/psoc creator/import/gnu_cs/arm/4.4.1/bin/../lib/gcc/arm-none-eabi/4.4.1/../../../../arm-none-eabi/lib/thumb2\libc.a(lib_a-mktm_r.o)
 *fill*         0x0000e54c        0x4 00
 .rodata        0x0000e550       0x28 c:/program files (x86)/cypress/psoc creator/2.2/psoc creator/import/gnu_cs/arm/4.4.1/bin/../lib/gcc/arm-none-eabi/4.4.1/../../../../arm-none-eabi/lib/thumb2\libc.a(lib_a-strtod.o)
 .rodata.str1.4
                0x0000e578        0xf c:/program files (x86)/cypress/psoc creator/2.2/psoc creator/import/gnu_cs/arm/4.4.1/bin/../lib/gcc/arm-none-eabi/4.4.1/../../../../arm-none-eabi/lib/thumb2\libc.a(lib_a-strtod.o)
                                 0x10 (size before relaxing)
 *fill*         0x0000e587        0x1 00
 .rodata        0x0000e588       0x20 c:/program files (x86)/cypress/psoc creator/2.2/psoc creator/import/gnu_cs/arm/4.4.1/bin/../lib/gcc/arm-none-eabi/4.4.1/../../../../arm-none-eabi/lib/thumb2\libc.a(lib_a-svfprintf.o)
 .rodata.str1.4
                0x0000e5a8       0x42 c:/program files (x86)/cypress/psoc creator/2.2/psoc creator/import/gnu_cs/arm/4.4.1/bin/../lib/gcc/arm-none-eabi/4.4.1/../../../../arm-none-eabi/lib/thumb2\libc.a(lib_a-svfprintf.o)
                                 0x44 (size before relaxing)
 *fill*         0x0000e5ea        0x2 00
 .rodata.str1.4
                0x0000e5ec       0x10 c:/program files (x86)/cypress/psoc creator/2.2/psoc creator/import/gnu_cs/arm/4.4.1/bin/../lib/gcc/arm-none-eabi/4.4.1/../../../../arm-none-eabi/lib/thumb2\libc.a(lib_a-dtoa.o)
                                 0x14 (size before relaxing)
 .rodata.str1.4
                0x0000e5fc       0x1b c:/program files (x86)/cypress/psoc creator/2.2/psoc creator/import/gnu_cs/arm/4.4.1/bin/../lib/gcc/arm-none-eabi/4.4.1/../../../../arm-none-eabi/lib/thumb2\libc.a(lib_a-gdtoa-gethex.o)
                                 0x1c (size before relaxing)
 *fill*         0x0000e617        0x1 00
 .rodata        0x0000e618       0x34 c:/program files (x86)/cypress/psoc creator/2.2/psoc creator/import/gnu_cs/arm/4.4.1/bin/../lib/gcc/arm-none-eabi/4.4.1/../../../../arm-none-eabi/lib/thumb2\libc.a(lib_a-locale.o)
 .rodata.str1.4
                0x0000e64c       0x10 c:/program files (x86)/cypress/psoc creator/2.2/psoc creator/import/gnu_cs/arm/4.4.1/bin/../lib/gcc/arm-none-eabi/4.4.1/../../../../arm-none-eabi/lib/thumb2\libc.a(lib_a-locale.o)
                                 0x18 (size before relaxing)
 *fill*         0x0000e65c        0x4 00
 .rodata        0x0000e660      0x128 c:/program files (x86)/cypress/psoc creator/2.2/psoc creator/import/gnu_cs/arm/4.4.1/bin/../lib/gcc/arm-none-eabi/4.4.1/../../../../arm-none-eabi/lib/thumb2\libc.a(lib_a-mprec.o)
                0x0000e660                __mprec_tens
                0x0000e738                __mprec_bigtens
                0x0000e760                __mprec_tinytens
                0x0000e788                . = ALIGN (0x4)
 *(.init)
 .init          0x0000e788        0x4 c:/program files (x86)/cypress/psoc creator/2.2/psoc creator/import/gnu_cs/arm/4.4.1/bin/../lib/gcc/arm-none-eabi/4.4.1/thumb2/crti.o
                0x0000e788                _init
 .init          0x0000e78c        0x8 c:/program files (x86)/cypress/psoc creator/2.2/psoc creator/import/gnu_cs/arm/4.4.1/bin/../lib/gcc/arm-none-eabi/4.4.1/thumb2/crtn.o
                0x0000e794                . = ALIGN (0x4)
                0x0000e794                __preinit_array_start = .
 *(.preinit_array)
                0x0000e794                __preinit_array_end = .
                0x0000e794                . = ALIGN (0x4)
                0x0000e794                __init_array_start = .
 *(SORT(.init_array.*))
 *(.init_array)
 .init_array    0x0000e794        0x4 c:/program files (x86)/cypress/psoc creator/2.2/psoc creator/import/gnu_cs/arm/4.4.1/bin/../lib/gcc/arm-none-eabi/4.4.1/thumb2/crtbegin.o
 .init_array    0x0000e798        0x4 .\CortexM3\ARM_GCC_441\Debug\Cm3Start.o
                0x0000e79c                __init_array_end = .
                0x0000e79c                . = ALIGN (0x4)
 *(.fini)
 .fini          0x0000e79c        0x4 c:/program files (x86)/cypress/psoc creator/2.2/psoc creator/import/gnu_cs/arm/4.4.1/bin/../lib/gcc/arm-none-eabi/4.4.1/thumb2/crti.o
                0x0000e79c                _fini
 .fini          0x0000e7a0        0x8 c:/program files (x86)/cypress/psoc creator/2.2/psoc creator/import/gnu_cs/arm/4.4.1/bin/../lib/gcc/arm-none-eabi/4.4.1/thumb2/crtn.o
                0x0000e7a8                . = ALIGN (0x4)
                0x0000e7a8                __fini_array_start = .
 *(.fini_array)
 .fini_array    0x0000e7a8        0x4 c:/program files (x86)/cypress/psoc creator/2.2/psoc creator/import/gnu_cs/arm/4.4.1/bin/../lib/gcc/arm-none-eabi/4.4.1/thumb2/crtbegin.o
 *(SORT(.fini_array.*))
                0x0000e7ac                __fini_array_end = .
                0x0000e7ac                . = ALIGN (0x4)
 *crtbegin.o(.ctors)
 *(EXCLUDE_FILE(*crtend.o) .ctors)
 *(SORT(.ctors.*))
 *crtend.o(.ctors)
                0x0000e7ac                . = ALIGN (0x4)
 *crtbegin.o(.dtors)
 *(EXCLUDE_FILE(*crtend.o) .dtors)
 *(SORT(.dtors.*))
 *crtend.o(.dtors)
                0x0000e7ac                . = ALIGN (0x4)
                0x0000e7ac                __cs3_regions = .
                0x0000e7ac        0x4 LONG 0x0
                0x0000e7b0        0x4 LONG 0xe7c0 __cs3_region_init_ram
                0x0000e7b4        0x4 LONG 0x1fff8108 __cs3_region_start_data
                0x0000e7b8        0x4 LONG 0x598 __cs3_region_init_size_ram
                0x0000e7bc        0x4 LONG 0x14d0 __cs3_region_zero_size_ram
                0x0000e7c0                __cs3_regions_end = .
                0x0000e7c0                . = ALIGN (0x8)
                0x0000e7c0                _etext = .

.ramvectors     0x1fff8000      0x100
                0x1fff8000                __cs3_region_start_ram = .
 *(.cs3.region-head.ram)
                0x1fff8001                ASSERT ((. == __cs3_region_start_ram), .cs3.region-head.ram not permitted)
 *(.ramvectors)
 .ramvectors    0x1fff8000      0x100 .\CortexM3\ARM_GCC_441\Debug\Cm3Start.o
                0x1fff8000                CyRamVectors

.noinit         0x1fff8100        0x4
 *(.noinit)
 .noinit        0x1fff8100        0x4 .\CortexM3\ARM_GCC_441\Debug\Cm3Start.o

.data           0x1fff8108      0x598 load address 0x0000e7c0
                0x1fff8108                __cs3_region_start_data = .
 *(.jcr)
 .jcr           0x1fff8108        0x0 c:/program files (x86)/cypress/psoc creator/2.2/psoc creator/import/gnu_cs/arm/4.4.1/bin/../lib/gcc/arm-none-eabi/4.4.1/thumb2/crtbegin.o
 .jcr           0x1fff8108        0x4 c:/program files (x86)/cypress/psoc creator/2.2/psoc creator/import/gnu_cs/arm/4.4.1/bin/../lib/gcc/arm-none-eabi/4.4.1/thumb2/crtend.o
 *(.got.plt)
 *(.got)
 *(.shdata)
 *(.data .data.* .gnu.linkonce.d.*)
 .data          0x1fff810c        0x1 .\CortexM3\ARM_GCC_441\Debug\debug.o
                0x1fff810c                write_to_log
 *fill*         0x1fff810d        0x3 00
 .data          0x1fff8110       0x10 .\CortexM3\ARM_GCC_441\Debug\Solinst Driver.a(CyLib.o)
                0x1fff8110                cydelay_freq_hz
                0x1fff8114                cydelay_freq_khz
                0x1fff8118                cydelay_freq_mhz
                0x1fff811c                cydelay_32k_ms
 .data          0x1fff8120        0x4 ..\..\..\emFile_V322b\LinkLibrary\PSoC5\GCC\libemf32nosnlfn.a(FAT_Misc.o)
                0x1fff8120                FAT_pDirEntryAPI
 .data          0x1fff8124        0x4 .\CortexM3\ARM_GCC_441\Debug\Solinst Driver.a(NEOMOTE_1_I2C_0_PM.o)
                0x1fff8124                NEOMOTE_1_I2C_0_backup
 .data          0x1fff8128        0x4 ..\..\..\emFile_V322b\LinkLibrary\PSoC5\GCC\libemf32nosnlfn.a(MMC_Drv.o)
 .data          0x1fff812c       0xf4 c:/program files (x86)/cypress/psoc creator/2.2/psoc creator/import/gnu_cs/arm/4.4.1/bin/../lib/gcc/arm-none-eabi/4.4.1/../../../../arm-none-eabi/lib/thumb2\libc.a(lib_a-impure.o)
                0x1fff812c                _impure_ptr
 .data          0x1fff8220      0x410 c:/program files (x86)/cypress/psoc creator/2.2/psoc creator/import/gnu_cs/arm/4.4.1/bin/../lib/gcc/arm-none-eabi/4.4.1/../../../../arm-none-eabi/lib/thumb2\libc.a(lib_a-mallocr.o)
                0x1fff8220                __malloc_av_
                0x1fff8628                __malloc_sbrk_base
                0x1fff862c                __malloc_trim_threshold
 .data          0x1fff8630       0x28 c:/program files (x86)/cypress/psoc creator/2.2/psoc creator/import/gnu_cs/arm/4.4.1/bin/../lib/gcc/arm-none-eabi/4.4.1/../../../../arm-none-eabi/lib/thumb2\libc.a(lib_a-strtod.o)
 .data          0x1fff8658       0x40 c:/program files (x86)/cypress/psoc creator/2.2/psoc creator/import/gnu_cs/arm/4.4.1/bin/../lib/gcc/arm-none-eabi/4.4.1/../../../../arm-none-eabi/lib/thumb2\libc.a(lib_a-gettzinfo.o)
 .data          0x1fff8698        0x4 c:/program files (x86)/cypress/psoc creator/2.2/psoc creator/import/gnu_cs/arm/4.4.1/bin/../lib/gcc/arm-none-eabi/4.4.1/../../../../arm-none-eabi/lib/thumb2\libcs3unhosted.a(unhosted-sbrk.o)
 .data          0x1fff869c        0x4 c:/program files (x86)/cypress/psoc creator/2.2/psoc creator/import/gnu_cs/arm/4.4.1/bin/../lib/gcc/arm-none-eabi/4.4.1/../../../../arm-none-eabi/lib/thumb2\libcs3.a(heap.o)
                0x1fff869c                __cs3_heap_limit
                0x1fff86a0                . = ALIGN (0x8)
 *(.ram)
                0x1fff86a0                _edata = .

.bss            0x1fff86a0     0x14d0 load address 0x0000ed58
 *(.shbss)
 *(.bss .bss.* .gnu.linkonce.b.*)
 .bss           0x1fff86a0        0x1 c:/program files (x86)/cypress/psoc creator/2.2/psoc creator/import/gnu_cs/arm/4.4.1/bin/../lib/gcc/arm-none-eabi/4.4.1/thumb2/crtbegin.o
 *fill*         0x1fff86a1        0x3 00
 .bss           0x1fff86a4       0x18 .\CortexM3\ARM_GCC_441\Debug\main.o
                0x1fff86a4                solinst_reading
                0x1fff86b0                ultrasonic_reading
 .bss           0x1fff86bc        0x1 .\CortexM3\ARM_GCC_441\Debug\solinst_depth.o
                0x1fff86bc                uart_solinst_string_index
 .bss           0x1fff86bd        0x1 .\CortexM3\ARM_GCC_441\Debug\ultrasonic.o
                0x1fff86bd                uart_ultrasonic_string_index
 .bss           0x1fff86be        0x2 .\CortexM3\ARM_GCC_441\Debug\Solinst Driver.a(uart_solinst.o)
                0x1fff86be                uart_solinst_initVar
 .bss           0x1fff86c0        0x2 .\CortexM3\ARM_GCC_441\Debug\Solinst Driver.a(uart_ultrasonic.o)
                0x1fff86c0                uart_ultrasonic_initVar
 *fill*         0x1fff86c2        0x2 00
 .bss           0x1fff86c4        0xc ..\..\..\emFile_V322b\LinkLibrary\PSoC5\GCC\libemf32nosnlfn.a(FS_Core.o)
 .bss           0x1fff86d0        0x1 .\CortexM3\ARM_GCC_441\Debug\Solinst Driver.a(NEOMOTE_1_I2C_0.o)
                0x1fff86d0                NEOMOTE_1_I2C_0_initVar
 *fill*         0x1fff86d1        0x3 00
 .bss           0x1fff86d4     0x1000 .\CortexM3\ARM_GCC_441\Debug\Solinst Driver.a(emFile_1_ConfigMMC_SPI.o)
 .bss           0x1fff96d4       0x14 ..\..\..\emFile_V322b\LinkLibrary\PSoC5\GCC\libemf32nosnlfn.a(MMC_Drv.o)
 .bss           0x1fff96e8        0x1 .\CortexM3\ARM_GCC_441\Debug\Solinst Driver.a(emFile_1_MMC_HW_SPI.o)
 .bss           0x1fff96e9        0x1 .\CortexM3\ARM_GCC_441\Debug\Solinst Driver.a(emFile_1_SPI0.o)
                0x1fff96e9                emFile_1_SPI0_initVar
 *fill*         0x1fff96ea        0x2 00
 .bss           0x1fff96ec       0x34 c:/program files (x86)/cypress/psoc creator/2.2/psoc creator/import/gnu_cs/arm/4.4.1/bin/../lib/gcc/arm-none-eabi/4.4.1/../../../../arm-none-eabi/lib/thumb2\libc.a(lib_a-mallocr.o)
                0x1fff96ec                __malloc_top_pad
                0x1fff96f0                __malloc_current_mallinfo
                0x1fff9718                __malloc_max_sbrked_mem
                0x1fff971c                __malloc_max_total_mem
 .bss           0x1fff9720        0x8 c:/program files (x86)/cypress/psoc creator/2.2/psoc creator/import/gnu_cs/arm/4.4.1/bin/../lib/gcc/arm-none-eabi/4.4.1/../../../../arm-none-eabi/lib/thumb2\libc.a(lib_a-tzvars.o)
                0x1fff9720                _daylight
                0x1fff9724                _timezone
 *(COMMON)
 COMMON         0x1fff9728       0x80 .\CortexM3\ARM_GCC_441\Debug\main.o
                0x1fff9728                data_packet
 COMMON         0x1fff97a8       0x80 .\CortexM3\ARM_GCC_441\Debug\solinst_depth.o
                0x1fff97a8                uart_solinst_received_string
 COMMON         0x1fff9828       0x80 .\CortexM3\ARM_GCC_441\Debug\ultrasonic.o
                0x1fff9828                uart_ultrasonic_received_string
 COMMON         0x1fff98a8      0x100 .\CortexM3\ARM_GCC_441\Debug\debug.o
                0x1fff98a8                debug_packet
 COMMON         0x1fff99a8        0x1 .\CortexM3\ARM_GCC_441\Debug\Solinst Driver.a(CyLib.o)
                0x1fff99a8                CyResetStatus
 *fill*         0x1fff99a9        0x3 00
 COMMON         0x1fff99ac       0x20 ..\..\..\..\hardware\psoc5\neolib\libneomote.a(NeoRTC.o)
                0x1fff99ac                i2cBufferWrite