Archive member included because of file (symbol)

.\ARM_GCC_441\Debug\PSoC_Datalogger_SMS.a(CyLib.o)
                              .\ARM_GCC_441\Debug\Cm3Start.o (CyResetStatus)
.\ARM_GCC_441\Debug\PSoC_Datalogger_SMS.a(cyPm.o)
                              .\ARM_GCC_441\Debug\sleep.o (CyPmSaveClocks)
.\ARM_GCC_441\Debug\PSoC_Datalogger_SMS.a(uart.o)
                              .\ARM_GCC_441\Debug\modem.o (uart_Start)
.\ARM_GCC_441\Debug\PSoC_Datalogger_SMS.a(uart_PM.o)
                              .\ARM_GCC_441\Debug\sleep.o (uart_Sleep)
.\ARM_GCC_441\Debug\PSoC_Datalogger_SMS.a(uart_IntClock.o)
                              .\ARM_GCC_441\Debug\PSoC_Datalogger_SMS.a(uart.o) (uart_IntClock_Start)
.\ARM_GCC_441\Debug\PSoC_Datalogger_SMS.a(isr_byte_rx.o)
                              .\ARM_GCC_441\Debug\modem.o (isr_byte_rx_StartEx)
.\ARM_GCC_441\Debug\PSoC_Datalogger_SMS.a(timer.o)
                              .\ARM_GCC_441\Debug\main.o (timer_Start)
.\ARM_GCC_441\Debug\PSoC_Datalogger_SMS.a(timer_PM.o)
                              .\ARM_GCC_441\Debug\sleep.o (timer_Sleep)
.\ARM_GCC_441\Debug\PSoC_Datalogger_SMS.a(isr_timer.o)
                              .\ARM_GCC_441\Debug\main.o (isr_timer_StartEx)
.\ARM_GCC_441\Debug\PSoC_Datalogger_SMS.a(modem_power_pin.o)
                              .\ARM_GCC_441\Debug\modem.o (modem_power_pin_Write)
.\ARM_GCC_441\Debug\PSoC_Datalogger_SMS.a(modem_voltage_pin.o)
                              .\ARM_GCC_441\Debug\modem.o (modem_voltage_pin_Write)
.\ARM_GCC_441\Debug\PSoC_Datalogger_SMS.a(ultrasonic_uart.o)
                              .\ARM_GCC_441\Debug\ultrasonic.o (ultrasonic_uart_Start)
.\ARM_GCC_441\Debug\PSoC_Datalogger_SMS.a(ultrasonic_uart_PM.o)
                              .\ARM_GCC_441\Debug\sleep.o (ultrasonic_uart_Sleep)
.\ARM_GCC_441\Debug\PSoC_Datalogger_SMS.a(ultrasonic_voltage_pin.o)
                              .\ARM_GCC_441\Debug\ultrasonic.o (ultrasonic_voltage_pin_Write)
.\ARM_GCC_441\Debug\PSoC_Datalogger_SMS.a(ultrasonic_uart_IntClock.o)
                              .\ARM_GCC_441\Debug\PSoC_Datalogger_SMS.a(ultrasonic_uart.o) (ultrasonic_uart_IntClock_Start)
.\ARM_GCC_441\Debug\PSoC_Datalogger_SMS.a(SleepTimer.o)
                              .\ARM_GCC_441\Debug\main.o (SleepTimer_Start)
.\ARM_GCC_441\Debug\PSoC_Datalogger_SMS.a(uart_rx_voltage_pin.o)
                              .\ARM_GCC_441\Debug\modem.o (uart_rx_voltage_pin_Write)
.\ARM_GCC_441\Debug\PSoC_Datalogger_SMS.a(uart_tx_voltage_pin.o)
                              .\ARM_GCC_441\Debug\modem.o (uart_tx_voltage_pin_Write)
.\ARM_GCC_441\Debug\PSoC_Datalogger_SMS.a(cyfitter_cfg.o)
                              .\ARM_GCC_441\Debug\Cm3Start.o (cyfitter_cfg)
.\ARM_GCC_441\Debug\PSoC_Datalogger_SMS.a(CyBootAsmGnu.o)
                              .\ARM_GCC_441\Debug\PSoC_Datalogger_SMS.a(CyLib.o) (CyDelayCycles)
.\ARM_GCC_441\Debug\PSoC_Datalogger_SMS.a(CyFlash.o)
                              .\ARM_GCC_441\Debug\PSoC_Datalogger_SMS.a(cyPm.o) (CyFlash_SetWaitCycles)
.\ARM_GCC_441\Debug\PSoC_Datalogger_SMS.a(CySpc.o)
                              .\ARM_GCC_441\Debug\PSoC_Datalogger_SMS.a(CyFlash.o) (CySpcStart)
c:/program files (x86)/cypress/psoc creator/2.2/psoc creator/import/gnu_cs/arm/4.4.1/bin/../lib/gcc/arm-none-eabi/4.4.1/../../../../arm-none-eabi/lib/thumb2\libc.a(lib_a-assert.o)
                              .\ARM_GCC_441\Debug\slre.o (__assert_func)
c:/program files (x86)/cypress/psoc creator/2.2/psoc creator/import/gnu_cs/arm/4.4.1/bin/../lib/gcc/arm-none-eabi/4.4.1/../../../../arm-none-eabi/lib/thumb2\libc.a(lib_a-ctype_.o)
                              .\ARM_GCC_441\Debug\slre.o (__ctype_ptr__)
c:/program files (x86)/cypress/psoc creator/2.2/psoc creator/import/gnu_cs/arm/4.4.1/bin/../lib/gcc/arm-none-eabi/4.4.1/../../../../arm-none-eabi/lib/thumb2\libc.a(lib_a-fiprintf.o)
                              c:/program files (x86)/cypress/psoc creator/2.2/psoc creator/import/gnu_cs/arm/4.4.1/bin/../lib/gcc/arm-none-eabi/4.4.1/../../../../arm-none-eabi/lib/thumb2\libc.a(lib_a-assert.o) (fiprintf)
c:/program files (x86)/cypress/psoc creator/2.2/psoc creator/import/gnu_cs/arm/4.4.1/bin/../lib/gcc/arm-none-eabi/4.4.1/../../../../arm-none-eabi/lib/thumb2\libc.a(lib_a-fprintf.o)
                              .\ARM_GCC_441\Debug\slre.o (fprintf)
c:/program files (x86)/cypress/psoc creator/2.2/psoc creator/import/gnu_cs/arm/4.4.1/bin/../lib/gcc/arm-none-eabi/4.4.1/../../../../arm-none-eabi/lib/thumb2\libc.a(lib_a-fputc.o)
                              .\ARM_GCC_441\Debug\slre.o (fputc)
c:/program files (x86)/cypress/psoc creator/2.2/psoc creator/import/gnu_cs/arm/4.4.1/bin/../lib/gcc/arm-none-eabi/4.4.1/../../../../arm-none-eabi/lib/thumb2\libc.a(lib_a-fputs.o)
                              .\ARM_GCC_441\Debug\slre.o (fputs)
[...]
Memory Configuration

Name             Origin             Length             Attributes
rom              0x00000000         0x00040000         xr
ram              0x1fff8000         0x0000b000         xrw
*default*        0x00000000         0xffffffff

Linker script and memory map

LOAD c:/program files (x86)/cypress/psoc creator/2.2/psoc creator/import/gnu_cs/arm/4.4.1/bin/../lib/gcc/arm-none-eabi/4.4.1/thumb2/crti.o
LOAD c:/program files (x86)/cypress/psoc creator/2.2/psoc creator/import/gnu_cs/arm/4.4.1/bin/../lib/gcc/arm-none-eabi/4.4.1/thumb2/crtbegin.o
START GROUP
LOAD .\ARM_GCC_441\Debug\modem.o
LOAD .\ARM_GCC_441\Debug\ultrasonic.o
LOAD .\ARM_GCC_441\Debug\slre.o
LOAD .\ARM_GCC_441\Debug\sleep.o
LOAD .\ARM_GCC_441\Debug\main.o
LOAD .\ARM_GCC_441\Debug\Cm3Start.o
LOAD .\ARM_GCC_441\Debug\PSoC_Datalogger_SMS.a
LOAD C:\Program Files (x86)\Cypress\PSoC Creator\2.2\PSoC Creator\psoc\content\cycomponentlibrary\CyComponentLibrary.cylib\CortexM3\ARM_GCC_441\Debug\CyComponentLibrary.a
END GROUP
START GROUP
LOAD c:/program files (x86)/cypress/psoc creator/2.2/psoc creator/import/gnu_cs/arm/4.4.1/bin/../lib/gcc/arm-none-eabi/4.4.1/thumb2\libgcc.a
LOAD c:/program files (x86)/cypress/psoc creator/2.2/psoc creator/import/gnu_cs/arm/4.4.1/bin/../lib/gcc/arm-none-eabi/4.4.1/../../../../arm-none-eabi/lib/thumb2\libc.a
END GROUP
LOAD c:/program files (x86)/cypress/psoc creator/2.2/psoc creator/import/gnu_cs/arm/4.4.1/bin/../lib/gcc/arm-none-eabi/4.4.1/thumb2/crtend.o
LOAD c:/program files (x86)/cypress/psoc creator/2.2/psoc creator/import/gnu_cs/arm/4.4.1/bin/../lib/gcc/arm-none-eabi/4.4.1/thumb2/crtn.o
START GROUP
LOAD c:/program files (x86)/cypress/psoc creator/2.2/psoc creator/import/gnu_cs/arm/4.4.1/bin/../lib/gcc/arm-none-eabi/4.4.1/thumb2\libgcc.a
LOAD c:/program files (x86)/cypress/psoc creator/2.2/psoc creator/import/gnu_cs/arm/4.4.1/bin/../lib/gcc/arm-none-eabi/4.4.1/../../../../arm-none-eabi/lib/thumb2\libc.a
LOAD c:/program files (x86)/cypress/psoc creator/2.2/psoc creator/import/gnu_cs/arm/4.4.1/bin/../lib/gcc/arm-none-eabi/4.4.1/../../../../arm-none-eabi/lib/thumb2\libcs3.a
LOAD c:/program files (x86)/cypress/psoc creator/2.2/psoc creator/import/gnu_cs/arm/4.4.1/bin/../lib/gcc/arm-none-eabi/4.4.1/../../../../arm-none-eabi/lib/thumb2\libcs3unhosted.a
LOAD c:/program files (x86)/cypress/psoc creator/2.2/psoc creator/import/gnu_cs/arm/4.4.1/bin/../lib/gcc/arm-none-eabi/4.4.1/../../../../arm-none-eabi/lib/thumb2\libcs3micro.a
END GROUP
                0x1fff8238                PROVIDE (__cs3_heap_start, _end)
                0x00000001                PROVIDE (__cs3_region_num, ((__cs3_regions_end - __cs3_regions) / 0x14))
                0x20008000                PROVIDE (__cs3_stack, 0x20008000)
                0x20004000                PROVIDE (__cs3_heap_end, (__cs3_stack - 0x4000))

.text           0x00000000     0x2168
 CREATE_OBJECT_SYMBOLS
                0x00000000                PROVIDE (__cs3_interrupt_vector, RomVectors)
 *(.romvectors)
 .romvectors    0x00000000       0x10 .\ARM_GCC_441\Debug\Cm3Start.o
                0x00000000                RomVectors
 *(.cs3.interrupt_vector)
                0x00000001                ASSERT ((. != __cs3_interrupt_vector), No interrupt vector)
                0x000006a4                PROVIDE (__cs3_reset, Reset)
 *(.cs3.reset)
                0x00000001                ASSERT ((. != __cs3_reset), No reset code)
 *(.dma_init)
                0x00000001                ASSERT ((((0x0 + .) <= 0x10000) || 0x1), DMA Init must be within the first 64k of flash)
 *(.text.cs3.init)
 .text.cs3.init
                0x00000010       0x5c c:/program files (x86)/cypress/psoc creator/2.2/psoc creator/import/gnu_cs/arm/4.4.1/bin/../lib/gcc/arm-none-eabi/4.4.1/../../../../arm-none-eabi/lib/thumb2\libcs3.a(start_c.o)
                0x00000010                __cs3_start_c
 *(.text .text.* .gnu.linkonce.t.*)
 .text          0x0000006c       0x30 c:/program files (x86)/cypress/psoc creator/2.2/psoc creator/import/gnu_cs/arm/4.4.1/bin/../lib/gcc/arm-none-eabi/4.4.1/thumb2/crtbegin.o
 .text.modem_start
                0x0000009c       0x24 .\ARM_GCC_441\Debug\modem.o
                0x0000009c                modem_start
 .text.at_write_command
                0x000000c0       0x94 .\ARM_GCC_441\Debug\modem.o
                0x000000c0                at_write_command
 .text.modem_power_on
                0x00000154       0x3c .\ARM_GCC_441\Debug\modem.o
                0x00000154                modem_power_on
 .text.modem_power_off
                0x00000190       0x3c .\ARM_GCC_441\Debug\modem.o
                0x00000190                modem_power_off
 .text.modem_reset
                0x000001cc        0xc .\ARM_GCC_441\Debug\modem.o
                0x000001cc                modem_reset
 .text.modem_send_packet
                0x000001d8       0xa0 .\ARM_GCC_441\Debug\modem.o
                0x000001d8                modem_send_packet
 .text.uart_string_reset
                0x00000278       0x50 .\ARM_GCC_441\Debug\modem.o
                0x00000278                uart_string_reset
 .text.isr_byte_rx
                0x000002c8       0x50 .\ARM_GCC_441\Debug\modem.o
                0x000002c8                isr_byte_rx
 .text.ultrasonic_start
                0x00000318        0xc .\ARM_GCC_441\Debug\ultrasonic.o
                0x00000318                ultrasonic_start
 .text.ultrasonic_read
                0x00000324      0x13c .\ARM_GCC_441\Debug\ultrasonic.o
                0x00000324                ultrasonic_read
 .text.main     0x00000460      0x10c .\ARM_GCC_441\Debug\main.o
                0x00000460                main
 .text.isr_timer
                0x0000056c       0x80 .\ARM_GCC_441\Debug\main.o
                0x0000056c                isr_timer
 .text.write_packet
                0x000005ec       0x5c .\ARM_GCC_441\Debug\main.o
                0x000005ec                write_packet
 .text.clear_packet
                0x00000648       0x54 .\ARM_GCC_441\Debug\main.o
                0x00000648                clear_packet
 .text.IntDefaultHandler
                0x0000069c        0x8 .\ARM_GCC_441\Debug\Cm3Start.o
                0x0000069c                IntDefaultHandler
 .text.Reset    0x000006a4       0x24 .\ARM_GCC_441\Debug\Cm3Start.o
                0x000006a4                Reset
 .text.initialize_psoc
                0x000006c8       0xb4 .\ARM_GCC_441\Debug\Cm3Start.o
                0x000006c8                initialize_psoc
 .text.CyHalt   0x0000077c       0x18 .\ARM_GCC_441\Debug\PSoC_Datalogger_SMS.a(CyLib.o)
                0x0000077c                CyHalt
 .text.CyDelay  0x00000794       0x48 .\ARM_GCC_441\Debug\PSoC_Datalogger_SMS.a(CyLib.o)
                0x00000794                CyDelay
 .text.uart_Start
                0x000007dc       0x2c .\ARM_GCC_441\Debug\PSoC_Datalogger_SMS.a(uart.o)
                0x000007dc                uart_Start
 .text.uart_Init
                0x00000808       0x50 .\ARM_GCC_441\Debug\PSoC_Datalogger_SMS.a(uart.o)
                0x00000808                uart_Init
 .text.uart_Enable
                0x00000858       0x78 .\ARM_GCC_441\Debug\PSoC_Datalogger_SMS.a(uart.o)
                0x00000858                uart_Enable
 .text.uart_GetChar
                0x000008d0       0x4c .\ARM_GCC_441\Debug\PSoC_Datalogger_SMS.a(uart.o)
                0x000008d0                uart_GetChar
 .text.uart_ClearRxBuffer
                0x0000091c       0x54 .\ARM_GCC_441\Debug\PSoC_Datalogger_SMS.a(uart.o)
                0x0000091c                uart_ClearRxBuffer
 .text.uart_PutChar
                0x00000970       0x34 .\ARM_GCC_441\Debug\PSoC_Datalogger_SMS.a(uart.o)
                0x00000970                uart_PutChar
 .text.uart_PutString
                0x000009a4       0x48 .\ARM_GCC_441\Debug\PSoC_Datalogger_SMS.a(uart.o)
                0x000009a4                uart_PutString
 .text.uart_IntClock_Start
                0x000009ec       0x44 .\ARM_GCC_441\Debug\PSoC_Datalogger_SMS.a(uart_IntClock.o)
                0x000009ec                uart_IntClock_Start
 .text.isr_byte_rx_StartEx
                0x00000a30       0x28 .\ARM_GCC_441\Debug\PSoC_Datalogger_SMS.a(isr_byte_rx.o)
                0x00000a30                isr_byte_rx_StartEx
 .text.isr_byte_rx_SetVector
                0x00000a58       0x28 .\ARM_GCC_441\Debug\PSoC_Datalogger_SMS.a(isr_byte_rx.o)
                0x00000a58                isr_byte_rx_SetVector
 .text.isr_byte_rx_SetPriority
                0x00000a80       0x28 .\ARM_GCC_441\Debug\PSoC_Datalogger_SMS.a(isr_byte_rx.o)
                0x00000a80                isr_byte_rx_SetPriority
 .text.isr_byte_rx_Enable
                0x00000aa8       0x18 .\ARM_GCC_441\Debug\PSoC_Datalogger_SMS.a(isr_byte_rx.o)
                0x00000aa8                isr_byte_rx_Enable
 .text.isr_byte_rx_Disable
                0x00000ac0       0x18 .\ARM_GCC_441\Debug\PSoC_Datalogger_SMS.a(isr_byte_rx.o)
                0x00000ac0                isr_byte_rx_Disable
 .text.timer_Init
                0x00000ad8       0x58 .\ARM_GCC_441\Debug\PSoC_Datalogger_SMS.a(timer.o)
                0x00000ad8                timer_Init
 .text.timer_Enable
                0x00000b30       0x2c .\ARM_GCC_441\Debug\PSoC_Datalogger_SMS.a(timer.o)
                0x00000b30                timer_Enable
 .text.timer_Start
                0x00000b5c       0x2c .\ARM_GCC_441\Debug\PSoC_Datalogger_SMS.a(timer.o)
                0x00000b5c                timer_Start
 .text.timer_SetInterruptMode
                0x00000b88       0x20 .\ARM_GCC_441\Debug\PSoC_Datalogger_SMS.a(timer.o)
                0x00000b88                timer_SetInterruptMode
 .text.timer_ReadStatusRegister
                0x00000ba8       0x18 .\ARM_GCC_441\Debug\PSoC_Datalogger_SMS.a(timer.o)
                0x00000ba8                timer_ReadStatusRegister
 .text.timer_WritePeriod
                0x00000bc0       0x20 .\ARM_GCC_441\Debug\PSoC_Datalogger_SMS.a(timer.o)
                0x00000bc0                timer_WritePeriod
 .text.timer_ReadCapture
                0x00000be0       0x18 .\ARM_GCC_441\Debug\PSoC_Datalogger_SMS.a(timer.o)
                0x00000be0                timer_ReadCapture
 .text.timer_WriteCounter
                0x00000bf8       0x20 .\ARM_GCC_441\Debug\PSoC_Datalogger_SMS.a(timer.o)
                0x00000bf8                timer_WriteCounter
 .text.timer_ClearFIFO
                0x00000c18       0x1c .\ARM_GCC_441\Debug\PSoC_Datalogger_SMS.a(timer.o)
                0x00000c18                timer_ClearFIFO
 .text.isr_timer_StartEx
                0x00000c34       0x28 .\ARM_GCC_441\Debug\PSoC_Datalogger_SMS.a(isr_timer.o)
                0x00000c34                isr_timer_StartEx
 .text.isr_timer_SetVector
                0x00000c5c       0x28 .\ARM_GCC_441\Debug\PSoC_Datalogger_SMS.a(isr_timer.o)
                0x00000c5c                isr_timer_SetVector
 .text.isr_timer_SetPriority
                0x00000c84       0x28 .\ARM_GCC_441\Debug\PSoC_Datalogger_SMS.a(isr_timer.o)
                0x00000c84                isr_timer_SetPriority
 .text.isr_timer_Enable
                0x00000cac       0x18 .\ARM_GCC_441\Debug\PSoC_Datalogger_SMS.a(isr_timer.o)
                0x00000cac                isr_timer_Enable
 .text.isr_timer_Disable
                0x00000cc4       0x18 .\ARM_GCC_441\Debug\PSoC_Datalogger_SMS.a(isr_timer.o)
                0x00000cc4                isr_timer_Disable
 .text.modem_power_pin_Write
                0x00000cdc       0x40 .\ARM_GCC_441\Debug\PSoC_Datalogger_SMS.a(modem_power_pin.o)
                0x00000cdc                modem_power_pin_Write
 .text.modem_voltage_pin_Write
                0x00000d1c       0x44 .\ARM_GCC_441\Debug\PSoC_Datalogger_SMS.a(modem_voltage_pin.o)
                0x00000d1c                modem_voltage_pin_Write
 .text.ultrasonic_uart_Start
                0x00000d60       0x2c .\ARM_GCC_441\Debug\PSoC_Datalogger_SMS.a(ultrasonic_uart.o)
                0x00000d60                ultrasonic_uart_Start
 .text.ultrasonic_uart_Init
                0x00000d8c       0x50 .\ARM_GCC_441\Debug\PSoC_Datalogger_SMS.a(ultrasonic_uart.o)
                0x00000d8c                ultrasonic_uart_Init
 .text.ultrasonic_uart_Enable
                0x00000ddc       0x78 .\ARM_GCC_441\Debug\PSoC_Datalogger_SMS.a(ultrasonic_uart.o)
                0x00000ddc                ultrasonic_uart_Enable
 .text.ultrasonic_uart_GetChar
                0x00000e54       0x4c .\ARM_GCC_441\Debug\PSoC_Datalogger_SMS.a(ultrasonic_uart.o)
                0x00000e54                ultrasonic_uart_GetChar
 .text.ultrasonic_voltage_pin_Write
                0x00000ea0       0x44 .\ARM_GCC_441\Debug\PSoC_Datalogger_SMS.a(ultrasonic_voltage_pin.o)
                0x00000ea0                ultrasonic_voltage_pin_Write
 .text.ultrasonic_uart_IntClock_Start
                0x00000ee4       0x44 .\ARM_GCC_441\Debug\PSoC_Datalogger_SMS.a(ultrasonic_uart_IntClock.o)
                0x00000ee4                ultrasonic_uart_IntClock_Start
 .text.SleepTimer_Start
                0x00000f28       0x2c .\ARM_GCC_441\Debug\PSoC_Datalogger_SMS.a(SleepTimer.o)
                0x00000f28                SleepTimer_Start
 .text.SleepTimer_Init
                0x00000f54       0x14 .\ARM_GCC_441\Debug\PSoC_Datalogger_SMS.a(SleepTimer.o)
                0x00000f54                SleepTimer_Init
 .text.SleepTimer_Enable
                0x00000f68       0x98 .\ARM_GCC_441\Debug\PSoC_Datalogger_SMS.a(SleepTimer.o)
                0x00000f68                SleepTimer_Enable
 .text.SleepTimer_EnableInt
                0x00001000       0x3c .\ARM_GCC_441\Debug\PSoC_Datalogger_SMS.a(SleepTimer.o)
                0x00001000                SleepTimer_EnableInt
 .text.SleepTimer_SetInterval
                0x0000103c       0x80 .\ARM_GCC_441\Debug\PSoC_Datalogger_SMS.a(SleepTimer.o)
                0x0000103c                SleepTimer_SetInterval
 .text.uart_rx_voltage_pin_Write
                0x000010bc       0x40 .\ARM_GCC_441\Debug\PSoC_Datalogger_SMS.a(uart_rx_voltage_pin.o)
                0x000010bc                uart_rx_voltage_pin_Write
 .text.uart_tx_voltage_pin_Write
                0x000010fc       0x44 .\ARM_GCC_441\Debug\PSoC_Datalogger_SMS.a(uart_tx_voltage_pin.o)
                0x000010fc                uart_tx_voltage_pin_Write
 .text.CYMEMZERO8
                0x00001140       0x3c .\ARM_GCC_441\Debug\PSoC_Datalogger_SMS.a(cyfitter_cfg.o)
 .text.CYCONFIGCPY8
                0x0000117c       0x48 .\ARM_GCC_441\Debug\PSoC_Datalogger_SMS.a(cyfitter_cfg.o)
 .text.CYMEMZERO
                0x000011c4       0x20 .\ARM_GCC_441\Debug\PSoC_Datalogger_SMS.a(cyfitter_cfg.o)
 .text.CYCONFIGCPY
                0x000011e4       0x20 .\ARM_GCC_441\Debug\PSoC_Datalogger_SMS.a(cyfitter_cfg.o)
 .text.cfg_write_bytes32
                0x00001204       0x84 .\ARM_GCC_441\Debug\PSoC_Datalogger_SMS.a(cyfitter_cfg.o)
 .text.ClockSetup
                0x00001288      0x130 .\ARM_GCC_441\Debug\PSoC_Datalogger_SMS.a(cyfitter_cfg.o)
 .text.AnalogSetDefault
                0x000013b8       0x98 .\ARM_GCC_441\Debug\PSoC_Datalogger_SMS.a(cyfitter_cfg.o)
 .text.cyfitter_cfg
                0x00001450      0x330 .\ARM_GCC_441\Debug\PSoC_Datalogger_SMS.a(cyfitter_cfg.o)
                0x00001450                cyfitter_cfg
 .text          0x00001780       0x20 .\ARM_GCC_441\Debug\PSoC_Datalogger_SMS.a(CyBootAsmGnu.o)
                0x00001780                CyDelayCycles
                0x00001790                CyEnterCriticalSection
                0x00001798                CyExitCriticalSection
 .text          0x000017a0       0x74 c:/program files (x86)/cypress/psoc creator/2.2/psoc creator/import/gnu_cs/arm/4.4.1/bin/../lib/gcc/arm-none-eabi/4.4.1/../../../../arm-none-eabi/lib/thumb2\libc.a(lib_a-memchr.o)
                0x000017a0                memchr
 .text          0x00001814       0x64 c:/program files (x86)/cypress/psoc creator/2.2/psoc creator/import/gnu_cs/arm/4.4.1/bin/../lib/gcc/arm-none-eabi/4.4.1/../../../../arm-none-eabi/lib/thumb2\libc.a(lib_a-memcmp.o)
                0x00001814                memcmp
 .text          0x00001878      0x190 c:/program files (x86)/cypress/psoc creator/2.2/psoc creator/import/gnu_cs/arm/4.4.1/bin/../lib/gcc/arm-none-eabi/4.4.1/../../../../arm-none-eabi/lib/thumb2\libc.a(lib_a-memcpy.o)
                0x00001878                memcpy
 .text          0x00001a08       0xd4 c:/program files (x86)/cypress/psoc creator/2.2/psoc creator/import/gnu_cs/arm/4.4.1/bin/../lib/gcc/arm-none-eabi/4.4.1/../../../../arm-none-eabi/lib/thumb2\libc.a(lib_a-memset.o)
                0x00001a08                memset
 .text          0x00001adc       0xc0 c:/program files (x86)/cypress/psoc creator/2.2/psoc creator/import/gnu_cs/arm/4.4.1/bin/../lib/gcc/arm-none-eabi/4.4.1/../../../../arm-none-eabi/lib/thumb2\libc.a(lib_a-strchr.o)
                0x00001adc                strchr
 .text          0x00001b9c      0x548 c:/program files (x86)/cypress/psoc creator/2.2/psoc creator/import/gnu_cs/arm/4.4.1/bin/../lib/gcc/arm-none-eabi/4.4.1/../../../../arm-none-eabi/lib/thumb2\libc.a(lib_a-strstr.o)
                0x00001eb8                strstr
 .text          0x000020e4       0x30 c:/program files (x86)/cypress/psoc creator/2.2/psoc creator/import/gnu_cs/arm/4.4.1/bin/../lib/gcc/arm-none-eabi/4.4.1/../../../../arm-none-eabi/lib/thumb2\libcs3.a(start_c.o)
                0x000020e4                __cs3_premain
 .text          0x00002114        0x2 c:/program files (x86)/cypress/psoc creator/2.2/psoc creator/import/gnu_cs/arm/4.4.1/bin/../lib/gcc/arm-none-eabi/4.4.1/../../../../arm-none-eabi/lib/thumb2\libcs3micro.a(micro_isr_interrupt.o)
                0x00002114                __cs3_isr_external_24
                0x00002114                __cs3_isr_external_9
                0x00002114                __cs3_isr_external_14
                0x00002114                __cs3_isr_reserved_9
                0x00002114                __cs3_isr_external_4
                0x00002114                __cs3_isr_external_21
                0x00002114                __cs3_isr_external_0
                0x00002114                __cs3_isr_external_27
                0x00002114                __cs3_isr_external_11
                0x00002114                __cs3_isr_usage_fault
                0x00002114                __cs3_isr_svcall
                0x00002114                __cs3_isr_external_3
                0x00002114                __cs3_isr_mpu_fault
                0x00002114                __cs3_isr_external_16
                0x00002114                __cs3_isr_pendsv
                0x00002114                __cs3_isr_external_31
                0x00002114                __cs3_isr_nmi
                0x00002114                __cs3_isr_external_5
                0x00002114                __cs3_isr_external_6
                0x00002114                __cs3_isr_external_12
                0x00002114                __cs3_isr_hard_fault
                0x00002114                __cs3_isr_bus_fault
                0x00002114                __cs3_isr_external_1
                0x00002114                __cs3_isr_external_13
                0x00002114                __cs3_isr_external_30
                0x00002114                __cs3_isr_external_23
                0x00002114                __cs3_isr_external_20
                0x00002114                __cs3_isr_debug
                0x00002114                __cs3_isr_reserved_13
                0x00002114                __cs3_isr_external_8
                0x00002114                __cs3_isr_external_26
                0x00002114                __cs3_isr_reserved_8
                0x00002114                __cs3_isr_reserved_7
                0x00002114                __cs3_isr_external_7
                0x00002114                __cs3_isr_external_28
                0x00002114                __cs3_isr_systick
                0x00002114                __cs3_isr_external_22
                0x00002114                __cs3_isr_external_10
                0x00002114                __cs3_isr_external_15
                0x00002114                __cs3_isr_interrupt
                0x00002114                __cs3_isr_external_18
                0x00002114                __cs3_isr_external_29
                0x00002114                __cs3_isr_external_25
                0x00002114                __cs3_isr_reserved_10
                0x00002114                __cs3_isr_external_2
                0x00002114                __cs3_isr_external_17
                0x00002114                __cs3_isr_external_19
 *fill*         0x00002116        0x2 00
 .text          0x00002118       0x50 c:/program files (x86)/cypress/psoc creator/2.2/psoc creator/import/gnu_cs/arm/4.4.1/bin/../lib/gcc/arm-none-eabi/4.4.1/../../../../arm-none-eabi/lib/thumb2\libc.a(lib_a-init.o)
                0x00002118                __libc_init_array
 *(.plt)
 *(.gnu.warning)
 *(.glue_7t)
 .glue_7t       0x00000000        0x0 linker stubs
 *(.glue_7)
 .glue_7        0x00000000        0x0 linker stubs
 *(.vfp11_veneer)
 .vfp11_veneer  0x00000000        0x0 linker stubs
 *(.bootloader)
 *(.ARM.extab* .gnu.linkonce.armextab.*)
 *(.gcc_except_table)

.v4_bx          0x00002168        0x0
 .v4_bx         0x00000000        0x0 linker stubs

.eh_frame_hdr
 *(.eh_frame_hdr)

.eh_frame
 *(.eh_frame)
                0x00002168                PROVIDE (__exidx_start, .)

.ARM.exidx
 *(.ARM.exidx* .gnu.linkonce.armexidx.*)
                0x00002168                __exidx_end = .

.rodata         0x00002168       0xa8
 *(.rodata .rodata.* .gnu.linkonce.r.*)
 .rodata        0x00002168       0x30 .\ARM_GCC_441\Debug\modem.o
 .rodata        0x00002198       0x3c .\ARM_GCC_441\Debug\PSoC_Datalogger_SMS.a(cyfitter_cfg.o)
                0x000021d4                . = ALIGN (0x4)
 *(.init)
 .init          0x000021d4        0x4 c:/program files (x86)/cypress/psoc creator/2.2/psoc creator/import/gnu_cs/arm/4.4.1/bin/../lib/gcc/arm-none-eabi/4.4.1/thumb2/crti.o
                0x000021d4                _init
 .init          0x000021d8        0x8 c:/program files (x86)/cypress/psoc creator/2.2/psoc creator/import/gnu_cs/arm/4.4.1/bin/../lib/gcc/arm-none-eabi/4.4.1/thumb2/crtn.o
                0x000021e0                . = ALIGN (0x4)
                0x000021e0                __preinit_array_start = .
 *(.preinit_array)
                0x000021e0                __preinit_array_end = .
                0x000021e0                . = ALIGN (0x4)
                0x000021e0                __init_array_start = .
 *(SORT(.init_array.*))
 *(.init_array)
 .init_array    0x000021e0        0x4 c:/program files (x86)/cypress/psoc creator/2.2/psoc creator/import/gnu_cs/arm/4.4.1/bin/../lib/gcc/arm-none-eabi/4.4.1/thumb2/crtbegin.o
 .init_array    0x000021e4        0x4 .\ARM_GCC_441\Debug\Cm3Start.o
                0x000021e8                __init_array_end = .
                0x000021e8                . = ALIGN (0x4)
 *(.fini)
 .fini          0x000021e8        0x4 c:/program files (x86)/cypress/psoc creator/2.2/psoc creator/import/gnu_cs/arm/4.4.1/bin/../lib/gcc/arm-none-eabi/4.4.1/thumb2/crti.o
                0x000021e8                _fini
 .fini          0x000021ec        0x8 c:/program files (x86)/cypress/psoc creator/2.2/psoc creator/import/gnu_cs/arm/4.4.1/bin/../lib/gcc/arm-none-eabi/4.4.1/thumb2/crtn.o
                0x000021f4                . = ALIGN (0x4)
                0x000021f4                __fini_array_start = .
 *(.fini_array)
 .fini_array    0x000021f4        0x4 c:/program files (x86)/cypress/psoc creator/2.2/psoc creator/import/gnu_cs/arm/4.4.1/bin/../lib/gcc/arm-none-eabi/4.4.1/thumb2/crtbegin.o
 *(SORT(.fini_array.*))
                0x000021f8                __fini_array_end = .
                0x000021f8                . = ALIGN (0x4)
 *crtbegin.o(.ctors)
 *(EXCLUDE_FILE(*crtend.o) .ctors)
 *(SORT(.ctors.*))
 *crtend.o(.ctors)
                0x000021f8                . = ALIGN (0x4)
 *crtbegin.o(.dtors)
 *(EXCLUDE_FILE(*crtend.o) .dtors)
 *(SORT(.dtors.*))
 *crtend.o(.dtors)
                0x000021f8                . = ALIGN (0x4)
                0x000021f8                __cs3_regions = .
                0x000021f8        0x4 LONG 0x0
                0x000021fc        0x4 LONG 0x2210 __cs3_region_init_ram
                0x00002200        0x4 LONG 0x1fff8108 __cs3_region_start_data
                0x00002204        0x4 LONG 0x18 __cs3_region_init_size_ram
                0x00002208        0x4 LONG 0x118 __cs3_region_zero_size_ram
                0x0000220c                __cs3_regions_end = .
                0x00002210                . = ALIGN (0x8)
 *fill*         0x0000220c        0x4 00
                0x00002210                _etext = .

.ramvectors     0x1fff8000      0x100
                0x1fff8000                __cs3_region_start_ram = .
 *(.cs3.region-head.ram)
                0x1fff8001                ASSERT ((. == __cs3_region_start_ram), .cs3.region-head.ram not permitted)
 *(.ramvectors)
 .ramvectors    0x1fff8000      0x100 .\ARM_GCC_441\Debug\Cm3Start.o
                0x1fff8000                CyRamVectors

.noinit         0x1fff8100        0x4
 *(.noinit)
 .noinit        0x1fff8100        0x4 .\ARM_GCC_441\Debug\Cm3Start.o

.data           0x1fff8108       0x18 load address 0x00002210
                0x1fff8108                __cs3_region_start_data = .
 *(.jcr)
 .jcr           0x1fff8108        0x0 c:/program files (x86)/cypress/psoc creator/2.2/psoc creator/import/gnu_cs/arm/4.4.1/bin/../lib/gcc/arm-none-eabi/4.4.1/thumb2/crtbegin.o
 .jcr           0x1fff8108        0x4 c:/program files (x86)/cypress/psoc creator/2.2/psoc creator/import/gnu_cs/arm/4.4.1/bin/../lib/gcc/arm-none-eabi/4.4.1/thumb2/crtend.o
 *(.got.plt)
 *(.got)
 *(.shdata)
 *(.data .data.* .gnu.linkonce.d.*)
 .data          0x1fff810c       0x10 .\ARM_GCC_441\Debug\PSoC_Datalogger_SMS.a(CyLib.o)
                0x1fff810c                cydelay_freq_hz
                0x1fff8110                cydelay_freq_khz
                0x1fff8114                cydelay_freq_mhz
                0x1fff8118                cydelay_32k_ms
                0x1fff8120                . = ALIGN (0x8)
 *fill*         0x1fff811c        0x4 00
 *(.ram)
                0x1fff8120                _edata = .

.bss            0x1fff8120      0x118 load address 0x00002228
 *(.shbss)
 *(.bss .bss.* .gnu.linkonce.b.*)
 .bss           0x1fff8120        0x1 c:/program files (x86)/cypress/psoc creator/2.2/psoc creator/import/gnu_cs/arm/4.4.1/bin/../lib/gcc/arm-none-eabi/4.4.1/thumb2/crtbegin.o
 .bss           0x1fff8121        0x1 .\ARM_GCC_441\Debug\modem.o
                0x1fff8121                uart_string_index
 .bss           0x1fff8122        0x2 .\ARM_GCC_441\Debug\PSoC_Datalogger_SMS.a(uart.o)
                0x1fff8122                uart_initVar
 .bss           0x1fff8124        0x1 .\ARM_GCC_441\Debug\PSoC_Datalogger_SMS.a(timer.o)
                0x1fff8124                timer_initVar
 .bss           0x1fff8125        0x2 .\ARM_GCC_441\Debug\PSoC_Datalogger_SMS.a(ultrasonic_uart.o)
                0x1fff8125                ultrasonic_uart_initVar
 .bss           0x1fff8127        0x1 .\ARM_GCC_441\Debug\PSoC_Datalogger_SMS.a(SleepTimer.o)
                0x1fff8127                SleepTimer_initVar
 *(COMMON)
 COMMON         0x1fff8128       0x81 .\ARM_GCC_441\Debug\modem.o
                0x1fff8128                uart_received_string
                0x1fff81a8                modem_state
 *fill*         0x1fff81a9        0x3 00
 COMMON         0x1fff81ac       0x85 .\ARM_GCC_441\Debug\main.o
                0x1fff81ac                data_packet_size
                0x1fff81b0                data_packet
                0x1fff8230                packet_ready
 COMMON         0x1fff8231        0x1 .\ARM_GCC_441\Debug\PSoC_Datalogger_SMS.a(CyLib.o)
                0x1fff8231                CyResetStatus
                0x1fff8238                . = ALIGN (0x8)
 *fill*         0x1fff8232        0x6 00
 *(.ram.b)
                0x1fff8238                _end = .
                0x1fff8238                __end = .
                0x20003000                __cs3_region_end_ram = (__cs3_region_start_ram + 0xb000)
                0x0000b000                __cs3_region_size_ram = 0xb000
                0x00002210                __cs3_region_init_ram = LOADADDR (.data)
                0x00000018                __cs3_region_init_size_ram = (_edata - ADDR (.data))
                0x00000118                __cs3_region_zero_size_ram = (_end - _edata)

.stab
 *(.stab)

.stabstr
 *(.stabstr)

.debug
 *(.debug)

.line
 *(.line)

.debug_srcinfo
 *(.debug_srcinfo)

.debug_sfnames
 *(.debug_sfnames)

.comment        0x00000000      0x489
 .comment       0x00000000       0x2b .\ARM_GCC_441\Debug\modem.o
 .comment       0x0000002b       0x2b .\ARM_GCC_441\Debug\ultrasonic.o
 .comment       0x00000056       0x2b .\ARM_GCC_441\Debug\slre.o
 .comment       0x00000081       0x2b .\ARM_GCC_441\Debug\sleep.o
 .comment       0x000000ac       0x2b .\ARM_GCC_441\Debug\main.o
 .comment       0x000000d7       0x2b .\ARM_GCC_441\Debug\Cm3Start.o
 .comment       0x00000102       0x2b .\ARM_GCC_441\Debug\PSoC_Datalogger_SMS.a(CyLib.o)
 .comment       0x0000012d       0x2b .\ARM_GCC_441\Debug\PSoC_Datalogger_SMS.a(cyPm.o)
 .comment       0x00000158       0x2b .\ARM_GCC_441\Debug\PSoC_Datalogger_SMS.a(uart.o)
 .comment       0x00000183       0x2b .\ARM_GCC_441\Debug\PSoC_Datalogger_SMS.a(uart_PM.o)
 .comment       0x000001ae       0x2b .\ARM_GCC_441\Debug\PSoC_Datalogger_SMS.a(uart_IntClock.o)
 .comment       0x000001d9       0x2b .\ARM_GCC_441\Debug\PSoC_Datalogger_SMS.a(isr_byte_rx.o)
 .comment       0x00000204       0x2b .\ARM_GCC_441\Debug\PSoC_Datalogger_SMS.a(timer.o)
 .comment       0x0000022f       0x2b .\ARM_GCC_441\Debug\PSoC_Datalogger_SMS.a(timer_PM.o)
 .comment       0x0000025a       0x2b .\ARM_GCC_441\Debug\PSoC_Datalogger_SMS.a(isr_timer.o)
 .comment       0x00000285       0x2b .\ARM_GCC_441\Debug\PSoC_Datalogger_SMS.a(modem_power_pin.o)
 .comment       0x000002b0       0x2b .\ARM_GCC_441\Debug\PSoC_Datalogger_SMS.a(modem_voltage_pin.o)
 .comment       0x000002db       0x2b .\ARM_GCC_441\Debug\PSoC_Datalogger_SMS.a(ultrasonic_uart.o)
 .comment       0x00000306       0x2b .\ARM_GCC_441\Debug\PSoC_Datalogger_SMS.a(ultrasonic_uart_PM.o)
 .comment       0x00000331       0x2b .\ARM_GCC_441\Debug\PSoC_Datalogger_SMS.a(ultrasonic_voltage_pin.o)
 .comment       0x0000035c       0x2b .\ARM_GCC_441\Debug\PSoC_Datalogger_SMS.a(ultrasonic_uart_IntClock.o)
 .comment       0x00000387       0x2b .\ARM_GCC_441\Debug\PSoC_Datalogger_SMS.a(SleepTimer.o)
 .comment       0x000003b2       0x2b .\ARM_GCC_441\Debug\PSoC_Datalogger_SMS.a(uart_rx_voltage_pin.o)
 .comment       0x000003dd       0x2b .\ARM_GCC_441\Debug\PSoC_Datalogger_SMS.a(uart_tx_voltage_pin.o)
 .comment       0x00000408       0x2b .\ARM_GCC_441\Debug\PSoC_Datalogger_SMS.a(cyfitter_cfg.o)
 .comment       0x00000433       0x2b .\ARM_GCC_441\Debug\PSoC_Datalogger_SMS.a(CyFlash.o)
 .comment       0x0000045e       0x2b .\ARM_GCC_441\Debug\PSoC_Datalogger_SMS.a(CySpc.o)

.debug_aranges  0x00000000      0xc28
 *(.debug_aranges)
 .debug_aranges
                0x00000000       0x58 .\ARM_GCC_441\Debug\modem.o
 .debug_aranges
                0x00000058       0x30 .\ARM_GCC_441\Debug\ultrasonic.o
 .debug_aranges
                0x00000088       0xb8 .\ARM_GCC_441\Debug\slre.o
 .debug_aranges
                0x00000140       0x30 .\ARM_GCC_441\Debug\sleep.o
 .debug_aranges
                0x00000170       0x38 .\ARM_GCC_441\Debug\main.o
 .debug_aranges
                0x000001a8       0x30 .\ARM_GCC_441\Debug\Cm3Start.o
 .debug_aranges
                0x000001d8      0x1e0 .\ARM_GCC_441\Debug\PSoC_Datalogger_SMS.a(CyLib.o)
 .debug_aranges
                0x000003b8       0xb8 .\ARM_GCC_441\Debug\PSoC_Datalogger_SMS.a(cyPm.o)
 .debug_aranges
                0x00000470       0xf0 .\ARM_GCC_441\Debug\PSoC_Datalogger_SMS.a(uart.o)
 .debug_aranges
                0x00000560       0x38 .\ARM_GCC_441\Debug\PSoC_Datalogger_SMS.a(uart_PM.o)
 .debug_aranges
                0x00000598       0x68 .\ARM_GCC_441\Debug\PSoC_Datalogger_SMS.a(uart_IntClock.o)
 .debug_aranges
                0x00000600       0x80 .\ARM_GCC_441\Debug\PSoC_Datalogger_SMS.a(isr_byte_rx.o)
 .debug_aranges
                0x00000680       0x90 .\ARM_GCC_441\Debug\PSoC_Datalogger_SMS.a(timer.o)
 .debug_aranges
                0x00000710       0x38 .\ARM_GCC_441\Debug\PSoC_Datalogger_SMS.a(timer_PM.o)
 .debug_aranges
                0x00000748       0x80 .\ARM_GCC_441\Debug\PSoC_Datalogger_SMS.a(isr_timer.o)
 .debug_aranges
                0x000007c8       0x38 .\ARM_GCC_441\Debug\PSoC_Datalogger_SMS.a(modem_power_pin.o)
 .debug_aranges
                0x00000800       0x38 .\ARM_GCC_441\Debug\PSoC_Datalogger_SMS.a(modem_voltage_pin.o)
 .debug_aranges
                0x00000838       0xf0 .\ARM_GCC_441\Debug\PSoC_Datalogger_SMS.a(ultrasonic_uart.o)
 .debug_aranges
                0x00000928       0x38 .\ARM_GCC_441\Debug\PSoC_Datalogger_SMS.a(ultrasonic_uart_PM.o)
 .debug_aranges
                0x00000960       0x38 .\ARM_GCC_441\Debug\PSoC_Datalogger_SMS.a(ultrasonic_voltage_pin.o)
 .debug_aranges
                0x00000998       0x68 .\ARM_GCC_441\Debug\PSoC_Datalogger_SMS.a(ultrasonic_uart_IntClock.o)
 .debug_aranges
                0x00000a00       0x58 .\ARM_GCC_441\Debug\PSoC_Datalogger_SMS.a(SleepTimer.o)
 .debug_aranges
                0x00000a58       0x38 .\ARM_GCC_441\Debug\PSoC_Datalogger_SMS.a(uart_rx_voltage_pin.o)
 .debug_aranges
                0x00000a90       0x38 .\ARM_GCC_441\Debug\PSoC_Datalogger_SMS.a(uart_tx_voltage_pin.o)
 .debug_aranges
                0x00000ac8       0x70 .\ARM_GCC_441\Debug\PSoC_Datalogger_SMS.a(cyfitter_cfg.o)
 .debug_aranges
                0x00000b38       0x20 .\ARM_GCC_441\Debug\PSoC_Datalogger_SMS.a(CyBootAsmGnu.o)
 .debug_aranges
                0x00000b58       0x68 .\ARM_GCC_441\Debug\PSoC_Datalogger_SMS.a(CyFlash.o)
 .debug_aranges
                0x00000bc0       0x68 .\ARM_GCC_441\Debug\PSoC_Datalogger_SMS.a(CySpc.o)

.debug_pubnames
                0x00000000     0x1c67
 *(.debug_pubnames)
 .debug_pubnames
                0x00000000       0xe9 .\ARM_GCC_441\Debug\modem.o
 .debug_pubnames
                0x000000e9       0x56 .\ARM_GCC_441\Debug\ultrasonic.o
 .debug_pubnames
                0x0000013f       0x40 .\ARM_GCC_441\Debug\slre.o
 .debug_pubnames
                0x0000017f       0x55 .\ARM_GCC_441\Debug\sleep.o
 .debug_pubnames
                0x000001d4       0x91 .\ARM_GCC_441\Debug\main.o
 .debug_pubnames
                0x00000265       0x66 .\ARM_GCC_441\Debug\Cm3Start.o
 .debug_pubnames
                0x000002cb      0x4be .\ARM_GCC_441\Debug\PSoC_Datalogger_SMS.a(CyLib.o)
 .debug_pubnames
                0x00000789       0xbb .\ARM_GCC_441\Debug\PSoC_Datalogger_SMS.a(cyPm.o)
 .debug_pubnames
                0x00000844      0x264 .\ARM_GCC_441\Debug\PSoC_Datalogger_SMS.a(uart.o)
 .debug_pubnames
                0x00000aa8       0x5c .\ARM_GCC_441\Debug\PSoC_Datalogger_SMS.a(uart_PM.o)
 .debug_pubnames
                0x00000b04      0x15a .\ARM_GCC_441\Debug\PSoC_Datalogger_SMS.a(uart_IntClock.o)
 .debug_pubnames
                0x00000c5e      0x15b .\ARM_GCC_441\Debug\PSoC_Datalogger_SMS.a(isr_byte_rx.o)
 .debug_pubnames
                0x00000db9      0x174 .\ARM_GCC_441\Debug\PSoC_Datalogger_SMS.a(timer.o)
 .debug_pubnames
                0x00000f2d       0x60 .\ARM_GCC_441\Debug\PSoC_Datalogger_SMS.a(timer_PM.o)
 .debug_pubnames
                0x00000f8d      0x141 .\ARM_GCC_441\Debug\PSoC_Datalogger_SMS.a(isr_timer.o)
 .debug_pubnames
                0x000010ce       0x86 .\ARM_GCC_441\Debug\PSoC_Datalogger_SMS.a(modem_power_pin.o)
 .debug_pubnames
                0x00001154       0x8e .\ARM_GCC_441\Debug\PSoC_Datalogger_SMS.a(modem_voltage_pin.o)
 .debug_pubnames
                0x000011e2      0x398 .\ARM_GCC_441\Debug\PSoC_Datalogger_SMS.a(ultrasonic_uart.o)
 .debug_pubnames
                0x0000157a       0x88 .\ARM_GCC_441\Debug\PSoC_Datalogger_SMS.a(ultrasonic_uart_PM.o)
 .debug_pubnames
                0x00001602       0xa2 .\ARM_GCC_441\Debug\PSoC_Datalogger_SMS.a(ultrasonic_voltage_pin.o)
 .debug_pubnames
                0x000016a4      0x1c8 .\ARM_GCC_441\Debug\PSoC_Datalogger_SMS.a(ultrasonic_uart_IntClock.o)
 .debug_pubnames
                0x0000186c       0xe3 .\ARM_GCC_441\Debug\PSoC_Datalogger_SMS.a(SleepTimer.o)
 .debug_pubnames
                0x0000194f       0x96 .\ARM_GCC_441\Debug\PSoC_Datalogger_SMS.a(uart_rx_voltage_pin.o)
 .debug_pubnames
                0x000019e5       0x96 .\ARM_GCC_441\Debug\PSoC_Datalogger_SMS.a(uart_tx_voltage_pin.o)
 .debug_pubnames
                0x00001a7b       0x3d .\ARM_GCC_441\Debug\PSoC_Datalogger_SMS.a(cyfitter_cfg.o)
 .debug_pubnames
                0x00001ab8       0xdf .\ARM_GCC_441\Debug\PSoC_Datalogger_SMS.a(CyFlash.o)
 .debug_pubnames
                0x00001b97       0xd0 .\ARM_GCC_441\Debug\PSoC_Datalogger_SMS.a(CySpc.o)

.debug_info     0x00000000     0x5a1a
 *(.debug_info .gnu.linkonce.wi.*)
 .debug_info    0x00000000      0x273 .\ARM_GCC_441\Debug\modem.o
 .debug_info    0x00000273      0x193 .\ARM_GCC_441\Debug\ultrasonic.o
 .debug_info    0x00000406     0x11b0 .\ARM_GCC_441\Debug\slre.o
 .debug_info    0x000015b6       0xd7 .\ARM_GCC_441\Debug\sleep.o
 .debug_info    0x0000168d      0x226 .\ARM_GCC_441\Debug\main.o
 .debug_info    0x000018b3      0x168 .\ARM_GCC_441\Debug\Cm3Start.o
 .debug_info    0x00001a1b      0xbce .\ARM_GCC_441\Debug\PSoC_Datalogger_SMS.a(CyLib.o)
 .debug_info    0x000025e9      0x63e .\ARM_GCC_441\Debug\PSoC_Datalogger_SMS.a(cyPm.o)
 .debug_info    0x00002c27      0x55c .\ARM_GCC_441\Debug\PSoC_Datalogger_SMS.a(uart.o)
 .debug_info    0x00003183      0x164 .\ARM_GCC_441\Debug\PSoC_Datalogger_SMS.a(uart_PM.o)
 .debug_info    0x000032e7      0x237 .\ARM_GCC_441\Debug\PSoC_Datalogger_SMS.a(uart_IntClock.o)
 .debug_info    0x0000351e      0x23b .\ARM_GCC_441\Debug\PSoC_Datalogger_SMS.a(isr_byte_rx.o)
 .debug_info    0x00003759      0x26d .\ARM_GCC_441\Debug\PSoC_Datalogger_SMS.a(timer.o)
 .debug_info    0x000039c6      0x170 .\ARM_GCC_441\Debug\PSoC_Datalogger_SMS.a(timer_PM.o)
 .debug_info    0x00003b36      0x23b .\ARM_GCC_441\Debug\PSoC_Datalogger_SMS.a(isr_timer.o)
 .debug_info    0x00003d71      0x120 .\ARM_GCC_441\Debug\PSoC_Datalogger_SMS.a(modem_power_pin.o)
 .debug_info    0x00003e91      0x120 .\ARM_GCC_441\Debug\PSoC_Datalogger_SMS.a(modem_voltage_pin.o)
 .debug_info    0x00003fb1      0x55c .\ARM_GCC_441\Debug\PSoC_Datalogger_SMS.a(ultrasonic_uart.o)
 .debug_info    0x0000450d      0x164 .\ARM_GCC_441\Debug\PSoC_Datalogger_SMS.a(ultrasonic_uart_PM.o)
 .debug_info    0x00004671      0x120 .\ARM_GCC_441\Debug\PSoC_Datalogger_SMS.a(ultrasonic_voltage_pin.o)
 .debug_info    0x00004791      0x237 .\ARM_GCC_441\Debug\PSoC_Datalogger_SMS.a(ultrasonic_uart_IntClock.o)
 .debug_info    0x000049c8      0x1b3 .\ARM_GCC_441\Debug\PSoC_Datalogger_SMS.a(SleepTimer.o)
 .debug_info    0x00004b7b      0x120 .\ARM_GCC_441\Debug\PSoC_Datalogger_SMS.a(uart_rx_voltage_pin.o)
 .debug_info    0x00004c9b      0x120 .\ARM_GCC_441\Debug\PSoC_Datalogger_SMS.a(uart_tx_voltage_pin.o)
 .debug_info    0x00004dbb      0x517 .\ARM_GCC_441\Debug\PSoC_Datalogger_SMS.a(cyfitter_cfg.o)
 .debug_info    0x000052d2       0x94 .\ARM_GCC_441\Debug\PSoC_Datalogger_SMS.a(CyBootAsmGnu.o)
 .debug_info    0x00005366      0x308 .\ARM_GCC_441\Debug\PSoC_Datalogger_SMS.a(CyFlash.o)
 .debug_info    0x0000566e      0x3ac .\ARM_GCC_441\Debug\PSoC_Datalogger_SMS.a(CySpc.o)

.debug_abbrev   0x00000000     0x18c8
 *(.debug_abbrev)
 .debug_abbrev  0x00000000      0x129 .\ARM_GCC_441\Debug\modem.o
 .debug_abbrev  0x00000129       0xe5 .\ARM_GCC_441\Debug\ultrasonic.o
 .debug_abbrev  0x0000020e      0x27f .\ARM_GCC_441\Debug\slre.o
 .debug_abbrev  0x0000048d       0x60 .\ARM_GCC_441\Debug\sleep.o
 .debug_abbrev  0x000004ed       0xdf .\ARM_GCC_441\Debug\main.o
 .debug_abbrev  0x000005cc       0xec .\ARM_GCC_441\Debug\Cm3Start.o
 .debug_abbrev  0x000006b8      0x182 .\ARM_GCC_441\Debug\PSoC_Datalogger_SMS.a(CyLib.o)
 .debug_abbrev  0x0000083a      0x13e .\ARM_GCC_441\Debug\PSoC_Datalogger_SMS.a(cyPm.o)
 .debug_abbrev  0x00000978      0x10c .\ARM_GCC_441\Debug\PSoC_Datalogger_SMS.a(uart.o)
 .debug_abbrev  0x00000a84       0x84 .\ARM_GCC_441\Debug\PSoC_Datalogger_SMS.a(uart_PM.o)
 .debug_abbrev  0x00000b08       0xcf .\ARM_GCC_441\Debug\PSoC_Datalogger_SMS.a(uart_IntClock.o)
 .debug_abbrev  0x00000bd7       0xe1 .\ARM_GCC_441\Debug\PSoC_Datalogger_SMS.a(isr_byte_rx.o)
 .debug_abbrev  0x00000cb8       0xe0 .\ARM_GCC_441\Debug\PSoC_Datalogger_SMS.a(timer.o)
 .debug_abbrev  0x00000d98       0x99 .\ARM_GCC_441\Debug\PSoC_Datalogger_SMS.a(timer_PM.o)
 .debug_abbrev  0x00000e31       0xe1 .\ARM_GCC_441\Debug\PSoC_Datalogger_SMS.a(isr_timer.o)
 .debug_abbrev  0x00000f12       0x85 .\ARM_GCC_441\Debug\PSoC_Datalogger_SMS.a(modem_power_pin.o)
 .debug_abbrev  0x00000f97       0x85 .\ARM_GCC_441\Debug\PSoC_Datalogger_SMS.a(modem_voltage_pin.o)
 .debug_abbrev  0x0000101c      0x10c .\ARM_GCC_441\Debug\PSoC_Datalogger_SMS.a(ultrasonic_uart.o)
 .debug_abbrev  0x00001128       0x84 .\ARM_GCC_441\Debug\PSoC_Datalogger_SMS.a(ultrasonic_uart_PM.o)
 .debug_abbrev  0x000011ac       0x85 .\ARM_GCC_441\Debug\PSoC_Datalogger_SMS.a(ultrasonic_voltage_pin.o)
 .debug_abbrev  0x00001231       0xcf .\ARM_GCC_441\Debug\PSoC_Datalogger_SMS.a(ultrasonic_uart_IntClock.o)
 .debug_abbrev  0x00001300       0xcb .\ARM_GCC_441\Debug\PSoC_Datalogger_SMS.a(SleepTimer.o)
 .debug_abbrev  0x000013cb       0x85 .\ARM_GCC_441\Debug\PSoC_Datalogger_SMS.a(uart_rx_voltage_pin.o)
 .debug_abbrev  0x00001450       0x85 .\ARM_GCC_441\Debug\PSoC_Datalogger_SMS.a(uart_tx_voltage_pin.o)
 .debug_abbrev  0x000014d5      0x187 .\ARM_GCC_441\Debug\PSoC_Datalogger_SMS.a(cyfitter_cfg.o)
 .debug_abbrev  0x0000165c       0x14 .\ARM_GCC_441\Debug\PSoC_Datalogger_SMS.a(CyBootAsmGnu.o)
 .debug_abbrev  0x00001670      0x14a .\ARM_GCC_441\Debug\PSoC_Datalogger_SMS.a(CyFlash.o)
 .debug_abbrev  0x000017ba      0x10e .\ARM_GCC_441\Debug\PSoC_Datalogger_SMS.a(CySpc.o)

.debug_line     0x00000000     0x2c27
 *(.debug_line)
 .debug_line    0x00000000      0x128 .\ARM_GCC_441\Debug\modem.o
 .debug_line    0x00000128       0xb5 .\ARM_GCC_441\Debug\ultrasonic.o
 .debug_line    0x000001dd      0x502 .\ARM_GCC_441\Debug\slre.o
 .debug_line    0x000006df       0x8c .\ARM_GCC_441\Debug\sleep.o
 .debug_line    0x0000076b       0xea .\ARM_GCC_441\Debug\main.o
 .debug_line    0x00000855       0xb8 .\ARM_GCC_441\Debug\Cm3Start.o
 .debug_line    0x0000090d      0x5c7 .\ARM_GCC_441\Debug\PSoC_Datalogger_SMS.a(CyLib.o)
 .debug_line    0x00000ed4      0x3f2 .\ARM_GCC_441\Debug\PSoC_Datalogger_SMS.a(cyPm.o)
 .debug_line    0x000012c6      0x2b2 .\ARM_GCC_441\Debug\PSoC_Datalogger_SMS.a(uart.o)
 .debug_line    0x00001578       0xd7 .\ARM_GCC_441\Debug\PSoC_Datalogger_SMS.a(uart_PM.o)
 .debug_line    0x0000164f      0x164 .\ARM_GCC_441\Debug\PSoC_Datalogger_SMS.a(uart_IntClock.o)
 .debug_line    0x000017b3      0x15f .\ARM_GCC_441\Debug\PSoC_Datalogger_SMS.a(isr_byte_rx.o)
 .debug_line    0x00001912      0x18a .\ARM_GCC_441\Debug\PSoC_Datalogger_SMS.a(timer.o)
 .debug_line    0x00001a9c       0xd0 .\ARM_GCC_441\Debug\PSoC_Datalogger_SMS.a(timer_PM.o)
 .debug_line    0x00001b6c      0x15d .\ARM_GCC_441\Debug\PSoC_Datalogger_SMS.a(isr_timer.o)
 .debug_line    0x00001cc9       0xba .\ARM_GCC_441\Debug\PSoC_Datalogger_SMS.a(modem_power_pin.o)
 .debug_line    0x00001d83       0xbc .\ARM_GCC_441\Debug\PSoC_Datalogger_SMS.a(modem_voltage_pin.o)
 .debug_line    0x00001e3f      0x2bd .\ARM_GCC_441\Debug\PSoC_Datalogger_SMS.a(ultrasonic_uart.o)
 .debug_line    0x000020fc       0xed .\ARM_GCC_441\Debug\PSoC_Datalogger_SMS.a(ultrasonic_uart_PM.o)
 .debug_line    0x000021e9       0xc1 .\ARM_GCC_441\Debug\PSoC_Datalogger_SMS.a(ultrasonic_voltage_pin.o)
 .debug_line    0x000022aa      0x16f .\ARM_GCC_441\Debug\PSoC_Datalogger_SMS.a(ultrasonic_uart_IntClock.o)
 .debug_line    0x00002419      0x114 .\ARM_GCC_441\Debug\PSoC_Datalogger_SMS.a(SleepTimer.o)
 .debug_line    0x0000252d       0xbe .\ARM_GCC_441\Debug\PSoC_Datalogger_SMS.a(uart_rx_voltage_pin.o)
 .debug_line    0x000025eb       0xbe .\ARM_GCC_441\Debug\PSoC_Datalogger_SMS.a(uart_tx_voltage_pin.o)
 .debug_line    0x000026a9      0x221 .\ARM_GCC_441\Debug\PSoC_Datalogger_SMS.a(cyfitter_cfg.o)
 .debug_line    0x000028ca       0x67 .\ARM_GCC_441\Debug\PSoC_Datalogger_SMS.a(CyBootAsmGnu.o)
 .debug_line    0x00002931      0x170 .\ARM_GCC_441\Debug\PSoC_Datalogger_SMS.a(CyFlash.o)
 .debug_line    0x00002aa1      0x186 .\ARM_GCC_441\Debug\PSoC_Datalogger_SMS.a(CySpc.o)

.debug_frame    0x00000000     0x36f0
 *(.debug_frame)
 .debug_frame   0x00000000      0x100 .\ARM_GCC_441\Debug\modem.o
 .debug_frame   0x00000100       0x6c .\ARM_GCC_441\Debug\ultrasonic.o
 .debug_frame   0x0000016c      0x27c .\ARM_GCC_441\Debug\slre.o
 .debug_frame   0x000003e8       0x64 .\ARM_GCC_441\Debug\sleep.o
 .debug_frame   0x0000044c       0x88 .\ARM_GCC_441\Debug\main.o
 .debug_frame   0x000004d4       0x5c .\ARM_GCC_441\Debug\Cm3Start.o
 .debug_frame   0x00000530      0x6b8 .\ARM_GCC_441\Debug\PSoC_Datalogger_SMS.a(CyLib.o)
 .debug_frame   0x00000be8      0x25c .\ARM_GCC_441\Debug\PSoC_Datalogger_SMS.a(cyPm.o)
 .debug_frame   0x00000e44      0x328 .\ARM_GCC_441\Debug\PSoC_Datalogger_SMS.a(uart.o)
 .debug_frame   0x0000116c       0x80 .\ARM_GCC_441\Debug\PSoC_Datalogger_SMS.a(uart_PM.o)
 .debug_frame   0x000011ec      0x130 .\ARM_GCC_441\Debug\PSoC_Datalogger_SMS.a(uart_IntClock.o)
 .debug_frame   0x0000131c      0x180 .\ARM_GCC_441\Debug\PSoC_Datalogger_SMS.a(isr_byte_rx.o)
 .debug_frame   0x0000149c      0x1b8 .\ARM_GCC_441\Debug\PSoC_Datalogger_SMS.a(timer.o)
 .debug_frame   0x00001654       0x84 .\ARM_GCC_441\Debug\PSoC_Datalogger_SMS.a(timer_PM.o)
 .debug_frame   0x000016d8      0x180 .\ARM_GCC_441\Debug\PSoC_Datalogger_SMS.a(isr_timer.o)
 .debug_frame   0x00001858       0x80 .\ARM_GCC_441\Debug\PSoC_Datalogger_SMS.a(modem_power_pin.o)
 .debug_frame   0x000018d8       0x80 .\ARM_GCC_441\Debug\PSoC_Datalogger_SMS.a(modem_voltage_pin.o)
 .debug_frame   0x00001958      0x328 .\ARM_GCC_441\Debug\PSoC_Datalogger_SMS.a(ultrasonic_uart.o)
 .debug_frame   0x00001c80       0x80 .\ARM_GCC_441\Debug\PSoC_Datalogger_SMS.a(ultrasonic_uart_PM.o)
 .debug_frame   0x00001d00       0x80 .\ARM_GCC_441\Debug\PSoC_Datalogger_SMS.a(ultrasonic_voltage_pin.o)
 .debug_frame   0x00001d80      0x130 .\ARM_GCC_441\Debug\PSoC_Datalogger_SMS.a(ultrasonic_uart_IntClock.o)
 .debug_frame   0x00001eb0      0x104 .\ARM_GCC_441\Debug\PSoC_Datalogger_SMS.a(SleepTimer.o)
 .debug_frame   0x00001fb4       0x80 .\ARM_GCC_441\Debug\PSoC_Datalogger_SMS.a(uart_rx_voltage_pin.o)
 .debug_frame   0x00002034       0x80 .\ARM_GCC_441\Debug\PSoC_Datalogger_SMS.a(uart_tx_voltage_pin.o)
 .debug_frame   0x000020b4      0x158 .\ARM_GCC_441\Debug\PSoC_Datalogger_SMS.a(cyfitter_cfg.o)
 .debug_frame   0x0000220c      0x140 .\ARM_GCC_441\Debug\PSoC_Datalogger_SMS.a(CyFlash.o)
 .debug_frame   0x0000234c      0x13c .\ARM_GCC_441\Debug\PSoC_Datalogger_SMS.a(CySpc.o)
 .debug_frame   0x00002488       0x44 c:/program files (x86)/cypress/psoc creator/2.2/psoc creator/import/gnu_cs/arm/4.4.1/bin/../lib/gcc/arm-none-eabi/4.4.1/../../../../arm-none-eabi/lib/thumb2\libc.a(lib_a-assert.o)
 .debug_frame   0x000024cc       0x5c c:/program files (x86)/cypress/psoc creator/2.2/psoc creator/import/gnu_cs/arm/4.4.1/bin/../lib/gcc/arm-none-eabi/4.4.1/../../../../arm-none-eabi/lib/thumb2\libc.a(lib_a-fiprintf.o)
 .debug_frame   0x00002528       0x5c c:/program files (x86)/cypress/psoc creator/2.2/psoc creator/import/gnu_cs/arm/4.4.1/bin/../lib/gcc/arm-none-eabi/4.4.1/../../../../arm-none-eabi/lib/thumb2\libc.a(lib_a-fprintf.o)
 .debug_frame   0x00002584       0x48 c:/program files (x86)/cypress/psoc creator/2.2/psoc creator/import/gnu_cs/arm/4.4.1/bin/../lib/gcc/arm-none-eabi/4.4.1/../../../../arm-none-eabi/lib/thumb2\libc.a(lib_a-fputc.o)
 .debug_frame   0x000025cc       0x40 c:/program files (x86)/cypress/psoc creator/2.2/psoc creator/import/gnu_cs/arm/4.4.1/bin/../lib/gcc/arm-none-eabi/4.4.1/../../../../arm-none-eabi/lib/thumb2\libc.a(lib_a-fputs.o)
 .debug_frame   0x0000260c       0x3c c:/program files (x86)/cypress/psoc creator/2.2/psoc creator/import/gnu_cs/arm/4.4.1/bin/../lib/gcc/arm-none-eabi/4.4.1/../../../../arm-none-eabi/lib/thumb2\libc.a(lib_a-fvwrite.o)
 .debug_frame   0x00002648       0x3c c:/program files (x86)/cypress/psoc creator/2.2/psoc creator/import/gnu_cs/arm/4.4.1/bin/../lib/gcc/arm-none-eabi/4.4.1/../../../../arm-none-eabi/lib/thumb2\libc.a(lib_a-mallocr.o)
 .debug_frame   0x00002684       0x28 c:/program files (x86)/cypress/psoc creator/2.2/psoc creator/import/gnu_cs/arm/4.4.1/bin/../lib/gcc/arm-none-eabi/4.4.1/../../../../arm-none-eabi/lib/thumb2\libc.a(lib_a-memchr.o)
 .debug_frame   0x000026ac       0x28 c:/program files (x86)/cypress/psoc creator/2.2/psoc creator/import/gnu_cs/arm/4.4.1/bin/../lib/gcc/arm-none-eabi/4.4.1/../../../../arm-none-eabi/lib/thumb2\libc.a(lib_a-memcmp.o)
 .debug_frame   0x000026d4       0x34 c:/program files (x86)/cypress/psoc creator/2.2/psoc creator/import/gnu_cs/arm/4.4.1/bin/../lib/gcc/arm-none-eabi/4.4.1/../../../../arm-none-eabi/lib/thumb2\libc.a(lib_a-memcpy.o)
 .debug_frame   0x00002708       0x2c c:/program files (x86)/cypress/psoc creator/2.2/psoc creator/import/gnu_cs/arm/4.4.1/bin/../lib/gcc/arm-none-eabi/4.4.1/../../../../arm-none-eabi/lib/thumb2\libc.a(lib_a-memmove.o)
 .debug_frame   0x00002734       0x28 c:/program files (x86)/cypress/psoc creator/2.2/psoc creator/import/gnu_cs/arm/4.4.1/bin/../lib/gcc/arm-none-eabi/4.4.1/../../../../arm-none-eabi/lib/thumb2\libc.a(lib_a-memset.o)
 .debug_frame   0x0000275c       0x30 c:/program files (x86)/cypress/psoc creator/2.2/psoc creator/import/gnu_cs/arm/4.4.1/bin/../lib/gcc/arm-none-eabi/4.4.1/../../../../arm-none-eabi/lib/thumb2\libc.a(lib_a-mlock.o)
 .debug_frame   0x0000278c       0x5c c:/program files (x86)/cypress/psoc creator/2.2/psoc creator/import/gnu_cs/arm/4.4.1/bin/../lib/gcc/arm-none-eabi/4.4.1/../../../../arm-none-eabi/lib/thumb2\libc.a(lib_a-printf.o)
 .debug_frame   0x000027e8       0x48 c:/program files (x86)/cypress/psoc creator/2.2/psoc creator/import/gnu_cs/arm/4.4.1/bin/../lib/gcc/arm-none-eabi/4.4.1/../../../../arm-none-eabi/lib/thumb2\libc.a(lib_a-putc.o)
 .debug_frame   0x00002830       0x3c c:/program files (x86)/cypress/psoc creator/2.2/psoc creator/import/gnu_cs/arm/4.4.1/bin/../lib/gcc/arm-none-eabi/4.4.1/../../../../arm-none-eabi/lib/thumb2\libc.a(lib_a-reallocr.o)
 .debug_frame   0x0000286c       0x2c c:/program files (x86)/cypress/psoc creator/2.2/psoc creator/import/gnu_cs/arm/4.4.1/bin/../lib/gcc/arm-none-eabi/4.4.1/../../../../arm-none-eabi/lib/thumb2\libc.a(lib_a-sbrkr.o)
 .debug_frame   0x00002898       0x28 c:/program files (x86)/cypress/psoc creator/2.2/psoc creator/import/gnu_cs/arm/4.4.1/bin/../lib/gcc/arm-none-eabi/4.4.1/../../../../arm-none-eabi/lib/thumb2\libc.a(lib_a-strchr.o)
 .debug_frame   0x000028c0       0x20 c:/program files (x86)/cypress/psoc creator/2.2/psoc creator/import/gnu_cs/arm/4.4.1/bin/../lib/gcc/arm-none-eabi/4.4.1/../../../../arm-none-eabi/lib/thumb2\libc.a(lib_a-strlen.o)
 .debug_frame   0x000028e0       0x90 c:/program files (x86)/cypress/psoc creator/2.2/psoc creator/import/gnu_cs/arm/4.4.1/bin/../lib/gcc/arm-none-eabi/4.4.1/../../../../arm-none-eabi/lib/thumb2\libc.a(lib_a-strstr.o)
 .debug_frame   0x00002970       0x70 c:/program files (x86)/cypress/psoc creator/2.2/psoc creator/import/gnu_cs/arm/4.4.1/bin/../lib/gcc/arm-none-eabi/4.4.1/../../../../arm-none-eabi/lib/thumb2\libc.a(lib_a-vfiprintf.o)
 .debug_frame   0x000029e0       0x70 c:/program files (x86)/cypress/psoc creator/2.2/psoc creator/import/gnu_cs/arm/4.4.1/bin/../lib/gcc/arm-none-eabi/4.4.1/../../../../arm-none-eabi/lib/thumb2\libc.a(lib_a-vfprintf.o)
 .debug_frame   0x00002a50       0x3c c:/program files (x86)/cypress/psoc creator/2.2/psoc creator/import/gnu_cs/arm/4.4.1/bin/../lib/gcc/arm-none-eabi/4.4.1/../../../../arm-none-eabi/lib/thumb2\libc.a(lib_a-wbuf.o)
 .debug_frame   0x00002a8c       0x2c c:/program files (x86)/cypress/psoc creator/2.2/psoc creator/import/gnu_cs/arm/4.4.1/bin/../lib/gcc/arm-none-eabi/4.4.1/../../../../arm-none-eabi/lib/thumb2\libc.a(lib_a-wsetup.o)
 .debug_frame   0x00002ab8       0x28 c:/program files (x86)/cypress/psoc creator/2.2/psoc creator/import/gnu_cs/arm/4.4.1/bin/../lib/gcc/arm-none-eabi/4.4.1/../../../../arm-none-eabi/lib/thumb2\libc.a(lib_a-abort.o)
 .debug_frame   0x00002ae0       0x64 c:/program files (x86)/cypress/psoc creator/2.2/psoc creator/import/gnu_cs/arm/4.4.1/bin/../lib/gcc/arm-none-eabi/4.4.1/../../../../arm-none-eabi/lib/thumb2\libc.a(lib_a-dtoa.o)
 .debug_frame   0x00002b44       0x40 c:/program files (x86)/cypress/psoc creator/2.2/psoc creator/import/gnu_cs/arm/4.4.1/bin/../lib/gcc/arm-none-eabi/4.4.1/../../../../arm-none-eabi/lib/thumb2\libc.a(lib_a-fflush.o)
 .debug_frame   0x00002b84      0x11c c:/program files (x86)/cypress/psoc creator/2.2/psoc creator/import/gnu_cs/arm/4.4.1/bin/../lib/gcc/arm-none-eabi/4.4.1/../../../../arm-none-eabi/lib/thumb2\libc.a(lib_a-findfp.o)
 .debug_frame   0x00002ca0       0x50 c:/program files (x86)/cypress/psoc creator/2.2/psoc creator/import/gnu_cs/arm/4.4.1/bin/../lib/gcc/arm-none-eabi/4.4.1/../../../../arm-none-eabi/lib/thumb2\libc.a(lib_a-freer.o)
 .debug_frame   0x00002cf0       0x54 c:/program files (x86)/cypress/psoc creator/2.2/psoc creator/import/gnu_cs/arm/4.4.1/bin/../lib/gcc/arm-none-eabi/4.4.1/../../../../arm-none-eabi/lib/thumb2\libc.a(lib_a-fwalk.o)
 .debug_frame   0x00002d44       0x6c c:/program files (x86)/cypress/psoc creator/2.2/psoc creator/import/gnu_cs/arm/4.4.1/bin/../lib/gcc/arm-none-eabi/4.4.1/../../../../arm-none-eabi/lib/thumb2\libc.a(lib_a-locale.o)
 .debug_frame   0x00002db0       0x34 c:/program files (x86)/cypress/psoc creator/2.2/psoc creator/import/gnu_cs/arm/4.4.1/bin/../lib/gcc/arm-none-eabi/4.4.1/../../../../arm-none-eabi/lib/thumb2\libc.a(lib_a-makebuf.o)
 .debug_frame   0x00002de4       0x30 c:/program files (x86)/cypress/psoc creator/2.2/psoc creator/import/gnu_cs/arm/4.4.1/bin/../lib/gcc/arm-none-eabi/4.4.1/../../../../arm-none-eabi/lib/thumb2\libc.a(lib_a-malloc.o)
 .debug_frame   0x00002e14      0x240 c:/program files (x86)/cypress/psoc creator/2.2/psoc creator/import/gnu_cs/arm/4.4.1/bin/../lib/gcc/arm-none-eabi/4.4.1/../../../../arm-none-eabi/lib/thumb2\libc.a(lib_a-mprec.o)
 .debug_frame   0x00003054       0x64 c:/program files (x86)/cypress/psoc creator/2.2/psoc creator/import/gnu_cs/arm/4.4.1/bin/../lib/gcc/arm-none-eabi/4.4.1/../../../../arm-none-eabi/lib/thumb2\libc.a(lib_a-reent.o)
 .debug_frame   0x000030b8       0x20 c:/program files (x86)/cypress/psoc creator/2.2/psoc creator/import/gnu_cs/arm/4.4.1/bin/../lib/gcc/arm-none-eabi/4.4.1/../../../../arm-none-eabi/lib/thumb2\libc.a(lib_a-s_isinfd.o)
 .debug_frame   0x000030d8       0x20 c:/program files (x86)/cypress/psoc creator/2.2/psoc creator/import/gnu_cs/arm/4.4.1/bin/../lib/gcc/arm-none-eabi/4.4.1/../../../../arm-none-eabi/lib/thumb2\libc.a(lib_a-s_isnand.o)
 .debug_frame   0x000030f8       0xc0 c:/program files (x86)/cypress/psoc creator/2.2/psoc creator/import/gnu_cs/arm/4.4.1/bin/../lib/gcc/arm-none-eabi/4.4.1/../../../../arm-none-eabi/lib/thumb2\libc.a(lib_a-signal.o)
 .debug_frame   0x000031b8       0x3c c:/program files (x86)/cypress/psoc creator/2.2/psoc creator/import/gnu_cs/arm/4.4.1/bin/../lib/gcc/arm-none-eabi/4.4.1/../../../../arm-none-eabi/lib/thumb2\libc.a(lib_a-signalr.o)
 .debug_frame   0x000031f4       0x70 c:/program files (x86)/cypress/psoc creator/2.2/psoc creator/import/gnu_cs/arm/4.4.1/bin/../lib/gcc/arm-none-eabi/4.4.1/../../../../arm-none-eabi/lib/thumb2\libc.a(lib_a-stdio.o)
 .debug_frame   0x00003264       0x30 c:/program files (x86)/cypress/psoc creator/2.2/psoc creator/import/gnu_cs/arm/4.4.1/bin/../lib/gcc/arm-none-eabi/4.4.1/../../../../arm-none-eabi/lib/thumb2\libc.a(lib_a-strcmp.o)
 .debug_frame   0x00003294       0x2c c:/program files (x86)/cypress/psoc creator/2.2/psoc creator/import/gnu_cs/arm/4.4.1/bin/../lib/gcc/arm-none-eabi/4.4.1/../../../../arm-none-eabi/lib/thumb2\libc.a(lib_a-writer.o)
 .debug_frame   0x000032c0       0x2c c:/program files (x86)/cypress/psoc creator/2.2/psoc creator/import/gnu_cs/arm/4.4.1/bin/../lib/gcc/arm-none-eabi/4.4.1/../../../../arm-none-eabi/lib/thumb2\libc.a(lib_a-callocr.o)
 .debug_frame   0x000032ec       0x2c c:/program files (x86)/cypress/psoc creator/2.2/psoc creator/import/gnu_cs/arm/4.4.1/bin/../lib/gcc/arm-none-eabi/4.4.1/../../../../arm-none-eabi/lib/thumb2\libc.a(lib_a-closer.o)
 .debug_frame   0x00003318       0x3c c:/program files (x86)/cypress/psoc creator/2.2/psoc creator/import/gnu_cs/arm/4.4.1/bin/../lib/gcc/arm-none-eabi/4.4.1/../../../../arm-none-eabi/lib/thumb2\libc.a(lib_a-fclose.o)
 .debug_frame   0x00003354       0x2c c:/program files (x86)/cypress/psoc creator/2.2/psoc creator/import/gnu_cs/arm/4.4.1/bin/../lib/gcc/arm-none-eabi/4.4.1/../../../../arm-none-eabi/lib/thumb2\libc.a(lib_a-fstatr.o)
 .debug_frame   0x00003380       0x2c c:/program files (x86)/cypress/psoc creator/2.2/psoc creator/import/gnu_cs/arm/4.4.1/bin/../lib/gcc/arm-none-eabi/4.4.1/../../../../arm-none-eabi/lib/thumb2\libc.a(lib_a-isattyr.o)
 .debug_frame   0x000033ac       0x2c c:/program files (x86)/cypress/psoc creator/2.2/psoc creator/import/gnu_cs/arm/4.4.1/bin/../lib/gcc/arm-none-eabi/4.4.1/../../../../arm-none-eabi/lib/thumb2\libc.a(lib_a-lseekr.o)
 .debug_frame   0x000033d8       0x2c c:/program files (x86)/cypress/psoc creator/2.2/psoc creator/import/gnu_cs/arm/4.4.1/bin/../lib/gcc/arm-none-eabi/4.4.1/../../../../arm-none-eabi/lib/thumb2\libc.a(lib_a-readr.o)
 .debug_frame   0x00003404       0x20 c:/program files (x86)/cypress/psoc creator/2.2/psoc creator/import/gnu_cs/arm/4.4.1/bin/../lib/gcc/arm-none-eabi/4.4.1/thumb2\libgcc.a(_udivsi3.o)
 .debug_frame   0x00003424       0x50 c:/program files (x86)/cypress/psoc creator/2.2/psoc creator/import/gnu_cs/arm/4.4.1/bin/../lib/gcc/arm-none-eabi/4.4.1/thumb2\libgcc.a(bpabi.o)
 .debug_frame   0x00003474       0x3c c:/program files (x86)/cypress/psoc creator/2.2/psoc creator/import/gnu_cs/arm/4.4.1/bin/../lib/gcc/arm-none-eabi/4.4.1/thumb2\libgcc.a(_divdi3.o)
 .debug_frame   0x000034b0       0x3c c:/program files (x86)/cypress/psoc creator/2.2/psoc creator/import/gnu_cs/arm/4.4.1/bin/../lib/gcc/arm-none-eabi/4.4.1/thumb2\libgcc.a(_udivdi3.o)
 .debug_frame   0x000034ec       0x40 c:/program files (x86)/cypress/psoc creator/2.2/psoc creator/import/gnu_cs/arm/4.4.1/bin/../lib/gcc/arm-none-eabi/4.4.1/../../../../arm-none-eabi/lib/thumb2\libcs3.a(start_c.o)
 .debug_frame   0x0000352c       0x28 c:/program files (x86)/cypress/psoc creator/2.2/psoc creator/import/gnu_cs/arm/4.4.1/bin/../lib/gcc/arm-none-eabi/4.4.1/../../../../arm-none-eabi/lib/thumb2\libcs3unhosted.a(unhosted-_close.o)
 .debug_frame   0x00003554       0x20 c:/program files (x86)/cypress/psoc creator/2.2/psoc creator/import/gnu_cs/arm/4.4.1/bin/../lib/gcc/arm-none-eabi/4.4.1/../../../../arm-none-eabi/lib/thumb2\libcs3unhosted.a(unhosted-_exit.o)
 .debug_frame   0x00003574       0x28 c:/program files (x86)/cypress/psoc creator/2.2/psoc creator/import/gnu_cs/arm/4.4.1/bin/../lib/gcc/arm-none-eabi/4.4.1/../../../../arm-none-eabi/lib/thumb2\libcs3unhosted.a(unhosted-_fstat.o)
 .debug_frame   0x0000359c       0x28 c:/program files (x86)/cypress/psoc creator/2.2/psoc creator/import/gnu_cs/arm/4.4.1/bin/../lib/gcc/arm-none-eabi/4.4.1/../../../../arm-none-eabi/lib/thumb2\libcs3unhosted.a(unhosted-isatty.o)
 .debug_frame   0x000035c4       0x20 c:/program files (x86)/cypress/psoc creator/2.2/psoc creator/import/gnu_cs/arm/4.4.1/bin/../lib/gcc/arm-none-eabi/4.4.1/../../../../arm-none-eabi/lib/thumb2\libcs3unhosted.a(unhosted-_kill.o)
 .debug_frame   0x000035e4       0x28 c:/program files (x86)/cypress/psoc creator/2.2/psoc creator/import/gnu_cs/arm/4.4.1/bin/../lib/gcc/arm-none-eabi/4.4.1/../../../../arm-none-eabi/lib/thumb2\libcs3unhosted.a(unhosted-_lseek.o)
 .debug_frame   0x0000360c       0x28 c:/program files (x86)/cypress/psoc creator/2.2/psoc creator/import/gnu_cs/arm/4.4.1/bin/../lib/gcc/arm-none-eabi/4.4.1/../../../../arm-none-eabi/lib/thumb2\libcs3unhosted.a(unhosted-_read.o)
 .debug_frame   0x00003634       0x28 c:/program files (x86)/cypress/psoc creator/2.2/psoc creator/import/gnu_cs/arm/4.4.1/bin/../lib/gcc/arm-none-eabi/4.4.1/../../../../arm-none-eabi/lib/thumb2\libcs3unhosted.a(unhosted-_write.o)
 .debug_frame   0x0000365c       0x28 c:/program files (x86)/cypress/psoc creator/2.2/psoc creator/import/gnu_cs/arm/4.4.1/bin/../lib/gcc/arm-none-eabi/4.4.1/../../../../arm-none-eabi/lib/thumb2\libcs3unhosted.a(unhosted-sbrk.o)
 .debug_frame   0x00003684       0x20 c:/program files (x86)/cypress/psoc creator/2.2/psoc creator/import/gnu_cs/arm/4.4.1/bin/../lib/gcc/arm-none-eabi/4.4.1/../../../../arm-none-eabi/lib/thumb2\libcs3unhosted.a(unhosted-_getpid.o)
 .debug_frame   0x000036a4       0x20 c:/program files (x86)/cypress/psoc creator/2.2/psoc creator/import/gnu_cs/arm/4.4.1/bin/../lib/gcc/arm-none-eabi/4.4.1/../../../../arm-none-eabi/lib/thumb2\libc.a(lib_a-errno.o)
 .debug_frame   0x000036c4       0x2c c:/program files (x86)/cypress/psoc creator/2.2/psoc creator/import/gnu_cs/arm/4.4.1/bin/../lib/gcc/arm-none-eabi/4.4.1/../../../../arm-none-eabi/lib/thumb2\libc.a(lib_a-init.o)

.debug_str      0x00000000     0x2630
 *(.debug_str)
 .debug_str     0x00000000      0x1ca .\ARM_GCC_441\Debug\modem.o
                                0x228 (size before relaxing)
 .debug_str     0x000001ca       0xbc .\ARM_GCC_441\Debug\ultrasonic.o
                                0x1d1 (size before relaxing)
 .debug_str     0x00000286      0x5c0 .\ARM_GCC_441\Debug\slre.o
                                0x6b6 (size before relaxing)
 .debug_str     0x00000846       0x41 .\ARM_GCC_441\Debug\sleep.o
                                0x143 (size before relaxing)
 .debug_str     0x00000887       0x65 .\ARM_GCC_441\Debug\main.o
                                0x197 (size before relaxing)
 .debug_str     0x000008ec       0x8e .\ARM_GCC_441\Debug\Cm3Start.o
                                0x196 (size before relaxing)
 .debug_str     0x0000097a      0x594 .\ARM_GCC_441\Debug\PSoC_Datalogger_SMS.a(CyLib.o)
                                0x6f5 (size before relaxing)
 .debug_str     0x00000f0e      0x3bd .\ARM_GCC_441\Debug\PSoC_Datalogger_SMS.a(cyPm.o)
                                0x4d3 (size before relaxing)
 .debug_str     0x000012cb       0x9b .\ARM_GCC_441\Debug\PSoC_Datalogger_SMS.a(uart.o)
                                0x39a (size before relaxing)
 .debug_str     0x00001366       0x61 .\ARM_GCC_441\Debug\PSoC_Datalogger_SMS.a(uart_PM.o)
                                0x1c8 (size before relaxing)
 .debug_str     0x000013c7       0x7c .\ARM_GCC_441\Debug\PSoC_Datalogger_SMS.a(uart_IntClock.o)
                                0x2a4 (size before relaxing)
 .debug_str     0x00001443      0x13c .\ARM_GCC_441\Debug\PSoC_Datalogger_SMS.a(isr_byte_rx.o)
                                0x264 (size before relaxing)
 .debug_str     0x0000157f      0x14a .\ARM_GCC_441\Debug\PSoC_Datalogger_SMS.a(timer.o)
                                0x27f (size before relaxing)
 .debug_str     0x000016c9       0xd0 .\ARM_GCC_441\Debug\PSoC_Datalogger_SMS.a(timer_PM.o)
                                0x1e7 (size before relaxing)
 .debug_str     0x00001799      0x120 .\ARM_GCC_441\Debug\PSoC_Datalogger_SMS.a(isr_timer.o)
                                0x248 (size before relaxing)
 .debug_str     0x000018b9       0x9a .\ARM_GCC_441\Debug\PSoC_Datalogger_SMS.a(modem_power_pin.o)
                                0x1a0 (size before relaxing)
 .debug_str     0x00001953       0x99 .\ARM_GCC_441\Debug\PSoC_Datalogger_SMS.a(modem_voltage_pin.o)
                                0x1aa (size before relaxing)
 .debug_str     0x000019ec      0x341 .\ARM_GCC_441\Debug\PSoC_Datalogger_SMS.a(ultrasonic_uart.o)
                                0x4d9 (size before relaxing)
 .debug_str     0x00001d2d       0xe7 .\ARM_GCC_441\Debug\PSoC_Datalogger_SMS.a(ultrasonic_uart_PM.o)
                                0x220 (size before relaxing)
 .debug_str     0x00001e14       0xb2 .\ARM_GCC_441\Debug\PSoC_Datalogger_SMS.a(ultrasonic_voltage_pin.o)
                                0x1c3 (size before relaxing)
 .debug_str     0x00001ec6      0x1c2 .\ARM_GCC_441\Debug\PSoC_Datalogger_SMS.a(ultrasonic_uart_IntClock.o)
                                0x31d (size before relaxing)
 .debug_str     0x00002088       0xd3 .\ARM_GCC_441\Debug\PSoC_Datalogger_SMS.a(SleepTimer.o)
                                0x1e6 (size before relaxing)
 .debug_str     0x0000215b       0xa3 .\ARM_GCC_441\Debug\PSoC_Datalogger_SMS.a(uart_rx_voltage_pin.o)
                                0x1b4 (size before relaxing)
 .debug_str     0x000021fe       0xa3 .\ARM_GCC_441\Debug\PSoC_Datalogger_SMS.a(uart_tx_voltage_pin.o)
                                0x1b4 (size before relaxing)
 .debug_str     0x000022a1      0x177 .\ARM_GCC_441\Debug\PSoC_Datalogger_SMS.a(cyfitter_cfg.o)
                                0x2a8 (size before relaxing)
 .debug_str     0x00002418      0x113 .\ARM_GCC_441\Debug\PSoC_Datalogger_SMS.a(CyFlash.o)
                                0x247 (size before relaxing)
 .debug_str     0x0000252b      0x105 .\ARM_GCC_441\Debug\PSoC_Datalogger_SMS.a(CySpc.o)
                                0x23a (size before relaxing)

.debug_loc      0x00000000     0x3bab
 *(.debug_loc)
 .debug_loc     0x00000000      0x188 .\ARM_GCC_441\Debug\modem.o
 .debug_loc     0x00000188       0x9b .\ARM_GCC_441\Debug\ultrasonic.o
 .debug_loc     0x00000223      0x44c .\ARM_GCC_441\Debug\slre.o
 .debug_loc     0x0000066f       0x81 .\ARM_GCC_441\Debug\sleep.o
 .debug_loc     0x000006f0       0xdc .\ARM_GCC_441\Debug\main.o
 .debug_loc     0x000007cc       0x62 .\ARM_GCC_441\Debug\Cm3Start.o
 .debug_loc     0x0000082e      0xb67 .\ARM_GCC_441\Debug\PSoC_Datalogger_SMS.a(CyLib.o)
 .debug_loc     0x00001395      0x3b0 .\ARM_GCC_441\Debug\PSoC_Datalogger_SMS.a(cyPm.o)
 .debug_loc     0x00001745      0x591 .\ARM_GCC_441\Debug\PSoC_Datalogger_SMS.a(uart.o)
 .debug_loc     0x00001cd6       0xac .\ARM_GCC_441\Debug\PSoC_Datalogger_SMS.a(uart_PM.o)
 .debug_loc     0x00001d82      0x1ea .\ARM_GCC_441\Debug\PSoC_Datalogger_SMS.a(uart_IntClock.o)
 .debug_loc     0x00001f6c      0x26b .\ARM_GCC_441\Debug\PSoC_Datalogger_SMS.a(isr_byte_rx.o)
 .debug_loc     0x000021d7      0x2c1 .\ARM_GCC_441\Debug\PSoC_Datalogger_SMS.a(timer.o)
 .debug_loc     0x00002498       0xb8 .\ARM_GCC_441\Debug\PSoC_Datalogger_SMS.a(timer_PM.o)
 .debug_loc     0x00002550      0x26b .\ARM_GCC_441\Debug\PSoC_Datalogger_SMS.a(isr_timer.o)
 .debug_loc     0x000027bb       0xc4 .\ARM_GCC_441\Debug\PSoC_Datalogger_SMS.a(modem_power_pin.o)
 .debug_loc     0x0000287f       0xc4 .\ARM_GCC_441\Debug\PSoC_Datalogger_SMS.a(modem_voltage_pin.o)
 .debug_loc     0x00002943      0x591 .\ARM_GCC_441\Debug\PSoC_Datalogger_SMS.a(ultrasonic_uart.o)
 .debug_loc     0x00002ed4       0xac .\ARM_GCC_441\Debug\PSoC_Datalogger_SMS.a(ultrasonic_uart_PM.o)
 .debug_loc     0x00002f80       0xc4 .\ARM_GCC_441\Debug\PSoC_Datalogger_SMS.a(ultrasonic_voltage_pin.o)
 .debug_loc     0x00003044      0x1ea .\ARM_GCC_441\Debug\PSoC_Datalogger_SMS.a(ultrasonic_uart_IntClock.o)
 .debug_loc     0x0000322e      0x194 .\ARM_GCC_441\Debug\PSoC_Datalogger_SMS.a(SleepTimer.o)
 .debug_loc     0x000033c2       0xc4 .\ARM_GCC_441\Debug\PSoC_Datalogger_SMS.a(uart_rx_voltage_pin.o)
 .debug_loc     0x00003486       0xc4 .\ARM_GCC_441\Debug\PSoC_Datalogger_SMS.a(uart_tx_voltage_pin.o)
 .debug_loc     0x0000354a      0x245 .\ARM_GCC_441\Debug\PSoC_Datalogger_SMS.a(cyfitter_cfg.o)
 .debug_loc     0x0000378f      0x1f6 .\ARM_GCC_441\Debug\PSoC_Datalogger_SMS.a(CyFlash.o)
 .debug_loc     0x00003985      0x226 .\ARM_GCC_441\Debug\PSoC_Datalogger_SMS.a(CySpc.o)

.debug_macinfo
 *(.debug_macinfo)

.debug_ranges   0x00000000      0xb30
 *(.debug_ranges)
 .debug_ranges  0x00000000       0x50 .\ARM_GCC_441\Debug\modem.o
 .debug_ranges  0x00000050       0x28 .\ARM_GCC_441\Debug\ultrasonic.o
 .debug_ranges  0x00000078       0xb0 .\ARM_GCC_441\Debug\slre.o
 .debug_ranges  0x00000128       0x28 .\ARM_GCC_441\Debug\sleep.o
 .debug_ranges  0x00000150       0x30 .\ARM_GCC_441\Debug\main.o
 .debug_ranges  0x00000180       0x28 .\ARM_GCC_441\Debug\Cm3Start.o
 .debug_ranges  0x000001a8      0x1d8 .\ARM_GCC_441\Debug\PSoC_Datalogger_SMS.a(CyLib.o)
 .debug_ranges  0x00000380       0xb0 .\ARM_GCC_441\Debug\PSoC_Datalogger_SMS.a(cyPm.o)
 .debug_ranges  0x00000430       0xe8 .\ARM_GCC_441\Debug\PSoC_Datalogger_SMS.a(uart.o)
 .debug_ranges  0x00000518       0x30 .\ARM_GCC_441\Debug\PSoC_Datalogger_SMS.a(uart_PM.o)
 .debug_ranges  0x00000548       0x60 .\ARM_GCC_441\Debug\PSoC_Datalogger_SMS.a(uart_IntClock.o)
 .debug_ranges  0x000005a8       0x78 .\ARM_GCC_441\Debug\PSoC_Datalogger_SMS.a(isr_byte_rx.o)
 .debug_ranges  0x00000620       0x88 .\ARM_GCC_441\Debug\PSoC_Datalogger_SMS.a(timer.o)
 .debug_ranges  0x000006a8       0x30 .\ARM_GCC_441\Debug\PSoC_Datalogger_SMS.a(timer_PM.o)
 .debug_ranges  0x000006d8       0x78 .\ARM_GCC_441\Debug\PSoC_Datalogger_SMS.a(isr_timer.o)
 .debug_ranges  0x00000750       0x30 .\ARM_GCC_441\Debug\PSoC_Datalogger_SMS.a(modem_power_pin.o)
 .debug_ranges  0x00000780       0x30 .\ARM_GCC_441\Debug\PSoC_Datalogger_SMS.a(modem_voltage_pin.o)
 .debug_ranges  0x000007b0       0xe8 .\ARM_GCC_441\Debug\PSoC_Datalogger_SMS.a(ultrasonic_uart.o)
 .debug_ranges  0x00000898       0x30 .\ARM_GCC_441\Debug\PSoC_Datalogger_SMS.a(ultrasonic_uart_PM.o)
 .debug_ranges  0x000008c8       0x30 .\ARM_GCC_441\Debug\PSoC_Datalogger_SMS.a(ultrasonic_voltage_pin.o)
 .debug_ranges  0x000008f8       0x60 .\ARM_GCC_441\Debug\PSoC_Datalogger_SMS.a(ultrasonic_uart_IntClock.o)
 .debug_ranges  0x00000958       0x50 .\ARM_GCC_441\Debug\PSoC_Datalogger_SMS.a(SleepTimer.o)
 .debug_ranges  0x000009a8       0x30 .\ARM_GCC_441\Debug\PSoC_Datalogger_SMS.a(uart_rx_voltage_pin.o)
 .debug_ranges  0x000009d8       0x30 .\ARM_GCC_441\Debug\PSoC_Datalogger_SMS.a(uart_tx_voltage_pin.o)
 .debug_ranges  0x00000a08       0x68 .\ARM_GCC_441\Debug\PSoC_Datalogger_SMS.a(cyfitter_cfg.o)
 .debug_ranges  0x00000a70       0x60 .\ARM_GCC_441\Debug\PSoC_Datalogger_SMS.a(CyFlash.o)
 .debug_ranges  0x00000ad0       0x60 .\ARM_GCC_441\Debug\PSoC_Datalogger_SMS.a(CySpc.o)

.debug_weaknames
 *(.debug_weaknames)

.debug_funcnames
 *(.debug_funcnames)

.debug_typenames
 *(.debug_typenames)

.debug_varnames
 *(.debug_varnames)

.note.gnu.arm.ident
 *(.note.gnu.arm.ident)

.ARM.attributes
                0x00000000       0x25
 *(.ARM.attributes)
 .ARM.attributes
                0x00000000       0x19 c:/program files (x86)/cypress/psoc creator/2.2/psoc creator/import/gnu_cs/arm/4.4.1/bin/../lib/gcc/arm-none-eabi/4.4.1/thumb2/crti.o
 .ARM.attributes
                0x00000019       0x29 c:/program files (x86)/cypress/psoc creator/2.2/psoc creator/import/gnu_cs/arm/4.4.1/bin/../lib/gcc/arm-none-eabi/4.4.1/thumb2/crtbegin.o
 .ARM.attributes
                0x00000042       0x31 .\ARM_GCC_441\Debug\modem.o
 .ARM.attributes
                0x00000073       0x31 .\ARM_GCC_441\Debug\ultrasonic.o
 .ARM.attributes
                0x000000a4       0x31 .\ARM_GCC_441\Debug\slre.o
 .ARM.attributes
                0x000000d5       0x31 .\ARM_GCC_441\Debug\sleep.o
 .ARM.attributes
                0x00000106       0x31 .\ARM_GCC_441\Debug\main.o
 .ARM.attributes
                0x00000137       0x31 .\ARM_GCC_441\Debug\Cm3Start.o
 .ARM.attributes
                0x00000168       0x31 .\ARM_GCC_441\Debug\PSoC_Datalogger_SMS.a(CyLib.o)
 .ARM.attributes
                0x00000199       0x31 .\ARM_GCC_441\Debug\PSoC_Datalogger_SMS.a(cyPm.o)
 .ARM.attributes
                0x000001ca       0x31 .\ARM_GCC_441\Debug\PSoC_Datalogger_SMS.a(uart.o)
 .ARM.attributes
                0x000001fb       0x31 .\ARM_GCC_441\Debug\PSoC_Datalogger_SMS.a(uart_PM.o)
 .ARM.attributes
                0x0000022c       0x31 .\ARM_GCC_441\Debug\PSoC_Datalogger_SMS.a(uart_IntClock.o)
 .ARM.attributes
                0x0000025d       0x31 .\ARM_GCC_441\Debug\PSoC_Datalogger_SMS.a(isr_byte_rx.o)
 .ARM.attributes
                0x0000028e       0x31 .\ARM_GCC_441\Debug\PSoC_Datalogger_SMS.a(timer.o)
 .ARM.attributes
                0x000002bf       0x31 .\ARM_GCC_441\Debug\PSoC_Datalogger_SMS.a(timer_PM.o)
 .ARM.attributes
                0x000002f0       0x31 .\ARM_GCC_441\Debug\PSoC_Datalogger_SMS.a(isr_timer.o)
 .ARM.attributes
                0x00000321       0x31 .\ARM_GCC_441\Debug\PSoC_Datalogger_SMS.a(modem_power_pin.o)
 .ARM.attributes
                0x00000352       0x31 .\ARM_GCC_441\Debug\PSoC_Datalogger_SMS.a(modem_voltage_pin.o)
 .ARM.attributes
                0x00000383       0x31 .\ARM_GCC_441\Debug\PSoC_Datalogger_SMS.a(ultrasonic_uart.o)
 .ARM.attributes
                0x000003b4       0x31 .\ARM_GCC_441\Debug\PSoC_Datalogger_SMS.a(ultrasonic_uart_PM.o)
 .ARM.attributes
                0x000003e5       0x31 .\ARM_GCC_441\Debug\PSoC_Datalogger_SMS.a(ultrasonic_voltage_pin.o)
 .ARM.attributes
                0x00000416       0x31 .\ARM_GCC_441\Debug\PSoC_Datalogger_SMS.a(ultrasonic_uart_IntClock.o)
 .ARM.attributes
                0x00000447       0x31 .\ARM_GCC_441\Debug\PSoC_Datalogger_SMS.a(SleepTimer.o)
 .ARM.attributes
                0x00000478       0x31 .\ARM_GCC_441\Debug\PSoC_Datalogger_SMS.a(uart_rx_voltage_pin.o)
 .ARM.attributes
                0x000004a9       0x31 .\ARM_GCC_441\Debug\PSoC_Datalogger_SMS.a(uart_tx_voltage_pin.o)
 .ARM.attributes
                0x000004da       0x31 .\ARM_GCC_441\Debug\PSoC_Datalogger_SMS.a(cyfitter_cfg.o)
 .ARM.attributes
                0x0000050b       0x21 .\ARM_GCC_441\Debug\PSoC_Datalogger_SMS.a(CyBootAsmGnu.o)
 .ARM.attributes
                0x0000052c       0x31 .\ARM_GCC_441\Debug\PSoC_Datalogger_SMS.a(CyFlash.o)
 .ARM.attributes
                0x0000055d       0x31 .\ARM_GCC_441\Debug\PSoC_Datalogger_SMS.a(CySpc.o)
 .ARM.attributes
                0x0000058e       0x29 c:/program files (x86)/cypress/psoc creator/2.2/psoc creator/import/gnu_cs/arm/4.4.1/bin/../lib/gcc/arm-none-eabi/4.4.1/../../../../arm-none-eabi/lib/thumb2\libc.a(lib_a-assert.o)
 .ARM.attributes
                0x000005b7       0x29 c:/program files (x86)/cypress/psoc creator/2.2/psoc creator/import/gnu_cs/arm/4.4.1/bin/../lib/gcc/arm-none-eabi/4.4.1/../../../../arm-none-eabi/lib/thumb2\libc.a(lib_a-ctype_.o)
 .ARM.attributes
                0x000005e0       0x29 c:/program files (x86)/cypress/psoc creator/2.2/psoc creator/import/gnu_cs/arm/4.4.1/bin/../lib/gcc/arm-none-eabi/4.4.1/../../../../arm-none-eabi/lib/thumb2\libc.a(lib_a-fiprintf.o)
 .ARM.attributes
                0x00000609       0x29 c:/program files (x86)/cypress/psoc creator/2.2/psoc creator/import/gnu_cs/arm/4.4.1/bin/../lib/gcc/arm-none-eabi/4.4.1/../../../../arm-none-eabi/lib/thumb2\libc.a(lib_a-fprintf.o)
 .ARM.attributes
                0x00000632       0x29 c:/program files (x86)/cypress/psoc creator/2.2/psoc creator/import/gnu_cs/arm/4.4.1/bin/../lib/gcc/arm-none-eabi/4.4.1/../../../../arm-none-eabi/lib/thumb2\libc.a(lib_a-fputc.o)
 .ARM.attributes
                0x0000065b       0x29 c:/program files (x86)/cypress/psoc creator/2.2/psoc creator/import/gnu_cs/arm/4.4.1/bin/../lib/gcc/arm-none-eabi/4.4.1/../../../../arm-none-eabi/lib/thumb2\libc.a(lib_a-fputs.o)
 .ARM.attributes
                0x00000684       0x29 c:/program files (x86)/cypress/psoc creator/2.2/psoc creator/import/gnu_cs/arm/4.4.1/bin/../lib/gcc/arm-none-eabi/4.4.1/../../../../arm-none-eabi/lib/thumb2\libc.a(lib_a-fvwrite.o)
 .ARM.attributes
                0x000006ad       0x29 c:/program files (x86)/cypress/psoc creator/2.2/psoc creator/import/gnu_cs/arm/4.4.1/bin/../lib/gcc/arm-none-eabi/4.4.1/../../../../arm-none-eabi/lib/thumb2\libc.a(lib_a-impure.o)
 .ARM.attributes
                0x000006d6       0x29 c:/program files (x86)/cypress/psoc creator/2.2/psoc creator/import/gnu_cs/arm/4.4.1/bin/../lib/gcc/arm-none-eabi/4.4.1/../../../../arm-none-eabi/lib/thumb2\libc.a(lib_a-mallocr.o)
 .ARM.attributes
                0x000006ff       0x29 c:/program files (x86)/cypress/psoc creator/2.2/psoc creator/import/gnu_cs/arm/4.4.1/bin/../lib/gcc/arm-none-eabi/4.4.1/../../../../arm-none-eabi/lib/thumb2\libc.a(lib_a-memchr.o)
 .ARM.attributes
                0x00000728       0x29 c:/program files (x86)/cypress/psoc creator/2.2/psoc creator/import/gnu_cs/arm/4.4.1/bin/../lib/gcc/arm-none-eabi/4.4.1/../../../../arm-none-eabi/lib/thumb2\libc.a(lib_a-memcmp.o)
 .ARM.attributes
                0x00000751       0x29 c:/program files (x86)/cypress/psoc creator/2.2/psoc creator/import/gnu_cs/arm/4.4.1/bin/../lib/gcc/arm-none-eabi/4.4.1/../../../../arm-none-eabi/lib/thumb2\libc.a(lib_a-memcpy.o)
 .ARM.attributes
                0x0000077a       0x29 c:/program files (x86)/cypress/psoc creator/2.2/psoc creator/import/gnu_cs/arm/4.4.1/bin/../lib/gcc/arm-none-eabi/4.4.1/../../../../arm-none-eabi/lib/thumb2\libc.a(lib_a-memmove.o)
 .ARM.attributes
                0x000007a3       0x29 c:/program files (x86)/cypress/psoc creator/2.2/psoc creator/import/gnu_cs/arm/4.4.1/bin/../lib/gcc/arm-none-eabi/4.4.1/../../../../arm-none-eabi/lib/thumb2\libc.a(lib_a-memset.o)
 .ARM.attributes
                0x000007cc       0x29 c:/program files (x86)/cypress/psoc creator/2.2/psoc creator/import/gnu_cs/arm/4.4.1/bin/../lib/gcc/arm-none-eabi/4.4.1/../../../../arm-none-eabi/lib/thumb2\libc.a(lib_a-mlock.o)
 .ARM.attributes
                0x000007f5       0x29 c:/program files (x86)/cypress/psoc creator/2.2/psoc creator/import/gnu_cs/arm/4.4.1/bin/../lib/gcc/arm-none-eabi/4.4.1/../../../../arm-none-eabi/lib/thumb2\libc.a(lib_a-printf.o)
 .ARM.attributes
                0x0000081e       0x29 c:/program files (x86)/cypress/psoc creator/2.2/psoc creator/import/gnu_cs/arm/4.4.1/bin/../lib/gcc/arm-none-eabi/4.4.1/../../../../arm-none-eabi/lib/thumb2\libc.a(lib_a-putc.o)
 .ARM.attributes
                0x00000847       0x29 c:/program files (x86)/cypress/psoc creator/2.2/psoc creator/import/gnu_cs/arm/4.4.1/bin/../lib/gcc/arm-none-eabi/4.4.1/../../../../arm-none-eabi/lib/thumb2\libc.a(lib_a-reallocr.o)
 .ARM.attributes
                0x00000870       0x29 c:/program files (x86)/cypress/psoc creator/2.2/psoc creator/import/gnu_cs/arm/4.4.1/bin/../lib/gcc/arm-none-eabi/4.4.1/../../../../arm-none-eabi/lib/thumb2\libc.a(lib_a-sbrkr.o)
 .ARM.attributes
                0x00000899       0x29 c:/program files (x86)/cypress/psoc creator/2.2/psoc creator/import/gnu_cs/arm/4.4.1/bin/../lib/gcc/arm-none-eabi/4.4.1/../../../../arm-none-eabi/lib/thumb2\libc.a(lib_a-strchr.o)
 .ARM.attributes
                0x000008c2       0x29 c:/program files (x86)/cypress/psoc creator/2.2/psoc creator/import/gnu_cs/arm/4.4.1/bin/../lib/gcc/arm-none-eabi/4.4.1/../../../../arm-none-eabi/lib/thumb2\libc.a(lib_a-strlen.o)
 .ARM.attributes
                0x000008eb       0x29 c:/program files (x86)/cypress/psoc creator/2.2/psoc creator/import/gnu_cs/arm/4.4.1/bin/../lib/gcc/arm-none-eabi/4.4.1/../../../../arm-none-eabi/lib/thumb2\libc.a(lib_a-strstr.o)
 .ARM.attributes
                0x00000914       0x29 c:/program files (x86)/cypress/psoc creator/2.2/psoc creator/import/gnu_cs/arm/4.4.1/bin/../lib/gcc/arm-none-eabi/4.4.1/../../../../arm-none-eabi/lib/thumb2\libc.a(lib_a-vfiprintf.o)
 .ARM.attributes
                0x0000093d       0x29 c:/program files (x86)/cypress/psoc creator/2.2/psoc creator/import/gnu_cs/arm/4.4.1/bin/../lib/gcc/arm-none-eabi/4.4.1/../../../../arm-none-eabi/lib/thumb2\libc.a(lib_a-vfprintf.o)
 .ARM.attributes
                0x00000966       0x29 c:/program files (x86)/cypress/psoc creator/2.2/psoc creator/import/gnu_cs/arm/4.4.1/bin/../lib/gcc/arm-none-eabi/4.4.1/../../../../arm-none-eabi/lib/thumb2\libc.a(lib_a-wbuf.o)
 .ARM.attributes
                0x0000098f       0x29 c:/program files (x86)/cypress/psoc creator/2.2/psoc creator/import/gnu_cs/arm/4.4.1/bin/../lib/gcc/arm-none-eabi/4.4.1/../../../../arm-none-eabi/lib/thumb2\libc.a(lib_a-wsetup.o)
 .ARM.attributes
                0x000009b8       0x29 c:/program files (x86)/cypress/psoc creator/2.2/psoc creator/import/gnu_cs/arm/4.4.1/bin/../lib/gcc/arm-none-eabi/4.4.1/../../../../arm-none-eabi/lib/thumb2\libc.a(lib_a-abort.o)
 .ARM.attributes
                0x000009e1       0x29 c:/program files (x86)/cypress/psoc creator/2.2/psoc creator/import/gnu_cs/arm/4.4.1/bin/../lib/gcc/arm-none-eabi/4.4.1/../../../../arm-none-eabi/lib/thumb2\libc.a(lib_a-dtoa.o)
 .ARM.attributes
                0x00000a0a       0x29 c:/program files (x86)/cypress/psoc creator/2.2/psoc creator/import/gnu_cs/arm/4.4.1/bin/../lib/gcc/arm-none-eabi/4.4.1/../../../../arm-none-eabi/lib/thumb2\libc.a(lib_a-fflush.o)
 .ARM.attributes
                0x00000a33       0x29 c:/program files (x86)/cypress/psoc creator/2.2/psoc creator/import/gnu_cs/arm/4.4.1/bin/../lib/gcc/arm-none-eabi/4.4.1/../../../../arm-none-eabi/lib/thumb2\libc.a(lib_a-findfp.o)
 .ARM.attributes
                0x00000a5c       0x29 c:/program files (x86)/cypress/psoc creator/2.2/psoc creator/import/gnu_cs/arm/4.4.1/bin/../lib/gcc/arm-none-eabi/4.4.1/../../../../arm-none-eabi/lib/thumb2\libc.a(lib_a-freer.o)
 .ARM.attributes
                0x00000a85       0x29 c:/program files (x86)/cypress/psoc creator/2.2/psoc creator/import/gnu_cs/arm/4.4.1/bin/../lib/gcc/arm-none-eabi/4.4.1/../../../../arm-none-eabi/lib/thumb2\libc.a(lib_a-fwalk.o)
 .ARM.attributes
                0x00000aae       0x29 c:/program files (x86)/cypress/psoc creator/2.2/psoc creator/import/gnu_cs/arm/4.4.1/bin/../lib/gcc/arm-none-eabi/4.4.1/../../../../arm-none-eabi/lib/thumb2\libc.a(lib_a-locale.o)
 .ARM.attributes
                0x00000ad7       0x29 c:/program files (x86)/cypress/psoc creator/2.2/psoc creator/import/gnu_cs/arm/4.4.1/bin/../lib/gcc/arm-none-eabi/4.4.1/../../../../arm-none-eabi/lib/thumb2\libc.a(lib_a-makebuf.o)
 .ARM.attributes
                0x00000b00       0x29 c:/program files (x86)/cypress/psoc creator/2.2/psoc creator/import/gnu_cs/arm/4.4.1/bin/../lib/gcc/arm-none-eabi/4.4.1/../../../../arm-none-eabi/lib/thumb2\libc.a(lib_a-malloc.o)
 .ARM.attributes
                0x00000b29       0x29 c:/program files (x86)/cypress/psoc creator/2.2/psoc creator/import/gnu_cs/arm/4.4.1/bin/../lib/gcc/arm-none-eabi/4.4.1/../../../../arm-none-eabi/lib/thumb2\libc.a(lib_a-mprec.o)
 .ARM.attributes
                0x00000b52       0x29 c:/program files (x86)/cypress/psoc creator/2.2/psoc creator/import/gnu_cs/arm/4.4.1/bin/../lib/gcc/arm-none-eabi/4.4.1/../../../../arm-none-eabi/lib/thumb2\libc.a(lib_a-reent.o)
 .ARM.attributes
                0x00000b7b       0x29 c:/program files (x86)/cypress/psoc creator/2.2/psoc creator/import/gnu_cs/arm/4.4.1/bin/../lib/gcc/arm-none-eabi/4.4.1/../../../../arm-none-eabi/lib/thumb2\libc.a(lib_a-s_isinfd.o)
 .ARM.attributes
                0x00000ba4       0x29 c:/program files (x86)/cypress/psoc creator/2.2/psoc creator/import/gnu_cs/arm/4.4.1/bin/../lib/gcc/arm-none-eabi/4.4.1/../../../../arm-none-eabi/lib/thumb2\libc.a(lib_a-s_isnand.o)
 .ARM.attributes
                0x00000bcd       0x29 c:/program files (x86)/cypress/psoc creator/2.2/psoc creator/import/gnu_cs/arm/4.4.1/bin/../lib/gcc/arm-none-eabi/4.4.1/../../../../arm-none-eabi/lib/thumb2\libc.a(lib_a-signal.o)
 .ARM.attributes
                0x00000bf6       0x29 c:/program files (x86)/cypress/psoc creator/2.2/psoc creator/import/gnu_cs/arm/4.4.1/bin/../lib/gcc/arm-none-eabi/4.4.1/../../../../arm-none-eabi/lib/thumb2\libc.a(lib_a-signalr.o)
 .ARM.attributes
                0x00000c1f       0x29 c:/program files (x86)/cypress/psoc creator/2.2/psoc creator/import/gnu_cs/arm/4.4.1/bin/../lib/gcc/arm-none-eabi/4.4.1/../../../../arm-none-eabi/lib/thumb2\libc.a(lib_a-stdio.o)
 .ARM.attributes
                0x00000c48       0x29 c:/program files (x86)/cypress/psoc creator/2.2/psoc creator/import/gnu_cs/arm/4.4.1/bin/../lib/gcc/arm-none-eabi/4.4.1/../../../../arm-none-eabi/lib/thumb2\libc.a(lib_a-strcmp.o)
 .ARM.attributes
                0x00000c71       0x29 c:/program files (x86)/cypress/psoc creator/2.2/psoc creator/import/gnu_cs/arm/4.4.1/bin/../lib/gcc/arm-none-eabi/4.4.1/../../../../arm-none-eabi/lib/thumb2\libc.a(lib_a-writer.o)
 .ARM.attributes
                0x00000c9a       0x29 c:/program files (x86)/cypress/psoc creator/2.2/psoc creator/import/gnu_cs/arm/4.4.1/bin/../lib/gcc/arm-none-eabi/4.4.1/../../../../arm-none-eabi/lib/thumb2\libc.a(lib_a-callocr.o)
 .ARM.attributes
                0x00000cc3       0x29 c:/program files (x86)/cypress/psoc creator/2.2/psoc creator/import/gnu_cs/arm/4.4.1/bin/../lib/gcc/arm-none-eabi/4.4.1/../../../../arm-none-eabi/lib/thumb2\libc.a(lib_a-closer.o)
 .ARM.attributes
                0x00000cec       0x29 c:/program files (x86)/cypress/psoc creator/2.2/psoc creator/import/gnu_cs/arm/4.4.1/bin/../lib/gcc/arm-none-eabi/4.4.1/../../../../arm-none-eabi/lib/thumb2\libc.a(lib_a-fclose.o)
 .ARM.attributes
                0x00000d15       0x29 c:/program files (x86)/cypress/psoc creator/2.2/psoc creator/import/gnu_cs/arm/4.4.1/bin/../lib/gcc/arm-none-eabi/4.4.1/../../../../arm-none-eabi/lib/thumb2\libc.a(lib_a-fstatr.o)
 .ARM.attributes
                0x00000d3e       0x29 c:/program files (x86)/cypress/psoc creator/2.2/psoc creator/import/gnu_cs/arm/4.4.1/bin/../lib/gcc/arm-none-eabi/4.4.1/../../../../arm-none-eabi/lib/thumb2\libc.a(lib_a-isattyr.o)
 .ARM.attributes
                0x00000d67       0x29 c:/program files (x86)/cypress/psoc creator/2.2/psoc creator/import/gnu_cs/arm/4.4.1/bin/../lib/gcc/arm-none-eabi/4.4.1/../../../../arm-none-eabi/lib/thumb2\libc.a(lib_a-lseekr.o)
 .ARM.attributes
                0x00000d90       0x29 c:/program files (x86)/cypress/psoc creator/2.2/psoc creator/import/gnu_cs/arm/4.4.1/bin/../lib/gcc/arm-none-eabi/4.4.1/../../../../arm-none-eabi/lib/thumb2\libc.a(lib_a-readr.o)
 .ARM.attributes
                0x00000db9       0x1b c:/program files (x86)/cypress/psoc creator/2.2/psoc creator/import/gnu_cs/arm/4.4.1/bin/../lib/gcc/arm-none-eabi/4.4.1/thumb2\libgcc.a(_udivsi3.o)
 .ARM.attributes
                0x00000dd4       0x1b c:/program files (x86)/cypress/psoc creator/2.2/psoc creator/import/gnu_cs/arm/4.4.1/bin/../lib/gcc/arm-none-eabi/4.4.1/thumb2\libgcc.a(_dvmd_tls.o)
 .ARM.attributes
                0x00000def       0x1b c:/program files (x86)/cypress/psoc creator/2.2/psoc creator/import/gnu_cs/arm/4.4.1/bin/../lib/gcc/arm-none-eabi/4.4.1/thumb2\libgcc.a(_arm_addsubdf3.o)
 .ARM.attributes
                0x00000e0a       0x1b c:/program files (x86)/cypress/psoc creator/2.2/psoc creator/import/gnu_cs/arm/4.4.1/bin/../lib/gcc/arm-none-eabi/4.4.1/thumb2\libgcc.a(_arm_muldivdf3.o)
 .ARM.attributes
                0x00000e25       0x1b c:/program files (x86)/cypress/psoc creator/2.2/psoc creator/import/gnu_cs/arm/4.4.1/bin/../lib/gcc/arm-none-eabi/4.4.1/thumb2\libgcc.a(_arm_cmpdf2.o)
 .ARM.attributes
                0x00000e40       0x1b c:/program files (x86)/cypress/psoc creator/2.2/psoc creator/import/gnu_cs/arm/4.4.1/bin/../lib/gcc/arm-none-eabi/4.4.1/thumb2\libgcc.a(_arm_fixdfsi.o)
 .ARM.attributes
                0x00000e5b       0x1b c:/program files (x86)/cypress/psoc creator/2.2/psoc creator/import/gnu_cs/arm/4.4.1/bin/../lib/gcc/arm-none-eabi/4.4.1/thumb2\libgcc.a(_aeabi_uldivmod.o)
 .ARM.attributes
                0x00000e76       0x29 c:/program files (x86)/cypress/psoc creator/2.2/psoc creator/import/gnu_cs/arm/4.4.1/bin/../lib/gcc/arm-none-eabi/4.4.1/thumb2\libgcc.a(bpabi.o)
 .ARM.attributes
                0x00000e9f       0x29 c:/program files (x86)/cypress/psoc creator/2.2/psoc creator/import/gnu_cs/arm/4.4.1/bin/../lib/gcc/arm-none-eabi/4.4.1/thumb2\libgcc.a(_divdi3.o)
 .ARM.attributes
                0x00000ec8       0x29 c:/program files (x86)/cypress/psoc creator/2.2/psoc creator/import/gnu_cs/arm/4.4.1/bin/../lib/gcc/arm-none-eabi/4.4.1/thumb2\libgcc.a(_udivdi3.o)
 .ARM.attributes
                0x00000ef1       0x29 c:/program files (x86)/cypress/psoc creator/2.2/psoc creator/import/gnu_cs/arm/4.4.1/bin/../lib/gcc/arm-none-eabi/4.4.1/thumb2/crtend.o
 .ARM.attributes
                0x00000f1a       0x19 c:/program files (x86)/cypress/psoc creator/2.2/psoc creator/import/gnu_cs/arm/4.4.1/bin/../lib/gcc/arm-none-eabi/4.4.1/thumb2/crtn.o
 .ARM.attributes
                0x00000f33       0x29 c:/program files (x86)/cypress/psoc creator/2.2/psoc creator/import/gnu_cs/arm/4.4.1/bin/../lib/gcc/arm-none-eabi/4.4.1/../../../../arm-none-eabi/lib/thumb2\libcs3.a(start_c.o)
 .ARM.attributes
                0x00000f5c       0x29 c:/program files (x86)/cypress/psoc creator/2.2/psoc creator/import/gnu_cs/arm/4.4.1/bin/../lib/gcc/arm-none-eabi/4.4.1/../../../../arm-none-eabi/lib/thumb2\libcs3unhosted.a(unhosted-_close.o)
 .ARM.attributes
                0x00000f85       0x29 c:/program files (x86)/cypress/psoc creator/2.2/psoc creator/import/gnu_cs/arm/4.4.1/bin/../lib/gcc/arm-none-eabi/4.4.1/../../../../arm-none-eabi/lib/thumb2\libcs3unhosted.a(unhosted-_exit.o)
 .ARM.attributes
                0x00000fae       0x29 c:/program files (x86)/cypress/psoc creator/2.2/psoc creator/import/gnu_cs/arm/4.4.1/bin/../lib/gcc/arm-none-eabi/4.4.1/../../../../arm-none-eabi/lib/thumb2\libcs3unhosted.a(unhosted-_fstat.o)
 .ARM.attributes
                0x00000fd7       0x29 c:/program files (x86)/cypress/psoc creator/2.2/psoc creator/import/gnu_cs/arm/4.4.1/bin/../lib/gcc/arm-none-eabi/4.4.1/../../../../arm-none-eabi/lib/thumb2\libcs3unhosted.a(unhosted-isatty.o)
 .ARM.attributes
                0x00001000       0x29 c:/program files (x86)/cypress/psoc creator/2.2/psoc creator/import/gnu_cs/arm/4.4.1/bin/../lib/gcc/arm-none-eabi/4.4.1/../../../../arm-none-eabi/lib/thumb2\libcs3unhosted.a(unhosted-_kill.o)
 .ARM.attributes
                0x00001029       0x29 c:/program files (x86)/cypress/psoc creator/2.2/psoc creator/import/gnu_cs/arm/4.4.1/bin/../lib/gcc/arm-none-eabi/4.4.1/../../../../arm-none-eabi/lib/thumb2\libcs3unhosted.a(unhosted-_lseek.o)
 .ARM.attributes
                0x00001052       0x29 c:/program files (x86)/cypress/psoc creator/2.2/psoc creator/import/gnu_cs/arm/4.4.1/bin/../lib/gcc/arm-none-eabi/4.4.1/../../../../arm-none-eabi/lib/thumb2\libcs3unhosted.a(unhosted-_read.o)
 .ARM.attributes
                0x0000107b       0x29 c:/program files (x86)/cypress/psoc creator/2.2/psoc creator/import/gnu_cs/arm/4.4.1/bin/../lib/gcc/arm-none-eabi/4.4.1/../../../../arm-none-eabi/lib/thumb2\libcs3unhosted.a(unhosted-_write.o)
 .ARM.attributes
                0x000010a4       0x29 c:/program files (x86)/cypress/psoc creator/2.2/psoc creator/import/gnu_cs/arm/4.4.1/bin/../lib/gcc/arm-none-eabi/4.4.1/../../../../arm-none-eabi/lib/thumb2\libcs3unhosted.a(unhosted-sbrk.o)
 .ARM.attributes
                0x000010cd       0x29 c:/program files (x86)/cypress/psoc creator/2.2/psoc creator/import/gnu_cs/arm/4.4.1/bin/../lib/gcc/arm-none-eabi/4.4.1/../../../../arm-none-eabi/lib/thumb2\libcs3unhosted.a(unhosted-_getpid.o)
 .ARM.attributes
                0x000010f6       0x19 c:/program files (x86)/cypress/psoc creator/2.2/psoc creator/import/gnu_cs/arm/4.4.1/bin/../lib/gcc/arm-none-eabi/4.4.1/../../../../arm-none-eabi/lib/thumb2\libcs3micro.a(micro_isr_interrupt.o)
 .ARM.attributes
                0x0000110f       0x29 c:/program files (x86)/cypress/psoc creator/2.2/psoc creator/import/gnu_cs/arm/4.4.1/bin/../lib/gcc/arm-none-eabi/4.4.1/../../../../arm-none-eabi/lib/thumb2\libc.a(lib_a-errno.o)
 .ARM.attributes
                0x00001138       0x29 c:/program files (x86)/cypress/psoc creator/2.2/psoc creator/import/gnu_cs/arm/4.4.1/bin/../lib/gcc/arm-none-eabi/4.4.1/../../../../arm-none-eabi/lib/thumb2\libc.a(lib_a-init.o)
 .ARM.attributes
                0x00001161       0x29 c:/program files (x86)/cypress/psoc creator/2.2/psoc creator/import/gnu_cs/arm/4.4.1/bin/../lib/gcc/arm-none-eabi/4.4.1/../../../../arm-none-eabi/lib/thumb2\libcs3.a(heap.o)

/DISCARD/
 *(.note.GNU-stack)
OUTPUT(.\ARM_GCC_441\Debug\PSoC_Datalogger_SMS.elf elf32-littlearm)
