Archive member included because of file (symbol)

.\ARM_GCC_441\Debug\PSoC_Datalogger_SMS.a(CyLib.o)
                              .\ARM_GCC_441\Debug\Cm3Start.o (CyResetStatus)
.\ARM_GCC_441\Debug\PSoC_Datalogger_SMS.a(cyPm.o)
                              .\ARM_GCC_441\Debug\sleep.o (CyPmSaveClocks)
.\ARM_GCC_441\Debug\PSoC_Datalogger_SMS.a(uart.o)
                              .\ARM_GCC_441\Debug\modem.o (uart_Start)
.\ARM_GCC_441\Debug\PSoC_Datalogger_SMS.a(uart_PM.o)
                              .\ARM_GCC_441\Debug\sleep.o (uart_Sleep)
.\ARM_GCC_441\Debug\PSoC_Datalogger_SMS.a(uart_IntClock.o)
                              .\ARM_GCC_441\Debug\PSoC_Datalogger_SMS.a(uart.o) (uart_IntClock_Start)
.\ARM_GCC_441\Debug\PSoC_Datalogger_SMS.a(isr_byte_rx.o)
                              .\ARM_GCC_441\Debug\modem.o (isr_byte_rx_StartEx)
.\ARM_GCC_441\Debug\PSoC_Datalogger_SMS.a(timer.o)
                              .\ARM_GCC_441\Debug\main.o (timer_Start)
.\ARM_GCC_441\Debug\PSoC_Datalogger_SMS.a(timer_PM.o)
                              .\ARM_GCC_441\Debug\sleep.o (timer_Sleep)
.\ARM_GCC_441\Debug\PSoC_Datalogger_SMS.a(isr_timer.o)
                              .\ARM_GCC_441\Debug\main.o (isr_timer_StartEx)
.\ARM_GCC_441\Debug\PSoC_Datalogger_SMS.a(modem_power_pin.o)
                              .\ARM_GCC_441\Debug\modem.o (modem_power_pin_Write)
.\ARM_GCC_441\Debug\PSoC_Datalogger_SMS.a(modem_voltage_pin.o)
                              .\ARM_GCC_441\Debug\modem.o (modem_voltage_pin_Write)
.\ARM_GCC_441\Debug\PSoC_Datalogger_SMS.a(ultrasonic_uart.o)
                              .\ARM_GCC_441\Debug\ultrasonic.o (ultrasonic_uart_Start)
.\ARM_GCC_441\Debug\PSoC_Datalogger_SMS.a(ultrasonic_uart_PM.o)
                              .\ARM_GCC_441\Debug\sleep.o (ultrasonic_uart_Sleep)
.\ARM_GCC_441\Debug\PSoC_Datalogger_SMS.a(ultrasonic_voltage_pin.o)
                              .\ARM_GCC_441\Debug\ultrasonic.o (ultrasonic_voltage_pin_Write)
.\ARM_GCC_441\Debug\PSoC_Datalogger_SMS.a(ultrasonic_uart_IntClock.o)
                              .\ARM_GCC_441\Debug\PSoC_Datalogger_SMS.a(ultrasonic_uart.o) (ultrasonic_uart_IntClock_Start)
.\ARM_GCC_441\Debug\PSoC_Datalogger_SMS.a(SleepTimer.o)
                              .\ARM_GCC_441\Debug\main.o (SleepTimer_Start)
.\ARM_GCC_441\Debug\PSoC_Datalogger_SMS.a(cyfitter_cfg.o)
                              .\ARM_GCC_441\Debug\Cm3Start.o (cyfitter_cfg)
.\ARM_GCC_441\Debug\PSoC_Datalogger_SMS.a(CyBootAsmGnu.o)
                              .\ARM_GCC_441\Debug\PSoC_Datalogger_SMS.a(CyLib.o) (CyDelayCycles)
.\ARM_GCC_441\Debug\PSoC_Datalogger_SMS.a(CyFlash.o)
                              .\ARM_GCC_441\Debug\PSoC_Datalogger_SMS.a(cyPm.o) (CyFlash_SetWaitCycles)
.\ARM_GCC_441\Debug\PSoC_Datalogger_SMS.a(CySpc.o)
                              .\ARM_GCC_441\Debug\PSoC_Datalogger_SMS.a(CyFlash.o) (CySpcStart)
c:/program files (x86)/cypress/psoc creator/2.2/psoc creator/import/gnu_cs/arm/4.4.1/bin/../lib/gcc/arm-none-eabi/4.4.1/../../../../arm-none-eabi/lib/thumb2\libc.a(lib_a-assert.o)
                              .\ARM_GCC_441\Debug\slre.o (__assert_func)
c:/program files (x86)/cypress/psoc creator/2.2/psoc creator/import/gnu_cs/arm/4.4.1/bin/../lib/gcc/arm-none-eabi/4.4.1/../../../../arm-none-eabi/lib/thumb2\libc.a(lib_a-ctype_.o)
                              .\ARM_GCC_441\Debug\slre.o (__ctype_ptr__)
c:/program files (x86)/cypress/psoc creator/2.2/psoc creator/import/gnu_cs/arm/4.4.1/bin/../lib/gcc/arm-none-eabi/4.4.1/../../../../arm-none-eabi/lib/thumb2\libc.a(lib_a-fiprintf.o)
                              c:/program files (x86)/cypress/psoc creator/2.2/psoc creator/import/gnu_cs/arm/4.4.1/bin/../lib/gcc/arm-none-eabi/4.4.1/../../../../arm-none-eabi/lib/thumb2\libc.a(lib_a-assert.o) (fiprintf)
c:/program files (x86)/cypress/psoc creator/2.2/psoc creator/import/gnu_cs/arm/4.4.1/bin/../lib/gcc/arm-none-eabi/4.4.1/../../../../arm-none-eabi/lib/thumb2\libc.a(lib_a-fprintf.o)
                              .\ARM_GCC_441\Debug\slre.o (fprintf)
c:/program files (x86)/cypress/psoc creator/2.2/psoc creator/import/gnu_cs/arm/4.4.1/bin/../lib/gcc/arm-none-eabi/4.4.1/../../../../arm-none-eabi/lib/thumb2\libc.a(lib_a-fputc.o)
                              .\ARM_GCC_441\Debug\slre.o (fputc)
c:/program files (x86)/cypress/psoc creator/2.2/psoc creator/import/gnu_cs/arm/4.4.1/bin/../lib/gcc/arm-none-eabi/4.4.1/../../../../arm-none-eabi/lib/thumb2\libc.a(lib_a-fputs.o)
                              .\ARM_GCC_441\Debug\slre.o (fputs)
c:/program files (x86)/cypress/psoc creator/2.2/psoc creator/import/gnu_cs/arm/4.4.1/bin/../lib/gcc/arm-none-eabi/4.4.1/../../../../arm-none-eabi/lib/thumb2\libc.a(lib_a-fvwrite.o)
                              c:/program files (x86)/cypress/psoc creator/2.2/psoc creator/import/gnu_cs/arm/4.4.1/bin/../lib/gcc/arm-none-eabi/4.4.1/../../../../arm-none-eabi/lib/thumb2\libc.a(lib_a-fputs.o) (__sfvwrite_r)
[...]
Memory Configuration

Name             Origin             Length             Attributes
rom              0x00000000         0x00040000         xr
ram              0x1fff8000         0x0000b000         xrw
*default*        0x00000000         0xffffffff

Linker script and memory map

LOAD c:/program files (x86)/cypress/psoc creator/2.2/psoc creator/import/gnu_cs/arm/4.4.1/bin/../lib/gcc/arm-none-eabi/4.4.1/thumb2/crti.o
LOAD c:/program files (x86)/cypress/psoc creator/2.2/psoc creator/import/gnu_cs/arm/4.4.1/bin/../lib/gcc/arm-none-eabi/4.4.1/thumb2/crtbegin.o
START GROUP
LOAD .\ARM_GCC_441\Debug\modem.o
LOAD .\ARM_GCC_441\Debug\ultrasonic.o
LOAD .\ARM_GCC_441\Debug\slre.o
LOAD .\ARM_GCC_441\Debug\sleep.o
LOAD .\ARM_GCC_441\Debug\main.o
LOAD .\ARM_GCC_441\Debug\Cm3Start.o
LOAD .\ARM_GCC_441\Debug\PSoC_Datalogger_SMS.a
LOAD C:\Program Files (x86)\Cypress\PSoC Creator\2.2\PSoC Creator\psoc\content\cycomponentlibrary\CyComponentLibrary.cylib\CortexM3\ARM_GCC_441\Debug\CyComponentLibrary.a
END GROUP
START GROUP
LOAD c:/program files (x86)/cypress/psoc creator/2.2/psoc creator/import/gnu_cs/arm/4.4.1/bin/../lib/gcc/arm-none-eabi/4.4.1/thumb2\libgcc.a
LOAD c:/program files (x86)/cypress/psoc creator/2.2/psoc creator/import/gnu_cs/arm/4.4.1/bin/../lib/gcc/arm-none-eabi/4.4.1/../../../../arm-none-eabi/lib/thumb2\libc.a
END GROUP
LOAD c:/program files (x86)/cypress/psoc creator/2.2/psoc creator/import/gnu_cs/arm/4.4.1/bin/../lib/gcc/arm-none-eabi/4.4.1/thumb2/crtend.o
LOAD c:/program files (x86)/cypress/psoc creator/2.2/psoc creator/import/gnu_cs/arm/4.4.1/bin/../lib/gcc/arm-none-eabi/4.4.1/thumb2/crtn.o
START GROUP
LOAD c:/program files (x86)/cypress/psoc creator/2.2/psoc creator/import/gnu_cs/arm/4.4.1/bin/../lib/gcc/arm-none-eabi/4.4.1/thumb2\libgcc.a
LOAD c:/program files (x86)/cypress/psoc creator/2.2/psoc creator/import/gnu_cs/arm/4.4.1/bin/../lib/gcc/arm-none-eabi/4.4.1/../../../../arm-none-eabi/lib/thumb2\libc.a
LOAD c:/program files (x86)/cypress/psoc creator/2.2/psoc creator/import/gnu_cs/arm/4.4.1/bin/../lib/gcc/arm-none-eabi/4.4.1/../../../../arm-none-eabi/lib/thumb2\libcs3.a
LOAD c:/program files (x86)/cypress/psoc creator/2.2/psoc creator/import/gnu_cs/arm/4.4.1/bin/../lib/gcc/arm-none-eabi/4.4.1/../../../../arm-none-eabi/lib/thumb2\libcs3unhosted.a
LOAD c:/program files (x86)/cypress/psoc creator/2.2/psoc creator/import/gnu_cs/arm/4.4.1/bin/../lib/gcc/arm-none-eabi/4.4.1/../../../../arm-none-eabi/lib/thumb2\libcs3micro.a
END GROUP
                0x1fff8238                PROVIDE (__cs3_heap_start, _end)
                0x00000001                PROVIDE (__cs3_region_num, ((__cs3_regions_end - __cs3_regions) / 0x14))
                0x20008000                PROVIDE (__cs3_stack, 0x20008000)
                0x20004000                PROVIDE (__cs3_heap_end, (__cs3_stack - 0x4000))

.text           0x00000000     0x1640
 CREATE_OBJECT_SYMBOLS
                0x00000000                PROVIDE (__cs3_interrupt_vector, RomVectors)
 *(.romvectors)
 .romvectors    0x00000000       0x10 .\ARM_GCC_441\Debug\Cm3Start.o
                0x00000000                RomVectors
 *(.cs3.interrupt_vector)
                0x00000001                ASSERT ((. != __cs3_interrupt_vector), No interrupt vector)
                0x00000440                PROVIDE (__cs3_reset, Reset)
 *(.cs3.reset)
                0x00000001                ASSERT ((. != __cs3_reset), No reset code)
 *(.dma_init)
                0x00000001                ASSERT ((((0x0 + .) <= 0x10000) || 0x1), DMA Init must be within the first 64k of flash)
 *(.text.cs3.init)
 .text.cs3.init
                0x00000010       0x5c c:/program files (x86)/cypress/psoc creator/2.2/psoc creator/import/gnu_cs/arm/4.4.1/bin/../lib/gcc/arm-none-eabi/4.4.1/../../../../arm-none-eabi/lib/thumb2\libcs3.a(start_c.o)
                0x00000010                __cs3_start_c
 *(.text .text.* .gnu.linkonce.t.*)
 .text          0x0000006c       0x30 c:/program files (x86)/cypress/psoc creator/2.2/psoc creator/import/gnu_cs/arm/4.4.1/bin/../lib/gcc/arm-none-eabi/4.4.1/thumb2/crtbegin.o
 .text.modem_start
                0x0000009c       0x24 .\ARM_GCC_441\Debug\modem.o
                0x0000009c                modem_start
 .text.modem_power_on
                0x000000c0       0x3c .\ARM_GCC_441\Debug\modem.o
                0x000000c0                modem_power_on
 .text.modem_power_off
                0x000000fc       0x3c .\ARM_GCC_441\Debug\modem.o
                0x000000fc                modem_power_off
 .text.isr_byte_rx
                0x00000138       0x50 .\ARM_GCC_441\Debug\modem.o
                0x00000138                isr_byte_rx
 .text.ultrasonic_start
                0x00000188        0xc .\ARM_GCC_441\Debug\ultrasonic.o
                0x00000188                ultrasonic_start
 .text.ultrasonic_read
                0x00000194      0x13c .\ARM_GCC_441\Debug\ultrasonic.o
                0x00000194                ultrasonic_read
 .text.main     0x000002d0       0x38 .\ARM_GCC_441\Debug\main.o
                0x000002d0                main
 .text.isr_timer
                0x00000308       0x80 .\ARM_GCC_441\Debug\main.o
                0x00000308                isr_timer
 .text.write_packet
                0x00000388       0x5c .\ARM_GCC_441\Debug\main.o
                0x00000388                write_packet
 .text.clear_packet
                0x000003e4       0x54 .\ARM_GCC_441\Debug\main.o
                0x000003e4                clear_packet
 .text.IntDefaultHandler
                0x00000438        0x8 .\ARM_GCC_441\Debug\Cm3Start.o
                0x00000438                IntDefaultHandler
 .text.Reset    0x00000440       0x24 .\ARM_GCC_441\Debug\Cm3Start.o
                0x00000440                Reset
 .text.initialize_psoc
                0x00000464       0xb4 .\ARM_GCC_441\Debug\Cm3Start.o
                0x00000464                initialize_psoc
 .text.CyHalt   0x00000518       0x18 .\ARM_GCC_441\Debug\PSoC_Datalogger_SMS.a(CyLib.o)
                0x00000518                CyHalt
 .text.CyDelay  0x00000530       0x48 .\ARM_GCC_441\Debug\PSoC_Datalogger_SMS.a(CyLib.o)
                0x00000530                CyDelay
 .text.uart_Start
                0x00000578       0x2c .\ARM_GCC_441\Debug\PSoC_Datalogger_SMS.a(uart.o)
                0x00000578                uart_Start
 .text.uart_Init
                0x000005a4       0x50 .\ARM_GCC_441\Debug\PSoC_Datalogger_SMS.a(uart.o)
                0x000005a4                uart_Init
 .text.uart_Enable
                0x000005f4       0x78 .\ARM_GCC_441\Debug\PSoC_Datalogger_SMS.a(uart.o)
                0x000005f4                uart_Enable
 .text.uart_GetChar
                0x0000066c       0x4c .\ARM_GCC_441\Debug\PSoC_Datalogger_SMS.a(uart.o)
                0x0000066c                uart_GetChar
 .text.uart_IntClock_Start
                0x000006b8       0x44 .\ARM_GCC_441\Debug\PSoC_Datalogger_SMS.a(uart_IntClock.o)
                0x000006b8                uart_IntClock_Start
 .text.isr_byte_rx_StartEx
                0x000006fc       0x28 .\ARM_GCC_441\Debug\PSoC_Datalogger_SMS.a(isr_byte_rx.o)
                0x000006fc                isr_byte_rx_StartEx
 .text.isr_byte_rx_SetVector
                0x00000724       0x28 .\ARM_GCC_441\Debug\PSoC_Datalogger_SMS.a(isr_byte_rx.o)
                0x00000724                isr_byte_rx_SetVector
 .text.isr_byte_rx_SetPriority
                0x0000074c       0x28 .\ARM_GCC_441\Debug\PSoC_Datalogger_SMS.a(isr_byte_rx.o)
                0x0000074c                isr_byte_rx_SetPriority
 .text.isr_byte_rx_Enable
                0x00000774       0x18 .\ARM_GCC_441\Debug\PSoC_Datalogger_SMS.a(isr_byte_rx.o)
                0x00000774                isr_byte_rx_Enable
 .text.isr_byte_rx_Disable
                0x0000078c       0x18 .\ARM_GCC_441\Debug\PSoC_Datalogger_SMS.a(isr_byte_rx.o)
                0x0000078c                isr_byte_rx_Disable
 .text.timer_Init
                0x000007a4       0x58 .\ARM_GCC_441\Debug\PSoC_Datalogger_SMS.a(timer.o)
                0x000007a4                timer_Init
 .text.timer_Enable
                0x000007fc       0x2c .\ARM_GCC_441\Debug\PSoC_Datalogger_SMS.a(timer.o)
                0x000007fc                timer_Enable
 .text.timer_Start
                0x00000828       0x2c .\ARM_GCC_441\Debug\PSoC_Datalogger_SMS.a(timer.o)
                0x00000828                timer_Start
 .text.timer_SetInterruptMode
                0x00000854       0x20 .\ARM_GCC_441\Debug\PSoC_Datalogger_SMS.a(timer.o)
                0x00000854                timer_SetInterruptMode
 .text.timer_ReadStatusRegister
                0x00000874       0x18 .\ARM_GCC_441\Debug\PSoC_Datalogger_SMS.a(timer.o)
                0x00000874                timer_ReadStatusRegister
 .text.timer_WritePeriod
                0x0000088c       0x20 .\ARM_GCC_441\Debug\PSoC_Datalogger_SMS.a(timer.o)
                0x0000088c                timer_WritePeriod
 .text.timer_ReadCapture
                0x000008ac       0x18 .\ARM_GCC_441\Debug\PSoC_Datalogger_SMS.a(timer.o)
                0x000008ac                timer_ReadCapture
 .text.timer_WriteCounter
                0x000008c4       0x20 .\ARM_GCC_441\Debug\PSoC_Datalogger_SMS.a(timer.o)
                0x000008c4                timer_WriteCounter
 .text.timer_ClearFIFO
                0x000008e4       0x1c .\ARM_GCC_441\Debug\PSoC_Datalogger_SMS.a(timer.o)
                0x000008e4                timer_ClearFIFO
 .text.isr_timer_StartEx
                0x00000900       0x28 .\ARM_GCC_441\Debug\PSoC_Datalogger_SMS.a(isr_timer.o)
                0x00000900                isr_timer_StartEx
 .text.isr_timer_SetVector
                0x00000928       0x28 .\ARM_GCC_441\Debug\PSoC_Datalogger_SMS.a(isr_timer.o)
                0x00000928                isr_timer_SetVector
 .text.isr_timer_SetPriority
                0x00000950       0x28 .\ARM_GCC_441\Debug\PSoC_Datalogger_SMS.a(isr_timer.o)
                0x00000950                isr_timer_SetPriority
 .text.isr_timer_Enable
                0x00000978       0x18 .\ARM_GCC_441\Debug\PSoC_Datalogger_SMS.a(isr_timer.o)
                0x00000978                isr_timer_Enable
 .text.isr_timer_Disable
                0x00000990       0x18 .\ARM_GCC_441\Debug\PSoC_Datalogger_SMS.a(isr_timer.o)
                0x00000990                isr_timer_Disable
 .text.modem_power_pin_Write
                0x000009a8       0x40 .\ARM_GCC_441\Debug\PSoC_Datalogger_SMS.a(modem_power_pin.o)
                0x000009a8                modem_power_pin_Write
 .text.modem_voltage_pin_Write
                0x000009e8       0x44 .\ARM_GCC_441\Debug\PSoC_Datalogger_SMS.a(modem_voltage_pin.o)
                0x000009e8                modem_voltage_pin_Write
 .text.ultrasonic_uart_Start
                0x00000a2c       0x2c .\ARM_GCC_441\Debug\PSoC_Datalogger_SMS.a(ultrasonic_uart.o)
                0x00000a2c                ultrasonic_uart_Start
 .text.ultrasonic_uart_Init
                0x00000a58       0x50 .\ARM_GCC_441\Debug\PSoC_Datalogger_SMS.a(ultrasonic_uart.o)
                0x00000a58                ultrasonic_uart_Init
 .text.ultrasonic_uart_Enable
                0x00000aa8       0x78 .\ARM_GCC_441\Debug\PSoC_Datalogger_SMS.a(ultrasonic_uart.o)
                0x00000aa8                ultrasonic_uart_Enable
 .text.ultrasonic_uart_GetChar
                0x00000b20       0x4c .\ARM_GCC_441\Debug\PSoC_Datalogger_SMS.a(ultrasonic_uart.o)
                0x00000b20                ultrasonic_uart_GetChar
 .text.ultrasonic_voltage_pin_Write
                0x00000b6c       0x44 .\ARM_GCC_441\Debug\PSoC_Datalogger_SMS.a(ultrasonic_voltage_pin.o)
                0x00000b6c                ultrasonic_voltage_pin_Write
 .text.ultrasonic_uart_IntClock_Start
                0x00000bb0       0x44 .\ARM_GCC_441\Debug\PSoC_Datalogger_SMS.a(ultrasonic_uart_IntClock.o)
                0x00000bb0                ultrasonic_uart_IntClock_Start
 .text.SleepTimer_Start
                0x00000bf4       0x2c .\ARM_GCC_441\Debug\PSoC_Datalogger_SMS.a(SleepTimer.o)
                0x00000bf4                SleepTimer_Start
 .text.SleepTimer_Init
                0x00000c20       0x14 .\ARM_GCC_441\Debug\PSoC_Datalogger_SMS.a(SleepTimer.o)
                0x00000c20                SleepTimer_Init
 .text.SleepTimer_Enable
                0x00000c34       0x98 .\ARM_GCC_441\Debug\PSoC_Datalogger_SMS.a(SleepTimer.o)
                0x00000c34                SleepTimer_Enable
 .text.SleepTimer_EnableInt
                0x00000ccc       0x3c .\ARM_GCC_441\Debug\PSoC_Datalogger_SMS.a(SleepTimer.o)
                0x00000ccc                SleepTimer_EnableInt
 .text.SleepTimer_SetInterval
                0x00000d08       0x80 .\ARM_GCC_441\Debug\PSoC_Datalogger_SMS.a(SleepTimer.o)
                0x00000d08                SleepTimer_SetInterval
 .text.CYMEMZERO8
                0x00000d88       0x3c .\ARM_GCC_441\Debug\PSoC_Datalogger_SMS.a(cyfitter_cfg.o)
 .text.CYCONFIGCPY8
                0x00000dc4       0x48 .\ARM_GCC_441\Debug\PSoC_Datalogger_SMS.a(cyfitter_cfg.o)
 .text.CYMEMZERO
                0x00000e0c       0x20 .\ARM_GCC_441\Debug\PSoC_Datalogger_SMS.a(cyfitter_cfg.o)
 .text.CYCONFIGCPY
                0x00000e2c       0x20 .\ARM_GCC_441\Debug\PSoC_Datalogger_SMS.a(cyfitter_cfg.o)
 .text.cfg_write_bytes32
                0x00000e4c       0x84 .\ARM_GCC_441\Debug\PSoC_Datalogger_SMS.a(cyfitter_cfg.o)
 .text.ClockSetup
                0x00000ed0      0x130 .\ARM_GCC_441\Debug\PSoC_Datalogger_SMS.a(cyfitter_cfg.o)
 .text.AnalogSetDefault
                0x00001000       0x98 .\ARM_GCC_441\Debug\PSoC_Datalogger_SMS.a(cyfitter_cfg.o)
 .text.cyfitter_cfg
                0x00001098      0x29c .\ARM_GCC_441\Debug\PSoC_Datalogger_SMS.a(cyfitter_cfg.o)
                0x00001098                cyfitter_cfg
 *fill*         0x00001334        0x4 00
 .text          0x00001338       0x20 .\ARM_GCC_441\Debug\PSoC_Datalogger_SMS.a(CyBootAsmGnu.o)
                0x00001338                CyDelayCycles
                0x00001348                CyEnterCriticalSection
                0x00001350                CyExitCriticalSection
 .text          0x00001358      0x190 c:/program files (x86)/cypress/psoc creator/2.2/psoc creator/import/gnu_cs/arm/4.4.1/bin/../lib/gcc/arm-none-eabi/4.4.1/../../../../arm-none-eabi/lib/thumb2\libc.a(lib_a-memcpy.o)
                0x00001358                memcpy
 .text          0x000014e8       0xd4 c:/program files (x86)/cypress/psoc creator/2.2/psoc creator/import/gnu_cs/arm/4.4.1/bin/../lib/gcc/arm-none-eabi/4.4.1/../../../../arm-none-eabi/lib/thumb2\libc.a(lib_a-memset.o)
                0x000014e8                memset
 .text          0x000015bc       0x30 c:/program files (x86)/cypress/psoc creator/2.2/psoc creator/import/gnu_cs/arm/4.4.1/bin/../lib/gcc/arm-none-eabi/4.4.1/../../../../arm-none-eabi/lib/thumb2\libcs3.a(start_c.o)
                0x000015bc                __cs3_premain
 .text          0x000015ec        0x2 c:/program files (x86)/cypress/psoc creator/2.2/psoc creator/import/gnu_cs/arm/4.4.1/bin/../lib/gcc/arm-none-eabi/4.4.1/../../../../arm-none-eabi/lib/thumb2\libcs3micro.a(micro_isr_interrupt.o)
                0x000015ec                __cs3_isr_external_24
                0x000015ec                __cs3_isr_external_9
                0x000015ec                __cs3_isr_external_14
                0x000015ec                __cs3_isr_reserved_9
                0x000015ec                __cs3_isr_external_4
                0x000015ec                __cs3_isr_external_21
                0x000015ec                __cs3_isr_external_0
                0x000015ec                __cs3_isr_external_27
                0x000015ec                __cs3_isr_external_11
                0x000015ec                __cs3_isr_usage_fault
                0x000015ec                __cs3_isr_svcall
                0x000015ec                __cs3_isr_external_3
                0x000015ec                __cs3_isr_mpu_fault
                0x000015ec                __cs3_isr_external_16
                0x000015ec                __cs3_isr_pendsv
                0x000015ec                __cs3_isr_external_31
                0x000015ec                __cs3_isr_nmi
                0x000015ec                __cs3_isr_external_5
                0x000015ec                __cs3_isr_external_6
                0x000015ec                __cs3_isr_external_12
                0x000015ec                __cs3_isr_hard_fault
                0x000015ec                __cs3_isr_bus_fault
                0x000015ec                __cs3_isr_external_1
                0x000015ec                __cs3_isr_external_13
                0x000015ec                __cs3_isr_external_30
                0x000015ec                __cs3_isr_external_23
                0x000015ec                __cs3_isr_external_20
                0x000015ec                __cs3_isr_debug
                0x000015ec                __cs3_isr_reserved_13
                0x000015ec                __cs3_isr_external_8
                0x000015ec                __cs3_isr_external_26
                0x000015ec                __cs3_isr_reserved_8
                0x000015ec                __cs3_isr_reserved_7
                0x000015ec                __cs3_isr_external_7
                0x000015ec                __cs3_isr_external_28
                0x000015ec                __cs3_isr_systick
                0x000015ec                __cs3_isr_external_22
                0x000015ec                __cs3_isr_external_10
                0x000015ec                __cs3_isr_external_15
                0x000015ec                __cs3_isr_interrupt
                0x000015ec                __cs3_isr_external_18
                0x000015ec                __cs3_isr_external_29
                0x000015ec                __cs3_isr_external_25
                0x000015ec                __cs3_isr_reserved_10
                0x000015ec                __cs3_isr_external_2
                0x000015ec                __cs3_isr_external_17
                0x000015ec                __cs3_isr_external_19
 *fill*         0x000015ee        0x2 00
 .text          0x000015f0       0x50 c:/program files (x86)/cypress/psoc creator/2.2/psoc creator/import/gnu_cs/arm/4.4.1/bin/../lib/gcc/arm-none-eabi/4.4.1/../../../../arm-none-eabi/lib/thumb2\libc.a(lib_a-init.o)
                0x000015f0                __libc_init_array
 *(.plt)
 *(.gnu.warning)
 *(.glue_7t)
 .glue_7t       0x00000000        0x0 linker stubs
 *(.glue_7)
 .glue_7        0x00000000        0x0 linker stubs
 *(.vfp11_veneer)
 .vfp11_veneer  0x00000000        0x0 linker stubs
 *(.bootloader)
 *(.ARM.extab* .gnu.linkonce.armextab.*)
 *(.gcc_except_table)

.v4_bx          0x00001640        0x0
 .v4_bx         0x00000000        0x0 linker stubs

.eh_frame_hdr
 *(.eh_frame_hdr)

.eh_frame
 *(.eh_frame)
                0x00001640                PROVIDE (__exidx_start, .)

.ARM.exidx
 *(.ARM.exidx* .gnu.linkonce.armexidx.*)
                0x00001640                __exidx_end = .

.rodata         0x00001640       0x68
 *(.rodata .rodata.* .gnu.linkonce.r.*)
 .rodata        0x00001640       0x2c .\ARM_GCC_441\Debug\PSoC_Datalogger_SMS.a(cyfitter_cfg.o)
                0x0000166c                . = ALIGN (0x4)
 *(.init)
 .init          0x0000166c        0x4 c:/program files (x86)/cypress/psoc creator/2.2/psoc creator/import/gnu_cs/arm/4.4.1/bin/../lib/gcc/arm-none-eabi/4.4.1/thumb2/crti.o
                0x0000166c                _init
 .init          0x00001670        0x8 c:/program files (x86)/cypress/psoc creator/2.2/psoc creator/import/gnu_cs/arm/4.4.1/bin/../lib/gcc/arm-none-eabi/4.4.1/thumb2/crtn.o
                0x00001678                . = ALIGN (0x4)
                0x00001678                __preinit_array_start = .
 *(.preinit_array)
                0x00001678                __preinit_array_end = .
                0x00001678                . = ALIGN (0x4)
                0x00001678                __init_array_start = .
 *(SORT(.init_array.*))
 *(.init_array)
 .init_array    0x00001678        0x4 c:/program files (x86)/cypress/psoc creator/2.2/psoc creator/import/gnu_cs/arm/4.4.1/bin/../lib/gcc/arm-none-eabi/4.4.1/thumb2/crtbegin.o
 .init_array    0x0000167c        0x4 .\ARM_GCC_441\Debug\Cm3Start.o
                0x00001680                __init_array_end = .
                0x00001680                . = ALIGN (0x4)
 *(.fini)
 .fini          0x00001680        0x4 c:/program files (x86)/cypress/psoc creator/2.2/psoc creator/import/gnu_cs/arm/4.4.1/bin/../lib/gcc/arm-none-eabi/4.4.1/thumb2/crti.o
                0x00001680                _fini
 .fini          0x00001684        0x8 c:/program files (x86)/cypress/psoc creator/2.2/psoc creator/import/gnu_cs/arm/4.4.1/bin/../lib/gcc/arm-none-eabi/4.4.1/thumb2/crtn.o
                0x0000168c                . = ALIGN (0x4)
                0x0000168c                __fini_array_start = .
 *(.fini_array)
 .fini_array    0x0000168c        0x4 c:/program files (x86)/cypress/psoc creator/2.2/psoc creator/import/gnu_cs/arm/4.4.1/bin/../lib/gcc/arm-none-eabi/4.4.1/thumb2/crtbegin.o
 *(SORT(.fini_array.*))
                0x00001690                __fini_array_end = .
                0x00001690                . = ALIGN (0x4)
 *crtbegin.o(.ctors)
 *(EXCLUDE_FILE(*crtend.o) .ctors)
 *(SORT(.ctors.*))
 *crtend.o(.ctors)
                0x00001690                . = ALIGN (0x4)
 *crtbegin.o(.dtors)
 *(EXCLUDE_FILE(*crtend.o) .dtors)
 *(SORT(.dtors.*))
 *crtend.o(.dtors)
                0x00001690                . = ALIGN (0x4)
                0x00001690                __cs3_regions = .
                0x00001690        0x4 LONG 0x0
                0x00001694        0x4 LONG 0x16a8 __cs3_region_init_ram
                0x00001698        0x4 LONG 0x1fff8108 __cs3_region_start_data
                0x0000169c        0x4 LONG 0x18 __cs3_region_init_size_ram
                0x000016a0        0x4 LONG 0x118 __cs3_region_zero_size_ram
                0x000016a4                __cs3_regions_end = .
                0x000016a8                . = ALIGN (0x8)
 *fill*         0x000016a4        0x4 00
                0x000016a8                _etext = .

.ramvectors     0x1fff8000      0x100
                0x1fff8000                __cs3_region_start_ram = .
 *(.cs3.region-head.ram)
                0x1fff8001                ASSERT ((. == __cs3_region_start_ram), .cs3.region-head.ram not permitted)
 *(.ramvectors)
 .ramvectors    0x1fff8000      0x100 .\ARM_GCC_441\Debug\Cm3Start.o
                0x1fff8000                CyRamVectors

.noinit         0x1fff8100        0x4
 *(.noinit)
 .noinit        0x1fff8100        0x4 .\ARM_GCC_441\Debug\Cm3Start.o

.data           0x1fff8108       0x18 load address 0x000016a8
                0x1fff8108                __cs3_region_start_data = .
 *(.jcr)
 .jcr           0x1fff8108        0x0 c:/program files (x86)/cypress/psoc creator/2.2/psoc creator/import/gnu_cs/arm/4.4.1/bin/../lib/gcc/arm-none-eabi/4.4.1/thumb2/crtbegin.o
 .jcr           0x1fff8108        0x4 c:/program files (x86)/cypress/psoc creator/2.2/psoc creator/import/gnu_cs/arm/4.4.1/bin/../lib/gcc/arm-none-eabi/4.4.1/thumb2/crtend.o
 *(.got.plt)
 *(.got)
 *(.shdata)
 *(.data .data.* .gnu.linkonce.d.*)
 .data          0x1fff810c       0x10 .\ARM_GCC_441\Debug\PSoC_Datalogger_SMS.a(CyLib.o)
                0x1fff810c                cydelay_freq_hz
                0x1fff8110                cydelay_freq_khz
                0x1fff8114                cydelay_freq_mhz
                0x1fff8118                cydelay_32k_ms
                0x1fff8120                . = ALIGN (0x8)
 *fill*         0x1fff811c        0x4 00
 *(.ram)
                0x1fff8120                _edata = .

.bss            0x1fff8120      0x118 load address 0x000016c0
 *(.shbss)
 *(.bss .bss.* .gnu.linkonce.b.*)
 .bss           0x1fff8120        0x1 c:/program files (x86)/cypress/psoc creator/2.2/psoc creator/import/gnu_cs/arm/4.4.1/bin/../lib/gcc/arm-none-eabi/4.4.1/thumb2/crtbegin.o
 .bss           0x1fff8121        0x1 .\ARM_GCC_441\Debug\modem.o
                0x1fff8121                uart_string_index
 .bss           0x1fff8122        0x2 .\ARM_GCC_441\Debug\PSoC_Datalogger_SMS.a(uart.o)
                0x1fff8122                uart_initVar
 .bss           0x1fff8124        0x1 .\ARM_GCC_441\Debug\PSoC_Datalogger_SMS.a(timer.o)
                0x1fff8124                timer_initVar
 .bss           0x1fff8125        0x2 .\ARM_GCC_441\Debug\PSoC_Datalogger_SMS.a(ultrasonic_uart.o)
                0x1fff8125                ultrasonic_uart_initVar
 .bss           0x1fff8127        0x1 .\ARM_GCC_441\Debug\PSoC_Datalogger_SMS.a(SleepTimer.o)
                0x1fff8127                SleepTimer_initVar
 *(COMMON)
 COMMON         0x1fff8128       0x81 .\ARM_GCC_441\Debug\modem.o
                0x1fff8128                uart_received_string
                0x1fff81a8                modem_state
 *fill*         0x1fff81a9        0x3 00
 COMMON         0x1fff81ac       0x85 .\ARM_GCC_441\Debug\main.o
                0x1fff81ac                data_packet_size
                0x1fff81b0                data_packet
                0x1fff8230                packet_ready
 COMMON         0x1fff8231        0x1 .\ARM_GCC_441\Debug\PSoC_Datalogger_SMS.a(CyLib.o)
                0x1fff8231                CyResetStatus
                0x1fff8238                . = ALIGN (0x8)
 *fill*         0x1fff8232        0x6 00
 *(.ram.b)
                0x1fff8238                _end = .
                0x1fff8238                __end = .
                0x20003000                __cs3_region_end_ram = (__cs3_region_start_ram + 0xb000)
                0x0000b000                __cs3_region_size_ram = 0xb000
                0x000016a8                __cs3_region_init_ram = LOADADDR (.data)
                0x00000018                __cs3_region_init_size_ram = (_edata - ADDR (.data))
                0x00000118                __cs3_region_zero_size_ram = (_end - _edata)

.stab
 *(.stab)

.stabstr
 *(.stabstr)

.debug
 *(.debug)

.line
 *(.line)

.debug_srcinfo
 *(.debug_srcinfo)

.debug_sfnames
 *(.debug_sfnames)

.comment        0x00000000      0x433
 .comment       0x00000000       0x2b .\ARM_GCC_441\Debug\modem.o
 .comment       0x0000002b       0x2b .\ARM_GCC_441\Debug\ultrasonic.o
 .comment       0x00000056       0x2b .\ARM_GCC_441\Debug\slre.o
 .comment       0x00000081       0x2b .\ARM_GCC_441\Debug\sleep.o
 .comment       0x000000ac       0x2b .\ARM_GCC_441\Debug\main.o
 .comment       0x000000d7       0x2b .\ARM_GCC_441\Debug\Cm3Start.o
 .comment       0x00000102       0x2b .\ARM_GCC_441\Debug\PSoC_Datalogger_SMS.a(CyLib.o)
 .comment       0x0000012d       0x2b .\ARM_GCC_441\Debug\PSoC_Datalogger_SMS.a(cyPm.o)
 .comment       0x00000158       0x2b .\ARM_GCC_441\Debug\PSoC_Datalogger_SMS.a(uart.o)
 .comment       0x00000183       0x2b .\ARM_GCC_441\Debug\PSoC_Datalogger_SMS.a(uart_PM.o)
 .comment       0x000001ae       0x2b .\ARM_GCC_441\Debug\PSoC_Datalogger_SMS.a(uart_IntClock.o)
 .comment       0x000001d9       0x2b .\ARM_GCC_441\Debug\PSoC_Datalogger_SMS.a(isr_byte_rx.o)
 .comment       0x00000204       0x2b .\ARM_GCC_441\Debug\PSoC_Datalogger_SMS.a(timer.o)
 .comment       0x0000022f       0x2b .\ARM_GCC_441\Debug\PSoC_Datalogger_SMS.a(timer_PM.o)
 .comment       0x0000025a       0x2b .\ARM_GCC_441\Debug\PSoC_Datalogger_SMS.a(isr_timer.o)
 .comment       0x00000285       0x2b .\ARM_GCC_441\Debug\PSoC_Datalogger_SMS.a(modem_power_pin.o)
 .comment       0x000002b0       0x2b .\ARM_GCC_441\Debug\PSoC_Datalogger_SMS.a(modem_voltage_pin.o)
 .comment       0x000002db       0x2b .\ARM_GCC_441\Debug\PSoC_Datalogger_SMS.a(ultrasonic_uart.o)
 .comment       0x00000306       0x2b .\ARM_GCC_441\Debug\PSoC_Datalogger_SMS.a(ultrasonic_uart_PM.o)
 .comment       0x00000331       0x2b .\ARM_GCC_441\Debug\PSoC_Datalogger_SMS.a(ultrasonic_voltage_pin.o)
 .comment       0x0000035c       0x2b .\ARM_GCC_441\Debug\PSoC_Datalogger_SMS.a(ultrasonic_uart_IntClock.o)
 .comment       0x00000387       0x2b .\ARM_GCC_441\Debug\PSoC_Datalogger_SMS.a(SleepTimer.o)
 .comment       0x000003b2       0x2b .\ARM_GCC_441\Debug\PSoC_Datalogger_SMS.a(cyfitter_cfg.o)
 .comment       0x000003dd       0x2b .\ARM_GCC_441\Debug\PSoC_Datalogger_SMS.a(CyFlash.o)
 .comment       0x00000408       0x2b .\ARM_GCC_441\Debug\PSoC_Datalogger_SMS.a(CySpc.o)

.debug_aranges  0x00000000      0xbb8
 *(.debug_aranges)
 .debug_aranges
                0x00000000       0x58 .\ARM_GCC_441\Debug\modem.o
 .debug_aranges
                0x00000058       0x30 .\ARM_GCC_441\Debug\ultrasonic.o
 .debug_aranges
                0x00000088       0xb8 .\ARM_GCC_441\Debug\slre.o
 .debug_aranges
                0x00000140       0x30 .\ARM_GCC_441\Debug\sleep.o
 .debug_aranges
                0x00000170       0x38 .\ARM_GCC_441\Debug\main.o
 .debug_aranges
                0x000001a8       0x30 .\ARM_GCC_441\Debug\Cm3Start.o
 .debug_aranges
                0x000001d8      0x1e0 .\ARM_GCC_441\Debug\PSoC_Datalogger_SMS.a(CyLib.o)
 .debug_aranges
                0x000003b8       0xb8 .\ARM_GCC_441\Debug\PSoC_Datalogger_SMS.a(cyPm.o)
 .debug_aranges
                0x00000470       0xf0 .\ARM_GCC_441\Debug\PSoC_Datalogger_SMS.a(uart.o)
 .debug_aranges
                0x00000560       0x38 .\ARM_GCC_441\Debug\PSoC_Datalogger_SMS.a(uart_PM.o)
 .debug_aranges
                0x00000598       0x68 .\ARM_GCC_441\Debug\PSoC_Datalogger_SMS.a(uart_IntClock.o)
 .debug_aranges
                0x00000600       0x80 .\ARM_GCC_441\Debug\PSoC_Datalogger_SMS.a(isr_byte_rx.o)
 .debug_aranges
                0x00000680       0x90 .\ARM_GCC_441\Debug\PSoC_Datalogger_SMS.a(timer.o)
 .debug_aranges
                0x00000710       0x38 .\ARM_GCC_441\Debug\PSoC_Datalogger_SMS.a(timer_PM.o)
 .debug_aranges
                0x00000748       0x80 .\ARM_GCC_441\Debug\PSoC_Datalogger_SMS.a(isr_timer.o)
 .debug_aranges
                0x000007c8       0x38 .\ARM_GCC_441\Debug\PSoC_Datalogger_SMS.a(modem_power_pin.o)
 .debug_aranges
                0x00000800       0x38 .\ARM_GCC_441\Debug\PSoC_Datalogger_SMS.a(modem_voltage_pin.o)
 .debug_aranges
                0x00000838       0xf0 .\ARM_GCC_441\Debug\PSoC_Datalogger_SMS.a(ultrasonic_uart.o)
 .debug_aranges
                0x00000928       0x38 .\ARM_GCC_441\Debug\PSoC_Datalogger_SMS.a(ultrasonic_uart_PM.o)
 .debug_aranges
                0x00000960       0x38 .\ARM_GCC_441\Debug\PSoC_Datalogger_SMS.a(ultrasonic_voltage_pin.o)
 .debug_aranges
                0x00000998       0x68 .\ARM_GCC_441\Debug\PSoC_Datalogger_SMS.a(ultrasonic_uart_IntClock.o)
 .debug_aranges
                0x00000a00       0x58 .\ARM_GCC_441\Debug\PSoC_Datalogger_SMS.a(SleepTimer.o)
 .debug_aranges
                0x00000a58       0x70 .\ARM_GCC_441\Debug\PSoC_Datalogger_SMS.a(cyfitter_cfg.o)
 .debug_aranges
                0x00000ac8       0x20 .\ARM_GCC_441\Debug\PSoC_Datalogger_SMS.a(CyBootAsmGnu.o)
 .debug_aranges
                0x00000ae8       0x68 .\ARM_GCC_441\Debug\PSoC_Datalogger_SMS.a(CyFlash.o)
 .debug_aranges
                0x00000b50       0x68 .\ARM_GCC_441\Debug\PSoC_Datalogger_SMS.a(CySpc.o)

.debug_pubnames
                0x00000000     0x1b3b
 *(.debug_pubnames)
 .debug_pubnames
                0x00000000       0xe9 .\ARM_GCC_441\Debug\modem.o
 .debug_pubnames
                0x000000e9       0x56 .\ARM_GCC_441\Debug\ultrasonic.o
 .debug_pubnames
                0x0000013f       0x40 .\ARM_GCC_441\Debug\slre.o
 .debug_pubnames
                0x0000017f       0x55 .\ARM_GCC_441\Debug\sleep.o
 .debug_pubnames
                0x000001d4       0x91 .\ARM_GCC_441\Debug\main.o
 .debug_pubnames
                0x00000265       0x66 .\ARM_GCC_441\Debug\Cm3Start.o
 .debug_pubnames
                0x000002cb      0x4be .\ARM_GCC_441\Debug\PSoC_Datalogger_SMS.a(CyLib.o)
 .debug_pubnames
                0x00000789       0xbb .\ARM_GCC_441\Debug\PSoC_Datalogger_SMS.a(cyPm.o)
 .debug_pubnames
                0x00000844      0x264 .\ARM_GCC_441\Debug\PSoC_Datalogger_SMS.a(uart.o)
 .debug_pubnames
                0x00000aa8       0x5c .\ARM_GCC_441\Debug\PSoC_Datalogger_SMS.a(uart_PM.o)
 .debug_pubnames
                0x00000b04      0x15a .\ARM_GCC_441\Debug\PSoC_Datalogger_SMS.a(uart_IntClock.o)
 .debug_pubnames
                0x00000c5e      0x15b .\ARM_GCC_441\Debug\PSoC_Datalogger_SMS.a(isr_byte_rx.o)
 .debug_pubnames
                0x00000db9      0x174 .\ARM_GCC_441\Debug\PSoC_Datalogger_SMS.a(timer.o)
 .debug_pubnames
                0x00000f2d       0x60 .\ARM_GCC_441\Debug\PSoC_Datalogger_SMS.a(timer_PM.o)
 .debug_pubnames
                0x00000f8d      0x141 .\ARM_GCC_441\Debug\PSoC_Datalogger_SMS.a(isr_timer.o)
 .debug_pubnames
                0x000010ce       0x86 .\ARM_GCC_441\Debug\PSoC_Datalogger_SMS.a(modem_power_pin.o)
 .debug_pubnames
                0x00001154       0x8e .\ARM_GCC_441\Debug\PSoC_Datalogger_SMS.a(modem_voltage_pin.o)
 .debug_pubnames
                0x000011e2      0x398 .\ARM_GCC_441\Debug\PSoC_Datalogger_SMS.a(ultrasonic_uart.o)
 .debug_pubnames
                0x0000157a       0x88 .\ARM_GCC_441\Debug\PSoC_Datalogger_SMS.a(ultrasonic_uart_PM.o)
 .debug_pubnames
                0x00001602       0xa2 .\ARM_GCC_441\Debug\PSoC_Datalogger_SMS.a(ultrasonic_voltage_pin.o)
 .debug_pubnames
                0x000016a4      0x1c8 .\ARM_GCC_441\Debug\PSoC_Datalogger_SMS.a(ultrasonic_uart_IntClock.o)
 .debug_pubnames
                0x0000186c       0xe3 .\ARM_GCC_441\Debug\PSoC_Datalogger_SMS.a(SleepTimer.o)
 .debug_pubnames
                0x0000194f       0x3d .\ARM_GCC_441\Debug\PSoC_Datalogger_SMS.a(cyfitter_cfg.o)
 .debug_pubnames
                0x0000198c       0xdf .\ARM_GCC_441\Debug\PSoC_Datalogger_SMS.a(CyFlash.o)
 .debug_pubnames
                0x00001a6b       0xd0 .\ARM_GCC_441\Debug\PSoC_Datalogger_SMS.a(CySpc.o)

.debug_info     0x00000000     0x56e3
 *(.debug_info .gnu.linkonce.wi.*)
 .debug_info    0x00000000      0x273 .\ARM_GCC_441\Debug\modem.o
 .debug_info    0x00000273      0x193 .\ARM_GCC_441\Debug\ultrasonic.o
 .debug_info    0x00000406     0x11b0 .\ARM_GCC_441\Debug\slre.o
 .debug_info    0x000015b6       0xd7 .\ARM_GCC_441\Debug\sleep.o
 .debug_info    0x0000168d      0x1ed .\ARM_GCC_441\Debug\main.o
 .debug_info    0x0000187a      0x168 .\ARM_GCC_441\Debug\Cm3Start.o
 .debug_info    0x000019e2      0xbce .\ARM_GCC_441\Debug\PSoC_Datalogger_SMS.a(CyLib.o)
 .debug_info    0x000025b0      0x63e .\ARM_GCC_441\Debug\PSoC_Datalogger_SMS.a(cyPm.o)
 .debug_info    0x00002bee      0x55c .\ARM_GCC_441\Debug\PSoC_Datalogger_SMS.a(uart.o)
 .debug_info    0x0000314a      0x164 .\ARM_GCC_441\Debug\PSoC_Datalogger_SMS.a(uart_PM.o)
 .debug_info    0x000032ae      0x237 .\ARM_GCC_441\Debug\PSoC_Datalogger_SMS.a(uart_IntClock.o)
 .debug_info    0x000034e5      0x23b .\ARM_GCC_441\Debug\PSoC_Datalogger_SMS.a(isr_byte_rx.o)
 .debug_info    0x00003720      0x26d .\ARM_GCC_441\Debug\PSoC_Datalogger_SMS.a(timer.o)
 .debug_info    0x0000398d      0x170 .\ARM_GCC_441\Debug\PSoC_Datalogger_SMS.a(timer_PM.o)
 .debug_info    0x00003afd      0x23b .\ARM_GCC_441\Debug\PSoC_Datalogger_SMS.a(isr_timer.o)
 .debug_info    0x00003d38      0x120 .\ARM_GCC_441\Debug\PSoC_Datalogger_SMS.a(modem_power_pin.o)
 .debug_info    0x00003e58      0x120 .\ARM_GCC_441\Debug\PSoC_Datalogger_SMS.a(modem_voltage_pin.o)
 .debug_info    0x00003f78      0x55c .\ARM_GCC_441\Debug\PSoC_Datalogger_SMS.a(ultrasonic_uart.o)
 .debug_info    0x000044d4      0x164 .\ARM_GCC_441\Debug\PSoC_Datalogger_SMS.a(ultrasonic_uart_PM.o)
 .debug_info    0x00004638      0x120 .\ARM_GCC_441\Debug\PSoC_Datalogger_SMS.a(ultrasonic_voltage_pin.o)
 .debug_info    0x00004758      0x237 .\ARM_GCC_441\Debug\PSoC_Datalogger_SMS.a(ultrasonic_uart_IntClock.o)
 .debug_info    0x0000498f      0x1b3 .\ARM_GCC_441\Debug\PSoC_Datalogger_SMS.a(SleepTimer.o)
 .debug_info    0x00004b42      0x459 .\ARM_GCC_441\Debug\PSoC_Datalogger_SMS.a(cyfitter_cfg.o)
 .debug_info    0x00004f9b       0x94 .\ARM_GCC_441\Debug\PSoC_Datalogger_SMS.a(CyBootAsmGnu.o)
 .debug_info    0x0000502f      0x308 .\ARM_GCC_441\Debug\PSoC_Datalogger_SMS.a(CyFlash.o)
 .debug_info    0x00005337      0x3ac .\ARM_GCC_441\Debug\PSoC_Datalogger_SMS.a(CySpc.o)

.debug_abbrev   0x00000000     0x17b7
 *(.debug_abbrev)
 .debug_abbrev  0x00000000      0x129 .\ARM_GCC_441\Debug\modem.o
 .debug_abbrev  0x00000129       0xe5 .\ARM_GCC_441\Debug\ultrasonic.o
 .debug_abbrev  0x0000020e      0x27f .\ARM_GCC_441\Debug\slre.o
 .debug_abbrev  0x0000048d       0x60 .\ARM_GCC_441\Debug\sleep.o
 .debug_abbrev  0x000004ed       0xf2 .\ARM_GCC_441\Debug\main.o
 .debug_abbrev  0x000005df       0xec .\ARM_GCC_441\Debug\Cm3Start.o
 .debug_abbrev  0x000006cb      0x182 .\ARM_GCC_441\Debug\PSoC_Datalogger_SMS.a(CyLib.o)
 .debug_abbrev  0x0000084d      0x13e .\ARM_GCC_441\Debug\PSoC_Datalogger_SMS.a(cyPm.o)
 .debug_abbrev  0x0000098b      0x10c .\ARM_GCC_441\Debug\PSoC_Datalogger_SMS.a(uart.o)
 .debug_abbrev  0x00000a97       0x84 .\ARM_GCC_441\Debug\PSoC_Datalogger_SMS.a(uart_PM.o)
 .debug_abbrev  0x00000b1b       0xcf .\ARM_GCC_441\Debug\PSoC_Datalogger_SMS.a(uart_IntClock.o)
 .debug_abbrev  0x00000bea       0xe1 .\ARM_GCC_441\Debug\PSoC_Datalogger_SMS.a(isr_byte_rx.o)
 .debug_abbrev  0x00000ccb       0xe0 .\ARM_GCC_441\Debug\PSoC_Datalogger_SMS.a(timer.o)
 .debug_abbrev  0x00000dab       0x99 .\ARM_GCC_441\Debug\PSoC_Datalogger_SMS.a(timer_PM.o)
 .debug_abbrev  0x00000e44       0xe1 .\ARM_GCC_441\Debug\PSoC_Datalogger_SMS.a(isr_timer.o)
 .debug_abbrev  0x00000f25       0x85 .\ARM_GCC_441\Debug\PSoC_Datalogger_SMS.a(modem_power_pin.o)
 .debug_abbrev  0x00000faa       0x85 .\ARM_GCC_441\Debug\PSoC_Datalogger_SMS.a(modem_voltage_pin.o)
 .debug_abbrev  0x0000102f      0x10c .\ARM_GCC_441\Debug\PSoC_Datalogger_SMS.a(ultrasonic_uart.o)
 .debug_abbrev  0x0000113b       0x84 .\ARM_GCC_441\Debug\PSoC_Datalogger_SMS.a(ultrasonic_uart_PM.o)
 .debug_abbrev  0x000011bf       0x85 .\ARM_GCC_441\Debug\PSoC_Datalogger_SMS.a(ultrasonic_voltage_pin.o)
 .debug_abbrev  0x00001244       0xcf .\ARM_GCC_441\Debug\PSoC_Datalogger_SMS.a(ultrasonic_uart_IntClock.o)
 .debug_abbrev  0x00001313       0xcb .\ARM_GCC_441\Debug\PSoC_Datalogger_SMS.a(SleepTimer.o)
 .debug_abbrev  0x000013de      0x16d .\ARM_GCC_441\Debug\PSoC_Datalogger_SMS.a(cyfitter_cfg.o)
 .debug_abbrev  0x0000154b       0x14 .\ARM_GCC_441\Debug\PSoC_Datalogger_SMS.a(CyBootAsmGnu.o)
 .debug_abbrev  0x0000155f      0x14a .\ARM_GCC_441\Debug\PSoC_Datalogger_SMS.a(CyFlash.o)
 .debug_abbrev  0x000016a9      0x10e .\ARM_GCC_441\Debug\PSoC_Datalogger_SMS.a(CySpc.o)

.debug_line     0x00000000     0x2a77
 *(.debug_line)
 .debug_line    0x00000000      0x123 .\ARM_GCC_441\Debug\modem.o
 .debug_line    0x00000123       0xb3 .\ARM_GCC_441\Debug\ultrasonic.o
 .debug_line    0x000001d6      0x502 .\ARM_GCC_441\Debug\slre.o
 .debug_line    0x000006d8       0x8c .\ARM_GCC_441\Debug\sleep.o
 .debug_line    0x00000764       0xca .\ARM_GCC_441\Debug\main.o
 .debug_line    0x0000082e       0xb8 .\ARM_GCC_441\Debug\Cm3Start.o
 .debug_line    0x000008e6      0x5c7 .\ARM_GCC_441\Debug\PSoC_Datalogger_SMS.a(CyLib.o)
 .debug_line    0x00000ead      0x3f2 .\ARM_GCC_441\Debug\PSoC_Datalogger_SMS.a(cyPm.o)
 .debug_line    0x0000129f      0x2b2 .\ARM_GCC_441\Debug\PSoC_Datalogger_SMS.a(uart.o)
 .debug_line    0x00001551       0xd7 .\ARM_GCC_441\Debug\PSoC_Datalogger_SMS.a(uart_PM.o)
 .debug_line    0x00001628      0x164 .\ARM_GCC_441\Debug\PSoC_Datalogger_SMS.a(uart_IntClock.o)
 .debug_line    0x0000178c      0x15f .\ARM_GCC_441\Debug\PSoC_Datalogger_SMS.a(isr_byte_rx.o)
 .debug_line    0x000018eb      0x18a .\ARM_GCC_441\Debug\PSoC_Datalogger_SMS.a(timer.o)
 .debug_line    0x00001a75       0xd0 .\ARM_GCC_441\Debug\PSoC_Datalogger_SMS.a(timer_PM.o)
 .debug_line    0x00001b45      0x15d .\ARM_GCC_441\Debug\PSoC_Datalogger_SMS.a(isr_timer.o)
 .debug_line    0x00001ca2       0xba .\ARM_GCC_441\Debug\PSoC_Datalogger_SMS.a(modem_power_pin.o)
 .debug_line    0x00001d5c       0xbc .\ARM_GCC_441\Debug\PSoC_Datalogger_SMS.a(modem_voltage_pin.o)
 .debug_line    0x00001e18      0x2bd .\ARM_GCC_441\Debug\PSoC_Datalogger_SMS.a(ultrasonic_uart.o)
 .debug_line    0x000020d5       0xed .\ARM_GCC_441\Debug\PSoC_Datalogger_SMS.a(ultrasonic_uart_PM.o)
 .debug_line    0x000021c2       0xc1 .\ARM_GCC_441\Debug\PSoC_Datalogger_SMS.a(ultrasonic_voltage_pin.o)
 .debug_line    0x00002283      0x16f .\ARM_GCC_441\Debug\PSoC_Datalogger_SMS.a(ultrasonic_uart_IntClock.o)
 .debug_line    0x000023f2      0x114 .\ARM_GCC_441\Debug\PSoC_Datalogger_SMS.a(SleepTimer.o)
 .debug_line    0x00002506      0x214 .\ARM_GCC_441\Debug\PSoC_Datalogger_SMS.a(cyfitter_cfg.o)
 .debug_line    0x0000271a       0x67 .\ARM_GCC_441\Debug\PSoC_Datalogger_SMS.a(CyBootAsmGnu.o)
 .debug_line    0x00002781      0x170 .\ARM_GCC_441\Debug\PSoC_Datalogger_SMS.a(CyFlash.o)
 .debug_line    0x000028f1      0x186 .\ARM_GCC_441\Debug\PSoC_Datalogger_SMS.a(CySpc.o)

.debug_frame    0x00000000     0x35ec
 *(.debug_frame)
 .debug_frame   0x00000000      0x100 .\ARM_GCC_441\Debug\modem.o
 .debug_frame   0x00000100       0x6c .\ARM_GCC_441\Debug\ultrasonic.o
 .debug_frame   0x0000016c      0x27c .\ARM_GCC_441\Debug\slre.o
 .debug_frame   0x000003e8       0x64 .\ARM_GCC_441\Debug\sleep.o
 .debug_frame   0x0000044c       0x84 .\ARM_GCC_441\Debug\main.o
 .debug_frame   0x000004d0       0x5c .\ARM_GCC_441\Debug\Cm3Start.o
 .debug_frame   0x0000052c      0x6b8 .\ARM_GCC_441\Debug\PSoC_Datalogger_SMS.a(CyLib.o)
 .debug_frame   0x00000be4      0x25c .\ARM_GCC_441\Debug\PSoC_Datalogger_SMS.a(cyPm.o)
 .debug_frame   0x00000e40      0x328 .\ARM_GCC_441\Debug\PSoC_Datalogger_SMS.a(uart.o)
 .debug_frame   0x00001168       0x80 .\ARM_GCC_441\Debug\PSoC_Datalogger_SMS.a(uart_PM.o)
 .debug_frame   0x000011e8      0x130 .\ARM_GCC_441\Debug\PSoC_Datalogger_SMS.a(uart_IntClock.o)
 .debug_frame   0x00001318      0x180 .\ARM_GCC_441\Debug\PSoC_Datalogger_SMS.a(isr_byte_rx.o)
 .debug_frame   0x00001498      0x1b8 .\ARM_GCC_441\Debug\PSoC_Datalogger_SMS.a(timer.o)
 .debug_frame   0x00001650       0x84 .\ARM_GCC_441\Debug\PSoC_Datalogger_SMS.a(timer_PM.o)
 .debug_frame   0x000016d4      0x180 .\ARM_GCC_441\Debug\PSoC_Datalogger_SMS.a(isr_timer.o)
 .debug_frame   0x00001854       0x80 .\ARM_GCC_441\Debug\PSoC_Datalogger_SMS.a(modem_power_pin.o)
 .debug_frame   0x000018d4       0x80 .\ARM_GCC_441\Debug\PSoC_Datalogger_SMS.a(modem_voltage_pin.o)
 .debug_frame   0x00001954      0x328 .\ARM_GCC_441\Debug\PSoC_Datalogger_SMS.a(ultrasonic_uart.o)
 .debug_frame   0x00001c7c       0x80 .\ARM_GCC_441\Debug\PSoC_Datalogger_SMS.a(ultrasonic_uart_PM.o)
 .debug_frame   0x00001cfc       0x80 .\ARM_GCC_441\Debug\PSoC_Datalogger_SMS.a(ultrasonic_voltage_pin.o)
 .debug_frame   0x00001d7c      0x130 .\ARM_GCC_441\Debug\PSoC_Datalogger_SMS.a(ultrasonic_uart_IntClock.o)
 .debug_frame   0x00001eac      0x104 .\ARM_GCC_441\Debug\PSoC_Datalogger_SMS.a(SleepTimer.o)
 .debug_frame   0x00001fb0      0x158 .\ARM_GCC_441\Debug\PSoC_Datalogger_SMS.a(cyfitter_cfg.o)
 .debug_frame   0x00002108      0x140 .\ARM_GCC_441\Debug\PSoC_Datalogger_SMS.a(CyFlash.o)
 .debug_frame   0x00002248      0x13c .\ARM_GCC_441\Debug\PSoC_Datalogger_SMS.a(CySpc.o)
 .debug_frame   0x00002384       0x44 c:/program files (x86)/cypress/psoc creator/2.2/psoc creator/import/gnu_cs/arm/4.4.1/bin/../lib/gcc/arm-none-eabi/4.4.1/../../../../arm-none-eabi/lib/thumb2\libc.a(lib_a-assert.o)
 .debug_frame   0x000023c8       0x5c c:/program files (x86)/cypress/psoc creator/2.2/psoc creator/import/gnu_cs/arm/4.4.1/bin/../lib/gcc/arm-none-eabi/4.4.1/../../../../arm-none-eabi/lib/thumb2\libc.a(lib_a-fiprintf.o)
 .debug_frame   0x00002424       0x5c c:/program files (x86)/cypress/psoc creator/2.2/psoc creator/import/gnu_cs/arm/4.4.1/bin/../lib/gcc/arm-none-eabi/4.4.1/../../../../arm-none-eabi/lib/thumb2\libc.a(lib_a-fprintf.o)
 .debug_frame   0x00002480       0x48 c:/program files (x86)/cypress/psoc creator/2.2/psoc creator/import/gnu_cs/arm/4.4.1/bin/../lib/gcc/arm-none-eabi/4.4.1/../../../../arm-none-eabi/lib/thumb2\libc.a(lib_a-fputc.o)
 .debug_frame   0x000024c8       0x40 c:/program files (x86)/cypress/psoc creator/2.2/psoc creator/import/gnu_cs/arm/4.4.1/bin/../lib/gcc/arm-none-eabi/4.4.1/../../../../arm-none-eabi/lib/thumb2\libc.a(lib_a-fputs.o)
 .debug_frame   0x00002508       0x3c c:/program files (x86)/cypress/psoc creator/2.2/psoc creator/import/gnu_cs/arm/4.4.1/bin/../lib/gcc/arm-none-eabi/4.4.1/../../../../arm-none-eabi/lib/thumb2\libc.a(lib_a-fvwrite.o)
 .debug_frame   0x00002544       0x3c c:/program files (x86)/cypress/psoc creator/2.2/psoc creator/import/gnu_cs/arm/4.4.1/bin/../lib/gcc/arm-none-eabi/4.4.1/../../../../arm-none-eabi/lib/thumb2\libc.a(lib_a-mallocr.o)
 .debug_frame   0x00002580       0x28 c:/program files (x86)/cypress/psoc creator/2.2/psoc creator/import/gnu_cs/arm/4.4.1/bin/../lib/gcc/arm-none-eabi/4.4.1/../../../../arm-none-eabi/lib/thumb2\libc.a(lib_a-memchr.o)
 .debug_frame   0x000025a8       0x28 c:/program files (x86)/cypress/psoc creator/2.2/psoc creator/import/gnu_cs/arm/4.4.1/bin/../lib/gcc/arm-none-eabi/4.4.1/../../../../arm-none-eabi/lib/thumb2\libc.a(lib_a-memcmp.o)
 .debug_frame   0x000025d0       0x34 c:/program files (x86)/cypress/psoc creator/2.2/psoc creator/import/gnu_cs/arm/4.4.1/bin/../lib/gcc/arm-none-eabi/4.4.1/../../../../arm-none-eabi/lib/thumb2\libc.a(lib_a-memcpy.o)
 .debug_frame   0x00002604       0x2c c:/program files (x86)/cypress/psoc creator/2.2/psoc creator/import/gnu_cs/arm/4.4.1/bin/../lib/gcc/arm-none-eabi/4.4.1/../../../../arm-none-eabi/lib/thumb2\libc.a(lib_a-memmove.o)
 .debug_frame   0x00002630       0x28 c:/program files (x86)/cypress/psoc creator/2.2/psoc creator/import/gnu_cs/arm/4.4.1/bin/../lib/gcc/arm-none-eabi/4.4.1/../../../../arm-none-eabi/lib/thumb2\libc.a(lib_a-memset.o)
 .debug_frame   0x00002658       0x30 c:/program files (x86)/cypress/psoc creator/2.2/psoc creator/import/gnu_cs/arm/4.4.1/bin/../lib/gcc/arm-none-eabi/4.4.1/../../../../arm-none-eabi/lib/thumb2\libc.a(lib_a-mlock.o)
 .debug_frame   0x00002688       0x5c c:/program files (x86)/cypress/psoc creator/2.2/psoc creator/import/gnu_cs/arm/4.4.1/bin/../lib/gcc/arm-none-eabi/4.4.1/../../../../arm-none-eabi/lib/thumb2\libc.a(lib_a-printf.o)
 .debug_frame   0x000026e4       0x48 c:/program files (x86)/cypress/psoc creator/2.2/psoc creator/import/gnu_cs/arm/4.4.1/bin/../lib/gcc/arm-none-eabi/4.4.1/../../../../arm-none-eabi/lib/thumb2\libc.a(lib_a-putc.o)
 .debug_frame   0x0000272c       0x3c c:/program files (x86)/cypress/psoc creator/2.2/psoc creator/import/gnu_cs/arm/4.4.1/bin/../lib/gcc/arm-none-eabi/4.4.1/../../../../arm-none-eabi/lib/thumb2\libc.a(lib_a-reallocr.o)
 .debug_frame   0x00002768       0x2c c:/program files (x86)/cypress/psoc creator/2.2/psoc creator/import/gnu_cs/arm/4.4.1/bin/../lib/gcc/arm-none-eabi/4.4.1/../../../../arm-none-eabi/lib/thumb2\libc.a(lib_a-sbrkr.o)
 .debug_frame   0x00002794       0x28 c:/program files (x86)/cypress/psoc creator/2.2/psoc creator/import/gnu_cs/arm/4.4.1/bin/../lib/gcc/arm-none-eabi/4.4.1/../../../../arm-none-eabi/lib/thumb2\libc.a(lib_a-strchr.o)
 .debug_frame   0x000027bc       0x20 c:/program files (x86)/cypress/psoc creator/2.2/psoc creator/import/gnu_cs/arm/4.4.1/bin/../lib/gcc/arm-none-eabi/4.4.1/../../../../arm-none-eabi/lib/thumb2\libc.a(lib_a-strlen.o)
 .debug_frame   0x000027dc       0x90 c:/program files (x86)/cypress/psoc creator/2.2/psoc creator/import/gnu_cs/arm/4.4.1/bin/../lib/gcc/arm-none-eabi/4.4.1/../../../../arm-none-eabi/lib/thumb2\libc.a(lib_a-strstr.o)
 .debug_frame   0x0000286c       0x70 c:/program files (x86)/cypress/psoc creator/2.2/psoc creator/import/gnu_cs/arm/4.4.1/bin/../lib/gcc/arm-none-eabi/4.4.1/../../../../arm-none-eabi/lib/thumb2\libc.a(lib_a-vfiprintf.o)
 .debug_frame   0x000028dc       0x70 c:/program files (x86)/cypress/psoc creator/2.2/psoc creator/import/gnu_cs/arm/4.4.1/bin/../lib/gcc/arm-none-eabi/4.4.1/../../../../arm-none-eabi/lib/thumb2\libc.a(lib_a-vfprintf.o)
 .debug_frame   0x0000294c       0x3c c:/program files (x86)/cypress/psoc creator/2.2/psoc creator/import/gnu_cs/arm/4.4.1/bin/../lib/gcc/arm-none-eabi/4.4.1/../../../../arm-none-eabi/lib/thumb2\libc.a(lib_a-wbuf.o)
 .debug_frame   0x00002988       0x2c c:/program files (x86)/cypress/psoc creator/2.2/psoc creator/import/gnu_cs/arm/4.4.1/bin/../lib/gcc/arm-none-eabi/4.4.1/../../../../arm-none-eabi/lib/thumb2\libc.a(lib_a-wsetup.o)
 .debug_frame   0x000029b4       0x28 c:/program files (x86)/cypress/psoc creator/2.2/psoc creator/import/gnu_cs/arm/4.4.1/bin/../lib/gcc/arm-none-eabi/4.4.1/../../../../arm-none-eabi/lib/thumb2\libc.a(lib_a-abort.o)
 .debug_frame   0x000029dc       0x64 c:/program files (x86)/cypress/psoc creator/2.2/psoc creator/import/gnu_cs/arm/4.4.1/bin/../lib/gcc/arm-none-eabi/4.4.1/../../../../arm-none-eabi/lib/thumb2\libc.a(lib_a-dtoa.o)
 .debug_frame   0x00002a40       0x40 c:/program files (x86)/cypress/psoc creator/2.2/psoc creator/import/gnu_cs/arm/4.4.1/bin/../lib/gcc/arm-none-eabi/4.4.1/../../../../arm-none-eabi/lib/thumb2\libc.a(lib_a-fflush.o)
 .debug_frame   0x00002a80      0x11c c:/program files (x86)/cypress/psoc creator/2.2/psoc creator/import/gnu_cs/arm/4.4.1/bin/../lib/gcc/arm-none-eabi/4.4.1/../../../../arm-none-eabi/lib/thumb2\libc.a(lib_a-findfp.o)
 .debug_frame   0x00002b9c       0x50 c:/program files (x86)/cypress/psoc creator/2.2/psoc creator/import/gnu_cs/arm/4.4.1/bin/../lib/gcc/arm-none-eabi/4.4.1/../../../../arm-none-eabi/lib/thumb2\libc.a(lib_a-freer.o)
 .debug_frame   0x00002bec       0x54 c:/program files (x86)/cypress/psoc creator/2.2/psoc creator/import/gnu_cs/arm/4.4.1/bin/../lib/gcc/arm-none-eabi/4.4.1/../../../../arm-none-eabi/lib/thumb2\libc.a(lib_a-fwalk.o)
 .debug_frame   0x00002c40       0x6c c:/program files (x86)/cypress/psoc creator/2.2/psoc creator/import/gnu_cs/arm/4.4.1/bin/../lib/gcc/arm-none-eabi/4.4.1/../../../../arm-none-eabi/lib/thumb2\libc.a(lib_a-locale.o)
 .debug_frame   0x00002cac       0x34 c:/program files (x86)/cypress/psoc creator/2.2/psoc creator/import/gnu_cs/arm/4.4.1/bin/../lib/gcc/arm-none-eabi/4.4.1/../../../../arm-none-eabi/lib/thumb2\libc.a(lib_a-makebuf.o)
 .debug_frame   0x00002ce0       0x30 c:/program files (x86)/cypress/psoc creator/2.2/psoc creator/import/gnu_cs/arm/4.4.1/bin/../lib/gcc/arm-none-eabi/4.4.1/../../../../arm-none-eabi/lib/thumb2\libc.a(lib_a-malloc.o)
 .debug_frame   0x00002d10      0x240 c:/program files (x86)/cypress/psoc creator/2.2/psoc creator/import/gnu_cs/arm/4.4.1/bin/../lib/gcc/arm-none-eabi/4.4.1/../../../../arm-none-eabi/lib/thumb2\libc.a(lib_a-mprec.o)
 .debug_frame   0x00002f50       0x64 c:/program files (x86)/cypress/psoc creator/2.2/psoc creator/import/gnu_cs/arm/4.4.1/bin/../lib/gcc/arm-none-eabi/4.4.1/../../../../arm-none-eabi/lib/thumb2\libc.a(lib_a-reent.o)
 .debug_frame   0x00002fb4       0x20 c:/program files (x86)/cypress/psoc creator/2.2/psoc creator/import/gnu_cs/arm/4.4.1/bin/../lib/gcc/arm-none-eabi/4.4.1/../../../../arm-none-eabi/lib/thumb2\libc.a(lib_a-s_isinfd.o)
 .debug_frame   0x00002fd4       0x20 c:/program files (x86)/cypress/psoc creator/2.2/psoc creator/import/gnu_cs/arm/4.4.1/bin/../lib/gcc/arm-none-eabi/4.4.1/../../../../arm-none-eabi/lib/thumb2\libc.a(lib_a-s_isnand.o)
 .debug_frame   0x00002ff4       0xc0 c:/program files (x86)/cypress/psoc creator/2.2/psoc creator/import/gnu_cs/arm/4.4.1/bin/../lib/gcc/arm-none-eabi/4.4.1/../../../../arm-none-eabi/lib/thumb2\libc.a(lib_a-signal.o)
 .debug_frame   0x000030b4       0x3c c:/program files (x86)/cypress/psoc creator/2.2/psoc creator/import/gnu_cs/arm/4.4.1/bin/../lib/gcc/arm-none-eabi/4.4.1/../../../../arm-none-eabi/lib/thumb2\libc.a(lib_a-signalr.o)
 .debug_frame   0x000030f0       0x70 c:/program files (x86)/cypress/psoc creator/2.2/psoc creator/import/gnu_cs/arm/4.4.1/bin/../lib/gcc/arm-none-eabi/4.4.1/../../../../arm-none-eabi/lib/thumb2\libc.a(lib_a-stdio.o)
 .debug_frame   0x00003160       0x30 c:/program files (x86)/cypress/psoc creator/2.2/psoc creator/import/gnu_cs/arm/4.4.1/bin/../lib/gcc/arm-none-eabi/4.4.1/../../../../arm-none-eabi/lib/thumb2\libc.a(lib_a-strcmp.o)
 .debug_frame   0x00003190       0x2c c:/program files (x86)/cypress/psoc creator/2.2/psoc creator/import/gnu_cs/arm/4.4.1/bin/../lib/gcc/arm-none-eabi/4.4.1/../../../../arm-none-eabi/lib/thumb2\libc.a(lib_a-writer.o)
 .debug_frame   0x000031bc       0x2c c:/program files (x86)/cypress/psoc creator/2.2/psoc creator/import/gnu_cs/arm/4.4.1/bin/../lib/gcc/arm-none-eabi/4.4.1/../../../../arm-none-eabi/lib/thumb2\libc.a(lib_a-callocr.o)
 .debug_frame   0x000031e8       0x2c c:/program files (x86)/cypress/psoc creator/2.2/psoc creator/import/gnu_cs/arm/4.4.1/bin/../lib/gcc/arm-none-eabi/4.4.1/../../../../arm-none-eabi/lib/thumb2\libc.a(lib_a-closer.o)
 .debug_frame   0x00003214       0x3c c:/program files (x86)/cypress/psoc creator/2.2/psoc creator/import/gnu_cs/arm/4.4.1/bin/../lib/gcc/arm-none-eabi/4.4.1/../../../../arm-none-eabi/lib/thumb2\libc.a(lib_a-fclose.o)
 .debug_frame   0x00003250       0x2c c:/program files (x86)/cypress/psoc creator/2.2/psoc creator/import/gnu_cs/arm/4.4.1/bin/../lib/gcc/arm-none-eabi/4.4.1/../../../../arm-none-eabi/lib/thumb2\libc.a(lib_a-fstatr.o)
 .debug_frame   0x0000327c       0x2c c:/program files (x86)/cypress/psoc creator/2.2/psoc creator/import/gnu_cs/arm/4.4.1/bin/../lib/gcc/arm-none-eabi/4.4.1/../../../../arm-none-eabi/lib/thumb2\libc.a(lib_a-isattyr.o)
 .debug_frame   0x000032a8       0x2c c:/program files (x86)/cypress/psoc creator/2.2/psoc creator/import/gnu_cs/arm/4.4.1/bin/../lib/gcc/arm-none-eabi/4.4.1/../../../../arm-none-eabi/lib/thumb2\libc.a(lib_a-lseekr.o)
 .debug_frame   0x000032d4       0x2c c:/program files (x86)/cypress/psoc creator/2.2/psoc creator/import/gnu_cs/arm/4.4.1/bin/../lib/gcc/arm-none-eabi/4.4.1/../../../../arm-none-eabi/lib/thumb2\libc.a(lib_a-readr.o)
 .debug_frame   0x00003300       0x20 c:/program files (x86)/cypress/psoc creator/2.2/psoc creator/import/gnu_cs/arm/4.4.1/bin/../lib/gcc/arm-none-eabi/4.4.1/thumb2\libgcc.a(_udivsi3.o)
 .debug_frame   0x00003320       0x50 c:/program files (x86)/cypress/psoc creator/2.2/psoc creator/import/gnu_cs/arm/4.4.1/bin/../lib/gcc/arm-none-eabi/4.4.1/thumb2\libgcc.a(bpabi.o)
 .debug_frame   0x00003370       0x3c c:/program files (x86)/cypress/psoc creator/2.2/psoc creator/import/gnu_cs/arm/4.4.1/bin/../lib/gcc/arm-none-eabi/4.4.1/thumb2\libgcc.a(_divdi3.o)
 .debug_frame   0x000033ac       0x3c c:/program files (x86)/cypress/psoc creator/2.2/psoc creator/import/gnu_cs/arm/4.4.1/bin/../lib/gcc/arm-none-eabi/4.4.1/thumb2\libgcc.a(_udivdi3.o)
 .debug_frame   0x000033e8       0x40 c:/program files (x86)/cypress/psoc creator/2.2/psoc creator/import/gnu_cs/arm/4.4.1/bin/../lib/gcc/arm-none-eabi/4.4.1/../../../../arm-none-eabi/lib/thumb2\libcs3.a(start_c.o)
 .debug_frame   0x00003428       0x28 c:/program files (x86)/cypress/psoc creator/2.2/psoc creator/import/gnu_cs/arm/4.4.1/bin/../lib/gcc/arm-none-eabi/4.4.1/../../../../arm-none-eabi/lib/thumb2\libcs3unhosted.a(unhosted-_close.o)
 .debug_frame   0x00003450       0x20 c:/program files (x86)/cypress/psoc creator/2.2/psoc creator/import/gnu_cs/arm/4.4.1/bin/../lib/gcc/arm-none-eabi/4.4.1/../../../../arm-none-eabi/lib/thumb2\libcs3unhosted.a(unhosted-_exit.o)
 .debug_frame   0x00003470       0x28 c:/program files (x86)/cypress/psoc creator/2.2/psoc creator/import/gnu_cs/arm/4.4.1/bin/../lib/gcc/arm-none-eabi/4.4.1/../../../../arm-none-eabi/lib/thumb2\libcs3unhosted.a(unhosted-_fstat.o)
 .debug_frame   0x00003498       0x28 c:/program files (x86)/cypress/psoc creator/2.2/psoc creator/import/gnu_cs/arm/4.4.1/bin/../lib/gcc/arm-none-eabi/4.4.1/../../../../arm-none-eabi/lib/thumb2\libcs3unhosted.a(unhosted-isatty.o)
 .debug_frame   0x000034c0       0x20 c:/program files (x86)/cypress/psoc creator/2.2/psoc creator/import/gnu_cs/arm/4.4.1/bin/../lib/gcc/arm-none-eabi/4.4.1/../../../../arm-none-eabi/lib/thumb2\libcs3unhosted.a(unhosted-_kill.o)
 .debug_frame   0x000034e0       0x28 c:/program files (x86)/cypress/psoc creator/2.2/psoc creator/import/gnu_cs/arm/4.4.1/bin/../lib/gcc/arm-none-eabi/4.4.1/../../../../arm-none-eabi/lib/thumb2\libcs3unhosted.a(unhosted-_lseek.o)
 .debug_frame   0x00003508       0x28 c:/program files (x86)/cypress/psoc creator/2.2/psoc creator/import/gnu_cs/arm/4.4.1/bin/../lib/gcc/arm-none-eabi/4.4.1/../../../../arm-none-eabi/lib/thumb2\libcs3unhosted.a(unhosted-_read.o)
 .debug_frame   0x00003530       0x28 c:/program files (x86)/cypress/psoc creator/2.2/psoc creator/import/gnu_cs/arm/4.4.1/bin/../lib/gcc/arm-none-eabi/4.4.1/../../../../arm-none-eabi/lib/thumb2\libcs3unhosted.a(unhosted-_write.o)
 .debug_frame   0x00003558       0x28 c:/program files (x86)/cypress/psoc creator/2.2/psoc creator/import/gnu_cs/arm/4.4.1/bin/../lib/gcc/arm-none-eabi/4.4.1/../../../../arm-none-eabi/lib/thumb2\libcs3unhosted.a(unhosted-sbrk.o)
 .debug_frame   0x00003580       0x20 c:/program files (x86)/cypress/psoc creator/2.2/psoc creator/import/gnu_cs/arm/4.4.1/bin/../lib/gcc/arm-none-eabi/4.4.1/../../../../arm-none-eabi/lib/thumb2\libcs3unhosted.a(unhosted-_getpid.o)
 .debug_frame   0x000035a0       0x20 c:/program files (x86)/cypress/psoc creator/2.2/psoc creator/import/gnu_cs/arm/4.4.1/bin/../lib/gcc/arm-none-eabi/4.4.1/../../../../arm-none-eabi/lib/thumb2\libc.a(lib_a-errno.o)
 .debug_frame   0x000035c0       0x2c c:/program files (x86)/cypress/psoc creator/2.2/psoc creator/import/gnu_cs/arm/4.4.1/bin/../lib/gcc/arm-none-eabi/4.4.1/../../../../arm-none-eabi/lib/thumb2\libc.a(lib_a-init.o)

.debug_str      0x00000000     0x24b5
 *(.debug_str)
 .debug_str     0x00000000      0x1ca .\ARM_GCC_441\Debug\modem.o
                                0x228 (size before relaxing)
 .debug_str     0x000001ca       0xbc .\ARM_GCC_441\Debug\ultrasonic.o
                                0x1d1 (size before relaxing)
 .debug_str     0x00000286      0x5c0 .\ARM_GCC_441\Debug\slre.o
                                0x6b6 (size before relaxing)
 .debug_str     0x00000846       0x41 .\ARM_GCC_441\Debug\sleep.o
                                0x143 (size before relaxing)
 .debug_str     0x00000887       0x65 .\ARM_GCC_441\Debug\main.o
                                0x197 (size before relaxing)
 .debug_str     0x000008ec       0x8e .\ARM_GCC_441\Debug\Cm3Start.o
                                0x196 (size before relaxing)
 .debug_str     0x0000097a      0x594 .\ARM_GCC_441\Debug\PSoC_Datalogger_SMS.a(CyLib.o)
                                0x6f5 (size before relaxing)
 .debug_str     0x00000f0e      0x3bd .\ARM_GCC_441\Debug\PSoC_Datalogger_SMS.a(cyPm.o)
                                0x4d3 (size before relaxing)
 .debug_str     0x000012cb       0x9b .\ARM_GCC_441\Debug\PSoC_Datalogger_SMS.a(uart.o)
                                0x39a (size before relaxing)
 .debug_str     0x00001366       0x61 .\ARM_GCC_441\Debug\PSoC_Datalogger_SMS.a(uart_PM.o)
                                0x1c8 (size before relaxing)
 .debug_str     0x000013c7       0x7c .\ARM_GCC_441\Debug\PSoC_Datalogger_SMS.a(uart_IntClock.o)
                                0x2a4 (size before relaxing)
 .debug_str     0x00001443      0x13c .\ARM_GCC_441\Debug\PSoC_Datalogger_SMS.a(isr_byte_rx.o)
                                0x264 (size before relaxing)
 .debug_str     0x0000157f      0x14a .\ARM_GCC_441\Debug\PSoC_Datalogger_SMS.a(timer.o)
                                0x27f (size before relaxing)
 .debug_str     0x000016c9       0xd0 .\ARM_GCC_441\Debug\PSoC_Datalogger_SMS.a(timer_PM.o)
                                0x1e7 (size before relaxing)
 .debug_str     0x00001799      0x120 .\ARM_GCC_441\Debug\PSoC_Datalogger_SMS.a(isr_timer.o)
                                0x248 (size before relaxing)
 .debug_str     0x000018b9       0x9a .\ARM_GCC_441\Debug\PSoC_Datalogger_SMS.a(modem_power_pin.o)
                                0x1a0 (size before relaxing)
 .debug_str     0x00001953       0x99 .\ARM_GCC_441\Debug\PSoC_Datalogger_SMS.a(modem_voltage_pin.o)
                                0x1aa (size before relaxing)
 .debug_str     0x000019ec      0x341 .\ARM_GCC_441\Debug\PSoC_Datalogger_SMS.a(ultrasonic_uart.o)
                                0x4d9 (size before relaxing)
 .debug_str     0x00001d2d       0xe7 .\ARM_GCC_441\Debug\PSoC_Datalogger_SMS.a(ultrasonic_uart_PM.o)
                                0x220 (size before relaxing)
 .debug_str     0x00001e14       0xb2 .\ARM_GCC_441\Debug\PSoC_Datalogger_SMS.a(ultrasonic_voltage_pin.o)
                                0x1c3 (size before relaxing)
 .debug_str     0x00001ec6      0x1c2 .\ARM_GCC_441\Debug\PSoC_Datalogger_SMS.a(ultrasonic_uart_IntClock.o)
                                0x31d (size before relaxing)
 .debug_str     0x00002088       0xd3 .\ARM_GCC_441\Debug\PSoC_Datalogger_SMS.a(SleepTimer.o)
                                0x1e6 (size before relaxing)
 .debug_str     0x0000215b      0x142 .\ARM_GCC_441\Debug\PSoC_Datalogger_SMS.a(cyfitter_cfg.o)
                                0x273 (size before relaxing)
 .debug_str     0x0000229d      0x113 .\ARM_GCC_441\Debug\PSoC_Datalogger_SMS.a(CyFlash.o)
                                0x247 (size before relaxing)
 .debug_str     0x000023b0      0x105 .\ARM_GCC_441\Debug\PSoC_Datalogger_SMS.a(CySpc.o)
                                0x23a (size before relaxing)

.debug_loc      0x00000000     0x3a17
 *(.debug_loc)
 .debug_loc     0x00000000      0x188 .\ARM_GCC_441\Debug\modem.o
 .debug_loc     0x00000188       0x9b .\ARM_GCC_441\Debug\ultrasonic.o
 .debug_loc     0x00000223      0x44c .\ARM_GCC_441\Debug\slre.o
 .debug_loc     0x0000066f       0x81 .\ARM_GCC_441\Debug\sleep.o
 .debug_loc     0x000006f0       0xd0 .\ARM_GCC_441\Debug\main.o
 .debug_loc     0x000007c0       0x62 .\ARM_GCC_441\Debug\Cm3Start.o
 .debug_loc     0x00000822      0xb67 .\ARM_GCC_441\Debug\PSoC_Datalogger_SMS.a(CyLib.o)
 .debug_loc     0x00001389      0x3b0 .\ARM_GCC_441\Debug\PSoC_Datalogger_SMS.a(cyPm.o)
 .debug_loc     0x00001739      0x591 .\ARM_GCC_441\Debug\PSoC_Datalogger_SMS.a(uart.o)
 .debug_loc     0x00001cca       0xac .\ARM_GCC_441\Debug\PSoC_Datalogger_SMS.a(uart_PM.o)
 .debug_loc     0x00001d76      0x1ea .\ARM_GCC_441\Debug\PSoC_Datalogger_SMS.a(uart_IntClock.o)
 .debug_loc     0x00001f60      0x26b .\ARM_GCC_441\Debug\PSoC_Datalogger_SMS.a(isr_byte_rx.o)
 .debug_loc     0x000021cb      0x2c1 .\ARM_GCC_441\Debug\PSoC_Datalogger_SMS.a(timer.o)
 .debug_loc     0x0000248c       0xb8 .\ARM_GCC_441\Debug\PSoC_Datalogger_SMS.a(timer_PM.o)
 .debug_loc     0x00002544      0x26b .\ARM_GCC_441\Debug\PSoC_Datalogger_SMS.a(isr_timer.o)
 .debug_loc     0x000027af       0xc4 .\ARM_GCC_441\Debug\PSoC_Datalogger_SMS.a(modem_power_pin.o)
 .debug_loc     0x00002873       0xc4 .\ARM_GCC_441\Debug\PSoC_Datalogger_SMS.a(modem_voltage_pin.o)
 .debug_loc     0x00002937      0x591 .\ARM_GCC_441\Debug\PSoC_Datalogger_SMS.a(ultrasonic_uart.o)
 .debug_loc     0x00002ec8       0xac .\ARM_GCC_441\Debug\PSoC_Datalogger_SMS.a(ultrasonic_uart_PM.o)
 .debug_loc     0x00002f74       0xc4 .\ARM_GCC_441\Debug\PSoC_Datalogger_SMS.a(ultrasonic_voltage_pin.o)
 .debug_loc     0x00003038      0x1ea .\ARM_GCC_441\Debug\PSoC_Datalogger_SMS.a(ultrasonic_uart_IntClock.o)
 .debug_loc     0x00003222      0x194 .\ARM_GCC_441\Debug\PSoC_Datalogger_SMS.a(SleepTimer.o)
 .debug_loc     0x000033b6      0x245 .\ARM_GCC_441\Debug\PSoC_Datalogger_SMS.a(cyfitter_cfg.o)
 .debug_loc     0x000035fb      0x1f6 .\ARM_GCC_441\Debug\PSoC_Datalogger_SMS.a(CyFlash.o)
 .debug_loc     0x000037f1      0x226 .\ARM_GCC_441\Debug\PSoC_Datalogger_SMS.a(CySpc.o)

.debug_macinfo
 *(.debug_macinfo)

.debug_ranges   0x00000000      0xad0
 *(.debug_ranges)
 .debug_ranges  0x00000000       0x50 .\ARM_GCC_441\Debug\modem.o
 .debug_ranges  0x00000050       0x28 .\ARM_GCC_441\Debug\ultrasonic.o
 .debug_ranges  0x00000078       0xb0 .\ARM_GCC_441\Debug\slre.o
 .debug_ranges  0x00000128       0x28 .\ARM_GCC_441\Debug\sleep.o
 .debug_ranges  0x00000150       0x30 .\ARM_GCC_441\Debug\main.o
 .debug_ranges  0x00000180       0x28 .\ARM_GCC_441\Debug\Cm3Start.o
 .debug_ranges  0x000001a8      0x1d8 .\ARM_GCC_441\Debug\PSoC_Datalogger_SMS.a(CyLib.o)
 .debug_ranges  0x00000380       0xb0 .\ARM_GCC_441\Debug\PSoC_Datalogger_SMS.a(cyPm.o)
 .debug_ranges  0x00000430       0xe8 .\ARM_GCC_441\Debug\PSoC_Datalogger_SMS.a(uart.o)
 .debug_ranges  0x00000518       0x30 .\ARM_GCC_441\Debug\PSoC_Datalogger_SMS.a(uart_PM.o)
 .debug_ranges  0x00000548       0x60 .\ARM_GCC_441\Debug\PSoC_Datalogger_SMS.a(uart_IntClock.o)
 .debug_ranges  0x000005a8       0x78 .\ARM_GCC_441\Debug\PSoC_Datalogger_SMS.a(isr_byte_rx.o)
 .debug_ranges  0x00000620       0x88 .\ARM_GCC_441\Debug\PSoC_Datalogger_SMS.a(timer.o)
 .debug_ranges  0x000006a8       0x30 .\ARM_GCC_441\Debug\PSoC_Datalogger_SMS.a(timer_PM.o)
 .debug_ranges  0x000006d8       0x78 .\ARM_GCC_441\Debug\PSoC_Datalogger_SMS.a(isr_timer.o)
 .debug_ranges  0x00000750       0x30 .\ARM_GCC_441\Debug\PSoC_Datalogger_SMS.a(modem_power_pin.o)
 .debug_ranges  0x00000780       0x30 .\ARM_GCC_441\Debug\PSoC_Datalogger_SMS.a(modem_voltage_pin.o)
 .debug_ranges  0x000007b0       0xe8 .\ARM_GCC_441\Debug\PSoC_Datalogger_SMS.a(ultrasonic_uart.o)
 .debug_ranges  0x00000898       0x30 .\ARM_GCC_441\Debug\PSoC_Datalogger_SMS.a(ultrasonic_uart_PM.o)
 .debug_ranges  0x000008c8       0x30 .\ARM_GCC_441\Debug\PSoC_Datalogger_SMS.a(ultrasonic_voltage_pin.o)
 .debug_ranges  0x000008f8       0x60 .\ARM_GCC_441\Debug\PSoC_Datalogger_SMS.a(ultrasonic_uart_IntClock.o)
 .debug_ranges  0x00000958       0x50 .\ARM_GCC_441\Debug\PSoC_Datalogger_SMS.a(SleepTimer.o)
 .debug_ranges  0x000009a8       0x68 .\ARM_GCC_441\Debug\PSoC_Datalogger_SMS.a(cyfitter_cfg.o)
 .debug_ranges  0x00000a10       0x60 .\ARM_GCC_441\Debug\PSoC_Datalogger_SMS.a(CyFlash.o)
 .debug_ranges  0x00000a70       0x60 .\ARM_GCC_441\Debug\PSoC_Datalogger_SMS.a(CySpc.o)

.debug_weaknames
 *(.debug_weaknames)

.debug_funcnames
 *(.debug_funcnames)

.debug_typenames
 *(.debug_typenames)

.debug_varnames
 *(.debug_varnames)

.note.gnu.arm.ident
 *(.note.gnu.arm.ident)

.ARM.attributes
                0x00000000       0x25
 *(.ARM.attributes)
 .ARM.attributes
                0x00000000       0x19 c:/program files (x86)/cypress/psoc creator/2.2/psoc creator/import/gnu_cs/arm/4.4.1/bin/../lib/gcc/arm-none-eabi/4.4.1/thumb2/crti.o
 .ARM.attributes
                0x00000019       0x29 c:/program files (x86)/cypress/psoc creator/2.2/psoc creator/import/gnu_cs/arm/4.4.1/bin/../lib/gcc/arm-none-eabi/4.4.1/thumb2/crtbegin.o
 .ARM.attributes
                0x00000042       0x31 .\ARM_GCC_441\Debug\modem.o
 .ARM.attributes
                0x00000073       0x31 .\ARM_GCC_441\Debug\ultrasonic.o
 .ARM.attributes
                0x000000a4       0x31 .\ARM_GCC_441\Debug\slre.o
 .ARM.attributes
                0x000000d5       0x31 .\ARM_GCC_441\Debug\sleep.o
 .ARM.attributes
                0x00000106       0x31 .\ARM_GCC_441\Debug\main.o
 .ARM.attributes
                0x00000137       0x31 .\ARM_GCC_441\Debug\Cm3Start.o
 .ARM.attributes
                0x00000168       0x31 .\ARM_GCC_441\Debug\PSoC_Datalogger_SMS.a(CyLib.o)
 .ARM.attributes
                0x00000199       0x31 .\ARM_GCC_441\Debug\PSoC_Datalogger_SMS.a(cyPm.o)
 .ARM.attributes
                0x000001ca       0x31 .\ARM_GCC_441\Debug\PSoC_Datalogger_SMS.a(uart.o)
 .ARM.attributes
                0x000001fb       0x31 .\ARM_GCC_441\Debug\PSoC_Datalogger_SMS.a(uart_PM.o)
 .ARM.attributes
                0x0000022c       0x31 .\ARM_GCC_441\Debug\PSoC_Datalogger_SMS.a(uart_IntClock.o)
 .ARM.attributes
                0x0000025d       0x31 .\ARM_GCC_441\Debug\PSoC_Datalogger_SMS.a(isr_byte_rx.o)
 .ARM.attributes
                0x0000028e       0x31 .\ARM_GCC_441\Debug\PSoC_Datalogger_SMS.a(timer.o)
 .ARM.attributes
                0x000002bf       0x31 .\ARM_GCC_441\Debug\PSoC_Datalogger_SMS.a(timer_PM.o)
 .ARM.attributes
                0x000002f0       0x31 .\ARM_GCC_441\Debug\PSoC_Datalogger_SMS.a(isr_timer.o)
 .ARM.attributes
                0x00000321       0x31 .\ARM_GCC_441\Debug\PSoC_Datalogger_SMS.a(modem_power_pin.o)
 .ARM.attributes
                0x00000352       0x31 .\ARM_GCC_441\Debug\PSoC_Datalogger_SMS.a(modem_voltage_pin.o)
 .ARM.attributes
                0x00000383       0x31 .\ARM_GCC_441\Debug\PSoC_Datalogger_SMS.a(ultrasonic_uart.o)
 .ARM.attributes
                0x000003b4       0x31 .\ARM_GCC_441\Debug\PSoC_Datalogger_SMS.a(ultrasonic_uart_PM.o)
 .ARM.attributes
                0x000003e5       0x31 .\ARM_GCC_441\Debug\PSoC_Datalogger_SMS.a(ultrasonic_voltage_pin.o)
 .ARM.attributes
                0x00000416       0x31 .\ARM_GCC_441\Debug\PSoC_Datalogger_SMS.a(ultrasonic_uart_IntClock.o)
 .ARM.attributes
                0x00000447       0x31 .\ARM_GCC_441\Debug\PSoC_Datalogger_SMS.a(SleepTimer.o)
 .ARM.attributes
                0x00000478       0x31 .\ARM_GCC_441\Debug\PSoC_Datalogger_SMS.a(cyfitter_cfg.o)
 .ARM.attributes
                0x000004a9       0x21 .\ARM_GCC_441\Debug\PSoC_Datalogger_SMS.a(CyBootAsmGnu.o)
 .ARM.attributes
                0x000004ca       0x31 .\ARM_GCC_441\Debug\PSoC_Datalogger_SMS.a(CyFlash.o)
 .ARM.attributes
                0x000004fb       0x31 .\ARM_GCC_441\Debug\PSoC_Datalogger_SMS.a(CySpc.o)
 .ARM.attributes
                0x0000052c       0x29 c:/program files (x86)/cypress/psoc creator/2.2/psoc creator/import/gnu_cs/arm/4.4.1/bin/../lib/gcc/arm-none-eabi/4.4.1/../../../../arm-none-eabi/lib/thumb2\libc.a(lib_a-assert.o)
 .ARM.attributes
                0x00000555       0x29 c:/program files (x86)/cypress/psoc creator/2.2/psoc creator/import/gnu_cs/arm/4.4.1/bin/../lib/gcc/arm-none-eabi/4.4.1/../../../../arm-none-eabi/lib/thumb2\libc.a(lib_a-ctype_.o)
 .ARM.attributes
                0x0000057e       0x29 c:/program files (x86)/cypress/psoc creator/2.2/psoc creator/import/gnu_cs/arm/4.4.1/bin/../lib/gcc/arm-none-eabi/4.4.1/../../../../arm-none-eabi/lib/thumb2\libc.a(lib_a-fiprintf.o)
 .ARM.attributes
                0x000005a7       0x29 c:/program files (x86)/cypress/psoc creator/2.2/psoc creator/import/gnu_cs/arm/4.4.1/bin/../lib/gcc/arm-none-eabi/4.4.1/../../../../arm-none-eabi/lib/thumb2\libc.a(lib_a-fprintf.o)
 .ARM.attributes
                0x000005d0       0x29 c:/program files (x86)/cypress/psoc creator/2.2/psoc creator/import/gnu_cs/arm/4.4.1/bin/../lib/gcc/arm-none-eabi/4.4.1/../../../../arm-none-eabi/lib/thumb2\libc.a(lib_a-fputc.o)
 .ARM.attributes
                0x000005f9       0x29 c:/program files (x86)/cypress/psoc creator/2.2/psoc creator/import/gnu_cs/arm/4.4.1/bin/../lib/gcc/arm-none-eabi/4.4.1/../../../../arm-none-eabi/lib/thumb2\libc.a(lib_a-fputs.o)
 .ARM.attributes
                0x00000622       0x29 c:/program files (x86)/cypress/psoc creator/2.2/psoc creator/import/gnu_cs/arm/4.4.1/bin/../lib/gcc/arm-none-eabi/4.4.1/../../../../arm-none-eabi/lib/thumb2\libc.a(lib_a-fvwrite.o)
 .ARM.attributes
                0x0000064b       0x29 c:/program files (x86)/cypress/psoc creator/2.2/psoc creator/import/gnu_cs/arm/4.4.1/bin/../lib/gcc/arm-none-eabi/4.4.1/../../../../arm-none-eabi/lib/thumb2\libc.a(lib_a-impure.o)
 .ARM.attributes
                0x00000674       0x29 c:/program files (x86)/cypress/psoc creator/2.2/psoc creator/import/gnu_cs/arm/4.4.1/bin/../lib/gcc/arm-none-eabi/4.4.1/../../../../arm-none-eabi/lib/thumb2\libc.a(lib_a-mallocr.o)
 .ARM.attributes
                0x0000069d       0x29 c:/program files (x86)/cypress/psoc creator/2.2/psoc creator/import/gnu_cs/arm/4.4.1/bin/../lib/gcc/arm-none-eabi/4.4.1/../../../../arm-none-eabi/lib/thumb2\libc.a(lib_a-memchr.o)
 .ARM.attributes
                0x000006c6       0x29 c:/program files (x86)/cypress/psoc creator/2.2/psoc creator/import/gnu_cs/arm/4.4.1/bin/../lib/gcc/arm-none-eabi/4.4.1/../../../../arm-none-eabi/lib/thumb2\libc.a(lib_a-memcmp.o)
 .ARM.attributes
                0x000006ef       0x29 c:/program files (x86)/cypress/psoc creator/2.2/psoc creator/import/gnu_cs/arm/4.4.1/bin/../lib/gcc/arm-none-eabi/4.4.1/../../../../arm-none-eabi/lib/thumb2\libc.a(lib_a-memcpy.o)
 .ARM.attributes
                0x00000718       0x29 c:/program files (x86)/cypress/psoc creator/2.2/psoc creator/import/gnu_cs/arm/4.4.1/bin/../lib/gcc/arm-none-eabi/4.4.1/../../../../arm-none-eabi/lib/thumb2\libc.a(lib_a-memmove.o)
 .ARM.attributes
                0x00000741       0x29 c:/program files (x86)/cypress/psoc creator/2.2/psoc creator/import/gnu_cs/arm/4.4.1/bin/../lib/gcc/arm-none-eabi/4.4.1/../../../../arm-none-eabi/lib/thumb2\libc.a(lib_a-memset.o)
 .ARM.attributes
                0x0000076a       0x29 c:/program files (x86)/cypress/psoc creator/2.2/psoc creator/import/gnu_cs/arm/4.4.1/bin/../lib/gcc/arm-none-eabi/4.4.1/../../../../arm-none-eabi/lib/thumb2\libc.a(lib_a-mlock.o)
 .ARM.attributes
                0x00000793       0x29 c:/program files (x86)/cypress/psoc creator/2.2/psoc creator/import/gnu_cs/arm/4.4.1/bin/../lib/gcc/arm-none-eabi/4.4.1/../../../../arm-none-eabi/lib/thumb2\libc.a(lib_a-printf.o)
 .ARM.attributes
                0x000007bc       0x29 c:/program files (x86)/cypress/psoc creator/2.2/psoc creator/import/gnu_cs/arm/4.4.1/bin/../lib/gcc/arm-none-eabi/4.4.1/../../../../arm-none-eabi/lib/thumb2\libc.a(lib_a-putc.o)
 .ARM.attributes
                0x000007e5       0x29 c:/program files (x86)/cypress/psoc creator/2.2/psoc creator/import/gnu_cs/arm/4.4.1/bin/../lib/gcc/arm-none-eabi/4.4.1/../../../../arm-none-eabi/lib/thumb2\libc.a(lib_a-reallocr.o)
 .ARM.attributes
                0x0000080e       0x29 c:/program files (x86)/cypress/psoc creator/2.2/psoc creator/import/gnu_cs/arm/4.4.1/bin/../lib/gcc/arm-none-eabi/4.4.1/../../../../arm-none-eabi/lib/thumb2\libc.a(lib_a-sbrkr.o)
 .ARM.attributes
                0x00000837       0x29 c:/program files (x86)/cypress/psoc creator/2.2/psoc creator/import/gnu_cs/arm/4.4.1/bin/../lib/gcc/arm-none-eabi/4.4.1/../../../../arm-none-eabi/lib/thumb2\libc.a(lib_a-strchr.o)
 .ARM.attributes
                0x00000860       0x29 c:/program files (x86)/cypress/psoc creator/2.2/psoc creator/import/gnu_cs/arm/4.4.1/bin/../lib/gcc/arm-none-eabi/4.4.1/../../../../arm-none-eabi/lib/thumb2\libc.a(lib_a-strlen.o)
 .ARM.attributes
                0x00000889       0x29 c:/program files (x86)/cypress/psoc creator/2.2/psoc creator/import/gnu_cs/arm/4.4.1/bin/../lib/gcc/arm-none-eabi/4.4.1/../../../../arm-none-eabi/lib/thumb2\libc.a(lib_a-strstr.o)
 .ARM.attributes
                0x000008b2       0x29 c:/program files (x86)/cypress/psoc creator/2.2/psoc creator/import/gnu_cs/arm/4.4.1/bin/../lib/gcc/arm-none-eabi/4.4.1/../../../../arm-none-eabi/lib/thumb2\libc.a(lib_a-vfiprintf.o)
 .ARM.attributes
                0x000008db       0x29 c:/program files (x86)/cypress/psoc creator/2.2/psoc creator/import/gnu_cs/arm/4.4.1/bin/../lib/gcc/arm-none-eabi/4.4.1/../../../../arm-none-eabi/lib/thumb2\libc.a(lib_a-vfprintf.o)
 .ARM.attributes
                0x00000904       0x29 c:/program files (x86)/cypress/psoc creator/2.2/psoc creator/import/gnu_cs/arm/4.4.1/bin/../lib/gcc/arm-none-eabi/4.4.1/../../../../arm-none-eabi/lib/thumb2\libc.a(lib_a-wbuf.o)
 .ARM.attributes
                0x0000092d       0x29 c:/program files (x86)/cypress/psoc creator/2.2/psoc creator/import/gnu_cs/arm/4.4.1/bin/../lib/gcc/arm-none-eabi/4.4.1/../../../../arm-none-eabi/lib/thumb2\libc.a(lib_a-wsetup.o)
 .ARM.attributes
                0x00000956       0x29 c:/program files (x86)/cypress/psoc creator/2.2/psoc creator/import/gnu_cs/arm/4.4.1/bin/../lib/gcc/arm-none-eabi/4.4.1/../../../../arm-none-eabi/lib/thumb2\libc.a(lib_a-abort.o)
 .ARM.attributes
                0x0000097f       0x29 c:/program files (x86)/cypress/psoc creator/2.2/psoc creator/import/gnu_cs/arm/4.4.1/bin/../lib/gcc/arm-none-eabi/4.4.1/../../../../arm-none-eabi/lib/thumb2\libc.a(lib_a-dtoa.o)
 .ARM.attributes
                0x000009a8       0x29 c:/program files (x86)/cypress/psoc creator/2.2/psoc creator/import/gnu_cs/arm/4.4.1/bin/../lib/gcc/arm-none-eabi/4.4.1/../../../../arm-none-eabi/lib/thumb2\libc.a(lib_a-fflush.o)
 .ARM.attributes
                0x000009d1       0x29 c:/program files (x86)/cypress/psoc creator/2.2/psoc creator/import/gnu_cs/arm/4.4.1/bin/../lib/gcc/arm-none-eabi/4.4.1/../../../../arm-none-eabi/lib/thumb2\libc.a(lib_a-findfp.o)
 .ARM.attributes
                0x000009fa       0x29 c:/program files (x86)/cypress/psoc creator/2.2/psoc creator/import/gnu_cs/arm/4.4.1/bin/../lib/gcc/arm-none-eabi/4.4.1/../../../../arm-none-eabi/lib/thumb2\libc.a(lib_a-freer.o)
 .ARM.attributes
                0x00000a23       0x29 c:/program files (x86)/cypress/psoc creator/2.2/psoc creator/import/gnu_cs/arm/4.4.1/bin/../lib/gcc/arm-none-eabi/4.4.1/../../../../arm-none-eabi/lib/thumb2\libc.a(lib_a-fwalk.o)
 .ARM.attributes
                0x00000a4c       0x29 c:/program files (x86)/cypress/psoc creator/2.2/psoc creator/import/gnu_cs/arm/4.4.1/bin/../lib/gcc/arm-none-eabi/4.4.1/../../../../arm-none-eabi/lib/thumb2\libc.a(lib_a-locale.o)
 .ARM.attributes
                0x00000a75       0x29 c:/program files (x86)/cypress/psoc creator/2.2/psoc creator/import/gnu_cs/arm/4.4.1/bin/../lib/gcc/arm-none-eabi/4.4.1/../../../../arm-none-eabi/lib/thumb2\libc.a(lib_a-makebuf.o)
 .ARM.attributes
                0x00000a9e       0x29 c:/program files (x86)/cypress/psoc creator/2.2/psoc creator/import/gnu_cs/arm/4.4.1/bin/../lib/gcc/arm-none-eabi/4.4.1/../../../../arm-none-eabi/lib/thumb2\libc.a(lib_a-malloc.o)
 .ARM.attributes
                0x00000ac7       0x29 c:/program files (x86)/cypress/psoc creator/2.2/psoc creator/import/gnu_cs/arm/4.4.1/bin/../lib/gcc/arm-none-eabi/4.4.1/../../../../arm-none-eabi/lib/thumb2\libc.a(lib_a-mprec.o)
 .ARM.attributes
                0x00000af0       0x29 c:/program files (x86)/cypress/psoc creator/2.2/psoc creator/import/gnu_cs/arm/4.4.1/bin/../lib/gcc/arm-none-eabi/4.4.1/../../../../arm-none-eabi/lib/thumb2\libc.a(lib_a-reent.o)
 .ARM.attributes
                0x00000b19       0x29 c:/program files (x86)/cypress/psoc creator/2.2/psoc creator/import/gnu_cs/arm/4.4.1/bin/../lib/gcc/arm-none-eabi/4.4.1/../../../../arm-none-eabi/lib/thumb2\libc.a(lib_a-s_isinfd.o)
 .ARM.attributes
                0x00000b42       0x29 c:/program files (x86)/cypress/psoc creator/2.2/psoc creator/import/gnu_cs/arm/4.4.1/bin/../lib/gcc/arm-none-eabi/4.4.1/../../../../arm-none-eabi/lib/thumb2\libc.a(lib_a-s_isnand.o)
 .ARM.attributes
                0x00000b6b       0x29 c:/program files (x86)/cypress/psoc creator/2.2/psoc creator/import/gnu_cs/arm/4.4.1/bin/../lib/gcc/arm-none-eabi/4.4.1/../../../../arm-none-eabi/lib/thumb2\libc.a(lib_a-signal.o)
 .ARM.attributes
                0x00000b94       0x29 c:/program files (x86)/cypress/psoc creator/2.2/psoc creator/import/gnu_cs/arm/4.4.1/bin/../lib/gcc/arm-none-eabi/4.4.1/../../../../arm-none-eabi/lib/thumb2\libc.a(lib_a-signalr.o)
 .ARM.attributes
                0x00000bbd       0x29 c:/program files (x86)/cypress/psoc creator/2.2/psoc creator/import/gnu_cs/arm/4.4.1/bin/../lib/gcc/arm-none-eabi/4.4.1/../../../../arm-none-eabi/lib/thumb2\libc.a(lib_a-stdio.o)
 .ARM.attributes
                0x00000be6       0x29 c:/program files (x86)/cypress/psoc creator/2.2/psoc creator/import/gnu_cs/arm/4.4.1/bin/../lib/gcc/arm-none-eabi/4.4.1/../../../../arm-none-eabi/lib/thumb2\libc.a(lib_a-strcmp.o)
 .ARM.attributes
                0x00000c0f       0x29 c:/program files (x86)/cypress/psoc creator/2.2/psoc creator/import/gnu_cs/arm/4.4.1/bin/../lib/gcc/arm-none-eabi/4.4.1/../../../../arm-none-eabi/lib/thumb2\libc.a(lib_a-writer.o)
 .ARM.attributes
                0x00000c38       0x29 c:/program files (x86)/cypress/psoc creator/2.2/psoc creator/import/gnu_cs/arm/4.4.1/bin/../lib/gcc/arm-none-eabi/4.4.1/../../../../arm-none-eabi/lib/thumb2\libc.a(lib_a-callocr.o)
 .ARM.attributes
                0x00000c61       0x29 c:/program files (x86)/cypress/psoc creator/2.2/psoc creator/import/gnu_cs/arm/4.4.1/bin/../lib/gcc/arm-none-eabi/4.4.1/../../../../arm-none-eabi/lib/thumb2\libc.a(lib_a-closer.o)
 .ARM.attributes
                0x00000c8a       0x29 c:/program files (x86)/cypress/psoc creator/2.2/psoc creator/import/gnu_cs/arm/4.4.1/bin/../lib/gcc/arm-none-eabi/4.4.1/../../../../arm-none-eabi/lib/thumb2\libc.a(lib_a-fclose.o)
 .ARM.attributes
                0x00000cb3       0x29 c:/program files (x86)/cypress/psoc creator/2.2/psoc creator/import/gnu_cs/arm/4.4.1/bin/../lib/gcc/arm-none-eabi/4.4.1/../../../../arm-none-eabi/lib/thumb2\libc.a(lib_a-fstatr.o)
 .ARM.attributes
                0x00000cdc       0x29 c:/program files (x86)/cypress/psoc creator/2.2/psoc creator/import/gnu_cs/arm/4.4.1/bin/../lib/gcc/arm-none-eabi/4.4.1/../../../../arm-none-eabi/lib/thumb2\libc.a(lib_a-isattyr.o)
 .ARM.attributes
                0x00000d05       0x29 c:/program files (x86)/cypress/psoc creator/2.2/psoc creator/import/gnu_cs/arm/4.4.1/bin/../lib/gcc/arm-none-eabi/4.4.1/../../../../arm-none-eabi/lib/thumb2\libc.a(lib_a-lseekr.o)
 .ARM.attributes
                0x00000d2e       0x29 c:/program files (x86)/cypress/psoc creator/2.2/psoc creator/import/gnu_cs/arm/4.4.1/bin/../lib/gcc/arm-none-eabi/4.4.1/../../../../arm-none-eabi/lib/thumb2\libc.a(lib_a-readr.o)
 .ARM.attributes
                0x00000d57       0x1b c:/program files (x86)/cypress/psoc creator/2.2/psoc creator/import/gnu_cs/arm/4.4.1/bin/../lib/gcc/arm-none-eabi/4.4.1/thumb2\libgcc.a(_udivsi3.o)
 .ARM.attributes
                0x00000d72       0x1b c:/program files (x86)/cypress/psoc creator/2.2/psoc creator/import/gnu_cs/arm/4.4.1/bin/../lib/gcc/arm-none-eabi/4.4.1/thumb2\libgcc.a(_dvmd_tls.o)
 .ARM.attributes
                0x00000d8d       0x1b c:/program files (x86)/cypress/psoc creator/2.2/psoc creator/import/gnu_cs/arm/4.4.1/bin/../lib/gcc/arm-none-eabi/4.4.1/thumb2\libgcc.a(_arm_addsubdf3.o)
 .ARM.attributes
                0x00000da8       0x1b c:/program files (x86)/cypress/psoc creator/2.2/psoc creator/import/gnu_cs/arm/4.4.1/bin/../lib/gcc/arm-none-eabi/4.4.1/thumb2\libgcc.a(_arm_muldivdf3.o)
 .ARM.attributes
                0x00000dc3       0x1b c:/program files (x86)/cypress/psoc creator/2.2/psoc creator/import/gnu_cs/arm/4.4.1/bin/../lib/gcc/arm-none-eabi/4.4.1/thumb2\libgcc.a(_arm_cmpdf2.o)
 .ARM.attributes
                0x00000dde       0x1b c:/program files (x86)/cypress/psoc creator/2.2/psoc creator/import/gnu_cs/arm/4.4.1/bin/../lib/gcc/arm-none-eabi/4.4.1/thumb2\libgcc.a(_arm_fixdfsi.o)
 .ARM.attributes
                0x00000df9       0x1b c:/program files (x86)/cypress/psoc creator/2.2/psoc creator/import/gnu_cs/arm/4.4.1/bin/../lib/gcc/arm-none-eabi/4.4.1/thumb2\libgcc.a(_aeabi_uldivmod.o)
 .ARM.attributes
                0x00000e14       0x29 c:/program files (x86)/cypress/psoc creator/2.2/psoc creator/import/gnu_cs/arm/4.4.1/bin/../lib/gcc/arm-none-eabi/4.4.1/thumb2\libgcc.a(bpabi.o)
 .ARM.attributes
                0x00000e3d       0x29 c:/program files (x86)/cypress/psoc creator/2.2/psoc creator/import/gnu_cs/arm/4.4.1/bin/../lib/gcc/arm-none-eabi/4.4.1/thumb2\libgcc.a(_divdi3.o)
 .ARM.attributes
                0x00000e66       0x29 c:/program files (x86)/cypress/psoc creator/2.2/psoc creator/import/gnu_cs/arm/4.4.1/bin/../lib/gcc/arm-none-eabi/4.4.1/thumb2\libgcc.a(_udivdi3.o)
 .ARM.attributes
                0x00000e8f       0x29 c:/program files (x86)/cypress/psoc creator/2.2/psoc creator/import/gnu_cs/arm/4.4.1/bin/../lib/gcc/arm-none-eabi/4.4.1/thumb2/crtend.o
 .ARM.attributes
                0x00000eb8       0x19 c:/program files (x86)/cypress/psoc creator/2.2/psoc creator/import/gnu_cs/arm/4.4.1/bin/../lib/gcc/arm-none-eabi/4.4.1/thumb2/crtn.o
 .ARM.attributes
                0x00000ed1       0x29 c:/program files (x86)/cypress/psoc creator/2.2/psoc creator/import/gnu_cs/arm/4.4.1/bin/../lib/gcc/arm-none-eabi/4.4.1/../../../../arm-none-eabi/lib/thumb2\libcs3.a(start_c.o)
 .ARM.attributes
                0x00000efa       0x29 c:/program files (x86)/cypress/psoc creator/2.2/psoc creator/import/gnu_cs/arm/4.4.1/bin/../lib/gcc/arm-none-eabi/4.4.1/../../../../arm-none-eabi/lib/thumb2\libcs3unhosted.a(unhosted-_close.o)
 .ARM.attributes
                0x00000f23       0x29 c:/program files (x86)/cypress/psoc creator/2.2/psoc creator/import/gnu_cs/arm/4.4.1/bin/../lib/gcc/arm-none-eabi/4.4.1/../../../../arm-none-eabi/lib/thumb2\libcs3unhosted.a(unhosted-_exit.o)
 .ARM.attributes
                0x00000f4c       0x29 c:/program files (x86)/cypress/psoc creator/2.2/psoc creator/import/gnu_cs/arm/4.4.1/bin/../lib/gcc/arm-none-eabi/4.4.1/../../../../arm-none-eabi/lib/thumb2\libcs3unhosted.a(unhosted-_fstat.o)
 .ARM.attributes
                0x00000f75       0x29 c:/program files (x86)/cypress/psoc creator/2.2/psoc creator/import/gnu_cs/arm/4.4.1/bin/../lib/gcc/arm-none-eabi/4.4.1/../../../../arm-none-eabi/lib/thumb2\libcs3unhosted.a(unhosted-isatty.o)
 .ARM.attributes
                0x00000f9e       0x29 c:/program files (x86)/cypress/psoc creator/2.2/psoc creator/import/gnu_cs/arm/4.4.1/bin/../lib/gcc/arm-none-eabi/4.4.1/../../../../arm-none-eabi/lib/thumb2\libcs3unhosted.a(unhosted-_kill.o)
 .ARM.attributes
                0x00000fc7       0x29 c:/program files (x86)/cypress/psoc creator/2.2/psoc creator/import/gnu_cs/arm/4.4.1/bin/../lib/gcc/arm-none-eabi/4.4.1/../../../../arm-none-eabi/lib/thumb2\libcs3unhosted.a(unhosted-_lseek.o)
 .ARM.attributes
                0x00000ff0       0x29 c:/program files (x86)/cypress/psoc creator/2.2/psoc creator/import/gnu_cs/arm/4.4.1/bin/../lib/gcc/arm-none-eabi/4.4.1/../../../../arm-none-eabi/lib/thumb2\libcs3unhosted.a(unhosted-_read.o)
 .ARM.attributes
                0x00001019       0x29 c:/program files (x86)/cypress/psoc creator/2.2/psoc creator/import/gnu_cs/arm/4.4.1/bin/../lib/gcc/arm-none-eabi/4.4.1/../../../../arm-none-eabi/lib/thumb2\libcs3unhosted.a(unhosted-_write.o)
 .ARM.attributes
                0x00001042       0x29 c:/program files (x86)/cypress/psoc creator/2.2/psoc creator/import/gnu_cs/arm/4.4.1/bin/../lib/gcc/arm-none-eabi/4.4.1/../../../../arm-none-eabi/lib/thumb2\libcs3unhosted.a(unhosted-sbrk.o)
 .ARM.attributes
                0x0000106b       0x29 c:/program files (x86)/cypress/psoc creator/2.2/psoc creator/import/gnu_cs/arm/4.4.1/bin/../lib/gcc/arm-none-eabi/4.4.1/../../../../arm-none-eabi/lib/thumb2\libcs3unhosted.a(unhosted-_getpid.o)
 .ARM.attributes
                0x00001094       0x19 c:/program files (x86)/cypress/psoc creator/2.2/psoc creator/import/gnu_cs/arm/4.4.1/bin/../lib/gcc/arm-none-eabi/4.4.1/../../../../arm-none-eabi/lib/thumb2\libcs3micro.a(micro_isr_interrupt.o)
 .ARM.attributes
                0x000010ad       0x29 c:/program files (x86)/cypress/psoc creator/2.2/psoc creator/import/gnu_cs/arm/4.4.1/bin/../lib/gcc/arm-none-eabi/4.4.1/../../../../arm-none-eabi/lib/thumb2\libc.a(lib_a-errno.o)
 .ARM.attributes
                0x000010d6       0x29 c:/program files (x86)/cypress/psoc creator/2.2/psoc creator/import/gnu_cs/arm/4.4.1/bin/../lib/gcc/arm-none-eabi/4.4.1/../../../../arm-none-eabi/lib/thumb2\libc.a(lib_a-init.o)
 .ARM.attributes
                0x000010ff       0x29 c:/program files (x86)/cypress/psoc creator/2.2/psoc creator/import/gnu_cs/arm/4.4.1/bin/../lib/gcc/arm-none-eabi/4.4.1/../../../../arm-none-eabi/lib/thumb2\libcs3.a(heap.o)

/DISCARD/
 *(.note.GNU-stack)
OUTPUT(.\ARM_GCC_441\Debug\PSoC_Datalogger_SMS.elf elf32-littlearm)
